{
  "status": "TEST_INVALID",
  "reason": "Trap handler symbols missing from metadata: ['mtvec_handler']",
  "returncode": null,
  "timed_out": false,
  "passed": false,
  "ran": true,
  "steps": {
    "build": {
      "command": [
        "/home/rafay/miniconda3/WallyGuard2/runs/20260918T093837Z-048280be/build_reproducer.sh"
      ],
      "status": "PASS",
      "returncode": 0,
      "timed_out": false,
      "error": null,
      "log_path": "/home/rafay/miniconda3/WallyGuard2/runs/20260918T093837Z-048280be/logs/baseline-reproducer-1-evidence/build.log",
      "stdout_path": "/home/rafay/miniconda3/WallyGuard2/runs/20260918T093837Z-048280be/logs/baseline-reproducer-1-evidence/build.log",
      "stderr_path": "/home/rafay/miniconda3/WallyGuard2/runs/20260918T093837Z-048280be/logs/baseline-reproducer-1-evidence/build.log",
      "started_at": "2026-09-18T10:50:41.303643+00:00",
      "duration_seconds": 0.18134820999875956,
      "finished_at": "2026-09-18T10:50:41.484988+00:00"
    }
  },
  "log_path": "/home/rafay/miniconda3/WallyGuard2/runs/20260918T093837Z-048280be/logs/baseline-reproducer-1.log",
  "evidence_dir": "/home/rafay/miniconda3/WallyGuard2/runs/20260918T093837Z-048280be/logs/baseline-reproducer-1-evidence",
  "captured": {}
}
