{
  "status": "TEST_INVALID",
  "reason": "DUT command must directly execute this checkout bin/wsim",
  "returncode": null,
  "timed_out": false,
  "passed": false,
  "ran": true,
  "steps": {
    "build": {
      "command": [
        "/home/rafay/miniconda3/WallyGuard2/runs/20260918T093837Z-048280be/build_reproducer.sh"
      ],
      "status": "PASS",
      "returncode": 0,
      "timed_out": false,
      "error": null,
      "log_path": "/home/rafay/miniconda3/WallyGuard2/runs/20260918T093837Z-048280be/logs/baseline-reproducer-2-evidence/build.log",
      "stdout_path": "/home/rafay/miniconda3/WallyGuard2/runs/20260918T093837Z-048280be/logs/baseline-reproducer-2-evidence/build.log",
      "stderr_path": "/home/rafay/miniconda3/WallyGuard2/runs/20260918T093837Z-048280be/logs/baseline-reproducer-2-evidence/build.log",
      "started_at": "2026-09-18T10:52:30.177909+00:00",
      "duration_seconds": 0.17976221599928977,
      "finished_at": "2026-09-18T10:52:30.357653+00:00"
    }
  },
  "log_path": "/home/rafay/miniconda3/WallyGuard2/runs/20260918T093837Z-048280be/logs/baseline-reproducer-2.log",
  "evidence_dir": "/home/rafay/miniconda3/WallyGuard2/runs/20260918T093837Z-048280be/logs/baseline-reproducer-2-evidence",
  "captured": {}
}
