Started: 2026-09-18T09:48:59.694511+00:00
Command: bash -o pipefail -c 'sed -n '"'"'83,145p'"'"' src/ieu/bmu/bmuctrl.sv'

      endcase
      if (P.XLEN==64)
        casez({OpD, Funct7D, Funct3D})
          17'b0111011_0010000_010: BMUControlsD = `BMUCTRLW'b000_0001_0000_1_0_0_1_1_0_0_0_1_0;  // sh1add.uw
          17'b0111011_0010000_100: BMUControlsD = `BMUCTRLW'b000_0001_0000_1_0_0_1_1_0_0_0_1_0;  // sh2add.uw
          17'b0111011_0010000_110: BMUControlsD = `BMUCTRLW'b000_0001_0000_1_0_0_1_1_0_0_0_1_0;  // sh3add.uw
          17'b0111011_0000100_000: BMUControlsD = `BMUCTRLW'b000_0001_0000_1_0_0_1_1_0_0_0_0_0;  // add.uw
          17'b0011011_000010?_001: BMUControlsD = `BMUCTRLW'b001_0001_0000_1_1_0_1_1_0_0_0_0_0;  // slli.uw
        endcase
    end

    if (P.ZBB_SUPPORTED) begin
      casez({OpD, Funct7D, Funct3D})
        17'b0010011_0110000_001: if ((Rs2D[4:1] == 4'b0010))
                                  BMUControlsD = `BMUCTRLW'b000_0010_0001_1_1_0_0_1_0_0_0_0_0;  // sign extend instruction
                                else if ((Rs2D[4:2]==3'b000) & ~(Rs2D[1] & Rs2D[0]))
                                  BMUControlsD = `BMUCTRLW'b000_0010_0000_1_1_0_0_1_0_0_0_0_0;  // count instruction
        17'b0010011_0010100_101: if (Rs2D[4:0] == 5'b00111)
                                 BMUControlsD = `BMUCTRLW'b000_0010_0010_1_1_0_0_1_0_0_0_0_0;  // orc.b
        17'b0110011_0000101_110: BMUControlsD = `BMUCTRLW'b000_0010_0111_1_0_0_0_1_1_0_0_0_0;  // max
        17'b0110011_0000101_111: BMUControlsD = `BMUCTRLW'b000_0010_0111_1_0_0_0_1_1_0_0_0_0;  // maxu
        17'b0110011_0000101_100: BMUControlsD = `BMUCTRLW'b000_0010_0011_1_0_0_0_1_1_0_0_0_0;  // min
        17'b0110011_0000101_101: BMUControlsD = `BMUCTRLW'b000_0010_0011_1_0_0_0_1_1_0_0_0_0;  // minu
      endcase
      if (P.XLEN==32)
        casez({OpD, Funct7D, Funct3D})
          17'b0110011_0000100_100: if (Rs2D == 5'b0) BMUControlsD = `BMUCTRLW'b000_0010_0001_1_1_0_0_1_0_0_0_0_0;  // zexth (rv32)
        endcase
      else if (P.XLEN==64)
        casez({OpD, Funct7D, Funct3D})
          17'b0111011_0000100_100: if (Rs2D == 5'b0) BMUControlsD = `BMUCTRLW'b000_0010_0001_1_0_0_0_1_0_0_0_0_0;  // zexth (rv64)
          17'b0011011_0110000_001: if ((Rs2D[4:2]==3'b000) & ~(Rs2D[1] & Rs2D[0]))
                                   BMUControlsD = `BMUCTRLW'b000_0010_0000_1_1_1_1_0_0_0_0_0_0;  // count word instruction (clzw/ctzw/cpopw)
        endcase
    end

    if (P.ZBC_SUPPORTED)
      casez({OpD, Funct7D, Funct3D})
        17'b0110011_0000101_010: BMUControlsD = `BMUCTRLW'b000_0011_0001_1_0_0_0_1_0_0_0_0_0;  // clmulr
        17'b0110011_0000101_0?1: BMUControlsD = `BMUCTRLW'b000_0011_0000_1_0_0_0_1_0_0_0_0_0;  // clmul/clmulh
      endcase
    if (P.ZBKC_SUPPORTED) begin
      casez({OpD, Funct7D, Funct3D})
        17'b0110011_0000101_0?1: BMUControlsD = `BMUCTRLW'b000_0011_0000_1_0_0_0_1_0_0_0_0_0;  // clmul/clmulh
      endcase
    end

    if (P.ZBS_SUPPORTED) begin // ZBS
      casez({OpD, Funct7D, Funct3D})
        17'b0110011_0100100_001: BMUControlsD = `BMUCTRLW'b111_0001_0000_1_0_0_0_1_1_0_1_0_0;  // bclr
        17'b0110011_0100100_101: BMUControlsD = `BMUCTRLW'b101_0001_0000_1_0_0_0_1_0_0_1_0_0;  // bext
        17'b0110011_0110100_001: BMUControlsD = `BMUCTRLW'b100_0001_0000_1_0_0_0_1_0_0_1_0_0;  // binv
        17'b0110011_0010100_001: BMUControlsD = `BMUCTRLW'b110_0001_0000_1_0_0_0_1_0_0_1_0_0;  // bset
      endcase
      if (P.XLEN==32) // ZBS 64-bit
        casez({OpD, Funct7D, Funct3D})
          17'b0010011_0100100_001: BMUControlsD = `BMUCTRLW'b111_0001_0000_1_1_0_0_1_1_0_1_0_0;  // bclri
          17'b0010011_0100100_101: BMUControlsD = `BMUCTRLW'b101_0001_0000_1_1_0_0_1_0_0_1_0_0;  // bexti
          17'b0010011_0110100_001: BMUControlsD = `BMUCTRLW'b100_0001_0000_1_1_0_0_1_0_0_1_0_0;  // binvi
          17'b0010011_0010100_001: BMUControlsD = `BMUCTRLW'b110_0001_0000_1_1_0_0_1_0_0_1_0_0;  // bseti
        endcase
      else if (P.XLEN==64) // ZBS 64-bit
        casez({OpD, Funct7D, Funct3D})

Finished: 2026-09-18T09:48:59.768094+00:00
Return code: 0
Status: PASS
