Started: 2026-09-18T10:47:44.356725+00:00
Command: bash -o pipefail -c 'TEST_DIR=/home/rafay/miniconda3/WallyGuard2/runs/20260918T093837Z-048280be

cat << '"'"'EOF'"'"' > $TEST_DIR/tests/test_pmp_mmode_store_cross.S
.section .text.init
.globl rvtest_entry_point
rvtest_entry_point:
    la t0, test_buf
    addi t1, t0, 4
    srli t1, t1, 2
    csrw pmpaddr0, t1

    addi t1, t0, 16
    srli t1, t1, 2
    csrw pmpaddr1, t1

    li t1, -1
    csrw pmpaddr2, t1

    li t1, 0x000F8D0F
    csrw pmpcfg0, t1

    la t1, trap_handler
    csrw mtvec, t1
    sfence.vma

    li t1, 0x12345678
    la s0, test_buf
    sd t1, 0(s0)

fail:
    la t0, selfcheck_record
    li t1, 2          # Status (Mismatch)
    sd t1, 0(t0)
    li t1, 0
    sd t1, 8(t0)      # Index
    sd t1, 16(t0)     # Adr
    li t1, 0x1111
    sd t1, 24(t0)     # Expected
    li t1, 0x9999
    sd t1, 32(t0)     # Actual
    j end_test

.align 2
trap_handler:
    csrr t2, mcause
    li t3, 7
    beq t2, t3, pass
    j fail

pass:
    la t0, selfcheck_record
    li t1, 1          # Status (Pass)
    sd t1, 0(t0)
    li t1, 0
    sd t1, 8(t0)
    sd t1, 16(t0)
    li t1, 0x1111
    sd t1, 24(t0)
    sd t1, 32(t0)

end_test:
    li t1, 1
    la t0, tohost
    sw t1, 0(t0)
    .option norvc
1:  j 1b

.section .data
.align 6
.globl tohost
tohost: .dword 0
.globl fromhost
fromhost: .dword 0

.align 6
.globl selfcheck_record
selfcheck_record:
.dword 0 # Status
.dword 0 # Index
.dword 0 # Adr
.dword 0 # Expected
.dword 0 # Actual
.globl begin_signature
begin_signature:
.globl end_signature
end_signature:

.align 3
test_buf:
.dword 0
.dword 0
EOF

cat << '"'"'EOF'"'"' > $TEST_DIR/tests/test_pmp_mmode_load_cross.S
.section .text.init
.globl rvtest_entry_point
rvtest_entry_point:
    la t0, test_buf
    addi t1, t0, 4
    srli t1, t1, 2
    csrw pmpaddr0, t1

    addi t1, t0, 16
    srli t1, t1, 2
    csrw pmpaddr1, t1

    li t1, -1
    csrw pmpaddr2, t1

    li t1, 0x000F890F
    csrw pmpcfg0, t1

    la t1, trap_handler
    csrw mtvec, t1
    sfence.vma

    la s0, test_buf
    ld t1, 0(s0)

fail:
    la t0, selfcheck_record
    li t1, 2          # Status (Mismatch)
    sd t1, 0(t0)
    li t1, 0
    sd t1, 8(t0)      # Index
    sd t1, 16(t0)     # Adr
    li t1, 0x1111
    sd t1, 24(t0)     # Expected
    li t1, 0x9999
    sd t1, 32(t0)     # Actual
    j end_test

.align 2
trap_handler:
    csrr t2, mcause
    li t3, 5
    beq t2, t3, pass
    j fail

pass:
    la t0, selfcheck_record
    li t1, 1          # Status (Pass)
    sd t1, 0(t0)
    li t1, 0
    sd t1, 8(t0)
    sd t1, 16(t0)
    li t1, 0x1111
    sd t1, 24(t0)
    sd t1, 32(t0)

end_test:
    li t1, 1
    la t0, tohost
    sw t1, 0(t0)
    .option norvc
1:  j 1b

.section .data
.align 6
.globl tohost
tohost: .dword 0
.globl fromhost
fromhost: .dword 0

.align 6
.globl selfcheck_record
selfcheck_record:
.dword 0 # Status
.dword 0 # Index
.dword 0 # Adr
.dword 0 # Expected
.dword 0 # Actual
.globl begin_signature
begin_signature:
.globl end_signature
end_signature:

.align 3
test_buf:
.dword 0
.dword 0
EOF

cat << '"'"'EOF'"'"' > $TEST_DIR/tests/test_pmp_mmode_control.S
.section .text.init
.globl rvtest_entry_point
rvtest_entry_point:
    la t0, test_buf
    addi t1, t0, 4
    srli t1, t1, 2
    csrw pmpaddr0, t1

    addi t1, t0, 16
    srli t1, t1, 2
    csrw pmpaddr1, t1

    li t1, -1
    csrw pmpaddr2, t1

    li t1, 0x000F8D0F
    csrw pmpcfg0, t1

    la t1, trap_handler
    csrw mtvec, t1
    sfence.vma

    li t1, 0x1234
    la s0, test_buf
    sw t1, 0(s0)
    j pass

fail:
    la t0, selfcheck_record
    li t1, 2          # Status (Mismatch)
    sd t1, 0(t0)
    li t1, 0
    sd t1, 8(t0)      # Index
    sd t1, 16(t0)     # Adr
    li t1, 0x1111
    sd t1, 24(t0)     # Expected
    li t1, 0x9999
    sd t1, 32(t0)     # Actual
    j end_test

.align 2
trap_handler:
    j fail

pass:
    la t0, selfcheck_record
    li t1, 1          # Status (Pass)
    sd t1, 0(t0)
    li t1, 0
    sd t1, 8(t0)
    sd t1, 16(t0)
    li t1, 0x1111
    sd t1, 24(t0)
    sd t1, 32(t0)

end_test:
    li t1, 1
    la t0, tohost
    sw t1, 0(t0)
    .option norvc
1:  j 1b

.section .data
.align 6
.globl tohost
tohost: .dword 0
.globl fromhost
fromhost: .dword 0

.align 6
.globl selfcheck_record
selfcheck_record:
.dword 0 # Status
.dword 0 # Index
.dword 0 # Adr
.dword 0 # Expected
.dword 0 # Actual
.globl begin_signature
begin_signature:
.globl end_signature
end_signature:

.align 3
test_buf:
.dword 0
.dword 0
EOF

cat << '"'"'EOF'"'"' > $TEST_DIR/reproducer.sh
#!/bin/bash
set -e
TEST_DIR=/home/rafay/miniconda3/WallyGuard2/runs/20260918T093837Z-048280be
WALLY_CLEAN=$TEST_DIR/build/wally_clean
export WALLY=$WALLY_CLEAN
export PATH=$WALLY_CLEAN/bin:/home/rafay/riscv/bin:$PATH

for TEST in test_pmp_mmode_store_cross test_pmp_mmode_load_cross test_pmp_mmode_control; do
    riscv64-unknown-elf-gcc -march=rv64gc -mabi=lp64d -nostdlib -nostartfiles -T $WALLY_CLEAN/tests/riscof/spike/env/link.ld $TEST_DIR/tests/$TEST.S -o $TEST_DIR/build/$TEST.elf
done

for TEST in test_pmp_mmode_store_cross test_pmp_mmode_load_cross test_pmp_mmode_control; do
    timeout 5s spike --isa=rv64gc +signature=$TEST_DIR/build/${TEST}_spike.sig +signature-granularity=8 $TEST_DIR/build/$TEST.elf > $TEST_DIR/logs/${TEST}_spike.log 2>&1 || (echo "Spike failed on $TEST"; exit 2)
done

echo "Running Wally control..."
timeout 5s $TEST_DIR/build/rv64gc_testbench/Vtestbench +ElfFile=$TEST_DIR/build/test_pmp_mmode_control.elf > $TEST_DIR/logs/test_pmp_mmode_control_wally.log 2>&1 || true
if grep -q "Error on test" $TEST_DIR/logs/test_pmp_mmode_control_wally.log; then
    echo "Wally failed control test unexpectedly"
    exit 2
fi

echo "Running Wally reproducer (store)..."
timeout 5s $TEST_DIR/build/rv64gc_testbench/Vtestbench +ElfFile=$TEST_DIR/build/test_pmp_mmode_store_cross.elf > $TEST_DIR/logs/test_pmp_mmode_store_cross_wally.log 2>&1 || true
if ! grep -q "Error on test" $TEST_DIR/logs/test_pmp_mmode_store_cross_wally.log; then
    echo "Wally passed store test unexpectedly (bug not reproduced)"
    exit 2
fi

echo "Running Wally reproducer (load)..."
timeout 5s $TEST_DIR/build/rv64gc_testbench/Vtestbench +ElfFile=$TEST_DIR/build/test_pmp_mmode_load_cross.elf > $TEST_DIR/logs/test_pmp_mmode_load_cross_wally.log 2>&1 || true
if ! grep -q "Error on test" $TEST_DIR/logs/test_pmp_mmode_load_cross_wally.log; then
    echo "Wally passed load test unexpectedly (bug not reproduced)"
    exit 2
fi

echo "Successfully reproduced bug!"
exit 1
EOF
chmod +x $TEST_DIR/reproducer.sh
$TEST_DIR/reproducer.sh'

Running Wally control...
Running Wally reproducer (store)...
/home/rafay/miniconda3/WallyGuard2/runs/20260918T093837Z-048280be/reproducer.sh: line 24: 124300 Aborted                    (core dumped) timeout 5s $TEST_DIR/build/rv64gc_testbench/Vtestbench +ElfFile=$TEST_DIR/build/test_pmp_mmode_store_cross.elf > $TEST_DIR/logs/test_pmp_mmode_store_cross_wally.log 2>&1
Running Wally reproducer (load)...
/home/rafay/miniconda3/WallyGuard2/runs/20260918T093837Z-048280be/reproducer.sh: line 31: 124417 Aborted                    (core dumped) timeout 5s $TEST_DIR/build/rv64gc_testbench/Vtestbench +ElfFile=$TEST_DIR/build/test_pmp_mmode_load_cross.elf > $TEST_DIR/logs/test_pmp_mmode_load_cross_wally.log 2>&1
Successfully reproduced bug!

Finished: 2026-09-18T10:47:54.008392+00:00
Return code: 1
Status: COMMAND_FAILED
ERROR: Command exited with code 1
