Started: 2026-09-18T09:59:47.358518+00:00
Command: bash -o pipefail -c 'git diff 1cd134f49~1 1cd134f49 -- config/shared/parameter-defs.vh'

diff --git a/config/shared/parameter-defs.vh b/config/shared/parameter-defs.vh
index 3da776f50..e9d9a6c18 100644
--- a/config/shared/parameter-defs.vh
+++ b/config/shared/parameter-defs.vh
@@ -18,6 +18,7 @@ localparam cvw_t P = '{
   ZFH_SUPPORTED :        ZFH_SUPPORTED,
   ZFA_SUPPORTED :        ZFA_SUPPORTED,
   ZFBFMIN_SUPPORTED :    ZFBFMIN_SUPPORTED,
+<<<<<<< HEAD
   V_SUPPORTED :          V_SUPPORTED,
   VLEN :                 VLEN,
   VPU_MAX_EU :           VPU_MAX_EU,
@@ -33,6 +34,8 @@ localparam cvw_t P = '{
   VPU_INT_BLEN : VPU_INT_BLEN,
   VPU_INT_MUL_BLEN : VPU_INT_MUL_BLEN,
   VPU_FP_BLEN : VPU_FP_BLEN,
+=======
+>>>>>>> wallyguard-pr-1879
   SSTC_SUPPORTED :       SSTC_SUPPORTED,
   SMSTATEEN_SUPPORTED :  SMSTATEEN_SUPPORTED,
   SSSTATEEN_SUPPORTED :  SSSTATEEN_SUPPORTED,

Finished: 2026-09-18T09:59:47.441394+00:00
Return code: 0
Status: PASS
