Started: 2026-09-18T09:59:15.740090+00:00
Command: bash -o pipefail -c 'tail -n 35 /home/rafay/miniconda3/WallyGuard2/runs/20260917T123710Z-9bc09998/tests/test_control_aligned.S'

    li s1, 0x40000000
    add s1, s1, t0
    sd x0, 0(s1)
    
    j pass

.align 2
trap_handler:
    j fail

.align 2
fail:
    csrw mtvec, x0
    csrw stvec, x0
    jr x0

.align 2
pass:
    la t0, tohost
    li t1, 1
    sw t1, 0(t0)
1:  j 1b

.section .data
.align 12
root_pt:
    .space 4096

.align 6
.globl tohost
tohost: .dword 0
.globl fromhost
fromhost: .dword 0
safe_word:
    .dword 0

Finished: 2026-09-18T09:59:15.818398+00:00
Return code: 0
Status: PASS
