Started: 2026-09-18T09:54:13.027038+00:00
Command: bash -o pipefail -c 'grep -rn "ZICCLSM" config/'

config/rv32imc/config.vh:43:localparam logic ZICCLSM_SUPPORTED  = 0; // Misaligned loads/stores
config/shared/parameter-defs.vh:62:  ZICCLSM_SUPPORTED :    ZICCLSM_SUPPORTED,
config/rv32i/config.vh:43:localparam logic ZICCLSM_SUPPORTED  = 0; // Misaligned loads/stores
config/rv32e/config.vh:43:localparam logic ZICCLSM_SUPPORTED  = 0; // Misaligned loads/stores
config/rv64gc/config.vh:43:localparam logic ZICCLSM_SUPPORTED  = 1; // Misaligned loads/stores
config/rv64i/config.vh:43:localparam logic ZICCLSM_SUPPORTED  = 0; // Misaligned loads/stores
config/derivlist.txt:480:ZICCLSM_SUPPORTED   0
config/derivlist.txt:496:ZICCLSM_SUPPORTED   0
config/derivlist.txt:581:ZICCLSM_SUPPORTED 1
config/derivlist.txt:584:ZICCLSM_SUPPORTED 0
config/derivlist.txt:1494:ZICCLSM_SUPPORTED   0
config/derivlist.txt:1539:ZICCLSM_SUPPORTED 1
config/rv32gc/config.vh:43:localparam logic ZICCLSM_SUPPORTED  = 0; // Misaligned loads/stores
config/deriv/zalrsc_rv32gc/config.vh:44:localparam logic ZICCLSM_SUPPORTED  = 0; // Misaligned loads/stores
config/deriv/div_2_1_rv32gc/config.vh:44:localparam logic ZICCLSM_SUPPORTED  = 0; // Misaligned loads/stores
config/deriv/zicboz_rv32gc/config.vh:44:localparam logic ZICCLSM_SUPPORTED  = 0; // Misaligned loads/stores
config/deriv/fd_div_2_2_rv64gc/config.vh:45:localparam logic ZICCLSM_SUPPORTED  = 1; // Misaligned loads/stores
config/deriv/fd_div_4_2i_rv64gc/config.vh:46:localparam logic ZICCLSM_SUPPORTED  = 1; // Misaligned loads/stores
config/deriv/fdh_div_2_1_rv64gc/config.vh:45:localparam logic ZICCLSM_SUPPORTED  = 1; // Misaligned loads/stores
config/deriv/fdh_div_4_4_rv64gc/config.vh:45:localparam logic ZICCLSM_SUPPORTED  = 1; // Misaligned loads/stores
config/deriv/zknd_rv32gc/config.vh:44:localparam logic ZICCLSM_SUPPORTED  = 0; // Misaligned loads/stores
config/deriv/fdh_div_2_2i_rv32gc/config.vh:46:localparam logic ZICCLSM_SUPPORTED  = 0; // Misaligned loads/stores
config/deriv/f_div_2_2i_rv32gc/config.vh:46:localparam logic ZICCLSM_SUPPORTED  = 0; // Misaligned loads/stores
config/deriv/fdqh_div_2_2_rv64gc/config.vh:45:localparam logic ZICCLSM_SUPPORTED  = 1; // Misaligned loads/stores
config/deriv/f_div_2_1i_rv64gc/config.vh:46:localparam logic ZICCLSM_SUPPORTED  = 1; // Misaligned loads/stores
config/deriv/f_div_4_4_rv32gc/config.vh:45:localparam logic ZICCLSM_SUPPORTED  = 0; // Misaligned loads/stores
config/deriv/rv64breker/config.vh:44:localparam logic ZICCLSM_SUPPORTED  = 1; // Misaligned loads/stores
config/deriv/fdh_div_4_1i_rv64gc/config.vh:46:localparam logic ZICCLSM_SUPPORTED  = 1; // Misaligned loads/stores
config/deriv/zbkx_rv64gc/config.vh:44:localparam logic ZICCLSM_SUPPORTED  = 1; // Misaligned loads/stores
config/deriv/f_rv32gc/config.vh:44:localparam logic ZICCLSM_SUPPORTED  = 0; // Misaligned loads/stores
config/deriv/fdqh_div_4_1i_rv32gc/config.vh:46:localparam logic ZICCLSM_SUPPORTED  = 0; // Misaligned loads/stores
config/deriv/fd_div_2_1i_rv64gc/config.vh:46:localparam logic ZICCLSM_SUPPORTED  = 1; // Misaligned loads/stores
config/deriv/fdh_div_4_2i_rv32gc/config.vh:46:localparam logic ZICCLSM_SUPPORTED  = 0; // Misaligned loads/stores
config/deriv/sv39_nosvnapot/config.vh:45:localparam logic ZICCLSM_SUPPORTED  = 1; // Misaligned loads/stores
config/deriv/fd_div_2_1_rv64gc/config.vh:45:localparam logic ZICCLSM_SUPPORTED  = 1; // Misaligned loads/stores
config/deriv/way_1_4096_512_rv32gc/config.vh:44:localparam logic ZICCLSM_SUPPORTED  = 0; // Misaligned loads/stores
config/deriv/fpgaArtyA7/config.vh:46:localparam logic ZICCLSM_SUPPORTED  = 1; // Misaligned loads/stores
config/deriv/zaamo_rv32gc/config.vh:44:localparam logic ZICCLSM_SUPPORTED  = 0; // Misaligned loads/stores
config/deriv/fdqh_div_2_4_rv64gc/config.vh:45:localparam logic ZICCLSM_SUPPORTED  = 1; // Misaligned loads/stores
config/deriv/noicache_rv64gc/config.vh:44:localparam logic ZICCLSM_SUPPORTED  = 1; // Misaligned loads/stores
config/deriv/bpred_GSHARE_10_4_10_0_rv32gc/config.vh:45:localparam logic ZICCLSM_SUPPORTED  = 0; // Misaligned loads/stores
config/deriv/bpred_TWOBIT_14_16_10_1_rv32gc/config.vh:45:localparam logic ZICCLSM_SUPPORTED  = 0; // Misaligned loads/stores
config/deriv/syn_sram_rv64gc_pmp0/config.vh:45:localparam logic ZICCLSM_SUPPORTED  = 1; // Misaligned loads/stores
config/deriv/fdh_div_4_2_rv64gc/config.vh:45:localparam logic ZICCLSM_SUPPORTED  = 1; // Misaligned loads/stores
config/deriv/f_div_2_4i_rv64gc/config.vh:46:localparam logic ZICCLSM_SUPPORTED  = 1; // Misaligned loads/stores
config/deriv/bpred_GSHARE_10_6_10_0_rv32gc/config.vh:45:localparam logic ZICCLSM_SUPPORTED  = 0; // Misaligned loads/stores
config/deriv/counters5_rv64gc/config.vh:44:localparam logic ZICCLSM_SUPPORTED  = 1; // Misaligned loads/stores
config/deriv/zba_rv32gc/config.vh:44:localparam logic ZICCLSM_SUPPORTED  = 0; // Misaligned loads/stores
config/deriv/zicboz_rv64gc/config.vh:44:localparam logic ZICCLSM_SUPPORTED  = 1; // Misaligned loads/stores
config/deriv/spitest/config.vh:44:localparam logic ZICCLSM_SUPPORTED  = 1; // Misaligned loads/stores
config/deriv/syn_rv32imc/config.vh:44:localparam logic ZICCLSM_SUPPORTED  = 0; // Misaligned loads/stores
config/deriv/zbkc_rv64gc/config.vh:44:localparam logic ZICCLSM_SUPPORTED  = 1; // Misaligned loads/stores
config/deriv/bpred_GSHARE_8_16_10_1_rv32gc/config.vh:44:localparam logic ZICCLSM_SUPPORTED  = 0; // Misaligned loads/stores
config/deriv/bpred_TWOBIT_10_16_10_0_rv32gc/config.vh:46:localparam logic ZICCLSM_SUPPORTED  = 0; // Misaligned loads/stores
config/deriv/syn_rv64gc_noAtomic/config.vh:49:localparam logic ZICCLSM_SUPPORTED  = 1; // Misaligned loads/stores
config/deriv/zbc_rv32gc/config.vh:44:localparam logic ZICCLSM_SUPPORTED  = 0; // Misaligned loads/stores
config/deriv/zbc_rv64gc/config.vh:44:localparam logic ZICCLSM_SUPPORTED  = 1; // Misaligned loads/stores
config/deriv/bpred_GSHARE_10_2_10_0_rv32gc/config.vh:45:localparam logic ZICCLSM_SUPPORTED  = 0; // Misaligned loads/stores
config/deriv/bpred_GSHARE_10_4_10_1_rv32gc/config.vh:44:localparam logic ZICCLSM_SUPPORTED  = 0; // Misaligned loads/stores
config/deriv/nobigendian_rv64gc/config.vh:44:localparam logic ZICCLSM_SUPPORTED  = 1; // Misaligned loads/stores
config/deriv/syn_rv64gc_noMulDiv/config.vh:48:localparam logic ZICCLSM_SUPPORTED  = 1; // Misaligned loads/stores
config/deriv/fdh_rv32gc/config.vh:44:localparam logic ZICCLSM_SUPPORTED  = 0; // Misaligned loads/stores
config/deriv/fdh_div_2_2_rv64gc/config.vh:45:localparam logic ZICCLSM_SUPPORTED  = 1; // Misaligned loads/stores
config/deriv/fh_div_2_1i_rv32gc/config.vh:46:localparam logic ZICCLSM_SUPPORTED  = 0; // Misaligned loads/stores
config/deriv/zbb_rv32gc/config.vh:44:localparam logic ZICCLSM_SUPPORTED  = 0; // Misaligned loads/stores
config/deriv/tlb2_rv32gc/config.vh:44:localparam logic ZICCLSM_SUPPORTED  = 0; // Misaligned loads/stores
config/deriv/counters5_nohpm_rv64gc/config.vh:44:localparam logic ZICCLSM_SUPPORTED  = 1; // Misaligned loads/stores
config/deriv/counters5_nocntr_rv32gc/config.vh:44:localparam logic ZICCLSM_SUPPORTED  = 0; // Misaligned loads/stores
config/deriv/bpred_GSHARE_10_16_10_1_rv32gc/config.vh:44:localparam logic ZICCLSM_SUPPORTED  = 0; // Misaligned loads/stores
config/deriv/zbkc_rv32gc/config.vh:44:localparam logic ZICCLSM_SUPPORTED  = 0; // Misaligned loads/stores
config/deriv/syn_sram_rv64gc_noPriv/config.vh:46:localparam logic ZICCLSM_SUPPORTED  = 1; // Misaligned loads/stores
config/deriv/bpred_GSHARE_10_16_6_0_rv32gc/config.vh:45:localparam logic ZICCLSM_SUPPORTED  = 0; // Misaligned loads/stores
config/deriv/fd_div_4_2_rv32gc/config.vh:45:localparam logic ZICCLSM_SUPPORTED  = 0; // Misaligned loads/stores
config/deriv/div_2_2_rv64gc/config.vh:44:localparam logic ZICCLSM_SUPPORTED  = 1; // Misaligned loads/stores
config/deriv/bpred_GSHARE_10_3_10_0_rv32gc/config.vh:45:localparam logic ZICCLSM_SUPPORTED  = 0; // Misaligned loads/stores
config/deriv/fd_div_4_4i_rv32gc/config.vh:46:localparam logic ZICCLSM_SUPPORTED  = 0; // Misaligned loads/stores
config/deriv/ram_2_1_rv64gc/config.vh:44:localparam logic ZICCLSM_SUPPORTED  = 1; // Misaligned loads/stores
config/deriv/fdq_rv32gc/config.vh:44:localparam logic ZICCLSM_SUPPORTED  = 0; // Misaligned loads/stores
config/deriv/fdh_div_4_2i_rv64gc/config.vh:46:localparam logic ZICCLSM_SUPPORTED  = 1; // Misaligned loads/stores
config/deriv/bpred_GSHARE_10_16_10_0_rv32gc/config.vh:45:localparam logic ZICCLSM_SUPPORTED  = 0; // Misaligned loads/stores
config/deriv/bpred_GSHARE_10_16_6_1_rv32gc/config.vh:44:localparam logic ZICCLSM_SUPPORTED  = 0; // Misaligned loads/stores
config/deriv/fd_div_4_1i_rv32gc/config.vh:46:localparam logic ZICCLSM_SUPPORTED  = 0; // Misaligned loads/stores
config/deriv/fd_div_2_2i_rv32gc/config.vh:46:localparam logic ZICCLSM_SUPPORTED  = 0; // Misaligned loads/stores
config/deriv/div_4_1i_rv64gc/config.vh:45:localparam logic ZICCLSM_SUPPORTED  = 1; // Misaligned loads/stores
config/deriv/fdh_div_2_2i_rv64gc/config.vh:46:localparam logic ZICCLSM_SUPPORTED  = 1; // Misaligned loads/stores
config/deriv/fd_div_4_4_rv64gc/config.vh:45:localparam logic ZICCLSM_SUPPORTED  = 1; // Misaligned loads/stores
config/deriv/fh_div_4_1i_rv32gc/config.vh:46:localparam logic ZICCLSM_SUPPORTED  = 0; // Misaligned loads/stores
config/deriv/bpred_GSHARE_8_16_10_0_rv32gc/config.vh:45:localparam logic ZICCLSM_SUPPORTED  = 0; // Misaligned loads/stores
config/deriv/fpganexysa7/config.vh:46:localparam logic ZICCLSM_SUPPORTED  = 1; // Misaligned loads/stores
config/deriv/fdh_div_4_4_rv32gc/config.vh:45:localparam logic ZICCLSM_SUPPORTED  = 0; // Misaligned loads/stores
config/deriv/f_div_2_1i_rv32gc/config.vh:46:localparam logic ZICCLSM_SUPPORTED  = 0; // Misaligned loads/stores
config/deriv/div_4_4i_rv64gc/config.vh:45:localparam logic ZICCLSM_SUPPORTED  = 1; // Misaligned loads/stores
config/deriv/fh_div_2_4i_rv32gc/config.vh:46:localparam logic ZICCLSM_SUPPORTED  = 0; // Misaligned loads/stores
config/deriv/fdh_div_2_4i_rv32gc/config.vh:46:localparam logic ZICCLSM_SUPPORTED  = 0; // Misaligned loads/stores
config/deriv/fdq_div_2_4i_rv32gc/config.vh:46:localparam logic ZICCLSM_SUPPORTED  = 0; // Misaligned loads/stores
config/deriv/zba_rv64gc/config.vh:44:localparam logic ZICCLSM_SUPPORTED  = 1; // Misaligned loads/stores
config/deriv/fdqh_div_2_4i_rv64gc/config.vh:46:localparam logic ZICCLSM_SUPPORTED  = 1; // Misaligned loads/stores
config/deriv/fh_div_2_1_rv32gc/config.vh:45:localparam logic ZICCLSM_SUPPORTED  = 0; // Misaligned loads/stores
config/deriv/nodcache_rv64gc/config.vh:44:localparam logic ZICCLSM_SUPPORTED = 0; // Misaligned loads/stores
config/deriv/bpred_GSHARE_12_16_10_1_rv32gc/config.vh:44:localparam logic ZICCLSM_SUPPORTED  = 0; // Misaligned loads/stores
config/deriv/fd_div_4_1i_rv64gc/config.vh:46:localparam logic ZICCLSM_SUPPORTED  = 1; // Misaligned loads/stores
config/deriv/fdq_div_2_4_rv64gc/config.vh:45:localparam logic ZICCLSM_SUPPORTED  = 1; // Misaligned loads/stores
config/deriv/fdqh_div_4_4i_rv32gc/config.vh:46:localparam logic ZICCLSM_SUPPORTED  = 0; // Misaligned loads/stores
config/deriv/fdqh_div_2_1i_rv32gc/config.vh:46:localparam logic ZICCLSM_SUPPORTED  = 0; // Misaligned loads/stores
config/deriv/div_4_4i_rv32gc/config.vh:45:localparam logic ZICCLSM_SUPPORTED  = 0; // Misaligned loads/stores
config/deriv/ram_0_0_rv64gc/config.vh:44:localparam logic ZICCLSM_SUPPORTED  = 1; // Misaligned loads/stores
config/deriv/fpgagenesys2/config.vh:46:localparam logic ZICCLSM_SUPPORTED  = 1; // Misaligned loads/stores
config/deriv/zbkb_rv32gc/config.vh:44:localparam logic ZICCLSM_SUPPORTED  = 0; // Misaligned loads/stores
config/deriv/fdqh_div_2_4i_rv32gc/config.vh:46:localparam logic ZICCLSM_SUPPORTED  = 0; // Misaligned loads/stores
config/deriv/nocache_rv64gc/config.vh:44:localparam logic ZICCLSM_SUPPORTED = 0; // Misaligned loads/stores
config/deriv/f_div_4_4_rv64gc/config.vh:45:localparam logic ZICCLSM_SUPPORTED  = 1; // Misaligned loads/stores
config/deriv/f_div_4_2_rv64gc/config.vh:45:localparam logic ZICCLSM_SUPPORTED  = 1; // Misaligned loads/stores
config/deriv/fdh_div_4_4i_rv64gc/config.vh:46:localparam logic ZICCLSM_SUPPORTED  = 1; // Misaligned loads/stores
config/deriv/fd_div_4_1_rv64gc/config.vh:45:localparam logic ZICCLSM_SUPPORTED  = 1; // Misaligned loads/stores
config/deriv/syn_sram_rv64i/config.vh:44:localparam logic ZICCLSM_SUPPORTED  = 0; // Misaligned loads/stores
config/deriv/div_2_4i_rv64gc/config.vh:45:localparam logic ZICCLSM_SUPPORTED  = 1; // Misaligned loads/stores
config/deriv/fdq_div_2_1_rv32gc/config.vh:45:localparam logic ZICCLSM_SUPPORTED  = 0; // Misaligned loads/stores
config/deriv/syn_sram_rv32imc/config.vh:44:localparam logic ZICCLSM_SUPPORTED  = 0; // Misaligned loads/stores
config/deriv/syn_rv32gc/config.vh:44:localparam logic ZICCLSM_SUPPORTED  = 0; // Misaligned loads/stores
config/deriv/syn_rv64gc_noFPU/config.vh:47:localparam logic ZICCLSM_SUPPORTED  = 1; // Misaligned loads/stores
config/deriv/fdq_div_4_1_rv64gc/config.vh:45:localparam logic ZICCLSM_SUPPORTED  = 1; // Misaligned loads/stores
config/deriv/fdh_div_2_4_rv32gc/config.vh:45:localparam logic ZICCLSM_SUPPORTED  = 0; // Misaligned loads/stores
config/deriv/fd_rv64gc/config.vh:44:localparam logic ZICCLSM_SUPPORTED  = 1; // Misaligned loads/stores
config/deriv/bpred_GSHARE_10_16_12_1_rv32gc/config.vh:44:localparam logic ZICCLSM_SUPPORTED  = 0; // Misaligned loads/stores
config/deriv/div_2_4i_rv32gc/config.vh:45:localparam logic ZICCLSM_SUPPORTED  = 0; // Misaligned loads/stores
config/deriv/fdqh_div_4_4_rv32gc/config.vh:45:localparam logic ZICCLSM_SUPPORTED  = 0; // Misaligned loads/stores
config/deriv/fd_div_4_2i_rv32gc/config.vh:46:localparam logic ZICCLSM_SUPPORTED  = 0; // Misaligned loads/stores
config/deriv/bpred_GSHARE_10_16_16_1_rv32gc/config.vh:44:localparam logic ZICCLSM_SUPPORTED  = 0; // Misaligned loads/stores
config/deriv/fh_div_2_4_rv64gc/config.vh:45:localparam logic ZICCLSM_SUPPORTED  = 1; // Misaligned loads/stores
config/deriv/fh_div_4_2_rv32gc/config.vh:45:localparam logic ZICCLSM_SUPPORTED  = 0; // Misaligned loads/stores
config/deriv/fdq_div_4_1_rv32gc/config.vh:45:localparam logic ZICCLSM_SUPPORTED  = 0; // Misaligned loads/stores
config/deriv/syn_sram_rv64gc_noFPU/config.vh:47:localparam logic ZICCLSM_SUPPORTED  = 1; // Misaligned loads/stores
config/deriv/fd_div_4_4_rv32gc/config.vh:45:localparam logic ZICCLSM_SUPPORTED  = 0; // Misaligned loads/stores
config/deriv/fdq_div_4_4i_rv64gc/config.vh:46:localparam logic ZICCLSM_SUPPORTED  = 1; // Misaligned loads/stores
config/deriv/fh_div_4_1_rv64gc/config.vh:45:localparam logic ZICCLSM_SUPPORTED  = 1; // Misaligned loads/stores
config/deriv/fdqh_div_2_4_rv32gc/config.vh:45:localparam logic ZICCLSM_SUPPORTED  = 0; // Misaligned loads/stores
config/deriv/fdqh_div_4_2_rv64gc/config.vh:45:localparam logic ZICCLSM_SUPPORTED  = 1; // Misaligned loads/stores
config/deriv/fd_div_4_2_rv64gc/config.vh:45:localparam logic ZICCLSM_SUPPORTED  = 1; // Misaligned loads/stores
config/deriv/way_2_4096_512_rv32gc/config.vh:45:localparam logic ZICCLSM_SUPPORTED  = 0; // Misaligned loads/stores
config/deriv/fdqh_div_4_1_rv32gc/config.vh:45:localparam logic ZICCLSM_SUPPORTED  = 0; // Misaligned loads/stores
config/deriv/bpred_TWOBIT_8_16_10_0_rv32gc/config.vh:46:localparam logic ZICCLSM_SUPPORTED  = 0; // Misaligned loads/stores
config/deriv/fdh_div_4_1_rv64gc/config.vh:45:localparam logic ZICCLSM_SUPPORTED  = 1; // Misaligned loads/stores
config/deriv/bpred_TWOBIT_6_16_10_1_rv32gc/config.vh:45:localparam logic ZICCLSM_SUPPORTED  = 0; // Misaligned loads/stores
config/deriv/bpred_GSHARE_10_10_10_0_rv32gc/config.vh:45:localparam logic ZICCLSM_SUPPORTED  = 0; // Misaligned loads/stores
config/deriv/bpred_GSHARE_10_16_16_0_rv32gc/config.vh:45:localparam logic ZICCLSM_SUPPORTED  = 0; // Misaligned loads/stores
config/deriv/bpred_GSHARE_16_16_10_1_rv32gc/config.vh:44:localparam logic ZICCLSM_SUPPORTED  = 0; // Misaligned loads/stores
config/deriv/fd_div_2_4_rv32gc/config.vh:45:localparam logic ZICCLSM_SUPPORTED  = 0; // Misaligned loads/stores
config/deriv/fdq_div_4_4i_rv32gc/config.vh:46:localparam logic ZICCLSM_SUPPORTED  = 0; // Misaligned loads/stores
config/deriv/sv39/config.vh:44:localparam logic ZICCLSM_SUPPORTED  = 1; // Misaligned loads/stores
config/deriv/way_4_4096_512_rv64gc/config.vh:45:localparam logic ZICCLSM_SUPPORTED  = 1; // Misaligned loads/stores
config/deriv/bpred_GSHARE_10_3_10_1_rv32gc/config.vh:44:localparam logic ZICCLSM_SUPPORTED  = 0; // Misaligned loads/stores
config/deriv/bpred_TWOBIT_12_16_10_1_rv32gc/config.vh:45:localparam logic ZICCLSM_SUPPORTED  = 0; // Misaligned loads/stores
config/deriv/div_4_2i_rv32gc/config.vh:45:localparam logic ZICCLSM_SUPPORTED  = 0; // Misaligned loads/stores
config/deriv/syn_sram_rv32i/config.vh:44:localparam logic ZICCLSM_SUPPORTED  = 0; // Misaligned loads/stores
config/deriv/fdqh_div_4_1i_rv64gc/config.vh:46:localparam logic ZICCLSM_SUPPORTED  = 1; // Misaligned loads/stores
config/deriv/zaamo_rv64gc/config.vh:44:localparam logic ZICCLSM_SUPPORTED  = 1; // Misaligned loads/stores
config/deriv/way_4_2048_512_rv32gc/config.vh:46:localparam logic ZICCLSM_SUPPORTED  = 0; // Misaligned loads/stores
config/deriv/fdq_div_2_2i_rv64gc/config.vh:46:localparam logic ZICCLSM_SUPPORTED  = 1; // Misaligned loads/stores
config/deriv/fh_div_4_4_rv64gc/config.vh:45:localparam logic ZICCLSM_SUPPORTED  = 1; // Misaligned loads/stores
config/deriv/f_div_2_4i_rv32gc/config.vh:46:localparam logic ZICCLSM_SUPPORTED  = 0; // Misaligned loads/stores
config/deriv/way_8_4096_512_rv64gc/config.vh:45:localparam logic ZICCLSM_SUPPORTED  = 1; // Misaligned loads/stores
config/deriv/fdq_div_2_2_rv32gc/config.vh:45:localparam logic ZICCLSM_SUPPORTED  = 0; // Misaligned loads/stores
config/deriv/syn_rv32i/config.vh:44:localparam logic ZICCLSM_SUPPORTED  = 0; // Misaligned loads/stores
config/deriv/bpred_TWOBIT_16_16_10_1_rv32gc/config.vh:45:localparam logic ZICCLSM_SUPPORTED  = 0; // Misaligned loads/stores
config/deriv/sv32_nosvadu/config.vh:44:localparam logic ZICCLSM_SUPPORTED  = 0; // Misaligned loads/stores
config/deriv/syn_rv64gc_pmp0/config.vh:45:localparam logic ZICCLSM_SUPPORTED  = 1; // Misaligned loads/stores
config/deriv/syn_sram_rv64gc/config.vh:44:localparam logic ZICCLSM_SUPPORTED  = 1; // Misaligned loads/stores
config/deriv/zbb_rv64gc/config.vh:44:localparam logic ZICCLSM_SUPPORTED  = 1; // Misaligned loads/stores
config/deriv/nocache_rv32gc/config.vh:44:localparam logic ZICCLSM_SUPPORTED  = 0; // Misaligned loads/stores
config/deriv/f_div_2_2_rv32gc/config.vh:45:localparam logic ZICCLSM_SUPPORTED  = 0; // Misaligned loads/stores
config/deriv/zalrsc_rv64gc/config.vh:44:localparam logic ZICCLSM_SUPPORTED  = 1; // Misaligned loads/stores
config/deriv/fh_div_4_1_rv32gc/config.vh:45:localparam logic ZICCLSM_SUPPORTED  = 0; // Misaligned loads/stores
config/deriv/div_4_1i_rv32gc/config.vh:45:localparam logic ZICCLSM_SUPPORTED  = 0; // Misaligned loads/stores
config/deriv/f_div_4_4i_rv32gc/config.vh:46:localparam logic ZICCLSM_SUPPORTED  = 0; // Misaligned loads/stores
config/deriv/fh_div_4_2_rv64gc/config.vh:45:localparam logic ZICCLSM_SUPPORTED  = 1; // Misaligned loads/stores
config/deriv/fh_div_4_4_rv32gc/config.vh:45:localparam logic ZICCLSM_SUPPORTED  = 0; // Misaligned loads/stores
config/deriv/fh_rv64gc/config.vh:44:localparam logic ZICCLSM_SUPPORTED  = 1; // Misaligned loads/stores
config/deriv/bpred_GSHARE_6_16_10_0_rv32gc/config.vh:45:localparam logic ZICCLSM_SUPPORTED  = 0; // Misaligned loads/stores
config/deriv/fh_div_2_2i_rv32gc/config.vh:46:localparam logic ZICCLSM_SUPPORTED  = 0; // Misaligned loads/stores
config/deriv/fdqh_div_4_4_rv64gc/config.vh:45:localparam logic ZICCLSM_SUPPORTED  = 1; // Misaligned loads/stores
config/deriv/zkne_rv64gc/config.vh:44:localparam logic ZICCLSM_SUPPORTED  = 1; // Misaligned loads/stores
config/deriv/bpred_GSHARE_10_16_8_0_rv32gc/config.vh:45:localparam logic ZICCLSM_SUPPORTED  = 0; // Misaligned loads/stores
config/deriv/zkne_rv32gc/config.vh:44:localparam logic ZICCLSM_SUPPORTED  = 0; // Misaligned loads/stores
config/deriv/fh_div_4_2i_rv32gc/config.vh:46:localparam logic ZICCLSM_SUPPORTED  = 0; // Misaligned loads/stores
config/deriv/fdh_div_2_4i_rv64gc/config.vh:46:localparam logic ZICCLSM_SUPPORTED  = 1; // Misaligned loads/stores
config/deriv/fh_div_2_1_rv64gc/config.vh:45:localparam logic ZICCLSM_SUPPORTED  = 1; // Misaligned loads/stores
config/deriv/bpred_GSHARE_10_6_10_1_rv32gc/config.vh:44:localparam logic ZICCLSM_SUPPORTED  = 0; // Misaligned loads/stores
config/deriv/f_div_4_4i_rv64gc/config.vh:46:localparam logic ZICCLSM_SUPPORTED  = 1; // Misaligned loads/stores
config/deriv/fdq_rv64gc/config.vh:44:localparam logic ZICCLSM_SUPPORTED  = 1; // Misaligned loads/stores
config/deriv/bpred_TWOBIT_6_16_10_0_rv32gc/config.vh:46:localparam logic ZICCLSM_SUPPORTED  = 0; // Misaligned loads/stores
config/deriv/fh_div_4_1i_rv64gc/config.vh:46:localparam logic ZICCLSM_SUPPORTED  = 1; // Misaligned loads/stores
config/deriv/syn_sram_rv32e/config.vh:44:localparam logic ZICCLSM_SUPPORTED  = 0; // Misaligned loads/stores
config/deriv/fdh_div_2_2_rv32gc/config.vh:45:localparam logic ZICCLSM_SUPPORTED  = 0; // Misaligned loads/stores
config/deriv/div_2_2_rv32gc/config.vh:44:localparam logic ZICCLSM_SUPPORTED  = 0; // Misaligned loads/stores
config/deriv/noS_rv64gc/config.vh:44:localparam logic ZICCLSM_SUPPORTED  = 1; // Misaligned loads/stores
config/deriv/fdh_div_4_1i_rv32gc/config.vh:46:localparam logic ZICCLSM_SUPPORTED  = 0; // Misaligned loads/stores
config/deriv/fh_div_4_2i_rv64gc/config.vh:46:localparam logic ZICCLSM_SUPPORTED  = 1; // Misaligned loads/stores
config/deriv/fdq_div_4_2i_rv32gc/config.vh:46:localparam logic ZICCLSM_SUPPORTED  = 0; // Misaligned loads/stores
config/deriv/syn_sram_rv64gc_noMulDiv/config.vh:48:localparam logic ZICCLSM_SUPPORTED  = 1; // Misaligned loads/stores
config/deriv/bpred_GSHARE_14_16_10_1_rv32gc/config.vh:44:localparam logic ZICCLSM_SUPPORTED  = 0; // Misaligned loads/stores
config/deriv/nomisaligned_rv64gc/config.vh:44:localparam logic ZICCLSM_SUPPORTED = 0; // Misaligned loads/stores
config/deriv/fdq_div_2_2i_rv32gc/config.vh:46:localparam logic ZICCLSM_SUPPORTED  = 0; // Misaligned loads/stores
config/deriv/buildroot/config.vh:44:localparam logic ZICCLSM_SUPPORTED  = 1; // Misaligned loads/stores
config/deriv/bpred_GSHARE_12_16_10_0_rv32gc/config.vh:45:localparam logic ZICCLSM_SUPPORTED  = 0; // Misaligned loads/stores
config/deriv/zknh_rv32gc/config.vh:44:localparam logic ZICCLSM_SUPPORTED  = 0; // Misaligned loads/stores
config/deriv/bpred_GSHARE_10_10_10_1_rv32gc/config.vh:44:localparam logic ZICCLSM_SUPPORTED  = 0; // Misaligned loads/stores
config/deriv/fd_div_2_1_rv32gc/config.vh:45:localparam logic ZICCLSM_SUPPORTED  = 0; // Misaligned loads/stores
config/deriv/bpred_TWOBIT_16_16_10_0_rv32gc/config.vh:46:localparam logic ZICCLSM_SUPPORTED  = 0; // Misaligned loads/stores
config/deriv/way_4_2048_512_rv64gc/config.vh:46:localparam logic ZICCLSM_SUPPORTED  = 1; // Misaligned loads/stores
config/deriv/fd_div_2_1i_rv32gc/config.vh:46:localparam logic ZICCLSM_SUPPORTED  = 0; // Misaligned loads/stores
config/deriv/noU_rv64gc/config.vh:45:localparam logic ZICCLSM_SUPPORTED  = 1; // Misaligned loads/stores
config/deriv/div_2_4_rv64gc/config.vh:44:localparam logic ZICCLSM_SUPPORTED  = 1; // Misaligned loads/stores
config/deriv/fh_div_2_2_rv64gc/config.vh:45:localparam logic ZICCLSM_SUPPORTED  = 1; // Misaligned loads/stores
config/deriv/way_4_4096_512_rv32gc/config.vh:45:localparam logic ZICCLSM_SUPPORTED  = 0; // Misaligned loads/stores
config/deriv/f_div_4_1i_rv64gc/config.vh:46:localparam logic ZICCLSM_SUPPORTED  = 1; // Misaligned loads/stores
config/deriv/div_4_4_rv64gc/config.vh:44:localparam logic ZICCLSM_SUPPORTED  = 1; // Misaligned loads/stores
config/deriv/way_4_4096_256_rv32gc/config.vh:46:localparam logic ZICCLSM_SUPPORTED  = 0; // Misaligned loads/stores
config/deriv/fh_rv32gc/config.vh:44:localparam logic ZICCLSM_SUPPORTED  = 0; // Misaligned loads/stores
config/deriv/fdh_rv64gc/config.vh:44:localparam logic ZICCLSM_SUPPORTED  = 1; // Misaligned loads/stores
config/deriv/fdqh_div_2_1_rv64gc/config.vh:45:localparam logic ZICCLSM_SUPPORTED  = 1; // Misaligned loads/stores
config/deriv/div_4_2i_rv64gc/config.vh:45:localparam logic ZICCLSM_SUPPORTED  = 1; // Misaligned loads/stores
config/deriv/fdq_div_2_1i_rv64gc/config.vh:46:localparam logic ZICCLSM_SUPPORTED  = 1; // Misaligned loads/stores
config/deriv/f_div_2_1_rv32gc/config.vh:45:localparam logic ZICCLSM_SUPPORTED  = 0; // Misaligned loads/stores
config/deriv/zknd_rv64gc/config.vh:44:localparam logic ZICCLSM_SUPPORTED  = 1; // Misaligned loads/stores
config/deriv/zbs_rv32gc/config.vh:44:localparam logic ZICCLSM_SUPPORTED  = 0; // Misaligned loads/stores
config/deriv/zbkx_rv32gc/config.vh:44:localparam logic ZICCLSM_SUPPORTED  = 0; // Misaligned loads/stores
config/deriv/fdqh_div_2_2i_rv32gc/config.vh:46:localparam logic ZICCLSM_SUPPORTED  = 0; // Misaligned loads/stores
config/deriv/fdq_div_4_4_rv32gc/config.vh:45:localparam logic ZICCLSM_SUPPORTED  = 0; // Misaligned loads/stores
config/deriv/counters3_rv64gc/config.vh:44:localparam logic ZICCLSM_SUPPORTED  = 1; // Misaligned loads/stores
config/deriv/syn_rv64gc_noPriv/config.vh:46:localparam logic ZICCLSM_SUPPORTED  = 1; // Misaligned loads/stores
config/deriv/fh_div_2_1i_rv64gc/config.vh:46:localparam logic ZICCLSM_SUPPORTED  = 1; // Misaligned loads/stores
config/deriv/fdqh_div_4_4i_rv64gc/config.vh:46:localparam logic ZICCLSM_SUPPORTED  = 1; // Misaligned loads/stores
config/deriv/bpred_TWOBIT_14_16_10_0_rv32gc/config.vh:46:localparam logic ZICCLSM_SUPPORTED  = 0; // Misaligned loads/stores
config/deriv/fdqh_div_2_1_rv32gc/config.vh:45:localparam logic ZICCLSM_SUPPORTED  = 0; // Misaligned loads/stores
config/deriv/sv39_nosvpbmt/config.vh:45:localparam logic ZICCLSM_SUPPORTED  = 1; // Misaligned loads/stores
config/deriv/zbkb_rv64gc/config.vh:44:localparam logic ZICCLSM_SUPPORTED  = 1; // Misaligned loads/stores
config/deriv/cache_rv64gc/config.vh:44:localparam logic ZICCLSM_SUPPORTED  = 1; // Misaligned loads/stores
config/deriv/f_div_2_1_rv64gc/config.vh:45:localparam logic ZICCLSM_SUPPORTED  = 1; // Misaligned loads/stores
config/deriv/fpga/config.vh:45:localparam logic ZICCLSM_SUPPORTED  = 1; // Misaligned loads/stores
config/deriv/div_2_1i_rv32gc/config.vh:45:localparam logic ZICCLSM_SUPPORTED  = 0; // Misaligned loads/stores
config/deriv/fdq_div_2_4_rv32gc/config.vh:45:localparam logic ZICCLSM_SUPPORTED  = 0; // Misaligned loads/stores
config/deriv/fdh_div_2_1i_rv64gc/config.vh:46:localparam logic ZICCLSM_SUPPORTED  = 1; // Misaligned loads/stores
config/deriv/fd_div_2_2_rv32gc/config.vh:45:localparam logic ZICCLSM_SUPPORTED  = 0; // Misaligned loads/stores
config/deriv/tlb16_rv32gc/config.vh:44:localparam logic ZICCLSM_SUPPORTED  = 0; // Misaligned loads/stores
config/deriv/f_div_4_2i_rv64gc/config.vh:46:localparam logic ZICCLSM_SUPPORTED  = 1; // Misaligned loads/stores
config/deriv/fd_div_2_4_rv64gc/config.vh:45:localparam logic ZICCLSM_SUPPORTED  = 1; // Misaligned loads/stores
config/deriv/fd_div_2_4i_rv64gc/config.vh:46:localparam logic ZICCLSM_SUPPORTED  = 1; // Misaligned loads/stores
config/deriv/syn_sram_rv64gc_noAtomic/config.vh:49:localparam logic ZICCLSM_SUPPORTED  = 1; // Misaligned loads/stores
config/deriv/f_div_4_1_rv32gc/config.vh:45:localparam logic ZICCLSM_SUPPORTED  = 0; // Misaligned loads/stores
config/deriv/misaligned_rv32gc/config.vh:44:localparam logic ZICCLSM_SUPPORTED = 1; // Misaligned loads/stores
config/deriv/zknh_rv64gc/config.vh:44:localparam logic ZICCLSM_SUPPORTED  = 1; // Misaligned loads/stores
config/deriv/fpgavcu108/config.vh:46:localparam logic ZICCLSM_SUPPORTED  = 1; // Misaligned loads/stores
config/deriv/bpred_GSHARE_10_16_14_1_rv32gc/config.vh:44:localparam logic ZICCLSM_SUPPORTED  = 0; // Misaligned loads/stores
config/deriv/div_2_2i_rv64gc/config.vh:45:localparam logic ZICCLSM_SUPPORTED  = 1; // Misaligned loads/stores
config/deriv/syn_rv64i/config.vh:44:localparam logic ZICCLSM_SUPPORTED  = 0; // Misaligned loads/stores
config/deriv/nobpred_rv32gc/config.vh:44:localparam logic ZICCLSM_SUPPORTED  = 0; // Misaligned loads/stores
config/deriv/div_2_1_rv64gc/config.vh:44:localparam logic ZICCLSM_SUPPORTED  = 1; // Misaligned loads/stores
config/deriv/bpred_GSHARE_10_16_14_0_rv32gc/config.vh:45:localparam logic ZICCLSM_SUPPORTED  = 0; // Misaligned loads/stores
config/deriv/fh_div_2_4i_rv64gc/config.vh:46:localparam logic ZICCLSM_SUPPORTED  = 1; // Misaligned loads/stores
config/deriv/bpred_GSHARE_14_16_10_0_rv32gc/config.vh:45:localparam logic ZICCLSM_SUPPORTED  = 0; // Misaligned loads/stores
config/deriv/div_2_2i_rv32gc/config.vh:45:localparam logic ZICCLSM_SUPPORTED  = 0; // Misaligned loads/stores
config/deriv/div_4_1_rv32gc/config.vh:44:localparam logic ZICCLSM_SUPPORTED  = 0; // Misaligned loads/stores
config/deriv/bpred_GSHARE_16_16_10_0_rv32gc/config.vh:45:localparam logic ZICCLSM_SUPPORTED  = 0; // Misaligned loads/stores
config/deriv/fh_div_2_2i_rv64gc/config.vh:46:localparam logic ZICCLSM_SUPPORTED  = 1; // Misaligned loads/stores
config/deriv/fd_rv32gc/config.vh:44:localparam logic ZICCLSM_SUPPORTED  = 0; // Misaligned loads/stores
config/deriv/fdqh_div_4_1_rv64gc/config.vh:45:localparam logic ZICCLSM_SUPPORTED  = 1; // Misaligned loads/stores
config/deriv/noS_rv32gc/config.vh:44:localparam logic ZICCLSM_SUPPORTED  = 0; // Misaligned loads/stores
config/deriv/fdqh_div_2_2i_rv64gc/config.vh:46:localparam logic ZICCLSM_SUPPORTED  = 1; // Misaligned loads/stores
config/deriv/f_div_2_4_rv64gc/config.vh:45:localparam logic ZICCLSM_SUPPORTED  = 1; // Misaligned loads/stores
config/deriv/fd_div_4_4i_rv64gc/config.vh:46:localparam logic ZICCLSM_SUPPORTED  = 1; // Misaligned loads/stores
config/deriv/noU_rv32gc/config.vh:45:localparam logic ZICCLSM_SUPPORTED  = 0; // Misaligned loads/stores
config/deriv/fdh_div_2_4_rv64gc/config.vh:45:localparam logic ZICCLSM_SUPPORTED  = 1; // Misaligned loads/stores
config/deriv/way_8_4096_512_rv32gc/config.vh:45:localparam logic ZICCLSM_SUPPORTED  = 0; // Misaligned loads/stores
config/deriv/fh_div_4_4i_rv64gc/config.vh:46:localparam logic ZICCLSM_SUPPORTED  = 1; // Misaligned loads/stores
config/deriv/fdqh_div_4_2i_rv64gc/config.vh:46:localparam logic ZICCLSM_SUPPORTED  = 1; // Misaligned loads/stores
config/deriv/fdq_div_4_1i_rv64gc/config.vh:46:localparam logic ZICCLSM_SUPPORTED  = 1; // Misaligned loads/stores
config/deriv/sv39_nosvadu/config.vh:45:localparam logic ZICCLSM_SUPPORTED  = 1; // Misaligned loads/stores
config/deriv/f_div_2_4_rv32gc/config.vh:45:localparam logic ZICCLSM_SUPPORTED  = 0; // Misaligned loads/stores
config/deriv/fh_div_4_4i_rv32gc/config.vh:46:localparam logic ZICCLSM_SUPPORTED  = 0; // Misaligned loads/stores
config/deriv/fdqh_rv64gc/config.vh:44:localparam logic ZICCLSM_SUPPORTED  = 1; // Misaligned loads/stores
config/deriv/way_1_4096_512_rv64gc/config.vh:44:localparam logic ZICCLSM_SUPPORTED  = 1; // Misaligned loads/stores
config/deriv/way_4_4096_256_rv64gc/config.vh:46:localparam logic ZICCLSM_SUPPORTED  = 1; // Misaligned loads/stores
config/deriv/fh_div_2_4_rv32gc/config.vh:45:localparam logic ZICCLSM_SUPPORTED  = 0; // Misaligned loads/stores
config/deriv/sv48/config.vh:44:localparam logic ZICCLSM_SUPPORTED  = 1; // Misaligned loads/stores
config/deriv/tlb2_rv64gc/config.vh:44:localparam logic ZICCLSM_SUPPORTED  = 1; // Misaligned loads/stores
config/deriv/fd_div_2_2i_rv64gc/config.vh:46:localparam logic ZICCLSM_SUPPORTED  = 1; // Misaligned loads/stores
config/deriv/tlb16_rv64gc/config.vh:44:localparam logic ZICCLSM_SUPPORTED  = 1; // Misaligned loads/stores
config/deriv/fdq_div_2_2_rv64gc/config.vh:45:localparam logic ZICCLSM_SUPPORTED  = 1; // Misaligned loads/stores
config/deriv/nodcache_rv32gc/config.vh:44:localparam logic ZICCLSM_SUPPORTED  = 0; // Misaligned loads/stores
config/deriv/f_div_2_2i_rv64gc/config.vh:46:localparam logic ZICCLSM_SUPPORTED  = 1; // Misaligned loads/stores
config/deriv/fdq_div_2_1i_rv32gc/config.vh:46:localparam logic ZICCLSM_SUPPORTED  = 0; // Misaligned loads/stores
config/deriv/f_div_4_2_rv32gc/config.vh:45:localparam logic ZICCLSM_SUPPORTED  = 0; // Misaligned loads/stores
config/deriv/fdq_div_4_2i_rv64gc/config.vh:46:localparam logic ZICCLSM_SUPPORTED  = 1; // Misaligned loads/stores
config/deriv/div_4_2_rv64gc/config.vh:44:localparam logic ZICCLSM_SUPPORTED  = 1; // Misaligned loads/stores
config/deriv/bpred_TWOBIT_10_16_10_1_rv32gc/config.vh:45:localparam logic ZICCLSM_SUPPORTED  = 0; // Misaligned loads/stores
config/deriv/div_2_4_rv32gc/config.vh:44:localparam logic ZICCLSM_SUPPORTED  = 0; // Misaligned loads/stores
config/deriv/fdqh_div_4_2_rv32gc/config.vh:45:localparam logic ZICCLSM_SUPPORTED  = 0; // Misaligned loads/stores
config/deriv/ram_1_1_rv64gc/config.vh:44:localparam logic ZICCLSM_SUPPORTED  = 1; // Misaligned loads/stores
config/deriv/f_div_4_2i_rv32gc/config.vh:46:localparam logic ZICCLSM_SUPPORTED  = 0; // Misaligned loads/stores
config/deriv/syn_rv64gc/config.vh:44:localparam logic ZICCLSM_SUPPORTED  = 1; // Misaligned loads/stores
config/deriv/f_div_4_1i_rv32gc/config.vh:46:localparam logic ZICCLSM_SUPPORTED  = 0; // Misaligned loads/stores
config/deriv/fd_div_4_1_rv32gc/config.vh:45:localparam logic ZICCLSM_SUPPORTED  = 0; // Misaligned loads/stores
config/deriv/bpred_TWOBIT_12_16_10_0_rv32gc/config.vh:46:localparam logic ZICCLSM_SUPPORTED  = 0; // Misaligned loads/stores
config/deriv/f_div_2_2_rv64gc/config.vh:45:localparam logic ZICCLSM_SUPPORTED  = 1; // Misaligned loads/stores
config/deriv/ImperasTG/config.vh:44:localparam logic ZICCLSM_SUPPORTED = 0; // Misaligned loads/stores
config/deriv/zicbom_rv32gc/config.vh:44:localparam logic ZICCLSM_SUPPORTED  = 0; // Misaligned loads/stores
config/deriv/noicache_rv32gc/config.vh:44:localparam logic ZICCLSM_SUPPORTED  = 0; // Misaligned loads/stores
config/deriv/fh_div_2_2_rv32gc/config.vh:45:localparam logic ZICCLSM_SUPPORTED  = 0; // Misaligned loads/stores
config/deriv/f_rv64gc/config.vh:44:localparam logic ZICCLSM_SUPPORTED  = 1; // Misaligned loads/stores
config/deriv/fdq_div_4_2_rv64gc/config.vh:45:localparam logic ZICCLSM_SUPPORTED  = 1; // Misaligned loads/stores
config/deriv/way_2_4096_512_rv64gc/config.vh:45:localparam logic ZICCLSM_SUPPORTED  = 1; // Misaligned loads/stores
config/deriv/fdqh_div_4_2i_rv32gc/config.vh:46:localparam logic ZICCLSM_SUPPORTED  = 0; // Misaligned loads/stores
config/deriv/div_4_2_rv32gc/config.vh:44:localparam logic ZICCLSM_SUPPORTED  = 0; // Misaligned loads/stores
config/deriv/zbs_rv64gc/config.vh:44:localparam logic ZICCLSM_SUPPORTED  = 1; // Misaligned loads/stores
config/deriv/fdq_div_4_4_rv64gc/config.vh:45:localparam logic ZICCLSM_SUPPORTED  = 1; // Misaligned loads/stores
config/deriv/zicbom_rv64gc/config.vh:44:localparam logic ZICCLSM_SUPPORTED  = 1; // Misaligned loads/stores
config/deriv/fdq_div_4_1i_rv32gc/config.vh:46:localparam logic ZICCLSM_SUPPORTED  = 0; // Misaligned loads/stores
config/deriv/ram_1_0_rv64gc/config.vh:44:localparam logic ZICCLSM_SUPPORTED  = 1; // Misaligned loads/stores
config/deriv/bpred_GSHARE_10_16_8_1_rv32gc/config.vh:44:localparam logic ZICCLSM_SUPPORTED  = 0; // Misaligned loads/stores
config/deriv/fdh_div_2_1_rv32gc/config.vh:45:localparam logic ZICCLSM_SUPPORTED  = 0; // Misaligned loads/stores
config/deriv/nobigendian_rv32gc/config.vh:44:localparam logic ZICCLSM_SUPPORTED  = 0; // Misaligned loads/stores
config/deriv/bpred_GSHARE_10_2_10_1_rv32gc/config.vh:44:localparam logic ZICCLSM_SUPPORTED  = 0; // Misaligned loads/stores
config/deriv/div_4_1_rv64gc/config.vh:44:localparam logic ZICCLSM_SUPPORTED  = 1; // Misaligned loads/stores
config/deriv/fdh_div_4_4i_rv32gc/config.vh:46:localparam logic ZICCLSM_SUPPORTED  = 0; // Misaligned loads/stores
config/deriv/rv32breker/config.vh:44:localparam logic ZICCLSM_SUPPORTED = 1; // Misaligned loads/stores
config/deriv/fdq_div_4_2_rv32gc/config.vh:45:localparam logic ZICCLSM_SUPPORTED  = 0; // Misaligned loads/stores
config/deriv/fdh_div_4_2_rv32gc/config.vh:45:localparam logic ZICCLSM_SUPPORTED  = 0; // Misaligned loads/stores
config/deriv/bpred_TWOBIT_8_16_10_1_rv32gc/config.vh:45:localparam logic ZICCLSM_SUPPORTED  = 0; // Misaligned loads/stores
config/deriv/syn_sram_rv32gc/config.vh:44:localparam logic ZICCLSM_SUPPORTED  = 0; // Misaligned loads/stores
config/deriv/f_div_4_1_rv64gc/config.vh:45:localparam logic ZICCLSM_SUPPORTED  = 1; // Misaligned loads/stores
config/deriv/fdq_div_2_4i_rv64gc/config.vh:46:localparam logic ZICCLSM_SUPPORTED  = 1; // Misaligned loads/stores
config/deriv/bpred_GSHARE_6_16_10_1_rv32gc/config.vh:44:localparam logic ZICCLSM_SUPPORTED  = 0; // Misaligned loads/stores
config/deriv/fdq_div_2_1_rv64gc/config.vh:45:localparam logic ZICCLSM_SUPPORTED  = 1; // Misaligned loads/stores
config/deriv/bpred_GSHARE_10_16_12_0_rv32gc/config.vh:45:localparam logic ZICCLSM_SUPPORTED  = 0; // Misaligned loads/stores
config/deriv/fdh_div_4_1_rv32gc/config.vh:45:localparam logic ZICCLSM_SUPPORTED  = 0; // Misaligned loads/stores
config/deriv/fdqh_div_2_1i_rv64gc/config.vh:46:localparam logic ZICCLSM_SUPPORTED  = 1; // Misaligned loads/stores
config/deriv/div_2_1i_rv64gc/config.vh:45:localparam logic ZICCLSM_SUPPORTED  = 1; // Misaligned loads/stores
config/deriv/div_4_4_rv32gc/config.vh:44:localparam logic ZICCLSM_SUPPORTED  = 0; // Misaligned loads/stores
config/deriv/fdqh_rv32gc/config.vh:44:localparam logic ZICCLSM_SUPPORTED  = 0; // Misaligned loads/stores
config/deriv/fdh_div_2_1i_rv32gc/config.vh:46:localparam logic ZICCLSM_SUPPORTED  = 0; // Misaligned loads/stores
config/deriv/fd_div_2_4i_rv32gc/config.vh:46:localparam logic ZICCLSM_SUPPORTED  = 0; // Misaligned loads/stores
config/deriv/ram_2_0_rv64gc/config.vh:44:localparam logic ZICCLSM_SUPPORTED  = 1; // Misaligned loads/stores
config/deriv/syn_rv32e/config.vh:44:localparam logic ZICCLSM_SUPPORTED  = 0; // Misaligned loads/stores
config/deriv/fdqh_div_2_2_rv32gc/config.vh:45:localparam logic ZICCLSM_SUPPORTED  = 0; // Misaligned loads/stores

Finished: 2026-09-18T09:54:13.234397+00:00
Return code: 0
Status: PASS
