Started: 2026-09-18T09:49:47.988253+00:00
Command: bash -o pipefail -c 'git show 7bff93735 --stat'

commit 7bff937350e70a4084265e67b75ffd0da092de1a
Merge: f21bd079f ea09a5bc0
Author: wallyguard <abdulrafay7582@gmail.com>
Date:   Wed Sep 16 17:23:06 2026 +0000

    Merge branch 'wallyguard-pr-1879'
    
    # Conflicts:
    #       config/shared/parameter-defs.vh
    #       src/cvw.sv

 config/rv32e/config.vh              | 149 ++++++++++++++++++++
 config/rv32gc/config.vh             | 151 ++++++++++++++++++++
 config/rv32gc/imperas.ic            |  40 ++++++
 config/rv32i/config.vh              | 149 ++++++++++++++++++++
 config/rv32imc/config.vh            | 149 ++++++++++++++++++++
 config/rv64gc/config.vh             | 152 ++++++++++++++++++++
 config/rv64gc/imperas.ic            |  44 ++++++
 config/rv64i/config.vh              | 148 ++++++++++++++++++++
 config/shared/config-shared.vh      |   1 +
 config/shared/parameter-defs.vh     | 203 +++++++++++++++++++++++++++
 src/cvw.sv                          | 272 ++++++++++++++++++++++++++++++++++++
 src/fpu/fctrl.sv                    |  24 +++-
 src/fpu/fcvt.sv                     |   5 +-
 src/fpu/fpu.sv                      |   6 +-
 src/fpu/postproc/cvtshiftcalc.sv    |  24 ++--
 src/fpu/postproc/postprocess.sv     |   7 +-
 src/fpu/postproc/round.sv           | 102 ++++++++------
 src/fpu/postproc/specialcase.sv     |  52 ++++---
 src/fpu/unpack.sv                   |  13 +-
 src/privileged/csrm.sv              |  86 ++++++++++++
 src/privileged/csrs.sv              |  50 ++++++-
 testbench/common/riscvassertions.sv |   3 +
 22 files changed, 1737 insertions(+), 93 deletions(-)

Finished: 2026-09-18T09:49:48.729896+00:00
Return code: 0
Status: PASS
