Started: 2026-09-18T10:40:30.284593+00:00
Command: bash -o pipefail -c 'TEST_DIR=/home/rafay/miniconda3/WallyGuard2/runs/20260918T093837Z-048280be
sed -n '"'"'630,660p'"'"' $TEST_DIR/build/wally_clean/testbench/testbench.sv'

          if (uncoreMemFile == 0) begin
            $display("Error: Could not open file %s", memfilename);
            $finish;
          end else begin
            $fclose(uncoreMemFile);
            $readmemh(memfilename, dut.uncoregen.uncore.ram.ram.memory.ram.RAM);
            `ifdef USE_TREK_DV
              -> trek_start;
              $display("starting Trek....");
            `endif
          end
        end
        if (TEST == "embench") $display("Read memfile %s", memfilename);
      end
      if (CopyRAM) begin
        LogXLEN = (1 + P.XLEN/32); // 2 for rv32 and 3 for rv64
        StartIndex = begin_signature_addr >> LogXLEN;
        EndIndex = (end_signature_addr >> LogXLEN) + 8;
        BaseIndex = P.UNCORE_RAM_BASE >> LogXLEN;
        for(ShadowIndex = StartIndex; ShadowIndex <= EndIndex; ShadowIndex++) begin
          testbench.DCacheFlushFSM.ShadowRAM[ShadowIndex] = dut.uncoregen.uncore.ram.ram.memory.ram.RAM[ShadowIndex - BaseIndex];
        end
        if (selfcheck_record_addr != 0) begin // also copy the result record of a self-checking test
          StartIndex = selfcheck_record_addr >> LogXLEN;
          EndIndex = StartIndex + 7;
          for(ShadowIndex = StartIndex; ShadowIndex <= EndIndex; ShadowIndex++) begin
            testbench.DCacheFlushFSM.ShadowRAM[ShadowIndex] = dut.uncoregen.uncore.ram.ram.memory.ram.RAM[ShadowIndex - BaseIndex];
          end
        end
      end
    end

Finished: 2026-09-18T10:40:30.361264+00:00
Return code: 0
Status: PASS
