Started: 2026-09-18T09:56:07.696618+00:00
Command: bash -o pipefail -c 'git grep -rn "PWDATA" src/uncore/'

src/uncore/ahbapbbridge.sv:47:  output logic [P.XLEN-1:0]    PWDATA,
src/uncore/ahbapbbridge.sv:76:  assign PWDATA = HWDATA;
src/uncore/clint_apb.sv:35:  input  logic [P.XLEN-1:0]   PWDATA,
src/uncore/clint_apb.sv:84:        if (entry == CLINT_MSIP) MSIP <= PWDATA[0];
src/uncore/clint_apb.sv:88:              MTIMECMP[i*8 +: 8] <= PWDATA[i*8 +: 8];
src/uncore/clint_apb.sv:93://    timereg tr(PCLK, PRESETn, TIMECLK, memwrite & (entry==16'hBFF8), 1'b0, PWDATA, MTIME, done);
src/uncore/clint_apb.sv:102:            MTIME[j*8 +: 8] <= PWDATA[j*8 +: 8];
src/uncore/clint_apb.sv:120:        if (entry == 16'h0000) MSIP <= PWDATA[0];
src/uncore/clint_apb.sv:124:              MTIMECMP[j*8 +: 8] <= PWDATA[j*8 +: 8];
src/uncore/clint_apb.sv:128:              MTIMECMP[32 + j*8 +: 8] <= PWDATA[j*8 +: 8];
src/uncore/clint_apb.sv:133://     timereg tr(PCLK, PRESETn, TIMECLK, memwrite & (entry==16'hBFF8), memwrite & (entry == 16'hBFFC), PWDATA, MTIME, done);
src/uncore/clint_apb.sv:141:            MTIME[i*8 +: 8] <= PWDATA[i*8 +: 8];
src/uncore/clint_apb.sv:146:            MTIME[32 + i*8 +: 8]<= PWDATA[i*8 +: 8];
src/uncore/clint_apb.sv:181:  input  logic [P.XLEN-1:0] PWDATA,
src/uncore/clint_apb.sv:187:    timregsync timeregsync(.clk(PCLK), .resetn(PRESETn), .we0, .we1, .wd(PWDATA), .q(MTIME));
src/uncore/clint_apb.sv:213:        wd_stored  <= PWDATA;
src/uncore/gpio_apb.sv:36:  input  logic [P.XLEN-1:0]   PWDATA,
src/uncore/gpio_apb.sv:80:  assign Din = PWDATA[31:0];
src/uncore/plic_apb.sv:47:  input  logic [P.XLEN-1:0]   PWDATA,
src/uncore/plic_apb.sv:112:  assign Din = PWDATA[31:0];
src/uncore/pwm_apb.sv:35:  input  logic [P.XLEN-1:0]   PWDATA,
src/uncore/pwm_apb.sv:134:  assign Din = PWDATA[31:0];
src/uncore/spi_apb.sv:38:  input  logic [P.XLEN-1:0]   PWDATA,
src/uncore/spi_apb.sv:146:  assign Din = PWDATA[31:0];
src/uncore/trickbox_apb.sv:35:  input  logic [XLEN-1:0]     PWDATA,
src/uncore/trickbox_apb.sv:107:        3'b000: MSIP[hart] <= PWDATA[0];
src/uncore/trickbox_apb.sv:108:        3'b001: SSIP[hart] <= PWDATA[0];
src/uncore/trickbox_apb.sv:109:        3'b011: MEIP[hart] <= PWDATA[0];
src/uncore/trickbox_apb.sv:110:        3'b100: SEIP[hart] <= PWDATA[0];
src/uncore/trickbox_apb.sv:112:          10'b0000000000: TOHOST <= PWDATA;
src/uncore/trickbox_apb.sv:113:          10'b0000000001: $display("%c", PWDATA[7:0]); // COM1 prints to simulation console.  Eventually allow it to be redirected to a UART, and provide a busy bit.
src/uncore/trickbox_apb.sv:114:          10'b0000000010: TRICKEN <= PWDATA[7:0];
src/uncore/trickbox_apb.sv:126:            if (XLEN == 64) MTIMECMP[hart] <= PWDATA; // 64-bit write
src/uncore/trickbox_apb.sv:127:            else            MTIMECMP[hart][PADDR[2]*32 +: 32] <= PWDATA; // 32-bit write
src/uncore/trickbox_apb.sv:129:            HGEIP[hart] <= PWDATA;
src/uncore/trickbox_apb.sv:138:      if (XLEN == 64) MTIME <= PWDATA; // 64-bit write
src/uncore/uart_apb.sv:36:  input  logic [P.XLEN-1:0]   PWDATA,
src/uncore/uart_apb.sv:58:  assign Din = PWDATA[7:0];
src/uncore/uncore.sv:85:  logic [P.XLEN-1:0]           PWDATA;
src/uncore/uncore.sv:109:    .PCLK, .PRESETn, .PSEL, .PWRITE, .PENABLE, .PADDR, .PWDATA, .PSTRB, .PREADY, .PRDATA);
src/uncore/uncore.sv:127:    clint_apb #(P) clint(.PCLK, .PRESETn, .PSEL(PSEL[1]), .PADDR(PADDR[15:0]), .PWDATA, .PSTRB, .PWRITE, .PENABLE,
src/uncore/uncore.sv:135:    plic_apb #(P) plic(.PCLK, .PRESETn, .PSEL(PSEL[2]), .PADDR(PADDR[27:0]), .PWDATA, .PSTRB, .PWRITE, .PENABLE,
src/uncore/uncore.sv:144:      .PCLK, .PRESETn, .PSEL(PSEL[0]), .PADDR(PADDR[7:0]), .PWDATA, .PSTRB, .PWRITE, .PENABLE,
src/uncore/uncore.sv:153:      .PCLK, .PRESETn, .PSEL(PSEL[3]), .PADDR(PADDR[2:0]), .PWDATA, .PSTRB, .PWRITE, .PENABLE,
src/uncore/uncore.sv:164:      .PCLK, .PRESETn, .PSEL(PSEL[4]), .PADDR(PADDR[7:0]), .PWDATA, .PSTRB, .PWRITE, .PENABLE,
src/uncore/uncore.sv:173:      .PCLK, .PRESETn, .PSEL(PSEL[5]), .PADDR(PADDR[7:0]), .PWDATA, .PSTRB, .PWRITE, .PENABLE,
src/uncore/uncore.sv:182:      .PCLK, .PRESETn, .PSEL(PSEL[6]), .PADDR(PADDR[7:0]), .PWDATA, .PSTRB, .PWRITE, .PENABLE,

Finished: 2026-09-18T09:56:07.768365+00:00
Return code: 0
Status: PASS
