Started: 2026-09-18T10:40:54.536082+00:00
Command: bash -o pipefail -c 'TEST_DIR=/home/rafay/miniconda3/WallyGuard2/runs/20260918T093837Z-048280be
sed -n '"'"'580,620p'"'"' $TEST_DIR/build/wally_clean/testbench/testbench.sv'

      end
    end
  end else if (P.IROM_SUPPORTED) begin
    always @(posedge clk) begin
      if (LoadMem) begin
        $readmemh(memfilename, dut.core.ifu.irom.irom.rom.ROM);
      end
    end
  end else if (P.BUS_SUPPORTED) begin : bus_supported
    always @(posedge clk) begin
      if (LoadMem) begin
        if (TEST == "buildroot") begin
          memFile = $fopen(bootmemfilename, "rb");
          if (memFile == 0) begin
            $display("Error: Could not open file %s", memfilename);
            $finish;
          end
          if (P.BOOTROM_SUPPORTED)
            readResult = $fread(dut.uncoregen.uncore.bootrom.bootrom.memory.ROM, memFile);
          else begin
            $display("Buildroot test requires BOOTROM_SUPPORTED");
            $finish;
          end
          $fclose(memFile);
          memFile = $fopen(memfilename, "rb");
          if (memFile == 0) begin
            $display("Error: Could not open file %s", memfilename);
            $finish;
          end
          readResult = $fread(dut.uncoregen.uncore.ram.ram.memory.ram.RAM, memFile);
          $fclose(memFile);
        end else if (TEST == "fpga") begin
          memFile = $fopen(bootmemfilename, "rb");
          if (memFile == 0) begin
            $display("Error: Could not open file %s", memfilename);
            $finish;
          end
          if (P.BOOTROM_SUPPORTED) begin
            readResult = $fread(dut.uncoregen.uncore.bootrom.bootrom.memory.ROM, memFile);
          end
          $fclose(memFile);

Finished: 2026-09-18T10:40:54.609936+00:00
Return code: 0
Status: PASS
