Started: 2026-09-18T09:45:36.856415+00:00
Command: bash -o pipefail -c 'sed -n '"'"'130,160p'"'"' src/ieu/datapath.sv'

    assign Result = ResultW;
    assign RegWrite = RegWriteW;
    assign DebugR1D = '0;
  end

  // Decode stage
  // amocas borrows the rs2 read port for one cycle to read its compare operand from rd
  assign A2D = CASReadD ? InstrD[11:7] : Rs2D;
  // A pair amocas writes both halves: rd takes the low word of the loaded pair, rd+1 the high word
  regfile #(P.XLEN, P.E_SUPPORTED, P.ZACAS_SUPPORTED) regf(clk, reset, RegWrite, RegWrite & AMOCASPairW & ~DebugMode,
    Rs1, A2D, Rd, Result, ReadDataHighW, R1D, R2D, R2PD);
  // The borrowed cycle reads the rd pair (compare), the normal cycle the rs2 pair (swap)
  assign SwapHighD = R2PD[P.XLEN*2-1:P.XLEN]; // X(rs2+1); X(rs2) reaches the LSU as WriteDataM
  flopenrc #(P.XLEN) SwapHighEReg(clk, reset, FlushE, ~StallE, SwapHighD, SwapHighE);
  flopenrc #(P.XLEN) SwapHighMReg(clk, reset, FlushM, ~StallM, SwapHighE, SwapHighM);

  // Capture the compare value in the borrowed cycle and hold it until Execute, so one register does
  // the work of two.  The next amocas only reaches Decode after this one has left, so it cannot
  // overwrite it.  R2D supplies the low half because a scalar amocas may name an odd rd.
  flopenr #(P.XLEN*2) ComparePairEReg(clk, reset, CASReadD, {R2PD[P.XLEN*2-1:P.XLEN], R2D}, ComparePairE);
  flopenrc #(P.XLEN*2) ComparePairMReg(clk, reset, FlushM, ~StallM, ComparePairE, ComparePairM);
  extend #(P)        ext(.InstrD(InstrD[31:7]), .ImmSrcD, .ImmExtD);

  // Execute stage pipeline register and logic
  flopenrc #(P.XLEN) RD1EReg(clk, reset, FlushE, ~StallE, R1D, R1E);
  flopenrc #(P.XLEN) RD2EReg(clk, reset, FlushE, ~StallE, R2D, R2E);
  flopenrc #(P.XLEN) ImmExtEReg(clk, reset, FlushE, ~StallE, ImmExtD, ImmExtE);

  mux3  #(P.XLEN)  faemux(R1E, ResultW, IFResultM, ForwardAE, ForwardedSrcAE);
  mux3  #(P.XLEN)  fbemux(R2E, ResultW, IFResultM, ForwardBE, ForwardedSrcBE);
  comparator #(P.XLEN) comp(ForwardedSrcAE, ForwardedSrcBE, BranchSignedE, FlagsE);

Finished: 2026-09-18T09:45:36.936809+00:00
Return code: 0
Status: PASS
