Started: 2026-09-18T10:42:41.984931+00:00
Command: bash -o pipefail -c 'TEST_DIR=/home/rafay/miniconda3/WallyGuard2/runs/20260918T093837Z-048280be
grep -C 2 ProgramLabelMapFile $TEST_DIR/build/wally_clean/testbench/testbench.sv'



  string  ProgramAddrMapFile, ProgramLabelMapFile;
  integer ProgramAddrLabelArray [string];

--
        elffilename = {pathname, tests[test], "ref/ref.elf"};
        ProgramAddrMapFile = {pathname, tests[test], "/ref/ref.elf.objdump.addr"};
        ProgramLabelMapFile = {pathname, tests[test], "/ref/ref.elf.objdump.lab"};
      end else if(TEST == "buildroot") begin
        memfilename = {RISCV_DIR, "/linux-testvectors/ram.bin"};
--
        bootmemfilename = {RISCV_DIR, "/linux-testvectors/bootmem.bin"};
        ProgramAddrMapFile = {RISCV_DIR, "/buildroot/output/images/disassembly/vmlinux.objdump.addr"};
        ProgramLabelMapFile = {RISCV_DIR, "/buildroot/output/images/disassembly/vmlinux.objdump.lab"};
      end else if(TEST == "fpga") begin
        bootmemfilename = {WALLY_DIR, "/fpga/src/boot.mem"};
        memfilename = {WALLY_DIR, "/fpga/src/data.mem"};
        ProgramAddrMapFile = {WALLY_DIR, "/fpga/zsbl/bin/boot.objdump.addr"};
        ProgramLabelMapFile = {WALLY_DIR, "/fpga/zsbl/bin/boot.objdump.lab"};
      end else if(ElfFile != "none") begin
        elffilename = ElfFile;
        memfilename = {ElfFile, ".memfile"};
        ProgramAddrMapFile = {ElfFile, ".objdump.addr"};
        ProgramLabelMapFile = {ElfFile, ".objdump.lab"};
        if (debugfile != "none") begin
          debugger_filename = {"../../", debugfile};
--
        memfilename = {pathname, tests[test], ".elf.memfile"};
        ProgramAddrMapFile = {pathname, tests[test], ".elf.objdump.addr"};
        ProgramLabelMapFile = {pathname, tests[test], ".elf.objdump.lab"};
        debugger_filename = {tvpaths[debugger_tests[0].atoi()], debugger_tests[test], ".tv"};
      end else begin
--
        memfilename = {pathname, tests[test], ".elf.memfile"};
        ProgramAddrMapFile = {pathname, tests[test], ".elf.objdump.addr"};
        ProgramLabelMapFile = {pathname, tests[test], ".elf.objdump.lab"};
      end
      // declare memory labels that interest us, the updateProgramAddrLabelArray task will find
      // the addr of each label and fill the array. To expand, add more elements to this array
      // and initialize them to zero (also initialize them to zero at the start of the next test)
      updateProgramAddrLabelArray(ProgramAddrMapFile, ProgramLabelMapFile, memfilename, WALLY_DIR, ProgramAddrLabelArray);
      // Open UART log file if enabled (buildroot defaults to on, override with +UART_LOG=1)
      if (UART_LOG) begin
--
        // clear signature to prevent contamination from previous tests
        if (!begin_signature_addr)
          $display("begin_signature addr not found in %s", ProgramLabelMapFile);
        else if (TEST != "embench") begin
          if (selfcheck_record_addr != 0) CheckSelfCheck(tests[test], selfcheck_record_addr, errors);
--
  if (DEBUG > 0 | ((PrintHPMCounters | BPRED_LOGGER) & P.ZICNTR_SUPPORTED)) begin : functionName
    functionName #(P) functionName(.reset(reset_ext | TestBenchReset),
            .clk(clk), .ProgramAddrMapFile(ProgramAddrMapFile), .ProgramLabelMapFile(ProgramLabelMapFile));
  end

--
  /* verilator lint_off WIDTHTRUNC */
  /* verilator lint_off WIDTHEXPAND */
  input string ProgramAddrMapFile, ProgramLabelMapFile, memfilename, WALLY_DIR;
  inout  integer ProgramAddrLabelArray [string];
  // Gets the memory location of begin_signature
--
  $system(cmd);

  ProgramLabelMapFP = $fopen(ProgramLabelMapFile, "r");
  ProgramAddrMapFP = $fopen(ProgramAddrMapFile, "r");

--
  end

//  if(ProgramAddrLabelArray["begin_signature"] == 0) $display("Couldn't find begin_signature in %s", ProgramLabelMapFile);
//  if(ProgramAddrLabelArray["sig_end_canary"] == 0) $display("Couldn't find sig_end_canary in %s", ProgramLabelMapFile);

  $fclose(ProgramLabelMapFP);

Finished: 2026-09-18T10:42:42.057379+00:00
Return code: 0
Status: PASS
