Started: 2026-09-18T09:42:25.917680+00:00
Command: bash -o pipefail -c 'git show 030e70eca --stat && git show 6c7bb2898 --stat && git show 927cf75df --stat'

commit 030e70eca7ce90b858f62018e35ccbf7ff7155aa
Merge: 6c7bb2898 f6de0c256
Author: wallyguard <abdulrafay7582@gmail.com>
Date:   Fri Sep 18 07:24:47 2026 +0000

    Merge branch 'wallyguard-pr-1883'

 .github/scripts/cli-space-cleanup.sh                    |  4 ++--
 CONTRIBUTING.md                                         |  8 ++++----
 README.md                                               |  8 ++++----
 benchmarks/coremark/coremark_sweep.py                   |  2 +-
 bin/CModelBTBAccuracy.sh                                |  4 ++--
 bin/CModelBranchAccuracy.sh                             |  4 ++--
 bin/CacheSim.py                                         |  4 ++--
 bin/SeparateBranch.sh                                   |  4 ++--
 bin/analyze_riscv_elf.py                                |  4 ++--
 bin/derivgen.pl                                         |  5 ++---
 bin/elf2hex                                             |  2 +-
 bin/extractFunctionRadix.sh                             |  2 +-
 bin/installation/activate-tools.sh                      |  4 ++--
 bin/installation/boost-install.sh                       |  4 ++--
 bin/installation/buildroot-install.sh                   |  4 ++--
 bin/installation/glib-installation.sh                   |  4 ++--
 bin/installation/mise-install.sh                        |  4 ++--
 bin/installation/qemu-install.sh                        |  4 ++--
 bin/installation/riscv-gnu-toolchain-install.sh         |  4 ++--
 bin/installation/sail-install.sh                        |  4 ++--
 bin/installation/skywater-lib-install.sh                |  4 ++--
 bin/installation/spike-install.sh                       |  4 ++--
 bin/installation/uv-install.sh                          |  4 ++--
 bin/installation/verilator-install.sh                   |  4 ++--
 bin/installation/wally-installation-helper-functions.sh |  4 ++--
 bin/installation/whisper-install.sh                     |  4 ++--
 bin/libppa.pl                                           |  4 ++--
 bin/nightly_build.py                                    |  2 +-
 bin/parseHPMC.py                                        |  4 ++--
 bin/testcount.pl                                        |  4 ++--
 bin/testlist.pl                                         |  4 ++--
 bin/vclean.pl                                           |  4 ++--
 bin/wally-environment-check.sh                          |  4 ++--
 bin/wally-package-install.sh                            |  4 ++--
 bin/wally-tool-chain-install.sh                         |  8 ++++----
 config/derivlist.txt                                    |  4 ++--
 docs/Dockerfile                                         |  6 +++---
 docs/docker/Dockerfile.builds                           |  2 +-
 docs/docker/README.md                                   |  2 +-
 docs/docker/run_regression.sh                           |  2 +-
 examples/crypto/sha/sha256.sv                           |  2 +-
 examples/crypto/sha/sha512.sv                           |  2 +-
 examples/crypto/sha/tb_sha256.sv                        |  2 +-
 examples/crypto/sha/tb_sha512.sv                        |  2 +-
 examples/exercises/fma16/tb_fma_wally.sv                |  2 +-
 fpga/generator/insert_debug_comment.sh                  |  4 ++--
 fpga/probe                                              |  4 ++--
 fpga/proberange                                         |  4 ++--
 fpga/probes                                             |  4 ++--
 fpga/rvvidaemon/rvvidaemon.c                            |  2 +-
 fpga/zsbl/splitfile.sh                                  |  2 +-
 linux/qemuBoot.sh                                       |  4 ++--
 linux/sdcard/flash-sd.sh                                |  4 ++--
 linux/sdcard/write-bytes.sh                             |  4 ++--
 sim/questa/coverage-exclusions-rv64gc.do                |  4 ++--
 src/cache/cache.sv                                      |  2 +-
 src/cache/cacheLRU.sv                                   |  2 +-
 src/cache/cachefsm.sv                                   |  2 +-
 src/cache/cacheway.sv                                   |  2 +-
 src/cache/subcachelineread.sv                           |  2 +-
 src/ebu/ahbcacheinterface.sv                            |  2 +-
 src/ebu/ahbinterface.sv                                 |  2 +-
 src/ebu/buscachefsm.sv                                  |  2 +-
 src/ebu/busfsm.sv                                       |  2 +-
 src/ebu/controllerinput.sv                              |  2 +-
 src/ebu/ebu.sv                                          |  2 +-
 src/ebu/ebufsmarb.sv                                    |  2 +-
 src/fpu/fclassify.sv                                    |  2 +-
 src/fpu/fcmp.sv                                         |  2 +-
 src/fpu/fctrl.sv                                        |  2 +-
 src/fpu/fdivsqrt/fdivsqrt.sv                            |  2 +-
 src/fpu/fdivsqrt/fdivsqrtcycles.sv                      |  2 +-
 src/fpu/fdivsqrt/fdivsqrtexpcalc.sv                     |  2 +-
 src/fpu/fdivsqrt/fdivsqrtfgen2.sv                       |  2 +-
 src/fpu/fdivsqrt/fdivsqrtfgen4.sv                       |  2 +-
 src/fpu/fdivsqrt/fdivsqrtfsm.sv                         |  2 +-
 src/fpu/fdivsqrt/fdivsqrtiter.sv                        |  2 +-
 src/fpu/fdivsqrt/fdivsqrtpostproc.sv                    |  2 +-
 src/fpu/fdivsqrt/fdivsqrtpreproc.sv                     |  2 +-
 src/fpu/fdivsqrt/fdivsqrtstage2.sv                      |  2 +-
 src/fpu/fdivsqrt/fdivsqrtstage4.sv                      |  2 +-
 src/fpu/fdivsqrt/fdivsqrtuotfc2.sv                      |  2 +-
 src/fpu/fdivsqrt/fdivsqrtuotfc4.sv                      |  2 +-
 src/fpu/fdivsqrt/fdivsqrtuslc2.sv                       |  2 +-
 src/fpu/fdivsqrt/fdivsqrtuslc4.sv                       |  2 +-
 src/fpu/fdivsqrt/fdivsqrtuslc4cmp.sv                    |  2 +-
 src/fpu/fhazard.sv                                      |  2 +-
 src/fpu/fli.sv                                          |  2 +-
 src/fpu/fma/fma.sv                                      |  2 +-
 src/fpu/fma/fmaadd.sv                                   |  2 +-
 src/fpu/fma/fmaalign.sv                                 |  2 +-
 src/fpu/fma/fmaexpadd.sv                                |  2 +-
 src/fpu/fma/fmalza.sv                                   |  2 +-
 src/fpu/fma/fmamult.sv                                  |  2 +-
 src/fpu/fma/fmasign.sv                                  |  2 +-
 src/fpu/fmtparams.sv                                    |  2 +-
 src/fpu/fpu.sv                                          |  2 +-
 src/fpu/fregfile.sv                                     |  2 +-
 src/fpu/fround.sv                                       |  2 +-
 src/fpu/fsgninj.sv                                      |  2 +-
 src/fpu/packoutput.sv                                   |  2 +-
 src/fpu/postproc/cvtshiftcalc.sv                        |  2 +-
 src/fpu/postproc/divshiftcalc.sv                        |  2 +-
 src/fpu/postproc/flags.sv                               |  2 +-
 src/fpu/postproc/fmashiftcalc.sv                        |  2 +-
 src/fpu/postproc/negateintres.sv                        |  2 +-
 src/fpu/postproc/normshift.sv                           |  2 +-
 src/fpu/postproc/postprocess.sv                         |  2 +-
 src/fpu/postproc/resultsign.sv                          |  2 +-
 src/fpu/postproc/round.sv                               |  2 +-
 src/fpu/postproc/roundsign.sv                           |  2 +-
 src/fpu/postproc/shiftcorrection.sv                     |  2 +-
 src/fpu/postproc/specialcase.sv                         |  2 +-
 src/fpu/unpack.sv                                       |  2 +-
 src/fpu/unpackinput.sv                                  |  2 +-
 src/generic/adder.sv                                    |  2 +-
 src/generic/aplusbeq0.sv                                |  2 +-
 src/generic/arrs.sv                                     |  2 +-
 src/generic/binencoder.sv                               |  2 +-
 src/generic/counter.sv                                  |  2 +-
 src/generic/csa.sv                                      |  2 +-
 src/generic/decoder.sv                                  |  2 +-
 src/generic/flop/flop.sv                                |  2 +-
 src/generic/flop/flopen.sv                              |  2 +-
 src/generic/flop/flopenl.sv                             |  2 +-
 src/generic/flop/flopenr.sv                             |  2 +-
 src/generic/flop/flopenrc.sv                            |  2 +-
 src/generic/flop/flopr.sv                               |  2 +-
 src/generic/flop/synchronizer.sv                        |  2 +-
 src/generic/lzc.sv                                      |  2 +-
 src/generic/mem/ram1p1rwbe.sv                           |  2 +-
 src/generic/mem/ram1p1rwbe_64x128.sv                    |  2 +-
 src/generic/mem/ram1p1rwbe_64x22.sv                     |  2 +-
 src/generic/mem/ram1p1rwbe_64x44.sv                     |  2 +-
 src/generic/mem/ram1p1rwe.sv                            |  2 +-
 src/generic/mem/ram2p1r1wbe.sv                          |  2 +-
 src/generic/mem/ram2p1r1wbe_1024x36.sv                  |  2 +-
 src/generic/mem/ram2p1r1wbe_1024x68.sv                  |  2 +-
 src/generic/mem/ram2p1r1wbe_128x64.sv                   |  2 +-
 src/generic/mem/ram2p1r1wbe_2048x64.sv                  |  2 +-
 src/generic/mem/ram2p1r1wbe_64x32.sv                    |  2 +-
 src/generic/mem/rom1p1r.sv                              |  2 +-
 src/generic/mem/rom1p1r_128x32.sv                       |  2 +-
 src/generic/mem/rom1p1r_128x64.sv                       |  2 +-
 src/generic/mux.sv                                      |  2 +-
 src/generic/neg.sv                                      |  2 +-
 src/generic/onehotdecoder.sv                            |  2 +-
 src/generic/or_rows.sv                                  |  2 +-
 src/generic/priorityonehot.sv                           |  2 +-
 src/generic/prioritythermometer.sv                      |  2 +-
 src/hazard/hazard.sv                                    |  2 +-
 src/ieu/aes/aes32d.sv                                   |  2 +-
 src/ieu/aes/aes32e.sv                                   |  2 +-
 src/ieu/aes/aes64d.sv                                   |  2 +-
 src/ieu/aes/aes64e.sv                                   |  2 +-
 src/ieu/aes/aes64ks1i.sv                                |  2 +-
 src/ieu/aes/aes64ks2.sv                                 |  2 +-
 src/ieu/aes/aesinvmixcolumns32.sv                       |  2 +-
 src/ieu/aes/aesinvmixcolumns8.sv                        |  2 +-
 src/ieu/aes/aesinvsbox64.sv                             |  2 +-
 src/ieu/aes/aesinvsbox8.sv                              |  2 +-
 src/ieu/aes/aesinvshiftrows64.sv                        |  2 +-
 src/ieu/aes/aesmixcolumns32.sv                          |  2 +-
 src/ieu/aes/aesmixcolumns8.sv                           |  2 +-
 src/ieu/aes/aessbox32.sv                                |  2 +-
 src/ieu/aes/aessbox8.sv                                 |  2 +-
 src/ieu/aes/aesshiftrows64.sv                           |  2 +-
 src/ieu/aes/galoismultforward8.sv                       |  2 +-
 src/ieu/aes/galoismultinverse8.sv                       |  2 +-
 src/ieu/aes/rconlut32.sv                                |  2 +-
 src/ieu/aes/rotate.sv                                   |  2 +-
 src/ieu/alu.sv                                          |  2 +-
 src/ieu/bmu/bitmanipalu.sv                              |  2 +-
 src/ieu/bmu/bitreverse.sv                               |  2 +-
 src/ieu/bmu/bmuctrl.sv                                  |  2 +-
 src/ieu/bmu/byteop.sv                                   |  2 +-
 src/ieu/bmu/clmul.sv                                    |  2 +-
 src/ieu/bmu/cnt.sv                                      |  2 +-
 src/ieu/bmu/ext.sv                                      |  2 +-
 src/ieu/bmu/popcnt.sv                                   |  2 +-
 src/ieu/bmu/zbb.sv                                      |  2 +-
 src/ieu/bmu/zbc.sv                                      |  2 +-
 src/ieu/comparator.sv                                   |  2 +-
 src/ieu/controller.sv                                   |  2 +-
 src/ieu/datapath.sv                                     |  2 +-
 src/ieu/extend.sv                                       |  2 +-
 src/ieu/ieu.sv                                          |  2 +-
 src/ieu/kmu/packer.sv                                   |  2 +-
 src/ieu/kmu/zbkb.sv                                     |  2 +-
 src/ieu/kmu/zbkx.sv                                     |  2 +-
 src/ieu/kmu/zipper.sv                                   |  2 +-
 src/ieu/kmu/zknde32.sv                                  |  2 +-
 src/ieu/kmu/zknde64.sv                                  |  2 +-
 src/ieu/kmu/zknh32.sv                                   |  2 +-
 src/ieu/kmu/zknh64.sv                                   |  2 +-
 src/ieu/regfile.sv                                      |  2 +-
 src/ieu/sha/sha256.sv                                   |  2 +-
 src/ieu/sha/sha512_32.sv                                |  2 +-
 src/ieu/sha/sha512_64.sv                                |  2 +-
 src/ieu/shifter.sv                                      |  2 +-
 src/ifu/bpred/RASPredictor.sv                           |  2 +-
 src/ifu/bpred/bpred.sv                                  |  2 +-
 src/ifu/bpred/btb.sv                                    |  2 +-
 src/ifu/bpred/gshare.sv                                 |  2 +-
 src/ifu/bpred/gsharebasic.sv                            |  2 +-
 src/ifu/bpred/icpred.sv                                 |  2 +-
 src/ifu/bpred/localaheadbp.sv                           |  2 +-
 src/ifu/bpred/localbpbasic.sv                           |  2 +-
 src/ifu/bpred/localrepairbp.sv                          |  2 +-
 src/ifu/bpred/satCounter2.sv                            |  2 +-
 src/ifu/bpred/twoBitPredictor.sv                        |  2 +-
 src/ifu/decompress.sv                                   |  2 +-
 src/ifu/ifu.sv                                          |  2 +-
 src/ifu/irom.sv                                         |  2 +-
 src/ifu/spill.sv                                        |  2 +-
 src/lsu/align.sv                                        |  2 +-
 src/lsu/amoalu.sv                                       |  2 +-
 src/lsu/atomic.sv                                       |  2 +-
 src/lsu/dtim.sv                                         |  2 +-
 src/lsu/endianswap.sv                                   |  2 +-
 src/lsu/lrsc.sv                                         |  2 +-
 src/lsu/lsu.sv                                          |  2 +-
 src/lsu/subwordread.sv                                  |  2 +-
 src/lsu/subwordwrite.sv                                 |  2 +-
 src/lsu/swbytemask.sv                                   |  2 +-
 src/mdu/div.sv                                          |  2 +-
 src/mdu/divstep.sv                                      |  2 +-
 src/mdu/mdu.sv                                          |  2 +-
 src/mdu/mul.sv                                          |  2 +-
 src/mmu/adrdec.sv                                       |  2 +-
 src/mmu/adrdecs.sv                                      |  2 +-
 src/mmu/hptw.sv                                         |  2 +-
 src/mmu/mmu.sv                                          |  2 +-
 src/mmu/pmachecker.sv                                   |  2 +-
 src/mmu/pmpadrdec.sv                                    |  2 +-
 src/mmu/pmpchecker.sv                                   |  2 +-
 src/mmu/tlb/tlb.sv                                      |  2 +-
 src/mmu/tlb/tlbcam.sv                                   |  2 +-
 src/mmu/tlb/tlbcamline.sv                               |  2 +-
 src/mmu/tlb/tlbcontrol.sv                               |  2 +-
 src/mmu/tlb/tlblru.sv                                   |  2 +-
 src/mmu/tlb/tlbmixer.sv                                 |  2 +-
 src/mmu/tlb/tlbram.sv                                   |  2 +-
 src/mmu/tlb/tlbramline.sv                               |  2 +-
 src/mmu/tlb/vm64check.sv                                |  2 +-
 src/privileged/csr.sv                                   |  2 +-
 src/privileged/csrc.sv                                  |  2 +-
 src/privileged/csri.sv                                  |  2 +-
 src/privileged/csrm.sv                                  |  2 +-
 src/privileged/csrs.sv                                  |  2 +-
 src/privileged/csrsr.sv                                 |  2 +-
 src/privileged/csru.sv                                  |  2 +-
 src/privileged/privdec.sv                               |  2 +-
 src/privileged/privileged.sv                            |  2 +-
 src/privileged/privmode.sv                              |  2 +-
 src/privileged/privpiperegs.sv                          |  2 +-
 src/privileged/trap.sv                                  |  2 +-
 src/uncore/ahbapbbridge.sv                              |  2 +-
 src/uncore/clint_apb.sv                                 |  2 +-
 src/uncore/gpio_apb.sv                                  |  2 +-
 src/uncore/plic_apb.sv                                  |  2 +-
 src/uncore/pwm_apb.sv                                   |  2 +-
 src/uncore/ram_ahb.sv                                   |  2 +-
 src/uncore/rom_ahb.sv                                   |  2 +-
 src/uncore/spi_controller.sv                            |  2 +-
 src/uncore/trickbox_apb.sv                              |  2 +-
 src/uncore/uartPC16550D.sv                              |  2 +-
 src/uncore/uart_apb.sv                                  |  2 +-
 src/uncore/uncore.sv                                    |  2 +-
 src/wally/wallypipelinedcore.sv                         |  2 +-
 src/wally/wallypipelinedsoc.sv                          |  2 +-
 studies/comparator.sv                                   |  2 +-
 synthDC/extractArea.pl                                  |  4 ++--
 testbench/testbench.sv                                  |  4 ++--
 tests/coverage/WALLY-init-lib-misalignedSpill.h         |  2 +-
 tests/coverage/WALLY-init-lib.h                         |  2 +-
 tests/coverage/WALLY-selfcheck.h                        |  2 +-
 tests/coverage/amoAccessFault.S                         |  2 +-
 tests/coverage/btbthrash.S                              |  2 +-
 tests/coverage/cacheInval.S                             |  2 +-
 tests/coverage/csrwrites.S                              |  2 +-
 tests/coverage/dcache2.S                                |  2 +-
 tests/coverage/decompReserved.S                         |  2 +-
 tests/coverage/ebu.S                                    |  2 +-
 tests/coverage/ebuArb.S                                 |  2 +-
 tests/coverage/ebuIcacheDTLBMiss.S                      |  2 +-
 tests/coverage/floatmisc.S                              | 10 +++++-----
 tests/coverage/fpu.S                                    |  2 +-
 tests/coverage/fpuReservedRM.S                          |  2 +-
 tests/coverage/gshare.S                                 |  2 +-
 tests/coverage/hptwAccessFault.S                        |  2 +-
 tests/coverage/ieu.S                                    |  2 +-
 tests/coverage/ifu.S                                    |  2 +-
 tests/coverage/ifuCamlineWrite.S                        |  2 +-
 tests/coverage/lsu.S                                    |  2 +-
 tests/coverage/misalignedInstrSpill.S                   |  2 +-
 tests/coverage/misalignedStoreSpill.S                   |  2 +-
 tests/coverage/nonleafpbmtfault.S                       |  2 +-
 tests/coverage/pmpTOR7.S                                |  2 +-
 tests/coverage/priv.S                                   |  2 +-
 tests/coverage/sfencevmaglobal.S                        |  2 +-
 tests/coverage/tlbASID.S                                |  2 +-
 tests/coverage/tlbASIDMISS.S                            |  2 +-
 tests/coverage/tlbGLB.S                                 |  2 +-
 tests/coverage/tlbGLBASID.S                             |  2 +-
 tests/coverage/tlbGLBHIT.S                              |  2 +-
 tests/coverage/tlbGP.S                                  |  2 +-
 tests/coverage/tlbMP.S                                  |  2 +-
 tests/coverage/tlbMisaligned.S                          |  2 +-
 tests/coverage/tlbNAPOT.S                               |  2 +-
 tests/coverage/tlbTP.S                                  |  2 +-
 tests/coverage/tlbmisc.S                                |  2 +-
 tests/coverage/vm64check.S                              |  2 +-
 tests/coverage/wfitimeout.S                             |  2 +-
 tests/periph/WALLY-env.h                                |  2 +-
 315 files changed, 369 insertions(+), 370 deletions(-)
commit 6c7bb28986d0c57b2506e0a697e86d7d2f088ea9
Merge: 927cf75df 9f4c9916e
Author: wallyguard <abdulrafay7582@gmail.com>
Date:   Fri Sep 18 07:24:46 2026 +0000

    Merge branch 'wallyguard-pr-1887'

commit 927cf75df5e6cf7d635f5ed1fbc909e5609c62b1
Merge: 344e5b2fb d9be29a60
Author: wallyguard <abdulrafay7582@gmail.com>
Date:   Fri Sep 18 07:24:44 2026 +0000

    Merge branch 'wallyguard-pr-1889'

 src/mmu/pmpchecker.sv | 38 ++++++++++++++++++++++++++++++++++++--
 1 file changed, 36 insertions(+), 2 deletions(-)

Finished: 2026-09-18T09:42:26.239329+00:00
Return code: 0
Status: PASS
