Started: 2026-09-18T09:55:58.547524+00:00
Command: bash -o pipefail -c 'sed -n '"'"'120,180p'"'"' src/uncore/plic_apb.sv'


  always_ff @(posedge PCLK) begin
    // resetting
    if (~PRESETn) begin
      intPriority   <= '0;
      intEn         <= '0;
      intThreshold  <= '0;
      intInProgress <= '0;
    // writing
    end else begin
      if (memwrite)
        casez(entry)
          24'h0000??:          intPriority[entry[7:2]] <= Din[2:0];
          PLIC_INTEN00:        intEn[0][PLIC_NUM_SRC_MIN_32:1] <= Din[PLIC_NUM_SRC_MIN_32:1];
          PLIC_INTEN10:        intEn[1][PLIC_NUM_SRC_MIN_32:1] <= Din[PLIC_NUM_SRC_MIN_32:1];
          PLIC_INTEN01:        if (P.PLIC_NUM_SRC >= 32) intEn[0][PLIC_SRC_TOP:PLIC_SRC_BOT]         <= Din[PLIC_SRC_DINTOP:0];
          PLIC_INTEN11:        if (P.PLIC_NUM_SRC >= 32) intEn[1][PLIC_SRC_TOP:PLIC_SRC_BOT]         <= Din[PLIC_SRC_DINTOP:0];
          PLIC_THRESHOLD0:     intThreshold[0]         <= Din[2:0];
          PLIC_CLAIMCOMPLETE0:
            if (Din[5:0] != 6'd0)
              intInProgress <= intInProgress & ~(One << (Din[5:0]-1)); // lower "InProgress" to signify completion
          PLIC_THRESHOLD1:     intThreshold[1]         <= Din[2:0];
          PLIC_CLAIMCOMPLETE1:
            if (Din[5:0] != 6'd0)
              intInProgress <= intInProgress & ~(One << (Din[5:0]-1)); // lower "InProgress" to signify completion
        endcase

      // Read synchronously because a read can have side effect of changing intInProgress
      if (memread) begin
        casez(entry)
          PLIC_INTPRIORITY0: Dout <= 32'b0;  // there is no intPriority[0]
          24'h0000??:        Dout <= {29'b0,intPriority[entry[7:2]]};
          PLIC_INTPENDING0:  Dout <= {{(31-PLIC_NUM_SRC_MIN_32){1'b0}},intPending[PLIC_NUM_SRC_MIN_32:1],1'b0};
          PLIC_INTEN00:      Dout <= {{(31-PLIC_NUM_SRC_MIN_32){1'b0}},intEn[0][PLIC_NUM_SRC_MIN_32:1],1'b0};
          PLIC_INTPENDING1:  if (P.PLIC_NUM_SRC >= 32) Dout <= {{(PLIC_SRC_EXT){1'b0}},intPending[PLIC_SRC_TOP:PLIC_SRC_BOT]};
          PLIC_INTEN01:      if (P.PLIC_NUM_SRC >= 32) Dout <= {{(PLIC_SRC_EXT){1'b0}},intEn[0][PLIC_SRC_TOP:PLIC_SRC_BOT]};
          PLIC_INTEN10:      Dout <= {{(31-PLIC_NUM_SRC_MIN_32){1'b0}},intEn[1][PLIC_NUM_SRC_MIN_32:1],1'b0};
          PLIC_INTEN11:      if (P.PLIC_NUM_SRC >= 32) Dout <= {{(PLIC_SRC_EXT){1'b0}},intEn[1][PLIC_SRC_TOP:PLIC_SRC_BOT]};
          PLIC_THRESHOLD0:   Dout <= {29'b0,intThreshold[0]};
          PLIC_CLAIMCOMPLETE0: begin
            Dout <= {26'b0,intClaim[0]};
            if (intClaim[0] != 6'd0) // not an invalid request
              intInProgress <= intInProgress | (One << (intClaim[0]-1)); // claimed requests are currently in progress of being serviced until they are completed
          end
          PLIC_THRESHOLD1:   Dout <= {29'b0,intThreshold[1]};
          PLIC_CLAIMCOMPLETE1: begin
            Dout <= {26'b0,intClaim[1]};
            if (intClaim[1] != 6'd0) // not an invalid request
              intInProgress <= intInProgress | (One << (intClaim[1]-1));  // claimed requests are currently in progress of being serviced until they are completed
          end
          default:           Dout <= 32'h0; // invalid access
        endcase
      end else               Dout <= 32'h0;
   end
  end

  // connect sources to requests
  always_comb begin
    requests = {P.PLIC_NUM_SRC{1'b0}};
    if(P.PLIC_GPIO_ID != 0) requests[P.PLIC_GPIO_ID] = GPIOIntr;
    if(P.PLIC_UART_ID != 0) requests[P.PLIC_UART_ID] = UARTIntr;

Finished: 2026-09-18T09:55:58.746862+00:00
Return code: 0
Status: PASS
