Started: 2026-09-18T09:55:55.474299+00:00
Command: bash -o pipefail -c 'sed -n '"'"'50,95p'"'"' src/uncore/plic_apb.sv'

  input  logic                PENABLE,
  output logic [P.XLEN-1:0]   PRDATA,
  output logic                PREADY,
  input  logic                UARTIntr,GPIOIntr, SPIIntr, SDCIntr,
  input  logic [3:0]          PWMIntr,                        // one source per PWM comparator
  output logic                MExtInt, SExtInt
);

  // register map
  localparam PLIC_INTPRIORITY0   = 24'h000000;
  localparam PLIC_INTPENDING0    = 24'h001000;
  localparam PLIC_INTPENDING1    = 24'h001004;
  localparam PLIC_INTEN00        = 24'h002000;
  localparam PLIC_INTEN01        = 24'h002004;
  localparam PLIC_INTEN10        = 24'h002080;
  localparam PLIC_INTEN11        = 24'h002084;
  localparam PLIC_THRESHOLD0     = 24'h200000;
  localparam PLIC_CLAIMCOMPLETE0 = 24'h200004;
  localparam PLIC_THRESHOLD1     = 24'h201000;
  localparam PLIC_CLAIMCOMPLETE1 = 24'h201004;

  logic                       memwrite, memread;
  logic [23:0]                entry;
  logic [31:0]                Din, Dout;

  // context-independent signals
  logic [P.PLIC_NUM_SRC:1]               requests;
  logic [P.PLIC_NUM_SRC:1][2:0]          intPriority;
  logic [P.PLIC_NUM_SRC:1]               intInProgress, intPending, nextIntPending;

  // context-dependent signals
  logic [`C-1:0][2:0]        intThreshold;
  logic [`C-1:0][P.PLIC_NUM_SRC:1]       intEn;
  logic [`C-1:0][5:0]        intClaim; // ID's are 6 bits if we stay within 63 sources
  logic [`C-1:0][7:1][P.PLIC_NUM_SRC:1]  irqMatrix;
  logic [`C-1:0][7:1]        priorities_with_irqs;
  logic [`C-1:0][7:1]        max_priority_with_irqs;
  logic [`C-1:0][P.PLIC_NUM_SRC:1]       irqs_at_max_priority;
  logic [`C-1:0][7:1]        threshMask;
  logic [P.PLIC_NUM_SRC-1:0] One;

  // hacks to handle gracefully PLIC_NUM_SRC being smaller than 32
  // Otherwise Questa and other simulators produce part-select out of bounds even
  // though sources >=32 are never used

  localparam PLIC_SRC_TOP = (P.PLIC_NUM_SRC >= 32) ? P.PLIC_NUM_SRC : 1;

Finished: 2026-09-18T09:55:55.572386+00:00
Return code: 0
Status: PASS
