Started: 2026-09-18T09:55:41.260326+00:00
Command: bash -o pipefail -c 'sed -n '"'"'40,75p'"'"' src/uncore/clint_apb.sv'

  output logic                PREADY,
  output logic [63:0] MTIME,
  output logic                MTimerInt, MSwInt
);

  // register map
  localparam CLINT_MSIP     = 16'h0000;
  localparam CLINT_MTIMECMP = 16'h4000;
  localparam CLINT_MTIME    = 16'hBFF8;

  logic                       MSIP;
  logic [15:0]                entry;
  logic                       memwrite;
  logic [63:0] MTIMECMP;
  integer                     i, j;

  assign memwrite = PWRITE & PENABLE & PSEL;  // only write in access phase
  assign PREADY   = 1'b1;                     // CLINT never takes >1 cycle to respond

  // word aligned reads
  if (P.XLEN==64) assign entry = {PADDR[15:3], 3'b000};
  else            assign entry = {PADDR[15:2], 2'b00};

  // DH 2/20/21: Eventually allow MTIME to run off a separate clock
  // This will require synchronizing MTIME to the system clock
  // before it is read or compared to MTIMECMP.
  // It will also require synchronizing the write to MTIMECMP.
  // Use req and ack signals synchronized across the clock domains.

  // register access
  if (P.XLEN==64) begin:clint // 64-bit
    always_ff @(posedge PCLK) begin
      case(entry)
        CLINT_MSIP:     PRDATA <= {63'b0, MSIP};
        CLINT_MTIMECMP: PRDATA <= MTIMECMP;
        CLINT_MTIME:    PRDATA <= MTIME;

Finished: 2026-09-18T09:55:41.339232+00:00
Return code: 0
Status: PASS
