Started: 2026-09-18T09:45:00.560692+00:00
Command: bash -o pipefail -c 'git grep -rn "amocas" src/'

src/ieu/controller.sv:81:  output logic        AMOCASPairM,             // amocas on a register pair, twice XLEN wide
src/ieu/controller.sv:82:  output logic        AMOCASPairW,             // pair amocas in Writeback, writes rd and rd+1
src/ieu/controller.sv:83:  output logic        CASReadD,                // amocas is reading its compare operand through the rs2 port
src/ieu/controller.sv:154:  logic        CASFunctD;                      // funct5 and funct3 form a legal amocas (ignores the opcode)
src/ieu/controller.sv:156:  logic        AMOCASD;                        // instruction is an amocas (opcode included)
src/ieu/controller.sv:157:  logic        AMOCASPairD, AMOCASPairE;       // instruction is a register-pair amocas (opcode included)
src/ieu/controller.sv:159:  logic        CASStallD;                      // hold amocas in Decode for the borrowed read or a hazard
src/ieu/controller.sv:160:  logic        CASHazardD;                     // an older instruction still owes amocas one of its operands
src/ieu/controller.sv:216:    // amocas is funct5 00101.  Word and doubleword always exist; byte and halfword need Zabha.
src/ieu/controller.sv:308:                      ControlsD = `CTRLW'b1_101_01_11_001_0_0_0_0_0_0_0_0_0_10_0_0; // amo, amocas
src/ieu/controller.sv:462:  // amocas reads three registers: rs1 for the address, rs2 for the swap value, and rd for the
src/ieu/controller.sv:468:  // amocas reads rd, and for the pair forms rd+1 and rs2+1, straight from the register file with no
src/ieu/datapath.sv:37:  input  logic              CASReadD,                // amocas is borrowing the rs2 port to read its compare operand
src/ieu/datapath.sv:38:  input  logic              AMOCASPairW,             // pair amocas writes rd and rd+1
src/ieu/datapath.sv:39:  output logic [P.XLEN*2-1:0] ComparePairM,          // amocas compare operand (pair forms use both halves)
src/ieu/datapath.sv:40:  output logic [P.XLEN-1:0] SwapHighM,               // amocas swap value for rd+1; the low half is WriteDataM
src/ieu/datapath.sv:100:  logic [4:0]          A2D;                         // rs2 port address, borrowed by amocas to read rd
src/ieu/datapath.sv:101:  logic [P.XLEN*2-1:0] ComparePairE;                 // amocas compare operand, captured and held
src/ieu/datapath.sv:102:  logic [P.XLEN-1:0]   SwapHighD, SwapHighE;         // amocas swap value for rd+1 on its way to the LSU
src/ieu/datapath.sv:136:  // amocas borrows the rs2 read port for one cycle to read its compare operand from rd
src/ieu/datapath.sv:138:  // A pair amocas writes both halves: rd takes the low word of the loaded pair, rd+1 the high word
src/ieu/datapath.sv:147:  // the work of two.  The next amocas only reaches Decode after this one has left, so it cannot
src/ieu/datapath.sv:148:  // overwrite it.  R2D supplies the low half because a scalar amocas may name an odd rd.
src/ieu/ieu.sv:80:  output logic [P.XLEN*2-1:0] ComparePairM,                  // amocas compare operand for the LSU
src/ieu/ieu.sv:81:  output logic [P.XLEN-1:0] SwapHighM,                       // amocas swap value for rd+1
src/ieu/ieu.sv:82:  output logic              AMOCASPairM,                     // amocas on a register pair
src/ieu/ieu.sv:120:  logic       CASReadD;                                      // amocas borrows the rs2 port for a cycle
src/ieu/ieu.sv:121:  logic       AMOCASPairW;                                   // pair amocas in Writeback
src/ieu/regfile.sv:34:  input  logic [4:0]       a1, a2, a3,          // Read a1 and a2 (amocas borrows a2 for its compare operand); write a3
src/lsu/amoalu.sv:36:  input  logic              CASMatchM,    // amocas comparison succeeded (sized in the LSU)
src/lsu/amoalu.sv:92:  // comparison says so, and amocas keeps it when the compare operand did not match.  An unmatched
src/lsu/amoalu.sv:93:  // amocas therefore writes the loaded value back, which the spec permits and which leaves the
src/lsu/amoalu.sv:105:      5'b00101,                  // amocas
src/lsu/atomic.sv:40:  input logic                 CASMatchM,      // amocas comparison succeeded
src/lsu/lsu.sv:41:  input  logic [P.XLEN*2-1:0]     ComparePairM,                         // amocas compare operand
src/lsu/lsu.sv:42:  input  logic [P.XLEN-1:0]       SwapHighM,                            // amocas swap value for rd+1
src/lsu/lsu.sv:43:  input  logic                    AMOCASPairM,                          // amocas on a register pair
src/lsu/lsu.sv:113:  logic                  CASMatchM;                              // amocas comparison succeeded
src/lsu/lsu.sv:430:  // Zero extend both sources to LLEN; LLEN can exceed both XLEN and FLEN when an amocas pair needs
src/lsu/lsu.sv:431:  // a wide path.  A pair amocas compares and selects across both halves at once.
src/lsu/lsu.sv:438:  // amocas compares only the bytes its size covers.  One comparison serves every size, including the
src/lsu/lsu.sv:444:        3'b000:  CASMatchM = ReadDataM[7:0]  == ComparePairM[7:0];   // amocas.b
src/lsu/lsu.sv:445:        3'b001:  CASMatchM = ReadDataM[15:0] == ComparePairM[15:0];  // amocas.h
src/lsu/lsu.sv:446:        3'b010:  CASMatchM = ReadDataM[31:0] == ComparePairM[31:0];  // amocas.w
src/lsu/lsu.sv:447:        3'b011:  CASMatchM = ReadDataM[63:0] == ComparePairM[63:0];  // amocas.d: one register on RV64, a pair on RV32
src/lsu/lsu.sv:448:        default: CASMatchM = ReadDataM[P.XLEN*2-1:0] == ComparePairM; // amocas.q, a pair on RV64
src/lsu/subwordread.sv:36:   input logic               WideAccessM,   // access uses the full LLEN width (flq or a pair amocas)
src/lsu/subwordread.sv:70:      3'b100:  if (P.LLEN == 128) ReadDataM = WideAccessM ? ReadDataWordMuxM : {{P.LLEN-8{1'b0}}, ByteM[7:0]}; // lbu/flq/amocas.q
src/wally/wallypipelinedcore.sv:93:  logic [P.XLEN*2-1:0]           ComparePairM;                  // amocas compare operand
src/wally/wallypipelinedcore.sv:94:  logic [P.XLEN-1:0]             SwapHighM;                     // amocas swap value for rd+1
src/wally/wallypipelinedcore.sv:96:  logic                          AMOCASPairM;                   // register-pair amocas
src/wally/wallypipelinedcore.sv:263:  // A pair amocas loads 2*XLEN bits; the high half goes to rd+1

Finished: 2026-09-18T09:45:00.646255+00:00
Return code: 0
Status: PASS
