Started: 2026-09-18T09:47:19.142532+00:00
Command: bash -o pipefail -c 'grep -rn "MSTATEEN" src/privileged/csrm.sv'

55:  output logic [63:0]              MSTATEEN0_REGW
83:  localparam MSTATEEN0     = 12'h30C;
84:  localparam MSTATEEN1     = 12'h30D;
85:  localparam MSTATEEN2     = 12'h30E;
86:  localparam MSTATEEN3     = 12'h30F;
87:  localparam MSTATEEN0H    = 12'h31C;
88:  localparam MSTATEEN1H    = 12'h31D;
89:  localparam MSTATEEN2H    = 12'h31E;
90:  localparam MSTATEEN3H    = 12'h31F;
237:  // MSTATEEN0 register
242:  if (P.SMSTATEEN_SUPPORTED) begin : mstateen // stateen registers only exist if there is a lower privilege to control
243:    logic WriteMSTATEEN0M;
244:    logic [63:0] MSTATEEN0_PreWriteValM, MSTATEEN0_WriteValM;
245:    assign WriteMSTATEEN0M = CSRMWriteM & (CSRAdrM == MSTATEEN0);
246:    // MSTATEEN0 is always 64 bits even for RV32
247:    assign MSTATEEN0_WriteValM = {
248:      MSTATEEN0_PreWriteValM[63],                        // SE0: access to sstateen0
249:      MSTATEEN0_PreWriteValM[62],                        // ENVCFG: access to senvcfg; senvcfg always exists because Wally is Sm1p12 compatible
251:      MSTATEEN0_PreWriteValM[60] & P.SSCSRIND_SUPPORTED, // CSRIND: access to siselect and sireg*
252:      MSTATEEN0_PreWriteValM[59] & P.SSAIA_SUPPORTED,    // AIA: access to other Ssaia state
253:      MSTATEEN0_PreWriteValM[58] & P.SSAIA_SUPPORTED,    // IMSIC: access to stopei and other IMSIC state
254:      MSTATEEN0_PreWriteValM[57] & P.SDTRIG_SUPPORTED,   // CONTEXT: access to scontext
255:      MSTATEEN0_PreWriteValM[56] & P.SMP1P13_SUPPORTED,  // P1P13: access to hedelegh
256:      MSTATEEN0_PreWriteValM[55] & P.SSQOSID_SUPPORTED,  // SRMCFG: access to srmcfg
257:      MSTATEEN0_PreWriteValM[54] & P.SMCTR_SUPPORTED,    // CTR: access to control transfer records
259:      MSTATEEN0_PreWriteValM[2] & P.ZCMT_SUPPORTED,      // JVT: access to jvt
260:      MSTATEEN0_PreWriteValM[1] & P.ZFINX_SUPPORTED,     // FCSR: access to fcsr when floating point uses x registers
264:      assign MSTATEEN0_PreWriteValM = CSRWriteValM;
265:      flopenr #(P.XLEN) MSTATEEN0reg(clk, reset, WriteMSTATEEN0M, MSTATEEN0_WriteValM, MSTATEEN0_REGW);
267:      logic WriteMSTATEEN0HM;
268:      assign MSTATEEN0_PreWriteValM = {CSRWriteValM, CSRWriteValM};
269:      assign WriteMSTATEEN0HM = CSRMWriteM & (CSRAdrM == MSTATEEN0H) & (P.XLEN==32);
270:      flopenr #(P.XLEN) MSTATEEN0reg(clk, reset, WriteMSTATEEN0M, MSTATEEN0_WriteValM[31:0], MSTATEEN0_REGW[31:0]);
271:      flopenr #(P.XLEN) MSTATEEN0Hreg(clk, reset, WriteMSTATEEN0HM, MSTATEEN0_WriteValM[63:32], MSTATEEN0_REGW[63:32]);
273:  end else assign MSTATEEN0_REGW = '0;
330:      MSTATEEN0:     if (P.SMSTATEEN_SUPPORTED) CSRMReadValM = MSTATEEN0_REGW[P.XLEN-1:0];
332:      MSTATEEN1,
333:      MSTATEEN2,
334:      MSTATEEN3:     if (P.SMSTATEEN_SUPPORTED) CSRMReadValM = '0; // read-only zero
336:      MSTATEEN0H:    if (P.SMSTATEEN_SUPPORTED & P.XLEN==32) CSRMReadValM = MSTATEEN0_REGW[63:32];
338:      MSTATEEN1H,
339:      MSTATEEN2H,
340:      MSTATEEN3H:    if (P.SMSTATEEN_SUPPORTED & P.XLEN==32) CSRMReadValM = '0; // read-only zero

Finished: 2026-09-18T09:47:19.216955+00:00
Return code: 0
Status: PASS
