Started: 2026-09-18T10:11:56.167768+00:00
Command: bash -o pipefail -c 'TEST_DIR=/home/rafay/miniconda3/WallyGuard2/runs/20260918T093837Z-048280be
cat << '"'"'EOF'"'"' > $TEST_DIR/build/clean_src/clean_conflict.py
import sys

def clean_file(in_path, out_path):
    with open(in_path, '"'"'r'"'"') as f:
        lines = f.readlines()
    
    with open(out_path, '"'"'w'"'"') as f:
        state = 0 # 0: normal, 1: in HEAD, 2: in incoming
        for line in lines:
            if line.startswith('"'"'<<<<<<<'"'"'):
                state = 1
                continue
            elif line.startswith('"'"'======='"'"'):
                state = 2
                continue
            elif line.startswith('"'"'>>>>>>>'"'"'):
                state = 0
                continue
            
            if state == 0 or state == 1:
                f.write(line)

for file in sys.argv[1:]:
    out_file = "/home/rafay/miniconda3/WallyGuard2/runs/20260918T093837Z-048280be/build/clean_src/" + file.split('"'"'/'"'"')[-1]
    clean_file(file, out_file)
EOF
python3 $TEST_DIR/build/clean_src/clean_conflict.py src/fpu/fcvt.sv src/fpu/postproc/round.sv src/fpu/postproc/specialcase.sv src/fpu/unpack.sv
'


Finished: 2026-09-18T10:11:56.368246+00:00
Return code: 0
Status: PASS
