Started: 2026-09-18T10:43:04.876406+00:00
Command: bash -o pipefail -c 'TEST_DIR=/home/rafay/miniconda3/WallyGuard2/runs/20260918T093837Z-048280be
sed -n '"'"'1170,1190p'"'"' $TEST_DIR/build/wally_clean/testbench/testbench.sv'

      3: begin
        errors = 1;
        $display("  Error on test %s: wrote %0d signature entries but expected %0d (next adr = %h)", TestName, actual, expected, adr);
      end
      default: begin
        errors = 1;
        $display("  Error on test %s: halted without completing its self-check (status = %h)", TestName, status);
      end
    endcase
    if (errors) begin
      $display("%s failed with %d errors. :(", TestName, errors);
      $stop; // if this is changed to $finish, wally-batch.do does not get to the next step to run coverage
    end
  endtask

`ifdef PMP_COVERAGE
test_pmp_coverage #(P) pmp_inst(clk);
`endif
  /* verilator lint_on WIDTHTRUNC */
  /* verilator lint_on WIDTHEXPAND */


Finished: 2026-09-18T10:43:04.949216+00:00
Return code: 0
Status: PASS
