Started: 2026-09-18T09:56:51.880728+00:00
Command: bash -o pipefail -c 'sed -n '"'"'110,165p'"'"' src/mmu/mmu.sv'

  // the lower 12 bits are the page offset. These are never changed from the original
  // non translated address.
  mux2 #(P.PA_BITS-12) addressmux(VAdr[P.PA_BITS-1:12], TLBPAdr[P.PA_BITS-1:12], Translate, PhysicalAddress[P.PA_BITS-1:12]);
  assign PhysicalAddress[11:0] = VAdr[11:0];

  ///////////////////////////////////////////
  // Check physical memory accesses
  ///////////////////////////////////////////

  pmachecker #(P) pmachecker(.PhysicalAddress, .Size, .CMOpM,
    .AtomicAccessM, .ExecuteAccessF, .WriteAccessM, .ReadAccessM, .PBMemoryType,
    .Cacheable, .Idempotent, .SelTIM,
    .PMAInstrAccessFaultF, .PMALoadAccessFaultM, .PMAStoreAmoAccessFaultM);

  if (P.PMP_ENTRIES > 0) begin : pmp
    pmpchecker #(P) pmpchecker(.PhysicalAddress, .EffectivePrivilegeModeW,
      .PMPCFG_ARRAY_REGW, .PMPADDR_ARRAY_REGW,
      .ExecuteAccessF, .WriteAccessM, .ReadAccessM, .Size, .CMOpM,
      .PMPInstrAccessFaultF, .PMPLoadAccessFaultM, .PMPStoreAmoAccessFaultM);
  end else begin
    assign PMPInstrAccessFaultF     = 1'b0;
    assign PMPStoreAmoAccessFaultM  = 1'b0;
    assign PMPLoadAccessFaultM      = 1'b0;
  end

  assign ReadNoAmoAccessM  = ReadAccessM & ~WriteAccessM;// AMO causes StoreAmo rather than Load fault

  // Misaligned faults
  always_comb // exclusion-tag: immu-wordaccess
    case(Size)
      2'b00:  DataMisalignedM = 1'b0;              // lb, sb, lbu
      2'b01:  DataMisalignedM = VAdr[0];           // lh, sh, lhu
      2'b10:  DataMisalignedM = VAdr[1] | VAdr[0]; // lw, sw, flw, fsw, lwu
      2'b11:  DataMisalignedM = |VAdr[2:0];        // ld, sd, fld, fsd
    endcase

  // When ZICCLSM_SUPPORTED, misaligned cacheable loads and stores are handled in hardware so they do not throw a misaligned fault
  // When ZICCLSM_SUPPORTED, misaligned uncachable accesses are lower priority than page and access faults, so must wait for TLB to resolve
  // When ZICCLSM is not supported, misaligned accesses always fault, with higher priority than access or page fault
  assign MisalignedFaultAllowedM  = ~P.ZICCLSM_SUPPORTED | (~Cacheable & ~TLBMiss & Idempotent); // should a misaligned access fault?
  assign LoadMisalignedFaultM     = DataMisalignedM & ReadNoAmoAccessM & MisalignedFaultAllowedM;
  assign StoreAmoMisalignedFaultM = DataMisalignedM & WriteAccessM & MisalignedFaultAllowedM; // Store and AMO both assert WriteAccess

  // A misaligned access causes an access fault rather than a misaligned fault when a misaligned load/store is
  // handled in hardware and either the access is atomic (never handled in hardware; see privileged spec 3.6.3.3)
  // or the region is non-idempotent, where the spec recommends an access fault so software does not emulate the
  // access with multiple smaller accesses that could have side effects
  assign MisalignedCausesAccessFaultM = DataMisalignedM & P.ZICCLSM_SUPPORTED & ((AtomicAccessM & Cacheable) | ~Idempotent);

  // Access faults
  // If TLB miss and translating we want to not have faults from the PMA and PMP checkers.
  assign InstrAccessFaultF    = (PMAInstrAccessFaultF    | PMPInstrAccessFaultF)    & ~TLBMiss;
  assign LoadAccessFaultM     = (PMALoadAccessFaultM     | PMPLoadAccessFaultM     | MisalignedCausesAccessFaultM & ReadNoAmoAccessM)     & ~TLBMiss;
  assign StoreAmoAccessFaultM = (PMAStoreAmoAccessFaultM | PMPStoreAmoAccessFaultM | MisalignedCausesAccessFaultM & WriteAccessM) & ~TLBMiss;

  // Specify which type of page fault is occurring

Finished: 2026-09-18T09:56:51.960237+00:00
Return code: 0
Status: PASS
