Started: 2026-09-18T09:50:58.396959+00:00
Command: bash -o pipefail -c 'git show 1cd134f49 --stat'

commit 1cd134f49c6dde7694685490245ea9723ac865f3
Author: WallyGuard <wallyguard@localhost>
Date:   Fri Sep 18 09:41:39 2026 +0000

    Initial local cvw snapshot for shared workspace

 config/rv32e/config.vh           |  3 +++
 config/rv32gc/config.vh          |  3 +++
 config/rv32i/config.vh           |  3 +++
 config/rv32imc/config.vh         |  3 +++
 config/rv64gc/config.vh          |  3 +++
 config/rv64i/config.vh           |  3 +++
 config/shared/parameter-defs.vh  |  3 +++
 src/fpu/fcvt.sv                  | 15 +++++++++++++--
 src/fpu/postproc/cvtshiftcalc.sv |  4 +++-
 src/fpu/postproc/round.sv        | 30 +++++++++++++++++++++++++-----
 src/fpu/postproc/specialcase.sv  | 35 +++++++++++++++++++++++++++++++++++
 src/fpu/unpack.sv                |  4 ++++
 12 files changed, 101 insertions(+), 8 deletions(-)

Finished: 2026-09-18T09:50:58.479867+00:00
Return code: 0
Status: PASS
