Started: 2026-09-18T10:42:35.830904+00:00
Command: bash -o pipefail -c 'TEST_DIR=/home/rafay/miniconda3/WallyGuard2/runs/20260918T093837Z-048280be
grep -C 2 selfcheck_record $TEST_DIR/build/wally_clean/testbench/testbench.sv'


  string  signame, elffilename, memfilename, bootmemfilename, uartoutfilename, pathname;
  integer begin_signature_addr, end_signature_addr, signature_size, selfcheck_record_addr;
  integer uartoutfile;

--
    end_signature_addr = ProgramAddrLabelArray["sig_end_canary"];
    signature_size = end_signature_addr - begin_signature_addr;
    selfcheck_record_addr = ProgramAddrLabelArray["selfcheck_record"]; // nonzero for self-checking tests
  end
  logic EcallFaultM;
--
          $display("Functional coverage test complete.");
        `else
          if (selfcheck_record_addr != 0) CheckSelfCheck(ElfFile, selfcheck_record_addr, errors);
          else $display("Single Elf file tests are not signatured verified.");
        `endif
--
          $display("begin_signature addr not found in %s", ProgramLabelMapFile);
        else if (TEST != "embench") begin
          if (selfcheck_record_addr != 0) CheckSelfCheck(tests[test], selfcheck_record_addr, errors);
          else CheckSignature(pathname, tests[test], riscofTest, begin_signature_addr, errors);
          if(errors > 0) totalerrors = totalerrors + 1;
--
          testbench.DCacheFlushFSM.ShadowRAM[ShadowIndex] = dut.uncoregen.uncore.ram.ram.memory.ram.RAM[ShadowIndex - BaseIndex];
        end
        if (selfcheck_record_addr != 0) begin // also copy the result record of a self-checking test
          StartIndex = selfcheck_record_addr >> LogXLEN;
          EndIndex = StartIndex + 7;
          for(ShadowIndex = StartIndex; ShadowIndex <= EndIndex; ShadowIndex++) begin
--
          testbench.DCacheFlushFSM.ShadowRAM[ShadowIndex] = dut.core.lsu.dtim.dtim.ram.ram.RAM[ShadowIndex - BaseIndex];
        end
        if (selfcheck_record_addr != 0) begin // also copy the result record of a self-checking test
          StartIndex = selfcheck_record_addr >> LogXLEN;
          EndIndex = StartIndex + 7;
          for(ShadowIndex = StartIndex; ShadowIndex <= EndIndex; ShadowIndex++) begin
--

  // Report the result of a self-checking test.  Such a test embeds its expected signature, compares
  // each entry as it is written, and leaves the outcome in selfcheck_record (XLEN-sized entries):
  //   0: status (0 = did not finish, 1 = passed, 2 = entry mismatch, 3 = wrong number of entries)
  //   1: entry index    2: entry address    3: expected value    4: actual value
  task automatic CheckSelfCheck;
    input string  TestName;
    input integer selfcheck_record_addr;
    output integer errors;
    logic [P.XLEN-1:0] status, index, adr, expected, actual;
    integer recadr;
    recadr = $unsigned(selfcheck_record_addr) / (P.XLEN/8); // $unsigned because integer is signed and RAM addresses have bit 31 set
    status   = testbench.DCacheFlushFSM.ShadowRAM[recadr];
    index    = testbench.DCacheFlushFSM.ShadowRAM[recadr+1];
--
    ProgramAddrLabelArray["tohost"] = 0;
    ProgramAddrLabelArray["sig_end_canary"] = 0;
    ProgramAddrLabelArray["selfcheck_record"] = 0;
    while (!$feof(ProgramLabelMapFP)) begin
      string label, adrstr;

Finished: 2026-09-18T10:42:35.913080+00:00
Return code: 0
Status: PASS
