Started: 2026-09-18T10:19:26.570428+00:00
Command: bash -o pipefail -c 'TEST_DIR=/home/rafay/miniconda3/WallyGuard2/runs/20260918T093837Z-048280be
WALLY_CLEAN=$TEST_DIR/build/wally_clean
make -C $WALLY_CLEAN/sim/verilator compile WALLY=$WALLY_CLEAN WALLYCONF=rv64gc TESTBENCH=testbench WORKDIR=$TEST_DIR/build/rv64gc_testbench'

make: Entering directory '/home/rafay/miniconda3/WallyGuard2/runs/20260918T093837Z-048280be/build/wally_clean/sim/verilator'
mkdir -p /home/rafay/miniconda3/WallyGuard2/runs/20260918T093837Z-048280be/build/rv64gc_testbench
verilator \
--Mdir /home/rafay/miniconda3/WallyGuard2/runs/20260918T093837Z-048280be/build/rv64gc_testbench -o Vtestbench \
--binary --trace \
--assert --no-trace-top --stats \
--top-module testbench  --relative-includes \
"-I/home/rafay/miniconda3/WallyGuard2/runs/20260918T093837Z-048280be/build/wally_clean/config/shared" "-I/home/rafay/miniconda3/WallyGuard2/runs/20260918T093837Z-048280be/build/wally_clean/config/rv64gc" "-I/home/rafay/miniconda3/WallyGuard2/runs/20260918T093837Z-048280be/build/wally_clean/config/deriv/rv64gc" \
/home/rafay/miniconda3/WallyGuard2/runs/20260918T093837Z-048280be/build/wally_clean/sim/verilator/wrapper.c \
 \
 \
/home/rafay/miniconda3/WallyGuard2/runs/20260918T093837Z-048280be/build/wally_clean/src/cvw.sv /home/rafay/miniconda3/WallyGuard2/runs/20260918T093837Z-048280be/build/wally_clean/testbench/testbench.sv /home/rafay/miniconda3/WallyGuard2/runs/20260918T093837Z-048280be/build/wally_clean/testbench/common/*.sv /home/rafay/miniconda3/WallyGuard2/runs/20260918T093837Z-048280be/build/wally_clean/src/*/*.sv /home/rafay/miniconda3/WallyGuard2/runs/20260918T093837Z-048280be/build/wally_clean/src/*/*/*.sv /home/rafay/miniconda3/WallyGuard2/runs/20260918T093837Z-048280be/build/wally_clean/addins/verilog-ethernet/*/*.sv /home/rafay/miniconda3/WallyGuard2/runs/20260918T093837Z-048280be/build/wally_clean/addins/verilog-ethernet/*/*/*/*.sv
%Warning-IMPLICIT: /home/rafay/miniconda3/WallyGuard2/runs/20260918T093837Z-048280be/build/wally_clean/src/fpu/postproc/round.sv:199:12: Signal definition not found, creating implicitly: 'Bf16Sticky'
                                                                                                                                       : ... Suggested alternative: 'Sticky'
  199 |     assign Bf16Sticky  = |Mf[P.NORMSHIFTSZ-P.BF16_NF-2:BF16STICKYLSB];
      |            ^~~~~~~~~~
                   ... For warning description see https://verilator.org/warn/IMPLICIT?v=5.036
                   ... Use "/* verilator lint_off IMPLICIT */" and lint_on around source to disable this message.
%Warning-IMPLICIT: /home/rafay/miniconda3/WallyGuard2/runs/20260918T093837Z-048280be/build/wally_clean/src/fpu/postproc/round.sv:200:12: Signal definition not found, creating implicitly: 'Bf16RoundAdd'
                                                                                                                                       : ... Suggested alternative: 'RoundAdd'
  200 |     assign Bf16RoundAdd = {(P.NE+1+P.BF16_NF)'(0), FpPlus1, (P.NF-P.BF16_NF)'(0)};
      |            ^~~~~~~~~~~~
%Warning-WIDTHTRUNC: /home/rafay/miniconda3/WallyGuard2/runs/20260918T093837Z-048280be/build/wally_clean/src/fpu/postproc/round.sv:200:25: Operator ASSIGNW expects 1 bits on the Assign RHS, but Assign RHS's REPLICATE generates 65 bits.
                                                                                                                                         : ... note: In instance 'testbench.dut.core.fpu.fpu.postprocess.round'
  200 |     assign Bf16RoundAdd = {(P.NE+1+P.BF16_NF)'(0), FpPlus1, (P.NF-P.BF16_NF)'(0)};
      |                         ^
                     ... For warning description see https://verilator.org/warn/WIDTHTRUNC?v=5.036
                     ... Use "/* verilator lint_off WIDTHTRUNC */" and lint_on around source to disable this message.
%Warning-WIDTHEXPAND: /home/rafay/miniconda3/WallyGuard2/runs/20260918T093837Z-048280be/build/wally_clean/src/fpu/postproc/round.sv:340:52: Operator COND expects 65 bits on the Conditional True, but Conditional True's VARREF 'Bf16RoundAdd' generates 1 bits.
                                                                                                                                          : ... note: In instance 'testbench.dut.core.fpu.fpu.postprocess.round'
  340 |   assign {FullRe, Rf} = {Me, RoundFrac} + (Bf16Dst ? Bf16RoundAdd : RoundAdd);
      |                                                    ^
                      ... For warning description see https://verilator.org/warn/WIDTHEXPAND?v=5.036
                      ... Use "/* verilator lint_off WIDTHEXPAND */" and lint_on around source to disable this message.
%Error: Exiting due to 4 warning(s)
make: *** [Makefile:53: compile] Error 1
make: Leaving directory '/home/rafay/miniconda3/WallyGuard2/runs/20260918T093837Z-048280be/build/wally_clean/sim/verilator'

Finished: 2026-09-18T10:19:38.035568+00:00
Return code: 2
Status: COMMAND_FAILED
ERROR: Command exited with code 2
