Started: 2026-09-18T09:44:00.970110+00:00
Command: bash -o pipefail -c 'sed -n '"'"'510,560p'"'"' src/ieu/controller.sv'

  // Memory stage pipeline control register
  flopenrc #(26) controlregM(clk, reset, FlushM, ~StallM,
                         {RegWriteE, ResultSrcE, MemRWE, CSRReadE, CSRWriteE, PrivilegedE, Funct3E, FWriteIntE, AtomicE, InvalidateICacheE, FlushDCacheE, FenceE, InstrValidE, IntDivE, CMOpE, LSUPrefetchE, AMOCASPairE},
                         {RegWriteM, ResultSrcM, MemRWM, CSRReadM, CSRWriteM, PrivilegedM, Funct3M, FWriteIntM, AtomicM, InvalidateICacheM, FlushDCacheM, FenceM, InstrValidM, IntDivM, CMOpM, LSUPrefetchM, AMOCASPairM});
  flopenrc #(5)  RdMReg(clk, reset, FlushM, ~StallM, RdE, RdM);

  // Writeback stage pipeline control register
  flopenrc #(6) controlregW(clk, reset, FlushW, ~StallW,
                         {RegWriteM, ResultSrcM, IntDivM, AMOCASPairM},
                         {RegWriteW, ResultSrcW, IntDivW, AMOCASPairW});
  flopenrc #(5) RdWReg(clk, reset, FlushW, ~StallW, RdM, RdW);

  // Flush F, D, and E stages on a CSR write or Fence.I or SFence.VMA
  assign CSRWriteFenceM = CSRWriteM | FenceM;

  // Forwarding logic
  always_comb begin
    ForwardAE = 2'b00;
    ForwardBE = 2'b00;
    if (Rs1E != 5'b0)
      if      ((Rs1E == RdM) & RegWriteM) ForwardAE = 2'b10;
      else if ((Rs1E == RdW) & RegWriteW) ForwardAE = 2'b01;

    if (Rs2E != 5'b0)
      if      ((Rs2E == RdM) & RegWriteM) ForwardBE = 2'b10;
      else if ((Rs2E == RdW) & RegWriteW) ForwardBE = 2'b01;
  end

  // Stall on dependent operations that finish in Mem Stage and can't bypass in time
  // Structural hazard causes stall if any of these events occur
  assign MatchDE = ((Rs1D == RdE) | (Rs2D == RdE)) & (RdE != 5'b0); // Decode-stage instruction source depends on result from execute stage instruction
  assign LoadStallD = (MemReadE|SCE) & MatchDE;
  assign StoreStallD = MemRWD[1] & MemRWE[0];   // Store or AMO followed by load or AMO
  assign CSRRdStallD = CSRReadE & MatchDE;
  assign MDUStallD = MDUE & MatchDE; // Int mult/div is at least two cycle latency, even when coming from the FDIV
  assign FCvtIntStallD = FCvtIntE & MatchDE; // FPU to Integer transfers have single-cycle latency except fcvt
  assign StructuralStallD = LoadStallD | StoreStallD | CSRRdStallD | MDUStallD | FCvtIntStallD | CASStallD;
endmodule

Finished: 2026-09-18T09:44:01.047135+00:00
Return code: 0
Status: PASS
