Started: 2026-09-18T09:44:35.079195+00:00
Command: bash -o pipefail -c 'sed -n '"'"'50,85p'"'"' src/lsu/subwordread.sv'

  if (P.BIGENDIAN_SUPPORTED) assign PAdrSwapM = PAdrM[ADRBITS-1:0] ^ {ADRBITS{BigEndianM}};
  else                       assign PAdrSwapM = PAdrM[ADRBITS-1:0];

  // Use indexed part select to imply muxes to select each size of subword
  if (P.LLEN == 128) mux2 #(64) dblmux(ReadDataWordMuxM[63:0], ReadDataWordMuxM[127:64], PAdrSwapM[3], DblWordM);
  else if (P.LLEN == 64) assign DblWordM = ReadDataWordMuxM;
  else assign DblWordM = '0; // unused for RV32F
  if (P.LLEN >= 64) mux2 #(32) wordmux(DblWordM[31:0], DblWordM[63:32], PAdrSwapM[2], WordM);
  else assign WordM = ReadDataWordMuxM;
  mux2 #(16) halfwordmux(WordM[15:0], WordM[31:16], PAdrSwapM[1], HalfwordM);
  mux2 #(8)  bytemux(HalfwordM[7:0], HalfwordM[15:8], PAdrSwapM[0], ByteM);

  // sign extension/ NaN boxing
  always_comb
    case(Funct3M)
      3'b000:  ReadDataM = {{(P.LLEN-8){ByteM[7]}}, ByteM};                                                     // lb
      3'b001:  ReadDataM = {{P.LLEN-16{HalfwordM[15]|FpLoadStoreM}}, HalfwordM[15:0]};                          // lh/flh
      3'b010:  ReadDataM = {{P.LLEN-32{WordM[31]|FpLoadStoreM}}, WordM[31:0]};                                  // lw/flw
      3'b011:  if (P.LLEN >= 64) ReadDataM = {{P.LLEN-64{DblWordM[63]|FpLoadStoreM}}, DblWordM[63:0]};          // ld/fld
               else ReadDataM = ReadDataWordMuxM;                                                               // shouldn't happen
      3'b100:  if (P.LLEN == 128) ReadDataM = WideAccessM ? ReadDataWordMuxM : {{P.LLEN-8{1'b0}}, ByteM[7:0]}; // lbu/flq/amocas.q
               else ReadDataM = {{P.LLEN-8{1'b0}}, ByteM[7:0]};                                                 // lbu
      3'b101:  ReadDataM = {{P.LLEN-16{1'b0}}, HalfwordM[15:0]};                                                // lhu
      3'b110:  ReadDataM = {{P.LLEN-32{1'b0}}, WordM[31:0]};                                                    // lwu
      default: ReadDataM = ReadDataWordMuxM;                                                                    // Shouldn't happen
    endcase
endmodule

Finished: 2026-09-18T09:44:35.153195+00:00
Return code: 0
Status: PASS
