Started: 2026-09-18T09:57:22.559903+00:00
Command: bash -o pipefail -c 'git grep -rn "SquashSC" src/'

src/ieu/datapath.sv:72:  input  logic              SquashSCW,               // Squash a store conditional when a conflict arose
src/ieu/datapath.sv:195:  if (P.ZALRSC_SUPPORTED) assign SCResultW = {{(P.XLEN-1){1'b0}}, SquashSCW};
src/ieu/ieu.sv:54:  input  logic              SquashSCW,                       // Squash store conditional, from LSU
src/ieu/ieu.sv:142:    .StallW, .FlushW, .RegWriteW, .IntDivW, .SquashSCW, .ResultSrcW, .ReadDataW, .ReadDataHighW, .FCvtIntResW,
src/lsu/atomic.sv:45:  output logic                SquashSCW,      // Store conditional failed disable write to GPR
src/lsu/atomic.sv:62:    lrsc #(P) lrsc(.clk, .reset, .StallW, .MemReadM, .PreLSURWM, .LSUAtomicM, .PAdrM, .SquashSCW, .LSURWM);
src/lsu/atomic.sv:64:    assign SquashSCW = 0;
src/lsu/lrsc.sv:41:  output logic                 SquashSCW   // Squash the store conditional by not allowing rf write
src/lsu/lrsc.sv:52:  logic                        SquashSCM;
src/lsu/lrsc.sv:57:  assign SquashSCM = scM & ~WriteAdrMatchM;
src/lsu/lrsc.sv:58:  assign LSURWM = SquashSCM ? 2'b00 : PreLSURWM;
src/lsu/lrsc.sv:68:  flopenr #(1) squashreg(clk, reset, ~StallW, SquashSCM, SquashSCW);
src/lsu/lsu.sv:50:  output logic                    SquashSCW,                            // Store conditional failed disable write to GPR
src/lsu/lsu.sv:423:      .IMAWriteDataM, .SquashSCW, .LSURWM);
src/lsu/lsu.sv:425:    assign SquashSCW = 1'b0;
src/wally/wallypipelinedcore.sv:99:  logic                          SquashSCW;
src/wally/wallypipelinedcore.sv:243:     .SquashSCW,  // from LSU
src/wally/wallypipelinedcore.sv:271:    .CommittedM, .DCacheMiss, .DCacheAccess, .SquashSCW,

Finished: 2026-09-18T09:57:22.644153+00:00
Return code: 0
Status: PASS
