Started: 2026-09-18T10:31:55.465480+00:00
Command: bash -o pipefail -c 'TEST_DIR=/home/rafay/miniconda3/WallyGuard2/runs/20260918T093837Z-048280be
cat $TEST_DIR/build/wally_clean/src/fpu/postproc/round.sv | sed -n '"'"'30,65p'"'"''

module round import cvw::*;  #(parameter cvw_t P) (
  input  logic [P.FMTBITS-1:0]     OutFmt,             // output format
  input  logic                     Bf16Dst,            // Zfbfmin: round the fraction to BF16
  input  logic [2:0]               Frm,                // rounding mode
  input  logic [1:0]               PostProcSel,        // select the postprocessor output
  input  logic                     Ms,                 // normalized sign
  input  logic [P.NORMSHIFTSZ-1:0] Mf,                 // normalized fraction
  // fma
  input  logic                     FmaOp,              // is an fma operation being done?
  input  logic [P.NE+1:0]          FmaMe,              // exponent of the normalized sum for fma
  input  logic                     FmaASticky,         // addend's sticky bit
  // divsqrt
  input  logic                     DivOp,              // is a division operation being done
  input  logic                     DivSticky,          // divsqrt sticky bit
  input  logic [P.NE+1:0]          Ue,                 // the divsqrt calculated exponent
  // cvt
  input  logic                     CvtOp,              // is a convert operation being done
  input  logic                     ToInt,              // is the cvt op a cvt to integer
  input  logic                     CvtResSubnormUf,    // is the cvt result subnormal or underflow
  input  logic                     CvtResUf,           // does the cvt result underflow
  input  logic [P.NE:0]            CvtCe,              // the cvt calculated exponent
  // outputs
  output logic [P.NE+1:0]          Me,                 // normalied fraction
  output logic                     UfPlus1,            // do you add one to the result if given an unbounded exponent
  output logic [P.NE+1:0]          FullRe,             // Re with bits to determine sign and overflow
  output logic [P.NE-1:0]          Re,                 // Result exponent
  output logic [P.NF-1:0]          Rf,                 // Result fractionNormS
  output logic                     Sticky,             // sticky bit
  output logic                     Plus1,              // do you add one to the final result
  output logic                     Round, Guard        // bits needed to calculate rounding
);

  logic                            UfCalcPlus1;        // calculated plus one for unbounded exponent
  logic                            NormSticky;         // normalized sum's sticky bit
  logic                            NormStickyFmt;      // sticky bit for the formats in OutFmt
  logic [P.NF-1:0]                 RoundFrac;          // rounded fraction

Finished: 2026-09-18T10:31:55.662800+00:00
Return code: 0
Status: PASS
