Started: 2026-09-18T09:48:32.974085+00:00
Command: bash -o pipefail -c 'sed -n '"'"'170,240p'"'"' src/privileged/csrc.sv'

        else       MHPMEVENT_REGW[i] <= NextMHPMEVENTM[i];
    end
  end else begin : mhpmeventgen // no hpmevents exist; drive the placeholder element HPMEVENTTOP reserves
    assign WriteMHPMEVENTM = '0;
    assign NextMHPMEVENTM[3] = '0;
    assign MHPMEVENT_REGW[3] = '0;
  end

  // Read Counters, or cause exception if insufficient privilege in light of COUNTEREN flags
  assign CounterNumM = CSRAdrM[4:0]; // which counter to read?
  always_comb begin
    CSRCReadValM = '0; // default value
    IllegalCSRCAccessM = 1'b0;
    if (PrivilegeModeW == P.M_MODE & (CSRAdrM >= MHPMEVENTBASE & CSRAdrM <= MHPMEVENTLAST)) begin
        if (CSRAdrM < MHPMEVENTBASE+P.COUNTERS-3) CSRCReadValM = MHPMEVENT_REGW[CounterNumM];
        else CSRCReadValM ='0; // unused event selectors are read-only zero
      end
    else if (PrivilegeModeW == P.M_MODE |
      MCOUNTEREN_REGW[CounterNumM] & (!P.S_SUPPORTED | PrivilegeModeW == P.S_MODE | SCOUNTEREN_REGW[CounterNumM])) begin
        // The branch conditions below guarantee CounterNumM < P.COUNTERS before it indexes the
        // counter arrays, but Verilator sizes the index from the array bound, so it warns whenever
        // P.COUNTERS < 32.  This region also covers the MTIME_CLINT reads, which Verilator does not
        // realize happen only at one XLEN.
        /* verilator lint_off WIDTH */
        if (P.XLEN==64) begin // 64-bit counter reads
          // Veri lator doesn't realize this only occurs for XLEN=64
          if      (CSRAdrM == TIME & ~CSRWriteM)  CSRCReadValM = MTIME_CLINT; // TIME register is a shadow of the memory-mapped MTIME from the CLINT
          else if (CSRAdrM >= MHPMCOUNTERBASE & CSRAdrM < MHPMCOUNTERBASE+P.COUNTERS & CSRAdrM != MTIME)
                  CSRCReadValM = HPMCOUNTER_REGW[CounterNumM];
          else if (CSRAdrM >= MHPMCOUNTERBASE+P.COUNTERS & CSRAdrM < MHPMCOUNTERBASE+32)
                  CSRCReadValM = '0; // unused counters are read-only zero
          else if (CSRAdrM >= HPMCOUNTERBASE  & CSRAdrM  < HPMCOUNTERBASE+3 & ~CSRWriteM & P.ZICNTR_SUPPORTED)  // read-only
                  CSRCReadValM = HPMCOUNTER_REGW[CounterNumM];
          else if (CSRAdrM >= HPMCOUNTERBASE+3  & CSRAdrM  < HPMCOUNTERBASE+P.COUNTERS & ~CSRWriteM & P.ZIHPM_SUPPORTED)  // read-only
                  CSRCReadValM = HPMCOUNTER_REGW[CounterNumM];
          else if (CSRAdrM >= HPMCOUNTERBASE+P.COUNTERS  & CSRAdrM  < HPMCOUNTERBASE+32 & ~CSRWriteM & P.ZIHPM_SUPPORTED)  // read-only
                  CSRCReadValM = '0;
          else IllegalCSRCAccessM = 1'b1;  // requested CSR doesn't exist
        end else begin // 32-bit counter reads
          // Veril ator doesn't realize this only occurs for XLEN=32
          if      (CSRAdrM == TIME & ~CSRWriteM)  CSRCReadValM = MTIME_CLINT[31:0];// TIME register is a shadow of the memory-mapped MTIME from the CLINT
          else if (CSRAdrM == TIMEH & ~CSRWriteM) CSRCReadValM = MTIME_CLINT[63:32];
          else if (CSRAdrM >= MHPMCOUNTERBASE  & CSRAdrM < MHPMCOUNTERBASE+P.COUNTERS & CSRAdrM != MTIME)
                  CSRCReadValM = HPMCOUNTER_REGW[CounterNumM];
          else if (CSRAdrM >= MHPMCOUNTERBASE+P.COUNTERS & CSRAdrM < MHPMCOUNTERBASE+32)
                  CSRCReadValM = '0; // unused counters are read-only zero
          else if (CSRAdrM >= HPMCOUNTERBASE   & CSRAdrM < HPMCOUNTERBASE+3  & ~CSRWriteM & P.ZICNTR_SUPPORTED)    // read-only
                  CSRCReadValM = HPMCOUNTER_REGW[CounterNumM];
          else if (CSRAdrM >= HPMCOUNTERBASE+3   & CSRAdrM < HPMCOUNTERBASE+P.COUNTERS  & ~CSRWriteM & P.ZIHPM_SUPPORTED)    // read-only
                  CSRCReadValM = HPMCOUNTER_REGW[CounterNumM];
          else if (CSRAdrM >= HPMCOUNTERBASE+P.COUNTERS   & CSRAdrM < HPMCOUNTERBASE+32  & ~CSRWriteM & P.ZIHPM_SUPPORTED)    // read-only
                  CSRCReadValM = '0; // unused counters are read-only zero
          else if (CSRAdrM >= MHPMCOUNTERHBASE & CSRAdrM < MHPMCOUNTERHBASE+P.COUNTERS & CSRAdrM != MTIMEH)
                  CSRCReadValM = HPMCOUNTERH_REGW[CounterNumM];
          else if (CSRAdrM >= MHPMCOUNTERHBASE+P.COUNTERS & CSRAdrM < MHPMCOUNTERHBASE+32)
                  CSRCReadValM = '0; // unused counters are read-only zero
          else if (CSRAdrM >= HPMCOUNTERHBASE   & CSRAdrM < HPMCOUNTERHBASE+3  & ~CSRWriteM & P.ZICNTR_SUPPORTED)   // read-only
                  CSRCReadValM = HPMCOUNTERH_REGW[CounterNumM];
          else if (CSRAdrM >= HPMCOUNTERHBASE+3 & CSRAdrM < HPMCOUNTERHBASE+P.COUNTERS & ~CSRWriteM & P.ZIHPM_SUPPORTED)   // read-only
                  CSRCReadValM = HPMCOUNTERH_REGW[CounterNumM];
          else if (CSRAdrM >= HPMCOUNTERHBASE+P.COUNTERS & CSRAdrM < HPMCOUNTERHBASE+32 & ~CSRWriteM & P.ZIHPM_SUPPORTED)   // read-only
                  CSRCReadValM = '0;
          else    IllegalCSRCAccessM = 1'b1; // requested CSR doesn't exist
        end
        /* verilator lint_on WIDTH */
      end
    else IllegalCSRCAccessM = 1'b1; // no privileges for this csr
  end
endmodule

Finished: 2026-09-18T09:48:33.044942+00:00
Return code: 0
Status: PASS
