Started: 2026-09-18T09:51:24.668319+00:00
Command: bash -o pipefail -c 'ls -la /home/rafay/miniconda3/WallyGuard2/runs/'

total 336
drwxrwxr-x 62 rafay rafay  4096 Sep 18 09:41 .
drwxrwxr-x 10 rafay rafay  4096 Sep 18 09:38 ..
drwxrwxr-x  5 rafay rafay  4096 Sep 16 07:10 20260911T194316Z-5ea4428b
drwxrwxr-x  4 rafay rafay  4096 Sep 16 07:10 20260911T220643Z-cc3c2546
drwxrwxr-x  5 rafay rafay  4096 Sep 16 07:10 20260912T210944Z-fd08ec05
-rw-rw-r--  1 rafay rafay 20419 Sep 16 07:10 20260912T210944Z-fd08ec05.7z
drwxrwxr-x  5 rafay rafay  4096 Sep 16 07:10 20260913T002730Z-c0bd0ca4
drwxrwxr-x  4 rafay rafay  4096 Sep 16 07:10 20260913T013320Z-d4465cc7
drwxrwxr-x  6 rafay rafay  4096 Sep 16 07:10 20260913T023615Z-f48825c5
-rw-rw-r--  1 rafay rafay 19704 Sep 16 07:10 20260913T023615Z-f48825c5.7z
drwxrwxr-x  3 rafay rafay  4096 Sep 16 07:10 20260913T144157Z-9286d137
drwxrwxr-x  2 rafay rafay  4096 Sep 16 07:10 20260913T151530Z-f710274d
drwxrwxr-x  6 rafay rafay  4096 Sep 16 07:10 20260913T192411Z-04477c6a
drwxrwxr-x  2 rafay rafay  4096 Sep 16 07:10 20260913T211211Z-dfb26b0b
drwxrwxr-x  6 rafay rafay  4096 Sep 16 07:10 20260913T232549Z-e916d288
drwxrwxr-x  6 rafay rafay  4096 Sep 16 07:10 20260914T004119Z-9aa7d80b
drwxrwxr-x  5 rafay rafay  4096 Sep 16 07:10 20260914T022548Z-012b567a
drwxrwxr-x  5 rafay rafay  4096 Sep 16 07:10 20260914T034549Z-6bf0ee02
drwxrwxr-x  2 rafay rafay  4096 Sep 16 07:10 20260914T060700Z-befb8e96
drwxrwxr-x  2 rafay rafay  4096 Sep 16 14:26 20260916T142308Z-481b228b
drwxrwxr-x  2 rafay rafay  4096 Sep 16 14:26 20260916T142607Z-7deb7f60
drwxrwxr-x  2 rafay rafay  4096 Sep 16 14:27 20260916T142642Z-78c5fe5f
drwxrwxr-x  2 rafay rafay  4096 Sep 16 14:27 20260916T142716Z-dd8ae6b3
drwxrwxr-x  2 rafay rafay  4096 Sep 16 14:28 20260916T142750Z-59ea341d
drwxrwxr-x  2 rafay rafay  4096 Sep 16 14:29 20260916T142826Z-a939fea4
drwxrwxr-x  2 rafay rafay  4096 Sep 16 14:29 20260916T142901Z-68994b7b
drwxrwxr-x  2 rafay rafay  4096 Sep 16 14:30 20260916T142936Z-39a19158
drwxrwxr-x  2 rafay rafay  4096 Sep 16 14:30 20260916T143011Z-d2027581
drwxrwxr-x  2 rafay rafay  4096 Sep 16 14:38 20260916T143831Z-93dd23fa
drwxrwxr-x  2 rafay rafay  4096 Sep 16 15:15 20260916T151249Z-904b3980
drwxrwxr-x  2 rafay rafay  4096 Sep 16 15:15 20260916T151528Z-577ca560
drwxrwxr-x  2 rafay rafay  4096 Sep 16 15:15 20260916T151536Z-77e162b7
drwxrwxr-x  2 rafay rafay  4096 Sep 16 15:15 20260916T151545Z-359a2c73
drwxrwxr-x  2 rafay rafay  4096 Sep 16 15:16 20260916T151554Z-925378bc
drwxrwxr-x  2 rafay rafay  4096 Sep 16 15:16 20260916T151605Z-6da102b4
drwxrwxr-x  2 rafay rafay  4096 Sep 16 15:16 20260916T151614Z-a69ed108
drwxrwxr-x  2 rafay rafay  4096 Sep 16 15:16 20260916T151623Z-ab6825b5
drwxrwxr-x  2 rafay rafay  4096 Sep 16 15:16 20260916T151633Z-ac379108
drwxrwxr-x  2 rafay rafay  4096 Sep 16 15:16 20260916T151642Z-1d1ad6a8
drwxrwxr-x  2 rafay rafay  4096 Sep 16 15:17 20260916T151651Z-fcaae73c
drwxrwxr-x  2 rafay rafay  4096 Sep 16 15:17 20260916T151700Z-da5cddc3
drwxrwxr-x  2 rafay rafay  4096 Sep 16 15:17 20260916T151709Z-f0d56f9d
drwxrwxr-x  2 rafay rafay  4096 Sep 16 15:17 20260916T151719Z-31efcb52
drwxrwxr-x  2 rafay rafay  4096 Sep 16 15:17 20260916T151728Z-0481859b
drwxrwxr-x  2 rafay rafay  4096 Sep 16 15:18 20260916T151815Z-6331c0eb
drwxrwxr-x  2 rafay rafay  4096 Sep 16 15:18 20260916T151826Z-9977acdc
drwxrwxr-x  7 rafay rafay  4096 Sep 16 17:01 20260916T152458Z-7ae13216
drwxrwxr-x  6 rafay rafay  4096 Sep 16 18:38 20260916T170128Z-3da417b7
drwxrwxr-x  2 rafay rafay  4096 Sep 16 19:23 20260916T192346Z-430724fa
drwxrwxr-x  6 rafay rafay  4096 Sep 16 21:09 20260916T192605Z-312e1024
drwxrwxr-x  6 rafay rafay  4096 Sep 16 21:36 20260916T210911Z-f0168800
drwxrwxr-x  5 rafay rafay  4096 Sep 16 22:00 20260916T213657Z-e75a1c02
drwxrwxr-x  7 rafay rafay  4096 Sep 16 23:35 20260916T220033Z-4d992f70
drwxrwxr-x  7 rafay rafay  4096 Sep 17 01:13 20260916T233536Z-105acd8f
drwxrwxr-x  6 rafay rafay  4096 Sep 17 02:40 20260917T011337Z-fb4c14de
drwxrwxr-x  7 rafay rafay  4096 Sep 17 04:34 20260917T024036Z-1b59815d
drwxrwxr-x  5 rafay rafay  4096 Sep 17 05:26 20260917T043442Z-0a6d37be
drwxrwxr-x  7 rafay rafay  4096 Sep 17 07:08 20260917T052633Z-c34886a4
drwxrwxr-x  6 rafay rafay  4096 Sep 17 09:23 20260917T070839Z-0dba4dbf
drwxrwxr-x  7 rafay rafay  4096 Sep 17 12:37 20260917T092313Z-c02efcac
drwxrwxr-x  7 rafay rafay  4096 Sep 17 14:52 20260917T123710Z-9bc09998
drwxrwxr-x  2 rafay rafay  4096 Sep 17 14:52 20260917T145256Z-fd3a8b5a
drwxrwxr-x  2 rafay rafay  4096 Sep 18 09:37 20260918T093757Z-34cad790
drwxrwxr-x  4 rafay rafay  4096 Sep 18 09:42 20260918T093837Z-048280be
-rw-rw-r--  1 rafay rafay 17135 Sep 16 07:10 bug1.7z
-rw-rw-r--  1 rafay rafay 27737 Sep 16 07:10 bug2.7z

Finished: 2026-09-18T09:51:24.741841+00:00
Return code: 0
Status: PASS
