Started: 2026-09-18T10:41:04.580682+00:00
Command: bash -o pipefail -c 'TEST_DIR=/home/rafay/miniconda3/WallyGuard2/runs/20260918T093837Z-048280be
sed -n '"'"'520,535p'"'"' $TEST_DIR/build/wally_clean/testbench/testbench.sv'

      end else if (ElfFile != "none") begin
        `ifdef USE_TREK_DV
          $display("Breker test is done.");
        `elsif FCOV
          $display("Functional coverage test complete.");
        `else
          if (selfcheck_record_addr != 0) CheckSelfCheck(ElfFile, selfcheck_record_addr, errors);
          else $display("Single Elf file tests are not signatured verified.");
        `endif
`ifdef QUESTA
        $stop;  // if this is changed to $finish for Questa, wally-batch.do does not go to the next step to run coverage, and wally.do terminates without allowing GUI debug
`else
        $finish;
`endif
      end else begin
        // self-checking tests record their own result; for other tests, read .signature.output file and compare to check for errors

Finished: 2026-09-18T10:41:04.650469+00:00
Return code: 0
Status: PASS
