Started: 2026-09-18T09:51:44.440970+00:00
Command: bash -o pipefail -c 'sed -n '"'"'100,160p'"'"' src/privileged/trap.sv'

  assign TrapM = (ExceptionM & ~CommittedF) | InterruptM;

  ///////////////////////////////////////////
  // Cause priority defined in privileged spec
  ///////////////////////////////////////////

  always_comb
    if      (reset)                                           CauseM = 5'd0; // hard reset 3.3
    else if (ValidIntsM[11])                                  CauseM = 5'd11; // Machine External Int
    else if (ValidIntsM[3])                                   CauseM = 5'd3;  // Machine Sw Int
    else if (ValidIntsM[7])                                   CauseM = 5'd7;  // Machine Timer Int
    // if any of the interrupts are delegated to S mode they would be moved to lower priority than the undelegated ones
    else if (~MIDELEG_REGW[9] & ValidIntsM[9])                CauseM = 5'd9;  // not delegated Supervisor External Int
    else if (~MIDELEG_REGW[1] & ValidIntsM[1])                CauseM = 5'd1;  // not delegated Supervisor Sw Int
    else if (~MIDELEG_REGW[5] & ValidIntsM[5])                CauseM = 5'd5;  // not delegated Supervisor Timer Int
    else if (ValidIntsM[9])                                   CauseM = 5'd9;  // delegated Supervisor External Int
    else if (ValidIntsM[1])                                   CauseM = 5'd1;  // delegated Supervisor Sw Int
    else if (ValidIntsM[5])                                   CauseM = 5'd5;  // delegated Supervisor Timer Int
    else if (BothInstrPageFaultM)                             CauseM = 5'd12;
    else if (BothInstrAccessFaultM)                           CauseM = 5'd1;
    else if (IllegalInstrFaultM)                              CauseM = 5'd2;
    // coverage off
    // Misaligned instructions cannot occur in rv64gc
    else if (InstrMisalignedFaultM)                           CauseM = 5'd0;
    // coverage on
    else if (BreakpointFaultM)                                CauseM = 5'd3;
    else if (EcallFaultM)                                     CauseM = {3'b010, PrivilegeModeW};
    else if (StoreAmoMisalignedFaultM & ~P.ZICCLSM_SUPPORTED) CauseM = 5'd6;  // misaligned faults are higher priority if they always are taken
    else if (LoadMisalignedFaultM & ~P.ZICCLSM_SUPPORTED)     CauseM = 5'd4;
    else if (StoreAmoPageFaultM)                              CauseM = 5'd15;
    else if (LoadPageFaultM)                                  CauseM = 5'd13;
    else if (StoreAmoAccessFaultM)                            CauseM = 5'd7;
    else if (LoadAccessFaultM)                                CauseM = 5'd5;
    else if (StoreAmoMisalignedFaultM & P.ZICCLSM_SUPPORTED)  CauseM = 5'd6; // See priority in Privileged Spec 3.1.15
    else if (LoadMisalignedFaultM & P.ZICCLSM_SUPPORTED)      CauseM = 5'd4;
    else                                                      CauseM = 5'd0;
endmodule

Finished: 2026-09-18T09:51:44.538273+00:00
Return code: 0
Status: PASS
