Started: 2026-09-18T09:45:02.961923+00:00
Command: bash -o pipefail -c 'sed -n '"'"'205,250p'"'"' src/ieu/controller.sv'

    assign MFunctD          = (Funct7D == 7'b0000001) & (P.M_SUPPORTED | (P.ZMMUL_SUPPORTED & ~Funct3D[2])); // muldiv
    assign LFunctD          = Funct3D == 3'b000 | Funct3D == 3'b001 | Funct3D == 3'b010 | Funct3D == 3'b100 | Funct3D == 3'b101 |
                              ((P.XLEN == 64) & (Funct3D == 3'b011 | Funct3D == 3'b110));
    assign VLSFunctD        = (Funct3D == 3'b000 | Funct3D == 3'b101 | Funct3D == 3'b110 | Funct3D == 3'b111) & P.V_SUPPORTED;  //*** needed in else branch?
    assign FLSFunctD        = (STATUS_FS != 2'b00) & ((Funct3D == 3'b010 & P.F_SUPPORTED) | (Funct3D == 3'b011 & P.D_SUPPORTED) |
                              (Funct3D == 3'b100 & P.Q_SUPPORTED) | (Funct3D == 3'b001 & P.ZFH_SUPPORTED));
    assign FenceFunctD      = (Funct3D == 3'b000) | (P.ZIFENCEI_SUPPORTED & Funct3D == 3'b001);
    assign CMOFunctD        = (Funct3D == 3'b010 & RdD == 5'b0) &
                              ((P.ZICBOZ_SUPPORTED & (InstrD[31:20] == 12'd4) & ENVCFG_CBE[3]) |
                               (P.ZICBOM_SUPPORTED & (((InstrD[31:20] == 12'd0) & (ENVCFG_CBE[1:0] == 2'b01 | ENVCFG_CBE[1:0] == 2'b11)) |
                                                      ((InstrD[31:20] == 12'd1 | InstrD[31:20] == 12'd2) & ENVCFG_CBE[2]))));
    // amocas is funct5 00101.  Word and doubleword always exist; byte and halfword need Zabha.
    // Whichever size is 2*XLEN (doubleword on RV32, quadword on RV64) names an even register pair,
    // so odd rd or rs2 is reserved there.  On RV64 the doubleword size is an ordinary single register.
    assign CASPairSizeD     = P.ZACAS_SUPPORTED & (Funct3D == (P.XLEN == 64 ? 3'b100 : 3'b011));
    assign CASFunctD        = P.ZACAS_SUPPORTED & (InstrD[31:27] == 5'b00101) &
                              ((Funct3D == 3'b010) |                                          // word
                               ((Funct3D == 3'b011) & (P.XLEN == 64)) |                       // doubleword on RV64
                               (P.ZABHA_SUPPORTED & ((Funct3D == 3'b000) | (Funct3D == 3'b001))) | // byte, halfword
                               (CASPairSizeD & ~RdD[0] & ~Rs2D[0]));                          // the 2*XLEN pair form
    assign A3264FunctD      = (Funct3D == 3'b010) | (P.XLEN == 64 & Funct3D == 3'b011);
    // Zabha adds byte and halfword AMOs, but not byte and halfword lr/sc
    assign AFunctD          = CASFunctD | A3264FunctD | (P.ZABHA_SUPPORTED & (Funct3D == 3'b000 | Funct3D == 3'b001));
    assign AMOFunctD        = (InstrD[31:27] == 5'b00001) |
                              (InstrD[31:27] == 5'b00000) |
                              (InstrD[31:27] == 5'b00100) |
                              (InstrD[31:27] == 5'b01100) |
                              (InstrD[31:27] == 5'b01000) |
                              (InstrD[31:27] == 5'b10000) |
                              (InstrD[31:27] == 5'b10100) |
                              (InstrD[31:27] == 5'b11000) |
                              (InstrD[31:27] == 5'b11100);
    assign RWFunctD         = ((Funct3D == 3'b000 | Funct3D == 3'b001 | Funct3D == 3'b101) & Funct7ZeroD |
                              (Funct3D == 3'b000 | Funct3D == 3'b101) & Funct7b5D) & (P.XLEN == 64);
    assign MWFunctD         = MFunctD & (P.XLEN == 64) & ~(Funct3D == 3'b001 | Funct3D == 3'b010 | Funct3D == 3'b011);
    assign SFunctD          = Funct3D == 3'b000 | Funct3D == 3'b001 | Funct3D == 3'b010 |
                              ((P.XLEN == 64) & (Funct3D == 3'b011));
    assign BFunctD          = Funct3D[2:1] != 2'b01; // legal branches
    assign JRFunctD         = Funct3D == 3'b000;
    assign PFunctD          = Funct3D == 3'b000 & RdD == 5'b0;
    assign CSRFunctD        = Funct3D[1:0] != 2'b00;
    // Zimop: mop.r.n is 1_n[4]_00_n[3:2]_0111_n[1:0], mop.rr.n is 1_n[2]_00_n[1:0]_1_rs2, both with funct3 = 100
    assign MOPFunctD        = (Funct3D == 3'b100) & InstrD[31] & (InstrD[29:28] == 2'b00) &
                              (InstrD[25] | (InstrD[24:22] == 3'b111));
    assign IWValidFunct3D   = Funct3D == 3'b000 | Funct3D == 3'b001 | Funct3D == 3'b101;
  end else begin:legalcheck2

Finished: 2026-09-18T09:45:03.037191+00:00
Return code: 0
Status: PASS
