Started: 2026-09-18T09:56:01.773349+00:00
Command: bash -o pipefail -c 'sed -n '"'"'100,125p'"'"' src/uncore/plic_apb.sv'

  // =======
  // AHB I/O
  // =======

  assign memwrite = PWRITE & PENABLE & PSEL;  // only write in access phase
  assign memread  = ~PWRITE & PSEL & ~PENABLE; // read once, in APB setup phase
  assign PREADY   = 1'b1;                     // PLIC never takes >1 cycle to respond
  assign entry    = {PADDR[23:2],2'b0};
  assign One[P.PLIC_NUM_SRC-1:1] = '0; assign One[0] = 1'b1; // Vivado does not like this as a single assignment.

  // account for subword read/write circuitry
  // -- Note PLIC registers are 32 bits no matter what; access them with LW SW.
  assign Din = PWDATA[31:0];
  if (P.XLEN == 64) assign PRDATA = {Dout, Dout};
  else              assign PRDATA = Dout;

  // ==================
  // Register Interface
  // ==================
  localparam PLIC_NUM_SRC_MIN_32 = P.PLIC_NUM_SRC < 32 ? P.PLIC_NUM_SRC : 31;

  always_ff @(posedge PCLK) begin
    // resetting
    if (~PRESETn) begin
      intPriority   <= '0;
      intEn         <= '0;

Finished: 2026-09-18T09:56:01.849531+00:00
Return code: 0
Status: PASS
