Started: 2026-09-18T09:43:18.392423+00:00
Command: bash -o pipefail -c 'sed -n '"'"'85,140p'"'"' src/fpu/fctrl.sv'

  logic                        SupportedFmt;                       // is the format supported
  logic                        SupportedFmt2;                      // is the source format supported for fp -> fp
  logic                        SupportedRM;                        // is the rounding mode supported
  logic                        FCvtIntD, FCvtIntM;                 // convert to integer operation
  logic                        ZfaD;                               // Zfa variants of instructions
  logic                        ZfaFRoundNXD;                       // Zfa froundnx instruction

  // FPU Instruction Decoder
  assign Fmt = Funct7D[1:0];
  assign Fmt2 = Rs2D[1:0]; // source format for fcvt fp->fp

  assign SupportedFmt =  (Fmt == 2'b00  | (Fmt == 2'b01 & P.D_SUPPORTED) |
                         (Fmt == 2'b10 & P.ZFH_SUPPORTED)  | (Fmt == 2'b11 & P.Q_SUPPORTED));
  assign SupportedFmt2 = (Fmt2 == 2'b00 | (Fmt2 == 2'b01 & P.D_SUPPORTED) |
                         (Fmt2 == 2'b10 & P.ZFH_SUPPORTED) | (Fmt2 == 2'b11 & P.Q_SUPPORTED));
  // rounding modes 5 and 6 are reserved.  Rounding mode 7 is dynamic, and is reserved if FRM is 5, 6, or 7
  assign SupportedRM =  ~(Funct3D == 3'b101 | Funct3D == 3'b110 | (Funct3D == 3'b111 & (FRM_REGW == 3'b101 | FRM_REGW == 3'b110 | FRM_REGW == 3'b111))) |
                         (OpD == 7'b1010011 & Funct3D == 3'b101 & Funct7D[6:2] == 5'b10100 & P.ZFA_SUPPORTED); // Zfa fltq has a funny rounding mode

  // decode the instruction
  // FRegWrite_FWriteInt_FResSel_PostProcSel_FOpCtrl_FDivStart_IllegalFPUInstr_FCvtInt_Zfa_FroundNX
  always_comb
    if (STATUS_FS == 2'b00) // FPU instructions are illegal when FPU is disabled
      ControlsD = `FCTRLW'b0_0_00_00_000_0_1_0_0_0;
    else if (OpD != 7'b0000111 & OpD != 7'b0100111 & (~SupportedFmt | ~SupportedRM))
      ControlsD = `FCTRLW'b0_0_00_00_000_0_1_0_0_0; // for anything other than loads and stores, check for supported format and rounding mode
    else begin
      ControlsD = `FCTRLW'b0_0_00_00_000_0_1_0_0_0; // default: non-implemented instruction
      /* verilator lint_off CASEINCOMPLETE */   // default value above has priority so no other default needed
      case(OpD)
        7'b0000111: case(Funct3D)
                      3'b010:                       ControlsD = `FCTRLW'b1_0_10_00_0xx_0_0_0_0_0; // flw
                      3'b011:  if (P.D_SUPPORTED)   ControlsD = `FCTRLW'b1_0_10_00_0xx_0_0_0_0_0; // fld
                      3'b100:  if (P.Q_SUPPORTED)   ControlsD = `FCTRLW'b1_0_10_00_0xx_0_0_0_0_0; // flq
                      3'b001:  if (P.ZFH_SUPPORTED) ControlsD = `FCTRLW'b1_0_10_00_0xx_0_0_0_0_0; // flh
                    endcase
        7'b0100111: case(Funct3D)
                      3'b010:                       ControlsD = `FCTRLW'b0_0_10_00_0xx_0_0_0_0_0; // fsw
                      3'b011:  if (P.D_SUPPORTED)   ControlsD = `FCTRLW'b0_0_10_00_0xx_0_0_0_0_0; // fsd
                      3'b100:  if (P.Q_SUPPORTED)   ControlsD = `FCTRLW'b0_0_10_00_0xx_0_0_0_0_0; // fsq
                      3'b001:  if (P.ZFH_SUPPORTED) ControlsD = `FCTRLW'b0_0_10_00_0xx_0_0_0_0_0; // fsh
                    endcase
        7'b1000011:   ControlsD = `FCTRLW'b1_0_01_10_000_0_0_0_0_0; // fmadd
        7'b1000111:   ControlsD = `FCTRLW'b1_0_01_10_001_0_0_0_0_0; // fmsub
        7'b1001011:   ControlsD = `FCTRLW'b1_0_01_10_010_0_0_0_0_0; // fnmsub
        7'b1001111:   ControlsD = `FCTRLW'b1_0_01_10_011_0_0_0_0_0; // fnmadd
        7'b1010011: casez(Funct7D)
                      7'b00000??: ControlsD = `FCTRLW'b1_0_01_10_110_0_0_0_0_0; // fadd
                      7'b00001??: ControlsD = `FCTRLW'b1_0_01_10_111_0_0_0_0_0; // fsub
                      7'b00010??: ControlsD = `FCTRLW'b1_0_01_10_100_0_0_0_0_0; // fmul
                      7'b00011??: ControlsD = `FCTRLW'b1_0_01_01_xx0_1_0_0_0_0; // fdiv
                      7'b01011??: if (Rs2D == 5'b0000) ControlsD = `FCTRLW'b1_0_01_01_xx1_1_0_0_0_0; // fsqrt
                      7'b00100??: case(Funct3D)
                                    3'b000:  ControlsD = `FCTRLW'b1_0_00_00_000_0_0_0_0_0; // fsgnj
                                    3'b001:  ControlsD = `FCTRLW'b1_0_00_00_001_0_0_0_0_0; // fsgnjn
                                    3'b010:  ControlsD = `FCTRLW'b1_0_00_00_010_0_0_0_0_0; // fsgnjx

Finished: 2026-09-18T09:43:18.474473+00:00
Return code: 0
Status: PASS
