Started: 2026-09-18T09:56:18.170662+00:00
Command: bash -o pipefail -c 'git grep -rn "\*\*\*" src/'

src/ieu/controller.sv:208:    assign VLSFunctD        = (Funct3D == 3'b000 | Funct3D == 3'b101 | Funct3D == 3'b110 | Funct3D == 3'b111) & P.V_SUPPORTED;  //*** needed in else branch?
src/ieu/controller.sv:256:    assign VLSFunctD = 1'b1; // **** ?
src/rvvi/packetizer.sv:118:  // *** BUG BytesInFrame will eventually depend on the length of the data stored into the ethernet frame
src/rvvi/packetizer.sv:132:  // *** fix me later
src/uncore/trickbox_apb.sv:75:      3'b000: RD <= {63'b0, MSIP[hart]};     // *** memory map
src/vpu/lmulsequencer.sv:74:  assign lmulCntrDone = lmulCntrD == lmulIntD; // *** this is a bug for lmul less than 1
src/vpu/vcontroller.sv:59:  //logic [2:0]  lmulD;                  // *** should be set by vset* instruction
src/vpu/vdatapath.sv:73:  // *** remove all of this when ready
src/vpu/vdecoder.sv:32:// *** this will be useful later. Remove the lint_off when ready
src/vpu/vdecoder.sv:83:  logic [`VCTRLW-1:0] ControlsD;                // Main Instruction Decoder control signals // *** far from complete
src/vpu/vdecoder.sv:89:        ControlsD = `VCTRLW'b0_1_10_0_1_0; // unit-strip; vl // *** add the address modes later
src/vpu/vdecoder.sv:96:          ControlsD = `VCTRLW'b0_1_00_0_0_0; // *** expand later writes either GPR or VRF
src/vpu/vdecoder.sv:98:          ControlsD = `VCTRLW'b0_1_00_0_0_0; // *** expand later writes either GPR or VRF
src/vpu/vdecoder.sv:106:          ControlsD = `VCTRLW'b0_1_10_0_0_0; // *** expand later writes either GPR or VRF
src/vpu/vdecoder.sv:108:          ControlsD = `VCTRLW'b1_0_10_0_0_0; // *** incomplete
src/vpu/vdispatcher.sv:54:  // For this initial version All EUs will accept all instructions. *** fix me later.
src/vpu/vdispatcher.sv:55:  // Selection mechanism is currently priority encoder.  Should be round robin. *** fix me later.
src/vpu/vpu.sv:39:  // TODO ***
src/vpu/vpu.sv:48:  // TODO *** Cannot use decoded control from IEU because the there are overlapping vector instructions?
src/vpu/vpu.sv:90:  assign VPUFrontEndBusyD = '0; // *** vcontroller needs to drive VPUFrontEndBusyD when all the EUs are busy
src/vpu/vpu.sv:102:  // **** add EUs here. Remove this code
src/wally/wallypipelinedcore.sv:422:  // *** fix me replace with driver from LSU

Finished: 2026-09-18T09:56:18.244863+00:00
Return code: 0
Status: PASS
