Started: 2026-09-18T09:48:21.057686+00:00
Command: bash -o pipefail -c 'sed -n '"'"'320,345p'"'"' src/ieu/controller.sv'

                      ControlsD = `CTRLW'b0_010_11_00_000_1_0_0_0_0_0_0_0_0_00_0_0; // branches
      7'b1100111: if (JRFunctD)
                      ControlsD = `CTRLW'b1_000_01_00_000_0_0_1_1_0_0_0_0_0_00_0_0; // jalr
      7'b1101111:     ControlsD = `CTRLW'b1_011_11_00_000_0_0_1_1_0_0_0_0_0_00_0_0; // jal
      7'b1110011: if (P.ZIMOP_SUPPORTED & MOPFunctD)
                      ControlsD = `CTRLW'b1_101_00_00_000_0_0_0_1_0_0_0_0_0_00_0_0; // mop.r.n, mop.rr.n write zero to rd
                  else if (P.ZICSR_SUPPORTED) begin
                   if (PFunctD)
                      ControlsD = `CTRLW'b0_000_00_00_000_0_0_0_0_0_0_1_0_0_00_0_0; // privileged; decoded further in privdec modules
                   else if (CSRFunctD)
                      ControlsD = `CTRLW'b1_000_00_00_010_0_0_0_0_0_1_0_0_0_00_0_0; // csrs
                  end
    endcase
  end

  if (P.V_SUPPORTED) begin
    assign VectorD = ((OpD == 7'b0000111 | OpD == 7'b0100111) & VLSFunctD) | OpD == 7'b1010111;
  end else begin
    assign VectorD = '0;
  end

  /* verilator lint_on CASEINCOMPLETE */

  // Unswizzle control bits
  // Squash control signals if coming from an illegal compressed instruction
  // On RV32E, can't write to upper 16 registers.  Checking reads to upper 16 is more costly so disregard them.

Finished: 2026-09-18T09:48:21.181653+00:00
Return code: 0
Status: PASS
