Started: 2026-09-19T23:05:03.528697+00:00
Command: bash -o pipefail -c 'sed -n '"'"'275,310p'"'"' src/privileged/csr.sv
'

    .MENVCFG_REGW, .MSTATEEN0_REGW);

  // Smstateen: mstateen0 controls access from less-privileged modes to the state named by each bit,
  // but never restricts machine mode itself.  Without Smstateen the state is accessible as its own
  // extension defines.
  assign SE0AccessM    = ~P.SMSTATEEN_SUPPORTED | (PrivilegeModeW == P.M_MODE) | MSTATEEN0_REGW[63];
  assign ENVCFGAccessM = ~P.SMSTATEEN_SUPPORTED | (PrivilegeModeW == P.M_MODE) | MSTATEEN0_REGW[62];


  if (P.S_SUPPORTED) begin : csrs
    logic STCE;
    assign STCE = P.SSTC_SUPPORTED & (PrivilegeModeW == P.M_MODE | (MCOUNTEREN_REGW[1] & ENVCFG_STCE));
    csrs #(P) csrs(.clk, .reset,
      .CSRSWriteM, .STrapM, .CSRAdrM,
      .NextEPCM, .NextCauseM, .NextXtvalM, .SSTATUS_REGW,
      .STATUS_TVM,
      .CSRWriteValM, .PrivilegeModeW,
      .CSRSReadValM, .STVEC_REGW, .SEPC_REGW,
      .SCOUNTEREN_REGW,
      .SATP_REGW, .MIP_REGW, .MIE_REGW, .MIDELEG_REGW, .MTIME_CLINT, .STCE,
      .WriteSSTATUSM, .IllegalCSRSAccessM, .STimerInt, .SENVCFG_REGW,
      .SE0AccessM, .ENVCFGAccessM, .SSTATEEN0_MASK(MSTATEEN0_REGW[2:0]));
  end else begin
    assign WriteSSTATUSM = 1'b0;
    assign CSRSReadValM = '0;
    assign SEPC_REGW = '0;
    assign STVEC_REGW = '0;
    assign SCOUNTEREN_REGW = '0;
    assign SATP_REGW = '0;
    assign IllegalCSRSAccessM = 1'b1;
    assign STimerInt = '0;
    assign SENVCFG_REGW = '0;
  end

  // Floating Point CSRs in User Mode only needed if Floating Point is supported
  if (P.F_SUPPORTED) begin : csru

Finished: 2026-09-19T23:05:03.589781+00:00
Return code: 0
Status: PASS
