Started: 2026-09-19T23:53:58.872109+00:00
Command: bash -o pipefail -c 'cat /home/rafay/miniconda3/WallyGuard2/runs/20260919T230158Z-efd6e12a/reproducer.json'

{
  "version": 1,
  "oracle": "spike",
  "build": [
    "bash",
    "/home/rafay/miniconda3/WallyGuard2/runs/20260919T230158Z-efd6e12a/build_reproducer.sh"
  ],
  "trap_vectors": [
    {
      "elf": "build/control.elf",
      "symbol": "trap_handler"
    },
    {
      "elf": "build/test.elf",
      "symbol": "trap_handler"
    }
  ],
  "control": {
    "mode": "selfcheck",
    "wally": [
      "/home/rafay/miniconda3/WallyGuard2/wally-worktrees/wally-shared/bin/wsim",
      "rv64gc",
      "--sim",
      "verilator",
      "--elf",
      "/home/rafay/miniconda3/WallyGuard2/runs/20260919T230158Z-efd6e12a/build/control.elf"
    ],
    "oracle": [
      "/usr/bin/spike",
      "--isa=rv64gc_smstateen_zicboz",
      "+signature=/home/rafay/miniconda3/WallyGuard2/runs/20260919T230158Z-efd6e12a/logs/control-spike.sig",
      "+signature-granularity=8",
      "/home/rafay/miniconda3/WallyGuard2/runs/20260919T230158Z-efd6e12a/build/control.elf"
    ],
    "oracle_signature": "logs/control-spike.sig"
  },
  "test": {
    "mode": "selfcheck",
    "wally": [
      "/home/rafay/miniconda3/WallyGuard2/wally-worktrees/wally-shared/bin/wsim",
      "rv64gc",
      "--sim",
      "verilator",
      "--elf",
      "/home/rafay/miniconda3/WallyGuard2/runs/20260919T230158Z-efd6e12a/build/test.elf"
    ],
    "oracle": [
      "/usr/bin/spike",
      "--isa=rv64gc_smstateen_zicboz",
      "+signature=/home/rafay/miniconda3/WallyGuard2/runs/20260919T230158Z-efd6e12a/logs/test-spike.sig",
      "+signature-granularity=8",
      "/home/rafay/miniconda3/WallyGuard2/runs/20260919T230158Z-efd6e12a/build/test.elf"
    ],
    "oracle_signature": "logs/test-spike.sig"
  }
}

Finished: 2026-09-19T23:53:58.940306+00:00
Return code: 0
Status: PASS
