Started: 2026-09-19T23:02:52.437516+00:00
Command: bash -o pipefail -c 'git show 8eb64dc0e -- src/ieu/controller.sv
'

commit 8eb64dc0ee818ae9b67e6178b9699587437900d2
Merge: bc4ce52f0 e065a89e6
Author: wallyguard <abdulrafay7582@gmail.com>
Date:   Wed Sep 16 17:24:20 2026 +0000

    Merge branch 'wallyguard-pr-1877'
    
    # Conflicts:
    #       config/rv32e/config.vh
    #       config/rv32gc/config.vh
    #       config/rv32gc/imperas.ic
    #       config/rv32i/config.vh
    #       config/rv32imc/config.vh
    #       config/rv64gc/config.vh
    #       config/rv64gc/imperas.ic
    #       config/rv64i/config.vh
    #       config/shared/parameter-defs.vh
    #       src/cvw.sv
    #       src/ieu/controller.sv
    #       src/lsu/amoalu.sv
    #       testbench/common/riscvassertions.sv

diff --cc src/ieu/controller.sv
index 11029f232,6c7bd681c..9fba9a68e
--- a/src/ieu/controller.sv
+++ b/src/ieu/controller.sv
@@@ -149,14 -146,7 +149,15 @@@ module controller import cvw::*;  #(par
    logic        FenceFunctD;                    // Detect fence instruction
    logic        CMOFunctD;                      // Detect CMO instruction
    logic        AFunctD, AMOFunctD;             // Detect atomic instructions
 +  logic        CASFunctD;                      // funct5 and funct3 form a legal amocas (ignores the opcode)
 +  logic        CASPairSizeD;                   // funct3 names the 2*XLEN size, the register-pair form
 +  logic        AMOCASD;                        // instruction is an amocas (opcode included)
 +  logic        AMOCASPairD, AMOCASPairE;       // instruction is a register-pair amocas (opcode included)
 +  logic        CASCapturedD;                   // the borrowed rs2 read has happened, so stop stalling
 +  logic        CASStallD;                      // hold amocas in Decode for the borrowed read or a hazard
 +  logic        CASHazardD;                     // an older instruction still owes amocas one of its operands
 +  logic        CASMatchE, CASMatchM;           // that instruction is in Execute / Memory
+   logic        A3264FunctD;                    // Detect valid 32/64-bit atomics (lr/sc/amo)
    logic        RWFunctD, MWFunctD;             // detect RW/MW instructions
    logic        PFunctD, CSRFunctD;             // detect privileged / CSR instruction
    logic        FenceM;                         // Fence.I or sfence.VMA instruction in memory stage
@@@ -209,16 -199,9 +210,18 @@@
                                ((P.ZICBOZ_SUPPORTED & (InstrD[31:20] == 12'd4) & ENVCFG_CBE[3]) |
                                 (P.ZICBOM_SUPPORTED & (((InstrD[31:20] == 12'd0) & (ENVCFG_CBE[1:0] == 2'b01 | ENVCFG_CBE[1:0] == 2'b11)) |
                                                        ((InstrD[31:20] == 12'd1 | InstrD[31:20] == 12'd2) & ENVCFG_CBE[2]))));
-     assign AFunctD          = (Funct3D == 3'b010) | (P.XLEN == 64 & Funct3D == 3'b011) | CASFunctD;
 +    // amocas is funct5 00101.  Word and doubleword always exist; byte and halfword need Zabha.
 +    // Whichever size is 2*XLEN (doubleword on RV32, quadword on RV64) names an even register pair,
 +    // so odd rd or rs2 is reserved there.  On RV64 the doubleword size is an ordinary single register.
 +    assign CASPairSizeD     = P.ZACAS_SUPPORTED & (Funct3D == (P.XLEN == 64 ? 3'b100 : 3'b011));
 +    assign CASFunctD        = P.ZACAS_SUPPORTED & (InstrD[31:27] == 5'b00101) &
 +                              ((Funct3D == 3'b010) |                                          // word
 +                               ((Funct3D == 3'b011) & (P.XLEN == 64)) |                       // doubleword on RV64
 +                               (P.ZABHA_SUPPORTED & ((Funct3D == 3'b000) | (Funct3D == 3'b001))) | // byte, halfword
 +                               (CASPairSizeD & ~RdD[0] & ~Rs2D[0]));                          // the 2*XLEN pair form
+     assign A3264FunctD      = (Funct3D == 3'b010) | (P.XLEN == 64 & Funct3D == 3'b011);
+     // Zabha adds byte and halfword AMOs, but not byte and halfword lr/sc
 -    assign AFunctD          = A3264FunctD | (P.ZABHA_SUPPORTED & (Funct3D == 3'b000 | Funct3D == 3'b001));
++    assign AFunctD          = CASFunctD | A3264FunctD | (P.ZABHA_SUPPORTED & (Funct3D == 3'b000 | Funct3D == 3'b001));
      assign AMOFunctD        = (InstrD[31:27] == 5'b00001) |
                                (InstrD[31:27] == 5'b00000) |
                                (InstrD[31:27] == 5'b00100) |
@@@ -250,8 -233,7 +253,9 @@@
      assign FenceFunctD = 1'b1; // don't bother to check fields for fences
      assign CMOFunctD = 1'b1; // don't bother to check fields for CMO instructions
      assign AFunctD = 1'b1; // don't bother to check fields for atomics
 +    assign CASFunctD = P.ZACAS_SUPPORTED & (InstrD[31:27] == 5'b00101); // don't bother to check the size
 +    assign CASPairSizeD = P.ZACAS_SUPPORTED & (Funct3D == (P.XLEN == 64 ? 3'b100 : 3'b011));
+     assign A3264FunctD = 1'b1; // don't bother to check fields for lr/sc and amos
      assign AMOFunctD = 1'b1; // don't bother to check Funct7 for AMO operations
      assign RWFunctD = 1'b1; // don't bother to check fields for RW instructions
      assign MWFunctD = 1'b1; // don't bother to check fields for MW instructions
@@@ -292,12 -274,12 +296,12 @@@
        7'b0100111: if (FLSFunctD)
                        ControlsD = `CTRLW'b0_001_01_01_000_0_0_0_0_0_0_0_0_0_00_0_1; // fsw - only legal if FP supported
        7'b0101111: if (AFunctD) begin
-                     if (P.ZALRSC_SUPPORTED & InstrD[31:27] == 5'b00010 & Rs2D == 5'b0)
+                     if (P.ZALRSC_SUPPORTED & A3264FunctD & InstrD[31:27] == 5'b00010 & Rs2D == 5'b0)
                        ControlsD = `CTRLW'b1_000_00_10_001_0_0_0_0_0_0_0_0_0_01_0_0; // lr
-                     else if (P.ZALRSC_SUPPORTED & InstrD[31:27] == 5'b00011)
+                     else if (P.ZALRSC_SUPPORTED & A3264FunctD & InstrD[31:27] == 5'b00011)
                        ControlsD = `CTRLW'b1_101_01_01_100_0_0_0_0_0_0_0_0_0_01_0_0; // sc
 -                    else if (P.ZAAMO_SUPPORTED & AMOFunctD)
 -                      ControlsD = `CTRLW'b1_101_01_11_001_0_0_0_0_0_0_0_0_0_10_0_0; // amo
 +                    else if ((P.ZAAMO_SUPPORTED & AMOFunctD) | CASFunctD)
 +                      ControlsD = `CTRLW'b1_101_01_11_001_0_0_0_0_0_0_0_0_0_10_0_0; // amo, amocas
                   end
        7'b0110011: if (RFunctD)
                        ControlsD = `CTRLW'b1_000_00_00_000_0_1_0_0_0_0_0_0_0_00_0_0; // R-type

Finished: 2026-09-19T23:02:52.494333+00:00
Return code: 0
Status: PASS
