Started: 2026-09-19T23:02:33.519799+00:00
Command: bash -o pipefail -c 'git show --stat ff84ec108
'

commit ff84ec10824bcbb904838efac415975eed717e66
Merge: f695fd477 e065a89e6
Author: Rose Thompson <rose@rosethompson.net>
Date:   Wed Sep 16 15:31:31 2026 -0700

    Merge pull request #1877 from davidharrishmc/dh/zabha
    
    Zabha support

 config/rv32e/config.vh              |  1 +
 config/rv32gc/config.vh             |  1 +
 config/rv32gc/imperas.ic            |  1 +
 config/rv32i/config.vh              |  1 +
 config/rv32imc/config.vh            |  1 +
 config/rv64gc/config.vh             |  1 +
 config/rv64gc/imperas.ic            |  1 +
 config/rv64i/config.vh              |  1 +
 config/shared/parameter-defs.vh     |  1 +
 src/cvw.sv                          |  1 +
 src/ieu/controller.sv               | 10 +++++---
 src/lsu/amoalu.sv                   | 49 ++++++++++++++++++++++++++++---------
 testbench/common/riscvassertions.sv |  1 +
 13 files changed, 55 insertions(+), 15 deletions(-)

Finished: 2026-09-19T23:02:33.690595+00:00
Return code: 0
Status: PASS
