Started: 2026-09-20T00:10:56.349957+00:00
Command: bash -o pipefail -c 'cat $WALLY/tests/riscof/spike/env/link.ld'

OUTPUT_ARCH( "riscv" )
ENTRY(rvtest_entry_point)

SECTIONS
{
  . = 0x80000000;
  .text.init : { *(.text.init) }
  . = ALIGN(0x1000);
  .tohost : { *(.tohost) }
  . = ALIGN(0x1000);
  .text : { *(.text) }
  . = ALIGN(0x1000);
  .data : { *(.data) }
  .data.string : { *(.data.string)}
  .bss : { *(.bss) }
  _end = .;
}

Finished: 2026-09-20T00:10:56.407608+00:00
Return code: 0
Status: PASS
