Started: 2026-09-19T23:02:15.276262+00:00
Command: bash -o pipefail -c 'echo "=== Git status / branch ==="
git status -s
echo "=== Available configs ==="
ls config/
echo "=== Tools available ==="
which verilator spike riscv64-unknown-elf-gcc
'

=== Git status / branch ===
=== Available configs ===
deriv
derivlist.txt
rv32e
rv32gc
rv32i
rv32imc
rv64gc
rv64i
shared
=== Tools available ===
/home/rafay/riscv/bin/verilator
/usr/bin/spike
/usr/bin/riscv64-unknown-elf-gcc

Finished: 2026-09-19T23:02:15.449771+00:00
Return code: 0
Status: PASS
