Started: 2026-09-19T23:37:18.221475+00:00
Command: bash -o pipefail -c 'cat << '"'"'EOF'"'"' > /home/rafay/miniconda3/WallyGuard2/runs/20260919T230158Z-efd6e12a/tests/test.S
#include "selfcheck.h"
.section .text.init
.option norvc
.globl rvtest_entry_point
rvtest_entry_point:
    la t0, trap_handler
    csrw mtvec, t0

    // PMP setup to allow S/U mode memory access
    li t0, -1
    csrw pmpaddr0, t0
    li t0, 0x1f
    csrw pmpcfg0, t0

    // Set mstateen0.ENVCFG (bit 62) to 1
    li t0, 1
    slli t0, t0, 62
    csrs 0x30C, t0

    // Set senvcfg.CBZE (bit 7) to 1
    li t0, 0x80
    csrs 0x10A, t0

    // Clear mstateen0.ENVCFG (bit 62) to 0
    li t0, 1
    slli t0, t0, 62
    csrc 0x30C, t0

    // Setup mstatus.MPP = 1 (S-mode), MPIE=0
    li t0, 0x800  // MPP=1
    csrs mstatus, t0
    // clear MPIE, MIE
    li t0, 0x88
    csrc mstatus, t0

    // Setup mepc
    la t0, smode_entry
    csrw mepc, t0

    mret

smode_entry:
    la a0, scratch_space
    cbo.zero (a0)

    // If we get here, cbo.zero did not trap! This is a FAILURE.
    j wg_fail

.balign 4
trap_handler:
    // We expect mcause == 2 (Illegal instruction)
    csrr t0, mcause
    li t1, 2
    beq t0, t1, wg_pass
    // Otherwise fail
    mv a3, t0
    li a2, 2
    li a0, 1
    li a1, 0
    j wg_fail

.section .data
.balign 64
scratch_space:
    .zero 64

WG_FINISH
EOF

cat << '"'"'EOF'"'"' > /home/rafay/miniconda3/WallyGuard2/runs/20260919T230158Z-efd6e12a/tests/control.S
#include "selfcheck.h"
.section .text.init
.option norvc
.globl rvtest_entry_point
rvtest_entry_point:
    la t0, trap_handler
    csrw mtvec, t0

    // PMP setup to allow S/U mode memory access
    li t0, -1
    csrw pmpaddr0, t0
    li t0, 0x1f
    csrw pmpcfg0, t0

    // Set mstateen0.ENVCFG (bit 62) to 1
    li t0, 1
    slli t0, t0, 62
    csrs 0x30C, t0

    // Set senvcfg.CBZE (bit 7) to 1
    li t0, 0x80
    csrs 0x10A, t0

    // Setup mstatus.MPP = 1 (S-mode), MPIE=0
    li t0, 0x800  // MPP=1
    csrs mstatus, t0
    // clear MPIE, MIE
    li t0, 0x88
    csrc mstatus, t0

    // Setup mepc
    la t0, smode_entry
    csrw mepc, t0

    mret

smode_entry:
    la a0, scratch_space
    cbo.zero (a0)

    // We expect to get here!
    j wg_pass

.balign 4
trap_handler:
    // We DO NOT expect a trap
    csrr a3, mcause
    li a2, 0
    li a0, 1
    li a1, 0
    j wg_fail

.section .data
.balign 64
scratch_space:
    .zero 64

WG_FINISH
EOF

cat << '"'"'EOF'"'"' > /home/rafay/miniconda3/WallyGuard2/runs/20260919T230158Z-efd6e12a/build_reproducer.sh
#!/bin/bash
set -euo pipefail
: "${WALLY:?WALLY must identify the managed checkout}"
test_dir=$(cd -- "$(dirname -- "${BASH_SOURCE[0]}")" && pwd)
mkdir -p "$test_dir/build" "$test_dir/logs"
for name in control test; do
    riscv64-unknown-elf-gcc -march=rv64gc_zicboz -mabi=lp64d -nostdlib -nostartfiles \
        -T "$WALLY/tests/riscof/spike/env/link.ld" \
        "$test_dir/tests/$name.S" -o "$test_dir/build/$name.elf"
done
EOF
chmod +x /home/rafay/miniconda3/WallyGuard2/runs/20260919T230158Z-efd6e12a/build_reproducer.sh

cat << '"'"'EOF'"'"' > /home/rafay/miniconda3/WallyGuard2/runs/20260919T230158Z-efd6e12a/reproducer.json
{
  "version": 1,
  "oracle": "spike",
  "build": [
    "bash",
    "/home/rafay/miniconda3/WallyGuard2/runs/20260919T230158Z-efd6e12a/build_reproducer.sh"
  ],
  "trap_vectors": [
    {
      "elf": "build/control.elf",
      "symbol": "trap_handler"
    },
    {
      "elf": "build/test.elf",
      "symbol": "trap_handler"
    }
  ],
  "control": {
    "mode": "selfcheck",
    "wally": [
      "/home/rafay/miniconda3/WallyGuard2/wally-worktrees/wally-shared/bin/wsim",
      "rv64gc",
      "--sim",
      "verilator",
      "--elf",
      "/home/rafay/miniconda3/WallyGuard2/runs/20260919T230158Z-efd6e12a/build/control.elf"
    ],
    "oracle": [
      "/usr/bin/spike",
      "--isa=rv64gc_smstateen_zicboz",
      "+signature=/home/rafay/miniconda3/WallyGuard2/runs/20260919T230158Z-efd6e12a/logs/control-spike.sig",
      "+signature-granularity=8",
      "/home/rafay/miniconda3/WallyGuard2/runs/20260919T230158Z-efd6e12a/build/control.elf"
    ],
    "oracle_signature": "logs/control-spike.sig"
  },
  "test": {
    "mode": "selfcheck",
    "wally": [
      "/home/rafay/miniconda3/WallyGuard2/wally-worktrees/wally-shared/bin/wsim",
      "rv64gc",
      "--sim",
      "verilator",
      "--elf",
      "/home/rafay/miniconda3/WallyGuard2/runs/20260919T230158Z-efd6e12a/build/test.elf"
    ],
    "oracle": [
      "/usr/bin/spike",
      "--isa=rv64gc_smstateen_zicboz",
      "+signature=/home/rafay/miniconda3/WallyGuard2/runs/20260919T230158Z-efd6e12a/logs/test-spike.sig",
      "+signature-granularity=8",
      "/home/rafay/miniconda3/WallyGuard2/runs/20260919T230158Z-efd6e12a/build/test.elf"
    ],
    "oracle_signature": "logs/test-spike.sig"
  }
}
EOF
'


Finished: 2026-09-19T23:37:18.400570+00:00
Return code: 0
Status: PASS
