Started: 2026-09-19T23:36:52.676773+00:00
Command: bash -o pipefail -c 'cat /home/rafay/miniconda3/WallyGuard2/runs/20260919T230158Z-efd6e12a/reproducer.json /home/rafay/miniconda3/WallyGuard2/runs/20260919T230158Z-efd6e12a/build_reproducer.sh'

{
  "version": 1,
  "oracle": "spike",
  "build": [
    "bash",
    "/home/rafay/miniconda3/WallyGuard2/runs/20260919T230158Z-efd6e12a/build_reproducer.sh"
  ],
  "trap_vectors": [
    {
      "elf": "build/control.elf",
      "symbol": "trap_handler"
    },
    {
      "elf": "build/test.elf",
      "symbol": "trap_handler"
    }
  ],
  "control": {
    "mode": "selfcheck",
    "wally": [
      "/home/rafay/miniconda3/WallyGuard2/wally-worktrees/wally-shared/bin/wsim",
      "rv64gc",
      "--sim",
      "verilator",
      "--elf",
      "/home/rafay/miniconda3/WallyGuard2/runs/20260919T230158Z-efd6e12a/build/control.elf"
    ],
    "oracle": [
      "/usr/bin/spike",
      "--isa=rv64gc",
      "+signature=/home/rafay/miniconda3/WallyGuard2/runs/20260919T230158Z-efd6e12a/logs/control-spike.sig",
      "+signature-granularity=8",
      "/home/rafay/miniconda3/WallyGuard2/runs/20260919T230158Z-efd6e12a/build/control.elf"
    ],
    "oracle_signature": "logs/control-spike.sig"
  },
  "test": {
    "mode": "selfcheck",
    "wally": [
      "/home/rafay/miniconda3/WallyGuard2/wally-worktrees/wally-shared/bin/wsim",
      "rv64gc",
      "--sim",
      "verilator",
      "--elf",
      "/home/rafay/miniconda3/WallyGuard2/runs/20260919T230158Z-efd6e12a/build/test.elf"
    ],
    "oracle": [
      "/usr/bin/spike",
      "--isa=rv64gc",
      "+signature=/home/rafay/miniconda3/WallyGuard2/runs/20260919T230158Z-efd6e12a/logs/test-spike.sig",
      "+signature-granularity=8",
      "/home/rafay/miniconda3/WallyGuard2/runs/20260919T230158Z-efd6e12a/build/test.elf"
    ],
    "oracle_signature": "logs/test-spike.sig"
  }
}
#!/bin/bash
set -euo pipefail
: "${WALLY:?WALLY must identify the managed checkout}"
test_dir=$(cd -- "$(dirname -- "${BASH_SOURCE[0]}")" && pwd)
mkdir -p "$test_dir/build" "$test_dir/logs"
for name in control test; do
    riscv64-unknown-elf-gcc -march=rv64gc -mabi=lp64d -nostdlib -nostartfiles \
        -T "$WALLY/tests/riscof/spike/env/link.ld" \
        "$test_dir/tests/$name.S" -o "$test_dir/build/$name.elf"
done
# The contract invokes this checkout's wsim, which rebuilds the DUT when needed.

Finished: 2026-09-19T23:36:52.741536+00:00
Return code: 0
Status: PASS
