Started: 2026-09-19T23:05:22.400001+00:00
Command: bash -o pipefail -c 'sed -n '"'"'325,342p'"'"' src/ieu/controller.sv
'

                      ControlsD = `CTRLW'b1_101_00_00_000_0_0_0_1_0_0_0_0_0_00_0_0; // mop.r.n, mop.rr.n write zero to rd
                  else if (P.ZICSR_SUPPORTED) begin
                   if (PFunctD)
                      ControlsD = `CTRLW'b0_000_00_00_000_0_0_0_0_0_0_1_0_0_00_0_0; // privileged; decoded further in privdec modules
                   else if (CSRFunctD)
                      ControlsD = `CTRLW'b1_000_00_00_010_0_0_0_0_0_1_0_0_0_00_0_0; // csrs
                  end
    endcase
  end

  if (P.V_SUPPORTED) begin
    assign VectorD = ((OpD == 7'b0000111 | OpD == 7'b0100111) & VLSFunctD) | OpD == 7'b1010111;
  end else begin
    assign VectorD = '0;
  end

  /* verilator lint_on CASEINCOMPLETE */


Finished: 2026-09-19T23:05:22.462100+00:00
Return code: 0
Status: PASS
