Started: 2026-09-19T23:02:41.787198+00:00
Command: bash -o pipefail -c 'git show 8eb64dc0e
'

commit 8eb64dc0ee818ae9b67e6178b9699587437900d2
Merge: bc4ce52f0 e065a89e6
Author: wallyguard <abdulrafay7582@gmail.com>
Date:   Wed Sep 16 17:24:20 2026 +0000

    Merge branch 'wallyguard-pr-1877'
    
    # Conflicts:
    #       config/rv32e/config.vh
    #       config/rv32gc/config.vh
    #       config/rv32gc/imperas.ic
    #       config/rv32i/config.vh
    #       config/rv32imc/config.vh
    #       config/rv64gc/config.vh
    #       config/rv64gc/imperas.ic
    #       config/rv64i/config.vh
    #       config/shared/parameter-defs.vh
    #       src/cvw.sv
    #       src/ieu/controller.sv
    #       src/lsu/amoalu.sv
    #       testbench/common/riscvassertions.sv

diff --cc src/ieu/controller.sv
index 11029f232,6c7bd681c..9fba9a68e
--- a/src/ieu/controller.sv
+++ b/src/ieu/controller.sv
@@@ -149,14 -146,7 +149,15 @@@ module controller import cvw::*;  #(par
    logic        FenceFunctD;                    // Detect fence instruction
    logic        CMOFunctD;                      // Detect CMO instruction
    logic        AFunctD, AMOFunctD;             // Detect atomic instructions
 +  logic        CASFunctD;                      // funct5 and funct3 form a legal amocas (ignores the opcode)
 +  logic        CASPairSizeD;                   // funct3 names the 2*XLEN size, the register-pair form
 +  logic        AMOCASD;                        // instruction is an amocas (opcode included)
 +  logic        AMOCASPairD, AMOCASPairE;       // instruction is a register-pair amocas (opcode included)
 +  logic        CASCapturedD;                   // the borrowed rs2 read has happened, so stop stalling
 +  logic        CASStallD;                      // hold amocas in Decode for the borrowed read or a hazard
 +  logic        CASHazardD;                     // an older instruction still owes amocas one of its operands
 +  logic        CASMatchE, CASMatchM;           // that instruction is in Execute / Memory
+   logic        A3264FunctD;                    // Detect valid 32/64-bit atomics (lr/sc/amo)
    logic        RWFunctD, MWFunctD;             // detect RW/MW instructions
    logic        PFunctD, CSRFunctD;             // detect privileged / CSR instruction
    logic        FenceM;                         // Fence.I or sfence.VMA instruction in memory stage
@@@ -209,16 -199,9 +210,18 @@@
                                ((P.ZICBOZ_SUPPORTED & (InstrD[31:20] == 12'd4) & ENVCFG_CBE[3]) |
                                 (P.ZICBOM_SUPPORTED & (((InstrD[31:20] == 12'd0) & (ENVCFG_CBE[1:0] == 2'b01 | ENVCFG_CBE[1:0] == 2'b11)) |
                                                        ((InstrD[31:20] == 12'd1 | InstrD[31:20] == 12'd2) & ENVCFG_CBE[2]))));
-     assign AFunctD          = (Funct3D == 3'b010) | (P.XLEN == 64 & Funct3D == 3'b011) | CASFunctD;
 +    // amocas is funct5 00101.  Word and doubleword always exist; byte and halfword need Zabha.
 +    // Whichever size is 2*XLEN (doubleword on RV32, quadword on RV64) names an even register pair,
 +    // so odd rd or rs2 is reserved there.  On RV64 the doubleword size is an ordinary single register.
 +    assign CASPairSizeD     = P.ZACAS_SUPPORTED & (Funct3D == (P.XLEN == 64 ? 3'b100 : 3'b011));
 +    assign CASFunctD        = P.ZACAS_SUPPORTED & (InstrD[31:27] == 5'b00101) &
 +                              ((Funct3D == 3'b010) |                                          // word
 +                               ((Funct3D == 3'b011) & (P.XLEN == 64)) |                       // doubleword on RV64
 +                               (P.ZABHA_SUPPORTED & ((Funct3D == 3'b000) | (Funct3D == 3'b001))) | // byte, halfword
 +                               (CASPairSizeD & ~RdD[0] & ~Rs2D[0]));                          // the 2*XLEN pair form
+     assign A3264FunctD      = (Funct3D == 3'b010) | (P.XLEN == 64 & Funct3D == 3'b011);
+     // Zabha adds byte and halfword AMOs, but not byte and halfword lr/sc
 -    assign AFunctD          = A3264FunctD | (P.ZABHA_SUPPORTED & (Funct3D == 3'b000 | Funct3D == 3'b001));
++    assign AFunctD          = CASFunctD | A3264FunctD | (P.ZABHA_SUPPORTED & (Funct3D == 3'b000 | Funct3D == 3'b001));
      assign AMOFunctD        = (InstrD[31:27] == 5'b00001) |
                                (InstrD[31:27] == 5'b00000) |
                                (InstrD[31:27] == 5'b00100) |
@@@ -250,8 -233,7 +253,9 @@@
      assign FenceFunctD = 1'b1; // don't bother to check fields for fences
      assign CMOFunctD = 1'b1; // don't bother to check fields for CMO instructions
      assign AFunctD = 1'b1; // don't bother to check fields for atomics
 +    assign CASFunctD = P.ZACAS_SUPPORTED & (InstrD[31:27] == 5'b00101); // don't bother to check the size
 +    assign CASPairSizeD = P.ZACAS_SUPPORTED & (Funct3D == (P.XLEN == 64 ? 3'b100 : 3'b011));
+     assign A3264FunctD = 1'b1; // don't bother to check fields for lr/sc and amos
      assign AMOFunctD = 1'b1; // don't bother to check Funct7 for AMO operations
      assign RWFunctD = 1'b1; // don't bother to check fields for RW instructions
      assign MWFunctD = 1'b1; // don't bother to check fields for MW instructions
@@@ -292,12 -274,12 +296,12 @@@
        7'b0100111: if (FLSFunctD)
                        ControlsD = `CTRLW'b0_001_01_01_000_0_0_0_0_0_0_0_0_0_00_0_1; // fsw - only legal if FP supported
        7'b0101111: if (AFunctD) begin
-                     if (P.ZALRSC_SUPPORTED & InstrD[31:27] == 5'b00010 & Rs2D == 5'b0)
+                     if (P.ZALRSC_SUPPORTED & A3264FunctD & InstrD[31:27] == 5'b00010 & Rs2D == 5'b0)
                        ControlsD = `CTRLW'b1_000_00_10_001_0_0_0_0_0_0_0_0_0_01_0_0; // lr
-                     else if (P.ZALRSC_SUPPORTED & InstrD[31:27] == 5'b00011)
+                     else if (P.ZALRSC_SUPPORTED & A3264FunctD & InstrD[31:27] == 5'b00011)
                        ControlsD = `CTRLW'b1_101_01_01_100_0_0_0_0_0_0_0_0_0_01_0_0; // sc
 -                    else if (P.ZAAMO_SUPPORTED & AMOFunctD)
 -                      ControlsD = `CTRLW'b1_101_01_11_001_0_0_0_0_0_0_0_0_0_10_0_0; // amo
 +                    else if ((P.ZAAMO_SUPPORTED & AMOFunctD) | CASFunctD)
 +                      ControlsD = `CTRLW'b1_101_01_11_001_0_0_0_0_0_0_0_0_0_10_0_0; // amo, amocas
                   end
        7'b0110011: if (RFunctD)
                        ControlsD = `CTRLW'b1_000_00_00_000_0_1_0_0_0_0_0_0_0_00_0_0; // R-type
diff --cc src/lsu/amoalu.sv
index e789a88c0,eb0c62707..479c7d291
--- a/src/lsu/amoalu.sv
+++ b/src/lsu/amoalu.sv
@@@ -38,37 -37,55 +38,62 @@@ module amoalu import cvw::*;  #(paramet
  );
  
    logic [P.XLEN-1:0] a, b, y;
-   logic               lt, cmp, sngd, sngd32, eq32, lt32, w64;
-   logic               SelA;         // result is a (the loaded value) rather than b (rs2)
+   logic               lt, cmp, sngd, w64;
+   logic               eqB0, ltB0, eqB1, ltB1, eqH1, ltH1; // per-lane compares, always unsigned
+   logic               ltu16, ltu32;                       // unsigned compares assembled from the lanes
+   logic               lt8, lt16, lt32, lt64;              // compare at each access width
++  logic               SelA;         // loaded value selected for min/max or a failed compare-and-swap
  
    // Rename inputs
    assign a = ReadDataM;
    assign b = IHWriteDataM;
  
-   // Share hardware among the four amomin/amomax comparators
+   // Share hardware among the four amomin/amomax comparators.  Compare each lane unsigned; only the
+   // lane holding the sign bit of the operation's width cares about signedness, and that is applied
+   // when the lane results are assembled, so the operands never need extending.
    assign sngd = ~LSUFunct7M[5]; // Funct7[5] = 0 for signed amomin/max
-   assign w64 = (LSUFunct3M[1:0] == 2'b10); // operate on bottom 32 bits
-   assign sngd32 = sngd & (P.XLEN == 32 | w64); // flip sign in lower 32 bits on 32-bit comparisons only
+   assign w64 = (LSUFunct3M[1:0] != 2'b11); // operation is narrower than 64 bits, so sign extend the result
  
-   comparator #(32) cmp32(a[31:0], b[31:0], sngd32, {eq32, lt32});
-   if (P.XLEN == 32) begin
-     assign lt = lt32;
-   end else begin
-     logic equpper, ltupper, lt64;
+   comparator #(8)  cmpb0(a[7:0],   b[7:0],   1'b0, {eqB0, ltB0});
+   comparator #(8)  cmpb1(a[15:8],  b[15:8],  1'b0, {eqB1, ltB1});
+   comparator #(16) cmph1(a[31:16], b[31:16], 1'b0, {eqH1, ltH1});
  
-     comparator #(32) cmpupper(a[63:32], b[63:32], sngd, {equpper, ltupper});
-     assign lt64 = ltupper | equpper & lt32;
-     assign lt = w64 ? lt32 : lt64;
+   // A wider unsigned compare is the upper lane's result, or the lower one when the upper lanes tie.
+   // Signed compares differ only when the sign bits disagree, in which case the negative operand is smaller.
+   assign ltu16 = ltB1 | (eqB1 & ltB0);
+   assign ltu32 = ltH1 | (eqH1 & ltu16);
+   assign lt8   = (sngd & (a[7]  ^ b[7]))  ? a[7]  : ltB0;
+   assign lt16  = (sngd & (a[15] ^ b[15])) ? a[15] : ltu16;
+   assign lt32  = (sngd & (a[31] ^ b[31])) ? a[31] : ltu32;
+ 
+   if (P.XLEN == 32) begin : comp
+     assign lt64 = lt32; // RV32 has no doubleword AMOs
+   end else begin : comp
+     logic eqW1, ltW1, ltu64;
+ 
+     comparator #(32) cmpw1(a[63:32], b[63:32], 1'b0, {eqW1, ltW1});
+     assign ltu64 = ltW1 | (eqW1 & ltu32);
+     assign lt64  = (sngd & (a[63] ^ b[63])) ? a[63] : ltu64;
    end
  
+   // Pick the compare matching the access width.  Without Zabha the byte and halfword cases are
+   // don't-cares; lt32 is chosen there as a synthesis optimization so lt8 and lt16 are trimmed.
+   always_comb
+     case (LSUFunct3M[1:0])
+       2'b00:   lt = P.ZABHA_SUPPORTED ? lt8  : lt32; // amo*.b
+       2'b01:   lt = P.ZABHA_SUPPORTED ? lt16 : lt32; // amo*.h
+       2'b10:   lt = lt32;                            // amo*.w
+       default: lt = lt64;                            // amo*.d
+     endcase
+ 
    assign cmp = lt ^ LSUFunct7M[4]; // flip sense of comparison for maximums
  
 +  // One a/b mux serves every comparing operation: amomin/amomax keep the loaded value when the
 +  // comparison says so, and amocas keeps it when the compare operand did not match.  An unmatched
 +  // amocas therefore writes the loaded value back, which the spec permits and which leaves the
 +  // ordinary AMO store path untouched.
 +  assign SelA = (LSUFunct7M[6:2] == 5'b00101) ? ~CASMatchM : cmp;
 +
    // AMO ALU
    always_comb
      case (LSUFunct7M[6:2])

Finished: 2026-09-19T23:02:41.974691+00:00
Return code: 0
Status: PASS
