Started: 2026-09-19T23:04:28.681574+00:00
Command: bash -o pipefail -c 'sed -n '"'"'460,500p'"'"' src/ieu/controller.sv
'

  end

  // amocas reads three registers: rs1 for the address, rs2 for the swap value, and rd for the
  // compare value.  Rather than add a third read port, stall one cycle in Decode and borrow the
  // rs2 port to read rd, capturing the result in the datapath.
  assign AMOCASD = (OpD == 7'b0101111) & CASFunctD;
  assign AMOCASPairD = AMOCASD & CASPairSizeD; // the opcode matters: funct3 alone also names lbu

  // amocas reads rd, and for the pair forms rd+1 and rs2+1, straight from the register file with no
  // forwarding, so wait for an older instruction that writes any of them to reach writeback, where
  // the negedge register file write makes the value visible to this Decode read.
  assign CASMatchE = (RdE != 5'b0) & RegWriteE &
                     ((RdD == RdE) | (AMOCASPairD & (((RdD | 5'b1) == RdE) | ((Rs2D | 5'b1) == RdE))));
  assign CASMatchM = (RdM != 5'b0) & RegWriteM &
                     ((RdD == RdM) | (AMOCASPairD & (((RdD | 5'b1) == RdM) | ((Rs2D | 5'b1) == RdM))));
  assign CASHazardD = AMOCASD & (CASMatchE | CASMatchM);
  assign CASReadD   = AMOCASD & ~CASCapturedD & ~CASHazardD; // operands are ready, so borrow the port
  assign CASStallD  = CASReadD | CASHazardD;
  always_ff @(posedge clk)
    if (reset | FlushD)  CASCapturedD <= 1'b0;
    else if (CASReadD)   CASCapturedD <= 1'b1; // compare operand captured; release the stall
    else if (~StallD)    CASCapturedD <= 1'b0; // instruction has left Decode

  // Decode stage pipeline control register
  flopenrc #(1)  controlregD(clk, reset, FlushD, ~StallD, 1'b1, InstrValidD);

  // Execute stage pipeline control register and logic
  flopenrc #(46) controlregE(clk, reset, FlushE, ~StallE,
                           {ALUSelectD, RegWriteD, ResultSrcD, MemRWD, JumpD, BranchD, ALUSrcAD, ALUSrcBD, ALUResultSrcD, CSRReadD, CSRWriteD, PrivilegedD, Funct3D, Funct7D, W64D, BUW64D, SubArithD, MDUD, AtomicD, InvalidateICacheD, FlushDCacheD, FenceD, CMOpD, IFUPrefetchD, LSUPrefetchD, CZeroD, InstrValidD, AMOCASPairD},
                           {ALUSelectE, IEURegWriteE, ResultSrcE, MemRWE, JumpE, BranchE, ALUSrcAE, ALUSrcBE, ALUResultSrcE, CSRReadE, CSRWriteE, PrivilegedE, Funct3E, Funct7E, W64E, UW64E, SubArithE, MDUE, AtomicE, InvalidateICacheE, FlushDCacheE, FenceE, CMOpE, IFUPrefetchE, LSUPrefetchE, CZeroE, InstrValidE, AMOCASPairE});
  flopenrc #(5)  Rs1EReg(clk, reset, FlushE, ~StallE, Rs1D, Rs1E);
  flopenrc #(5)  Rs2EReg(clk, reset, FlushE, ~StallE, Rs2D, Rs2E);
  flopenrc #(5)  RdEReg(clk, reset, FlushE, ~StallE, RdD, RdE);

  // Branch Logic
  //  The comparator handles both signed and unsigned branches using BranchSignedE
  //  Hence, only eq and lt flags are needed
  assign BranchSignedE = (~(Funct3E[2:1] == 2'b11) & BranchE);
  assign {eqE, ltE} = FlagsE;
  mux2 #(1) branchflagmux(eqE, ltE, Funct3E[2], BranchFlagE);
  assign BranchTakenE = BranchFlagE ^ Funct3E[0];

Finished: 2026-09-19T23:04:28.740425+00:00
Return code: 0
Status: PASS
