Started: 2026-09-20T00:11:39.927172+00:00
Command: bash -o pipefail -c 'cat << '"'"'EOF'"'"' > /home/rafay/miniconda3/WallyGuard2/runs/20260919T230158Z-efd6e12a/tests/test.S
#include "selfcheck.h"
.section .text.init
.option norvc
.globl rvtest_entry_point
rvtest_entry_point:
    la t0, trap_handler
    csrw mtvec, t0

    // PMP setup to allow S/U mode memory access
    li t0, -1
    csrw pmpaddr0, t0
    li t0, 0x1f
    csrw pmpcfg0, t0

    // Set mstateen0.ENVCFG (bit 62) to 1
    li t0, 1
    slli t0, t0, 62
    csrs 0x30C, t0

    // Set menvcfg.CBZE (bit 7) to 1
    li t0, 0x80
    csrs 0x30A, t0

    // Set senvcfg.CBZE (bit 7) to 1
    li t0, 0x80
    csrs 0x10A, t0

    // Clear mstateen0.ENVCFG (bit 62) to 0
    li t0, 1
    slli t0, t0, 62
    csrc 0x30C, t0

    // Setup mstatus.MPP = 1 (S-mode), MPIE=0
    li t0, 0x800  // MPP=1
    csrs mstatus, t0
    // clear MPIE, MIE
    li t0, 0x88
    csrc mstatus, t0

    // Setup mepc
    la t0, smode_entry
    csrw mepc, t0

    mret

smode_entry:
    la a0, scratch_space
    cbo.zero (a0)

    // If we get here, cbo.zero did not trap! This is a FAILURE.
    j wg_fail

.balign 4
trap_handler:
    // We expect mcause == 2 (Illegal instruction)
    csrr t0, mcause
    li t1, 2
    beq t0, t1, wg_pass
    // Otherwise fail
    mv a3, t0
    li a2, 2
    li a0, 1
    li a1, 0
    j wg_fail

.section .data
.balign 64
scratch_space:
    .zero 64

WG_FINISH
EOF'


Finished: 2026-09-20T00:11:39.990592+00:00
Return code: 0
Status: PASS
