Started: 2026-09-19T23:04:31.686393+00:00
Command: bash -o pipefail -c 'git log -n 40 --oneline
'

e7e6ea22b Initial local cvw snapshot for shared workspace
030e70eca Merge branch 'wallyguard-pr-1883'
6c7bb2898 Merge branch 'wallyguard-pr-1887'
927cf75df Merge branch 'wallyguard-pr-1889'
344e5b2fb Merge remote-tracking branch 'origin/main'
d9be29a60 mmu: enforce full PMP match across memory operations
9f4c9916e hptw: tag the DTLB entry with the access's own VA on a chained walk
bc7012a92 Merge pull request #1886 from davidharrishmc/dh/revert-1875
734b8982e Revert "This PR depends on PR #1871 and simplifies the bug in that PR (#1875)"
f6de0c256 Repair license URLs mangled by comment-marker conversion
ff84ec108 Merge pull request #1877 from davidharrishmc/dh/zabha
3ddf20f2f Migrate openhwgroup links to openhwfoundation
43978de36 Merge branch 'wallyguard-pr-1882'
34b488f2c Fix off-by-three address decode on mhpmevent CSR writes
46b36c469 Merge branch 'wallyguard-pr-1590'
a79b30ce7 Merge branch 'wallyguard-pr-1601'
09131f041 Merge branch 'wallyguard-pr-1632'
c41264f93 Merge branch 'wallyguard-pr-1771'
36520fc60 Merge branch 'wallyguard-pr-1806'
fb1cf1472 Merge branch 'wallyguard-pr-1842'
3449d4f05 Merge branch 'wallyguard-pr-1847'
2f8a08dd4 Merge branch 'wallyguard-pr-1854'
6f2de1cec Merge branch 'wallyguard-pr-1856'
a1c465829 Merge branch 'wallyguard-pr-1858'
71070a585 Merge branch 'wallyguard-pr-1865'
de7324572 Merge branch 'wallyguard-pr-1868'
8eb64dc0e Merge branch 'wallyguard-pr-1877'
bc4ce52f0 Merge branch 'wallyguard-pr-1878'
7bff93735 Merge branch 'wallyguard-pr-1879'
f21bd079f Merge branch 'wallyguard-pr-1880'
ad7db11b2 Merge branch 'wallyguard-pr-1881'
7c3533cad Merge branch 'wallyguard-pr-1880'
19ab24ec4 Gate mstateen0.CTR with a new SMCTR_SUPPORTED parameter
8b5693dad Implement Smstateen and Ssstateen
068ec4693 Stall amocas until its unforwarded operands are ready
672c64dc1 Hold the amocas compare value in one register instead of two
e071a5335 Merge branch 'wallyguard-pr-1881'
376bf0517 Zacas review cleanups
ea09a5bc0 Implement Zfbfmin BF16 converts
980cb183b Implement Smstateen and Ssstateen

Finished: 2026-09-19T23:04:31.747378+00:00
Return code: 0
Status: PASS
