Started: 2026-09-19T23:04:46.273247+00:00
Command: bash -o pipefail -c 'sed -n '"'"'240,275p'"'"' src/privileged/csr.sv
'

  assign UngatedCSRMWriteM = CSRWriteM & (PrivilegeModeW == P.M_MODE);
  assign CSRMWriteM = DebugMode ? DebugRegWrite & DebugCSREnable : UngatedCSRMWriteM & InstrValidNotFlushedM;
  assign CSRSWriteM = DebugMode ? DebugRegWrite & DebugCSREnable : CSRWriteM & (|PrivilegeModeW) & InstrValidNotFlushedM;
  assign CSRUWriteM = DebugMode ? DebugRegWrite & DebugCSREnable : CSRWriteM  & InstrValidNotFlushedM;
  assign CSRDWriteM = DebugMode ? DebugRegWrite & DebugCSREnable : CSRWriteM & InstrValidNotFlushedM;
  assign CSRTrigWriteM = DebugMode ? DebugRegWrite : CSRWriteM & InstrValidNotFlushedM;
  assign MTrapM = TrapM & (NextPrivilegeModeM == P.M_MODE);
  assign STrapM = TrapM & (NextPrivilegeModeM == P.S_MODE) & P.S_SUPPORTED;

  ///////////////////////////////////////////
  // CSRs
  ///////////////////////////////////////////

  csri #(P) csri(.clk, .reset,
    .CSRMWriteM, .CSRSWriteM, .CSRWriteValM, .CSRAdrM,
    .MExtInt, .SExtInt, .MTimerInt, .STimerInt, .MSwInt,
    .MIDELEG_REGW, .ENVCFG_STCE, .MIP_REGW, .MIE_REGW, .MIP_REGW_writeable);

  csrsr #(P) csrsr(.clk, .reset, .StallW,
    .WriteMSTATUSM, .WriteMSTATUSHM, .WriteSSTATUSM,
    .TrapM, .FRegWriteM, .NextPrivilegeModeM, .PrivilegeModeW,
    .mretM, .sretM, .WriteFRMM, .SetOrWriteFFLAGSM, .CSRWriteValM, .SelHPTW,
    .MSTATUS_REGW, .SSTATUS_REGW, .MSTATUSH_REGW,
    .STATUS_MPP, .STATUS_SPP, .STATUS_TSR, .STATUS_TW,
    .STATUS_MIE, .STATUS_SIE, .STATUS_MXR, .STATUS_SUM, .STATUS_MPRV, .STATUS_TVM,
    .STATUS_FS, .BigEndianM);

  csrm #(P) csrm(.clk, .reset,
    .UngatedCSRMWriteM, .CSRMWriteM, .MTrapM, .CSRAdrM,
    .NextEPCM, .NextCauseM, .NextXtvalM, .MSTATUS_REGW, .MSTATUSH_REGW,
    .CSRWriteValM, .CSRMReadValM, .MTVEC_REGW,
    .MEPC_REGW, .MCOUNTEREN_REGW, .MCOUNTINHIBIT_REGW,
    .MEDELEG_REGW, .MIDELEG_REGW,.PMPCFG_ARRAY_REGW, .PMPADDR_ARRAY_REGW,
    .MIP_REGW, .MIE_REGW, .WriteMSTATUSM, .WriteMSTATUSHM,
    .IllegalCSRMAccessM, .IllegalCSRMWriteReadonlyM,
    .MENVCFG_REGW, .MSTATEEN0_REGW);

Finished: 2026-09-19T23:04:46.334729+00:00
Return code: 0
Status: PASS
