Started: 2026-09-19T23:05:52.353467+00:00
Command: bash -o pipefail -c 'riscv64-unknown-elf-gcc --version
echo "fcvt.bf16.s fa0, fa1" | riscv64-unknown-elf-as -march=rv64gc_zfbfmin -o /tmp/test.o 2>&1
riscv64-unknown-elf-objdump -d /tmp/test.o 2>/dev/null
echo "fcvt.s.bf16 fa0, fa1" | riscv64-unknown-elf-as -march=rv64gc_zfbfmin -o /tmp/test.o 2>&1
riscv64-unknown-elf-objdump -d /tmp/test.o 2>/dev/null
'

riscv64-unknown-elf-gcc (14.2.0+19) 14.2.0
Copyright (C) 2024 Free Software Foundation, Inc.
This is free software; see the source for copying conditions.  There is NO
warranty; not even for MERCHANTABILITY or FITNESS FOR A PARTICULAR PURPOSE.


/tmp/test.o:     file format elf64-littleriscv


Disassembly of section .text:

0000000000000000 <.text>:
   0:	4485f553          	fcvt.bf16.s	fa0,fa1

/tmp/test.o:     file format elf64-littleriscv


Disassembly of section .text:

0000000000000000 <.text>:
   0:	40658553          	fcvt.s.bf16	fa0,fa1

Finished: 2026-09-19T23:05:52.519591+00:00
Return code: 0
Status: PASS
