Started: 2026-09-18T10:52:55.048399+00:00
Command: bash -o pipefail -c 'git log -n 5'

commit 1cd134f49c6dde7694685490245ea9723ac865f3
Author: WallyGuard <wallyguard@localhost>
Date:   Fri Sep 18 09:41:39 2026 +0000

    Initial local cvw snapshot for shared workspace

commit 030e70eca7ce90b858f62018e35ccbf7ff7155aa
Merge: 6c7bb2898 f6de0c256
Author: wallyguard <abdulrafay7582@gmail.com>
Date:   Fri Sep 18 07:24:47 2026 +0000

    Merge branch 'wallyguard-pr-1883'

commit 6c7bb28986d0c57b2506e0a697e86d7d2f088ea9
Merge: 927cf75df 9f4c9916e
Author: wallyguard <abdulrafay7582@gmail.com>
Date:   Fri Sep 18 07:24:46 2026 +0000

    Merge branch 'wallyguard-pr-1887'

commit 927cf75df5e6cf7d635f5ed1fbc909e5609c62b1
Merge: 344e5b2fb d9be29a60
Author: wallyguard <abdulrafay7582@gmail.com>
Date:   Fri Sep 18 07:24:44 2026 +0000

    Merge branch 'wallyguard-pr-1889'

commit 344e5b2fb4303b6c4a25418d6ae4f23bd2fb73e8
Merge: 43978de36 bc7012a92
Author: wallyguard <abdulrafay7582@gmail.com>
Date:   Fri Sep 18 07:24:43 2026 +0000

    Merge remote-tracking branch 'origin/main'

Finished: 2026-09-18T10:52:55.132179+00:00
Return code: 0
Status: PASS
