Started: 2026-09-18T11:01:39.028249+00:00
Command: bash -o pipefail -c 'cat /home/rafay/miniconda3/WallyGuard2/runs/20260918T093837Z-048280be/logs/tool-239f44025db1485791583693643a98a1.log'

Started: 2026-09-18T10:19:12.418849+00:00
Command: bash -o pipefail -c 'TEST_DIR=/home/rafay/miniconda3/WallyGuard2/runs/20260918T093837Z-048280be
WALLY_CLEAN=$TEST_DIR/build/wally_clean
make -C $WALLY_CLEAN/sim/verilator compile WALLY=$WALLY_CLEAN WALLYCONF=rv64gc WORKDIR=$TEST_DIR/build/rv64gc_testbench'

make: Entering directory '/home/rafay/miniconda3/WallyGuard2/runs/20260918T093837Z-048280be/build/wally_clean/sim/verilator'
mkdir -p /home/rafay/miniconda3/WallyGuard2/runs/20260918T093837Z-048280be/build/rv64gc_testbench
verilator \
--Mdir /home/rafay/miniconda3/WallyGuard2/runs/20260918T093837Z-048280be/build/rv64gc_testbench -o Vtestbench      \
--binary --trace \
--assert --no-trace-top --stats \
--top-module testbench       --relative-includes \
"-I/home/rafay/miniconda3/WallyGuard2/runs/20260918T093837Z-048280be/build/wally_clean/config/shared" "-I/home/rafay/miniconda3/WallyGuard2/runs/20260918T093837Z-048280be/build/wally_clean/config/rv64gc" "-I/home/rafay/miniconda3/WallyGuard2/runs/20260918T093837Z-048280be/build/wally_clean/config/deriv/rv64gc" \
 \
 \
 \
/home/rafay/miniconda3/WallyGuard2/runs/20260918T093837Z-048280be/build/wally_clean/src/cvw.sv /home/rafay/miniconda3/WallyGuard2/runs/20260918T093837Z-048280be/build/wally_clean/testbench/testbench     .sv /home/rafay/miniconda3/WallyGuard2/runs/20260918T093837Z-048280be/build/wally_clean/testbench/common/*.sv /home/rafay/miniconda3/WallyGuard2/runs/20260918T093837Z-048280be/build/wally_clean/src/*/*.sv /home/rafay/miniconda3/WallyGuard2/runs/20260918T093837Z-048280be/build/wally_clean/src/*/*/*.sv /home/rafay/miniconda3/WallyGuard2/runs/20260918T093837Z-048280be/build/wally_clean/addins/verilog-ethernet/*/*.sv /home/rafay/miniconda3/WallyGuard2/runs/20260918T093837Z-048280be/build/wally_clean/addins/verilog-ethernet/*/*/*/*.sv
%Error: Cannot find file containing module: '.sv'
        ... See the manual at https://verilator.org/verilator_doc.html?v=5.036 for more assistance.
        ... Looked in:
             /home/rafay/miniconda3/WallyGuard2/runs/20260918T093837Z-048280be/build/wally_clean/config/shared/.sv
             /home/rafay/miniconda3/WallyGuard2/runs/20260918T093837Z-048280be/build/wally_clean/config/shared/.sv.v
             /home/rafay/miniconda3/WallyGuard2/runs/20260918T093837Z-048280be/build/wally_clean/config/shared/.sv.sv
             /home/rafay/miniconda3/WallyGuard2/runs/20260918T093837Z-048280be/build/wally_clean/config/rv64gc/.sv
             /home/rafay/miniconda3/WallyGuard2/runs/20260918T093837Z-048280be/build/wally_clean/config/rv64gc/.sv.v
             /home/rafay/miniconda3/WallyGuard2/runs/20260918T093837Z-048280be/build/wally_clean/config/rv64gc/.sv.sv
             /home/rafay/miniconda3/WallyGuard2/runs/20260918T093837Z-048280be/build/wally_clean/config/deriv/rv64gc/.sv
             /home/rafay/miniconda3/WallyGuard2/runs/20260918T093837Z-048280be/build/wally_clean/config/deriv/rv64gc/.sv.v
             /home/rafay/miniconda3/WallyGuard2/runs/20260918T093837Z-048280be/build/wally_clean/config/deriv/rv64gc/.sv.sv
             .sv
             .sv.v
             .sv.sv
             /home/rafay/miniconda3/WallyGuard2/runs/20260918T093837Z-048280be/build/rv64gc_testbench/.sv
             /home/rafay/miniconda3/WallyGuard2/runs/20260918T093837Z-048280be/build/rv64gc_testbench/.sv.v
             /home/rafay/miniconda3/WallyGuard2/runs/20260918T093837Z-048280be/build/rv64gc_testbench/.sv.sv
%Error: Exiting due to 1 error(s)
make: *** [Makefile:53: compile] Error 1
make: Leaving directory '/home/rafay/miniconda3/WallyGuard2/runs/20260918T093837Z-048280be/build/wally_clean/sim/verilator'

Finished: 2026-09-18T10:19:13.842028+00:00
Return code: 2
Status: COMMAND_FAILED
ERROR: Command exited with code 2

Finished: 2026-09-18T11:01:39.104741+00:00
Return code: 0
Status: PASS
