Started: 2026-09-18T11:02:06.209527+00:00
Command: bash -o pipefail -c 'head -n 25 /home/rafay/miniconda3/WallyGuard2/runs/20260918T093837Z-048280be/logs/tool-7efaf4eb071b4e93b394f24d9456454a.log'

Started: 2026-09-18T10:32:28.948414+00:00
Command: bash -o pipefail -c 'TEST_DIR=/home/rafay/miniconda3/WallyGuard2/runs/20260918T093837Z-048280be
WALLY_CLEAN=$TEST_DIR/build/wally_clean

cat << '"'"'EOF'"'"' > $TEST_DIR/build/clean_src/clean_conflict_head.py
import sys

def clean_file(in_path):
    with open(in_path, '"'"'r'"'"') as f:
        lines = f.readlines()
    
    with open(in_path, '"'"'w'"'"') as f:
        state = 0 # 0: normal, 1: in HEAD, 2: in incoming
        for line in lines:
            if line.startswith('"'"'<<<<<<<'"'"'):
                state = 1
                continue
            elif line.startswith('"'"'======='"'"'):
                state = 2
                continue
            elif line.startswith('"'"'>>>>>>>'"'"'):
                state = 0
                continue
            
            if state == 0 or state == 1:

Finished: 2026-09-18T11:02:06.287955+00:00
Return code: 0
Status: PASS
