Started: 2026-09-18T11:09:34.901541+00:00
Command: bash -o pipefail -c 'grep "dut" /home/rafay/miniconda3/WallyGuard2/wally-worktrees/wally-shared/testbench/testbench.sv
'

    assign EcallFaultM = dut.core.priv.priv.EcallFaultM;
        //$readmemh(romfilename, dut.uncoregen.uncore.bootrom.bootrom.memory.ROM);
        //dut.uncoregen.uncore.sdc.SDC.LimitTimers = 1;
        $readmemh(memfilename, dut.core.ifu.irom.irom.rom.ROM);
            readResult = $fread(dut.uncoregen.uncore.bootrom.bootrom.memory.ROM, memFile);
          readResult = $fread(dut.uncoregen.uncore.ram.ram.memory.ram.RAM, memFile);
            readResult = $fread(dut.uncoregen.uncore.bootrom.bootrom.memory.ROM, memFile);
          readResult = $fread(dut.uncoregen.uncore.ram.ram.memory.ram.RAM, memFile);
            $readmemh(memfilename, dut.uncoregen.uncore.ram.ram.memory.ram.RAM);
          testbench.DCacheFlushFSM.ShadowRAM[ShadowIndex] = dut.uncoregen.uncore.ram.ram.memory.ram.RAM[ShadowIndex - BaseIndex];
            testbench.DCacheFlushFSM.ShadowRAM[ShadowIndex] = dut.uncoregen.uncore.ram.ram.memory.ram.RAM[ShadowIndex - BaseIndex];
        $readmemh(memfilename, dut.core.lsu.dtim.dtim.ram.ram.RAM);
          testbench.DCacheFlushFSM.ShadowRAM[ShadowIndex] = dut.core.lsu.dtim.dtim.ram.ram.RAM[ShadowIndex - BaseIndex];
            testbench.DCacheFlushFSM.ShadowRAM[ShadowIndex] = dut.core.lsu.dtim.dtim.ram.ram.RAM[ShadowIndex - BaseIndex];
          dut.uncoregen.uncore.ram.ram.memory.ram.RAM[adrindex] = '0;
  wallypipelinedsoc  #(P) dut(.clk, .reset_ext, .reset, .ExternalStall(RVVIStall),
         dut.core.PCM, dut.core.InstrM, InstrMName, dut.core.WriteDataM, dut.core.ieu.dp.IEUResultM);
  mux2    #(32)     FlushInstrMMux(dut.core.ifu.InstrE, dut.core.ifu.nop, dut.core.ifu.FlushM, NextInstrE);
  flopenr #(32)     InstrMReg(clk, reset, ~dut.core.ifu.StallM, NextInstrE, InstrM);
  flopenr #(32)    InstrWReg(clk, reset, ~dut.core.ieu.dp.StallW,  InstrM, InstrW);
  instrTrackerTB #(P.XLEN) it(clk, reset, dut.core.ieu.dp.FlushE,
                dut.core.ifu.InstrRawF[31:0],
                dut.core.ifu.InstrD, dut.core.ifu.InstrE,
  ramxdetector #(P.XLEN, P.LLEN) ramxdetector(clk, dut.core.lsu.MemRWM[1], dut.core.lsu.LSULoadAccessFaultM, dut.core.lsu.ReadDataM,
                                      dut.core.ifu.PCM, InstrM, dut.core.lsu.IEUAdrM, dut.core.lsu.StallW, InstrMName);
        if (~dut.uncoregen.uncore.uartgen.uart.MEMWb & dut.uncoregen.uncore.uartgen.uart.uartPC.A == 3'b000 & ~dut.uncoregen.uncore.uartgen.uart.uartPC.DLAB) begin
          $fwrite(uartoutfile, "%c", dut.uncoregen.uncore.uartgen.uart.uartPC.Din); // append characters one at a time so we see a consistent log appearing during the run
  flopenr #(P.XLEN) PCMReg(clk, reset, ~dut.core.StallM, dut.core.PCE, PCM);
      TestComplete <= ((dut.core.lsu.IEUAdrM == ProgramAddrLabelArray["tohost"] & dut.core.lsu.IEUAdrM != 0) & InstrMName == "SW");
      TestComplete <= ((InstrM == 32'h6f) & dut.core.InstrValidM ) | ((dut.core.lsu.IEUAdrM == ProgramAddrLabelArray["tohost"] & dut.core.lsu.IEUAdrM != 0) & InstrMName == "SW");
    // TestComplete <= ((InstrM == 32'h6f) & dut.core.InstrValidM ) |
    //      ((dut.core.lsu.IEUAdrM == ProgramAddrLabelArray["tohost"] & dut.core.lsu.IEUAdrM != 0) & InstrMName == "SW"); // |
    //   (functionName.PCM == 0 & dut.core.ifu.InstrM == 0 & dut.core.InstrValidM & PrevPCZero));
    else if (dut.core.InstrValidM) PrevPCZero <= (PCM == 0 & dut.core.ifu.InstrM == 0);
    if (PCM == 0 & dut.core.ifu.InstrM == 0 & dut.core.InstrValidM & PrevPCZero) begin
    assign Minstret = testbench.dut.core.priv.priv.csr.counters.HPMCOUNTER_REGW[2];
    always @(dut.core.priv.priv.csr.csri.MIP_REGW[7])   void'(rvvi.net_push("MTimerInterrupt",    dut.core.priv.priv.csr.csri.MIP_REGW[7]));
    always @(dut.core.priv.priv.csr.csri.MIP_REGW[11])  void'(rvvi.net_push("MExternalInterrupt", dut.core.priv.priv.csr.csri.MIP_REGW[11]));
    always @(dut.core.priv.priv.csr.csri.MIP_REGW[3])   void'(rvvi.net_push("MSWInterrupt",       dut.core.priv.priv.csr.csri.MIP_REGW[3]));
      always @(dut.core.priv.priv.csr.csri.MIP_REGW[5])   void'(rvvi.net_push("STimerInterrupt",    dut.core.priv.priv.csr.csri.MIP_REGW[5]));
      always @(dut.core.priv.priv.csr.csri.MIP_REGW[9])   void'(rvvi.net_push("SExternalInterrupt", dut.core.priv.priv.csr.csri.MIP_REGW[9]));
      //always @(dut.core.priv.priv.csr.csri.MIP_REGW[1])   void'(rvvi.net_push("SSWInterrupt",       dut.core.priv.priv.csr.csri.MIP_REGW[1]));
      always @(dut.core.priv.priv.trap.ValidIntsM[1])   void'(rvvi.net_push("SSWInterrupt",       dut.core.priv.priv.trap.ValidIntsM[1])); // dh 6/29/25 temporarily use ValidInts until Synopsys fixes level sensitive  https://github.com/openhwfoundation/cvw-arch-verif/issues/670

Finished: 2026-09-18T11:09:34.977523+00:00
Return code: 0
Status: PASS
