Started: 2026-09-18T11:00:47.017809+00:00
Command: bash -o pipefail -c 'ls -la /home/rafay/miniconda3/WallyGuard2/runs/20260918T093837Z-048280be/logs/'

total 1396
drwxrwxr-x 5 rafay rafay 20480 Sep 18 10:52 .
drwxrwxr-x 6 rafay rafay  4096 Sep 18 10:52 ..
drwxrwxr-x 2 rafay rafay  4096 Sep 18 10:48 baseline-reproducer-0-evidence
-rw-rw-r-- 1 rafay rafay   463 Sep 18 10:48 baseline-reproducer-0.log
drwxrwxr-x 2 rafay rafay  4096 Sep 18 10:50 baseline-reproducer-1-evidence
-rw-rw-r-- 1 rafay rafay  1262 Sep 18 10:50 baseline-reproducer-1.log
drwxrwxr-x 2 rafay rafay  4096 Sep 18 10:52 baseline-reproducer-2-evidence
-rw-rw-r-- 1 rafay rafay  1257 Sep 18 10:52 baseline-reproducer-2.log
-rw-rw-r-- 1 rafay rafay   364 Sep 18 10:44 debug.log
-rw------- 1 rafay rafay  1104 Sep 18 10:52 events.jsonl
-rw-rw-r-- 1 rafay rafay     0 Sep 18 10:47 test_pmp_mmode_control_spike.log
-rw-rw-r-- 1 rafay rafay   437 Sep 18 10:47 test_pmp_mmode_control_wally.log
-rw-rw-r-- 1 rafay rafay     0 Sep 18 10:47 test_pmp_mmode_load_cross_spike.log
-rw-rw-r-- 1 rafay rafay   490 Sep 18 10:47 test_pmp_mmode_load_cross_wally.log
-rw-rw-r-- 1 rafay rafay     0 Sep 18 10:47 test_pmp_mmode_store_cross_spike.log
-rw-rw-r-- 1 rafay rafay   492 Sep 18 10:47 test_pmp_mmode_store_cross_wally.log
-rw-rw-r-- 1 rafay rafay   766 Sep 18 10:49 tool-00f9915fc72d4f4ab6d559b25d6c1e75.log
-rw-rw-r-- 1 rafay rafay   683 Sep 18 09:59 tool-0190ab2e553c42f78f6b107dfb58cfb2.log
-rw-rw-r-- 1 rafay rafay  2362 Sep 18 09:42 tool-01cfe65ae7b74a298bc4e9f3c6f285ff.log
-rw-rw-r-- 1 rafay rafay   334 Sep 18 10:15 tool-01ef47c00f5f48359a7ecf35fdd94da0.log
-rw-rw-r-- 1 rafay rafay  2562 Sep 18 09:49 tool-02a0e8f6a84d46d294b07c51adb81128.log
-rw-rw-r-- 1 rafay rafay  4273 Sep 18 09:56 tool-02c5999b07ce4a85985a87cb2a7190a9.log
-rw-rw-r-- 1 rafay rafay  2145 Sep 18 09:45 tool-02d5453491bf4ea2abc68584df9f4d67.log
-rw-rw-r-- 1 rafay rafay   641 Sep 18 10:42 tool-0334655178194ab689c87fa55ddc0d89.log
-rw-rw-r-- 1 rafay rafay 12755 Sep 18 09:55 tool-041457b49f65454da156d260bb653d63.log
-rw-rw-r-- 1 rafay rafay   410 Sep 18 10:21 tool-041e4f7ab7584201ad74b96b951ba1ae.log
-rw-rw-r-- 1 rafay rafay  1124 Sep 18 09:59 tool-055cb00309f34bb1bf39f57a7812efcc.log
-rw-rw-r-- 1 rafay rafay  1811 Sep 18 10:40 tool-0710cc479d604d4dad126036b9e8e748.log
-rw-rw-r-- 1 rafay rafay  9264 Sep 18 09:46 tool-072e05df53ad4989a6eff2f93336cc5a.log
-rw-rw-r-- 1 rafay rafay   630 Sep 18 10:40 tool-09244eb2a94a4316b406c1d9c964388e.log
-rw-rw-r-- 1 rafay rafay  1068 Sep 18 10:41 tool-0c33e10428914a42a24598c4ab2df02c.log
-rw-rw-r-- 1 rafay rafay   698 Sep 18 09:49 tool-0c50206dd9fd4bb887d3776ba025e878.log
-rw-rw-r-- 1 rafay rafay  1465 Sep 18 10:42 tool-0ca64e62efe04446a069bed61db40c46.log
-rw-rw-r-- 1 rafay rafay  1432 Sep 18 09:44 tool-0cfe5c289736466dbde680f5b1757e55.log
-rw-rw-r-- 1 rafay rafay   354 Sep 18 09:50 tool-0dcf650c1c924f579ca56ef200c3fad0.log
-rw-rw-r-- 1 rafay rafay   436 Sep 18 09:51 tool-0ee7d46d15df40219d702df2cf1ebb7e.log
-rw-rw-r-- 1 rafay rafay   370 Sep 18 09:58 tool-113f48e5467b470b9b2426bfaba0e919.log
-rw-rw-r-- 1 rafay rafay   499 Sep 18 09:59 tool-12439bf451c84a3581f849ecafce21b7.log
-rw-rw-r-- 1 rafay rafay  1737 Sep 18 09:49 tool-159292d03c5049bba3ec565895533d91.log
-rw-rw-r-- 1 rafay rafay   945 Sep 18 09:46 tool-16f07d4563b6455281ecb7019f994316.log
-rw-rw-r-- 1 rafay rafay  7432 Sep 18 10:47 tool-19340860a6b847399d54a69bc58f1bef.log
-rw-rw-r-- 1 rafay rafay  4813 Sep 18 09:51 tool-1a8e01be47f1483493baa6c642083b2a.log
-rw-rw-r-- 1 rafay rafay   381 Sep 18 10:45 tool-1aa3fc0cf1dd4aefad600b2b7c8a077d.log
-rw-rw-r-- 1 rafay rafay   636 Sep 18 09:49 tool-1b459d34c2334546ae2e7633f81489fb.log
-rw-rw-r-- 1 rafay rafay  5691 Sep 18 09:48 tool-1b60c66800494097b84fced253400998.log
-rw-rw-r-- 1 rafay rafay  1271 Sep 18 10:11 tool-1ea6b51ef78d4c828c0e77388d336aed.log
-rw-rw-r-- 1 rafay rafay   332 Sep 18 10:11 tool-2019a9e92551463f8cc719e864360504.log
-rw-rw-r-- 1 rafay rafay  3586 Sep 18 09:55 tool-21074c39e78d48e299c90c582c9c3899.log
-rw-rw-r-- 1 rafay rafay   258 Sep 18 09:48 tool-223b5dd707fe44b5b869d2ed780f3659.log
-rw-rw-r-- 1 rafay rafay  3361 Sep 18 09:57 tool-22930e86cfd242d1a3b6b36b558ab829.log
-rw-rw-r-- 1 rafay rafay   649 Sep 18 09:59 tool-2397c6e636824b7b95fa082a9096f90a.log
-rw-rw-r-- 1 rafay rafay  3762 Sep 18 10:19 tool-239f44025db1485791583693643a98a1.log
-rw-rw-r-- 1 rafay rafay   288 Sep 18 10:11 tool-25320cb5a49446869277c3eb0f824182.log
-rw-rw-r-- 1 rafay rafay  6612 Sep 18 09:42 tool-258624e9805e4d659ccb17810de25b25.log
-rw-rw-r-- 1 rafay rafay  1575 Sep 18 09:55 tool-28c13b98408e4004a03cefa0b14d8c3f.log
-rw-rw-r-- 1 rafay rafay  2480 Sep 18 10:42 tool-28c6d95c58484501b5b1b556226750f8.log
-rw-rw-r-- 1 rafay rafay  1884 Sep 18 10:42 tool-2e27b4cf3aed45a89544a0bfdc9e1062.log
-rw-rw-r-- 1 rafay rafay   588 Sep 18 09:45 tool-2e98925bfc634a8290da942d36f89c9b.log
-rw-rw-r-- 1 rafay rafay  1160 Sep 18 09:56 tool-2f7d3ad6fa11446a94385c2bc0fc916f.log
-rw-rw-r-- 1 rafay rafay   237 Sep 18 09:49 tool-2fa0b1c371c94c8bbe1bc4c1dc15bda2.log
-rw-rw-r-- 1 rafay rafay  2925 Sep 18 10:31 tool-3019858073184e5abe9bca29bf6c144a.log
-rw-rw-r-- 1 rafay rafay  3324 Sep 18 10:42 tool-31c404dcc31843f3b7f9ca90b0b1cabc.log
-rw-rw-r-- 1 rafay rafay  1739 Sep 18 09:45 tool-3331e87e3bf34d70a98dcc5f18d4db77.log
-rw-rw-r-- 1 rafay rafay   560 Sep 18 10:43 tool-3414ed9cbba54e62b5ee11af34e700b5.log
-rw-rw-r-- 1 rafay rafay  2975 Sep 18 10:31 tool-3588674ff9624661a4658c768c4194dd.log
-rw-rw-r-- 1 rafay rafay  1227 Sep 18 09:56 tool-36046c97c387496380e65878ca5cf0f3.log
-rw-rw-r-- 1 rafay rafay  4009 Sep 18 09:42 tool-37875adb126344afb3435321de82137c.log
-rw-rw-r-- 1 rafay rafay  3769 Sep 18 09:45 tool-3a9719f15dcd42f8be912a3e68af254b.log
-rw-rw-r-- 1 rafay rafay  1945 Sep 18 10:18 tool-3bd48d09599f4e389d1cf7ee74c6e785.log
-rw-rw-r-- 1 rafay rafay  2820 Sep 18 09:50 tool-3c0646abbf9c408a81c37b60ddb8d7e7.log
-rw-rw-r-- 1 rafay rafay  1624 Sep 18 09:48 tool-3cdffd2e79da4bd7a0fcc2d50ffdc979.log
-rw-rw-r-- 1 rafay rafay  2417 Sep 18 10:38 tool-3e0611167ca64460b42d31c92bea6e41.log
-rw-rw-r-- 1 rafay rafay   848 Sep 18 10:49 tool-42e962ed59404085bedae041a149ae89.log
-rw-rw-r-- 1 rafay rafay  1929 Sep 18 09:44 tool-441cada3d7c140a0b91b443ac9c4c9db.log
-rw-rw-r-- 1 rafay rafay  2099 Sep 18 09:44 tool-4558420073404ee4849b692d92b40b6d.log
-rw-rw-r-- 1 rafay rafay   334 Sep 18 10:40 tool-45692413c32444b1839bdb3f51cde853.log
-rw-rw-r-- 1 rafay rafay   470 Sep 18 09:55 tool-45956b4ccf4a456c9433ebf54be1bcb7.log
-rw-rw-r-- 1 rafay rafay   411 Sep 18 09:50 tool-45e3ee8d4afd49f99d4dabcacc547aad.log
-rw-rw-r-- 1 rafay rafay  2249 Sep 18 09:51 tool-476195548e09429b8421e37dfbabb52f.log
-rw-rw-r-- 1 rafay rafay   853 Sep 18 09:44 tool-47c64fe8b2714a44813d7b329a1ba357.log
-rw-rw-r-- 1 rafay rafay  2710 Sep 18 09:56 tool-48afc094a36c40cca3529b8c0efe3663.log
-rw-rw-r-- 1 rafay rafay   371 Sep 18 09:50 tool-4a677aa4370e4a0a8912e6fe277f85a1.log
-rw-rw-r-- 1 rafay rafay   345 Sep 18 09:51 tool-4b9b23908ca842d5883cf45fc702d616.log
-rw-rw-r-- 1 rafay rafay   691 Sep 18 10:44 tool-4bcd928b174b4ec5a958d790f244654b.log
-rw-rw-r-- 1 rafay rafay  7118 Sep 18 09:51 tool-4d4847969c8a4491a52acb55726d70c3.log
-rw-rw-r-- 1 rafay rafay  4717 Sep 18 09:42 tool-4f99a51f816f40fcb1869d6c38e02eb7.log
-rw-rw-r-- 1 rafay rafay  2264 Sep 18 09:44 tool-50b0b0e3c7084651a356b0e7e91fdab5.log
-rw-rw-r-- 1 rafay rafay  1743 Sep 18 09:59 tool-5237aa5315bb4f538bda6966f504c0e8.log
-rw-rw-r-- 1 rafay rafay  3673 Sep 18 09:58 tool-56f59478629f40df8315ab8b8b539a62.log
-rw-rw-r-- 1 rafay rafay  1285 Sep 18 10:16 tool-57ffe5d584d040f09bd45d37d271ce01.log
-rw-rw-r-- 1 rafay rafay   326 Sep 18 10:51 tool-59f3f8ab3cfe48be9f831dd2f0bac223.log
-rw-rw-r-- 1 rafay rafay 14381 Sep 18 09:42 tool-5a04e220174e4a75a80a32a852ba65ba.log
-rw-rw-r-- 1 rafay rafay  1831 Sep 18 09:57 tool-5aa0ccc06d3d4f52b125fb4a4aa9d95e.log
-rw-rw-r-- 1 rafay rafay   504 Sep 18 10:51 tool-5b2a52d088504ac0b2cb2bfd9f82bf4b.log
-rw-rw-r-- 1 rafay rafay 21587 Sep 18 09:42 tool-5c526470ff9f4a518c8c18d384dd47f6.log
-rw-rw-r-- 1 rafay rafay   412 Sep 18 10:43 tool-5d42e6bb689e485da32316d89db56032.log
-rw-rw-r-- 1 rafay rafay  3645 Sep 18 09:56 tool-5ebbca8505474b06b17206f6f85818ec.log
-rw-rw-r-- 1 rafay rafay 29354 Sep 18 09:44 tool-60dff3cdd55d4f7d8eac52d1c2ddbfd8.log
-rw-rw-r-- 1 rafay rafay  2928 Sep 18 09:56 tool-61cea64510c1429ba9cc51da3a9ba627.log
-rw-rw-r-- 1 rafay rafay   729 Sep 18 10:51 tool-63e73a02121042e486a0896b38c6ce8e.log
-rw-rw-r-- 1 rafay rafay  4519 Sep 18 09:43 tool-64a5f2f4b0ce480daeab547adde6b7e7.log
-rw-rw-r-- 1 rafay rafay  2596 Sep 18 10:17 tool-6557a1f498eb4fd88f9590eeff4a3337.log
-rw-rw-r-- 1 rafay rafay  2418 Sep 18 09:56 tool-65ba176950c34ee4a9e9bf95c9df8526.log
-rw-rw-r-- 1 rafay rafay   602 Sep 18 10:11 tool-68db71234d2848aea19899ed26112819.log
-rw-rw-r-- 1 rafay rafay  1304 Sep 18 09:47 tool-6ab8e9876b9d4f2aab3148a09a1b9838.log
-rw-rw-r-- 1 rafay rafay 11986 Sep 18 09:59 tool-6ae808b147934d1bac577f86845e4d10.log
-rw-rw-r-- 1 rafay rafay   751 Sep 18 09:48 tool-6c7c1e985347423eaaf15704247661cb.log
-rw-rw-r-- 1 rafay rafay   524 Sep 18 10:21 tool-6d2c23554bc34686bc9daf51b83622e6.log
-rw-rw-r-- 1 rafay rafay 10120 Sep 18 09:55 tool-70e9b15a97244d4e981a86ac6bc54fd6.log
-rw-rw-r-- 1 rafay rafay  2204 Sep 18 10:49 tool-727a10dfd2164819aff83b87f2757d58.log
-rw-rw-r-- 1 rafay rafay   373 Sep 18 09:50 tool-72d509b6acb74459a8d8b741545a6cec.log
-rw-rw-r-- 1 rafay rafay  1531 Sep 18 09:46 tool-75e8793b02ad47a181179f22f13ac14c.log
-rw-rw-r-- 1 rafay rafay  2120 Sep 18 09:45 tool-767c8da59d92462bb0ecc5540bcf5721.log
-rw-rw-r-- 1 rafay rafay 18552 Sep 18 09:49 tool-772c54b2799d44099569f60f4dec5ce7.log
-rw-rw-r-- 1 rafay rafay 65593 Sep 18 09:42 tool-7a7a0ea26fe84bb59fc982093d1a3f19.log
-rw-rw-r-- 1 rafay rafay  2751 Sep 18 10:46 tool-7befb9886dd34f00ae49112a4dce713b.log
-rw-rw-r-- 1 rafay rafay  2110 Sep 18 09:51 tool-7c01e113459346c599ab55c78c1c45ac.log
-rw-rw-r-- 1 rafay rafay  1338 Sep 18 09:50 tool-7d6d706918424a65b63c94900da0b57e.log
-rw-rw-r-- 1 rafay rafay 52900 Sep 18 10:37 tool-7efaf4eb071b4e93b394f24d9456454a.log
-rw-rw-r-- 1 rafay rafay  1711 Sep 18 09:59 tool-81c97efbfd384661a7c93963c5205d43.log
-rw-rw-r-- 1 rafay rafay 17915 Sep 18 09:51 tool-821e6255ecef405aaec25310443b78ff.log
-rw-rw-r-- 1 rafay rafay   340 Sep 18 09:49 tool-834030fd30d24f54855df56c15cd7d0f.log
-rw-rw-r-- 1 rafay rafay  2152 Sep 18 09:42 tool-844d2f99ab744f85b7a782ddcbcc9746.log
-rw-rw-r-- 1 rafay rafay  3688 Sep 18 10:40 tool-8a4bd4cf5138470f9b29f4f6036eb314.log
-rw-rw-r-- 1 rafay rafay   907 Sep 18 10:44 tool-8a54c23911f94b528354151c11e69546.log
-rw-rw-r-- 1 rafay rafay 18536 Sep 18 09:48 tool-8d71358873ce4f04bc18ec8486b40b92.log
-rw-rw-r-- 1 rafay rafay  5200 Sep 18 09:48 tool-8e66877fbf08452c917384de9f865719.log
-rw-rw-r-- 1 rafay rafay  2879 Sep 18 09:56 tool-90c0c1eabc8b4ccf86b75a33c5376ca0.log
-rw-rw-r-- 1 rafay rafay   826 Sep 18 10:44 tool-9218137e0ace4975b368752793525dbf.log
-rw-rw-r-- 1 rafay rafay   544 Sep 18 10:44 tool-9266d18381534ca6b95bb1c8d94f59ed.log
-rw-rw-r-- 1 rafay rafay  1734 Sep 18 10:40 tool-932d8ef1fa9f46118be3258d8c44c939.log
-rw-rw-r-- 1 rafay rafay  2994 Sep 18 09:51 tool-97a01c5bf8eb489eabd82b1fdd78219b.log
-rw-rw-r-- 1 rafay rafay  1477 Sep 18 10:19 tool-98290d5b2c154dc6891193a1cab04e38.log
-rw-rw-r-- 1 rafay rafay   601 Sep 18 09:42 tool-9a3b5efd6688484f904088ac94ea7bae.log
-rw-rw-r-- 1 rafay rafay   997 Sep 18 09:50 tool-9a9ed509923341e3aa6dd4991b1bd966.log
-rw-rw-r-- 1 rafay rafay   257 Sep 18 09:56 tool-9abf305a991841e5bb4275504d0a2b1a.log
-rw-rw-r-- 1 rafay rafay   748 Sep 18 09:49 tool-9b1f5982f77f44d2a723ff83d26942a0.log
-rw-rw-r-- 1 rafay rafay   739 Sep 18 10:47 tool-9fe37da780f34e9fbca8b1d77c312a1e.log
-rw-rw-r-- 1 rafay rafay  3227 Sep 18 09:47 tool-a08520eb06584bfea68b8cf11ee00e7a.log
-rw-rw-r-- 1 rafay rafay  1019 Sep 18 10:46 tool-a138d7d0b0b446cc8c26e6aba880fc97.log
-rw-rw-r-- 1 rafay rafay   321 Sep 18 10:38 tool-a2a2695143054de3a6594fbb51e103f6.log
-rw-rw-r-- 1 rafay rafay   381 Sep 18 10:44 tool-a2f3cd929e9b4a3588cc818f96e44d6c.log
-rw-rw-r-- 1 rafay rafay   826 Sep 18 09:43 tool-a35837780eb147fcae28f79191c8828c.log
-rw-rw-r-- 1 rafay rafay 34507 Sep 18 09:46 tool-a481a2caefb14e3db7c4e09d88f5a695.log
-rw-rw-r-- 1 rafay rafay   313 Sep 18 10:46 tool-a9543017d55e4a2095bf71d804c00f77.log
-rw-rw-r-- 1 rafay rafay   749 Sep 18 10:43 tool-aaf226e70a2c4dae838a7288736170e8.log
-rw-rw-r-- 1 rafay rafay  1494 Sep 18 09:42 tool-ad3b13967501491da651506c9ecc3cb5.log
-rw-rw-r-- 1 rafay rafay 18243 Sep 18 09:46 tool-aea6e48b400d458a9cff48c085c22be0.log
-rw-rw-r-- 1 rafay rafay  2939 Sep 18 10:15 tool-b064a3f8e82c4e6a828ea65c028e13c4.log
-rw-rw-r-- 1 rafay rafay  1487 Sep 18 09:55 tool-b5f12d9fe9cf485c8ee0d382a0448d4e.log
-rw-rw-r-- 1 rafay rafay   780 Sep 18 09:42 tool-b63826d8d16c4153a7f6bddaa678fea6.log
-rw-rw-r-- 1 rafay rafay 38370 Sep 18 09:54 tool-b7ad3e8b00164f02b7162c41fe3a9a6c.log
-rw-rw-r-- 1 rafay rafay   270 Sep 18 10:51 tool-b85e85a1e3ed4a56b657e56b16e0e8a7.log
-rw-rw-r-- 1 rafay rafay   564 Sep 18 10:39 tool-b89da84c56a441449d64cddb4a9d6e0a.log
-rw-rw-r-- 1 rafay rafay 12174 Sep 18 09:49 tool-b92956a8ca75434198a9fe3ebfa690cd.log
-rw-rw-r-- 1 rafay rafay  4292 Sep 18 09:44 tool-b93013bc40a5480695f85ed107598f60.log
-rw-rw-r-- 1 rafay rafay  2820 Sep 18 09:50 tool-b9e449c6e18b4ea5880fc46bf67b369d.log
-rw-rw-r-- 1 rafay rafay   262 Sep 18 10:43 tool-c0368fe3edd7464d923c7cb51bd71720.log
-rw-rw-r-- 1 rafay rafay   318 Sep 18 10:31 tool-c15964038f624b638a52d9aca11d31c7.log
-rw-rw-r-- 1 rafay rafay  2439 Sep 18 09:44 tool-c2eb3b0de1c748768d0a5fd1f33e322e.log
-rw-rw-r-- 1 rafay rafay   488 Sep 18 09:51 tool-c3aaaf685a724548979379bccba61fb1.log
-rw-rw-r-- 1 rafay rafay  2232 Sep 18 09:46 tool-c4f8a2e82a9f4dccb8536110574083fc.log
-rw-rw-r-- 1 rafay rafay  1600 Sep 18 10:51 tool-c5067d8c85ce4cd58bdf41c5e6be87c1.log
-rw-rw-r-- 1 rafay rafay  6157 Sep 18 09:48 tool-c5b8cb29661647a6abd91b815d939a21.log
-rw-rw-r-- 1 rafay rafay   341 Sep 18 10:45 tool-c63c30937b554adf84b57d34b4b2ef8d.log
-rw-rw-r-- 1 rafay rafay  2589 Sep 18 09:50 tool-c9b2a95d46544a67971c9611da6ff669.log
-rw-rw-r-- 1 rafay rafay  1047 Sep 18 09:56 tool-ca42794aab6747e9a96218b6aa6bf57d.log
-rw-rw-r-- 1 rafay rafay   916 Sep 18 09:59 tool-ccaa326538c24fea973205b14bfe3eed.log
-rw-rw-r-- 1 rafay rafay   907 Sep 18 10:45 tool-cd3012e6653b4cc4b302fb2f39475c2d.log
-rw-rw-r-- 1 rafay rafay   995 Sep 18 10:38 tool-cd4e92803c424c25a3ec01be0d6a6fd9.log
-rw-rw-r-- 1 rafay rafay  2763 Sep 18 09:43 tool-ce00cc4c90f4448c911131a7aee842b1.log
-rw-rw-r-- 1 rafay rafay  2695 Sep 18 09:49 tool-cf4517097d86436fa847ab1bfce87b8f.log
-rw-rw-r-- 1 rafay rafay  2498 Sep 18 09:49 tool-d0f2dcf94d3044f698be2bd6e50485ab.log
-rw-rw-r-- 1 rafay rafay   593 Sep 18 10:21 tool-d1b10775a11a4902984367d3d7d3e2f1.log
-rw-rw-r-- 1 rafay rafay   533 Sep 18 09:48 tool-d2656bdf9f534d8da79d3530812c2eea.log
-rw-rw-r-- 1 rafay rafay  2175 Sep 18 09:55 tool-d3292e85551f4e88b44bece608fa074e.log
-rw-rw-r-- 1 rafay rafay  1924 Sep 18 09:49 tool-d57f87b2a9d44ab5aecf7b326b4d4465.log
-rw-rw-r-- 1 rafay rafay 50789 Sep 18 09:43 tool-d61a4bea084648fabe5fa3f5aa62f97b.log
-rw-rw-r-- 1 rafay rafay  1909 Sep 18 09:51 tool-d64cf67a78a44e27a160c141c6d24ead.log
-rw-rw-r-- 1 rafay rafay  4321 Sep 18 09:45 tool-d66c070a883343a2b0aaf40b2bedab26.log
-rw-rw-r-- 1 rafay rafay  3604 Sep 18 09:46 tool-d6d5cf0465134dcc8a2ed7a22110def4.log
-rw-rw-r-- 1 rafay rafay  6406 Sep 18 09:45 tool-d76d7bb65565483f899df60dad054856.log
-rw-rw-r-- 1 rafay rafay  7782 Sep 18 09:47 tool-d8532b1a32a041a093835627781e8dc9.log
-rw-rw-r-- 1 rafay rafay  1892 Sep 18 09:49 tool-d887b8382f8c4f7f93afd62d667d9c7f.log
-rw-rw-r-- 1 rafay rafay  1868 Sep 18 09:48 tool-d8b0d034181d4f53b5af9466ff2be5b4.log
-rw-rw-r-- 1 rafay rafay  4702 Sep 18 10:16 tool-d8b78490cff24afd884e8648177ac5f7.log
-rw-rw-r-- 1 rafay rafay  7329 Sep 18 09:57 tool-da9fd1ec314e44119583083f2b1f032f.log
-rw-rw-r-- 1 rafay rafay  4266 Sep 18 10:40 tool-dafe07df3fad4845a8120da55cc31aa8.log
-rw-rw-r-- 1 rafay rafay  1501 Sep 18 09:48 tool-ddb367caf63a4abea5d8fddb7fe2f8e5.log
-rw-rw-r-- 1 rafay rafay   328 Sep 18 09:49 tool-de8afdd1eef2469096e30589f43d789b.log
-rw-rw-r-- 1 rafay rafay   230 Sep 18 10:51 tool-ded846dfe6054c1c96977441cf5e8f7c.log
-rw-rw-r-- 1 rafay rafay  5087 Sep 18 09:48 tool-df018acf2a5349f68eaef93dc7bb5a52.log
-rw-rw-r-- 1 rafay rafay  2064 Sep 18 09:51 tool-dfc287c1bfd0402586e81a45f21d6d46.log
-rw-rw-r-- 1 rafay rafay 13681 Sep 18 10:20 tool-e07901b5c3d64cc2972f9574e40b3d33.log
-rw-rw-r-- 1 rafay rafay  3711 Sep 18 09:57 tool-e179c121095b4c968d8e2a1e0bca86cb.log
-rw-rw-r-- 1 rafay rafay  5069 Sep 18 10:19 tool-e2712de8fd10457f8650967fd0614fce.log
-rw-rw-r-- 1 rafay rafay  1872 Sep 18 09:55 tool-e34890b7f0f240f0b465668ed681a4ae.log
-rw-rw-r-- 1 rafay rafay  4045 Sep 18 10:42 tool-e365df3808f54526a3feac4a606e9a30.log
-rw-rw-r-- 1 rafay rafay  1075 Sep 18 10:40 tool-e3d74021161443c59a39104279b71084.log
-rw-rw-r-- 1 rafay rafay   176 Sep 18 09:49 tool-e46436903d1e4518b3ebb46082d081df.log
-rw-rw-r-- 1 rafay rafay  4268 Sep 18 09:56 tool-e4b9b9333ac0408c9a56dfc66e0a31bf.log
-rw-rw-r-- 1 rafay rafay  1185 Sep 18 09:57 tool-e69aff7d40c04e7281cf48f4d23149d3.log
-rw-rw-r-- 1 rafay rafay  4822 Sep 18 10:41 tool-ea5bc674f34a48709976c5066e7a9885.log
-rw-rw-r-- 1 rafay rafay   621 Sep 18 10:50 tool-eaacce6ec9dd43c5970dfc532fabc2fc.log
-rw-rw-r-- 1 rafay rafay  1010 Sep 18 09:59 tool-ec0461f66a0c42b6a1bc2f852c571d6c.log
-rw-rw-r-- 1 rafay rafay   381 Sep 18 09:56 tool-ec696d7e6fa54280b24d4ee6640e59d3.log
-rw-rw-r-- 1 rafay rafay  1013 Sep 18 10:43 tool-ee0f55936956440d999f1907918d58f1.log
-rw-rw-r-- 1 rafay rafay  4517 Sep 18 10:45 tool-ee18b7036cea4b77b4469f44050a8d74.log
-rw-rw-r-- 1 rafay rafay   234 Sep 18 09:43 tool-f841592c6a0d4479b5bf9714db50da2d.log
-rw-rw-r-- 1 rafay rafay  8846 Sep 18 10:20 tool-f8fd73d26ac247dcad9fa1828e87a156.log
-rw-rw-r-- 1 rafay rafay  7425 Sep 18 09:43 tool-fbd4f1382be340b2b59388e503192936.log
-rw-rw-r-- 1 rafay rafay   233 Sep 18 10:16 tool-fc734100b5ed4cdd95100efd4ba511a7.log
-rw-rw-r-- 1 rafay rafay  4126 Sep 18 09:48 tool-fdd38a6dadcc454fb532205873c44571.log
-rw-rw-r-- 1 rafay rafay  5730 Sep 18 09:47 tool-feb468938f1743a392b64a4e028961b3.log
-rw-rw-r-- 1 rafay rafay  9394 Sep 18 09:43 tool-fed8b0e0ff7a4f668d1e60286a2dbbfe.log

Finished: 2026-09-18T11:00:47.100676+00:00
Return code: 0
Status: PASS
