Started: 2026-09-18T11:10:39.152723+00:00
Command: bash -o pipefail -c 'sed -n '"'"'275,295p'"'"' /home/rafay/miniconda3/WallyGuard2/runs/20260918T105234Z-b204db37/build/clean_src/specialcase.sv
'

      else                        PostProcResFmt = NormRes;
  else
    always_comb
      if(NaNIn|Invalid)           PostProcResFmt = InvalidRes;
      else if(SelOfRes)           PostProcResFmt = OfRes;
      else if(KillRes)            PostProcResFmt = UfRes;
      else                        PostProcResFmt = NormRes;
      if(XNaN&~(IntToFp&CvtOp))   PostProcResPreBox = XNaNRes;
      else if(YNaN&~CvtOp)        PostProcResPreBox = YNaNRes;
      else if(ZNaN&FmaOp)         PostProcResPreBox = ZNaNRes;
      else if(Invalid)            PostProcResPreBox = InvalidRes;
      else if(SelOfRes)           PostProcResPreBox = OfRes;
      else if(KillRes)            PostProcResPreBox = Bf16Dst ? Bf16UfRes : UfRes;
      else                        PostProcResPreBox = NormRes;
  else
    always_comb
      if(NaNIn|Invalid)           PostProcResPreBox = InvalidRes;
      else if(SelOfRes)           PostProcResPreBox = OfRes;
      else if(KillRes)            PostProcResPreBox = Bf16Dst ? Bf16UfRes : UfRes;
      else                        PostProcResPreBox = NormRes;


Finished: 2026-09-18T11:10:39.232534+00:00
Return code: 0
Status: PASS
