Started: 2026-09-18T10:58:52.194264+00:00
Command: bash -o pipefail -c 'grep -rn "=======" src/'

src/fpu/postproc/round.sv:34:=======
src/fpu/postproc/round.sv:81:=======
src/fpu/postproc/specialcase.sv:75:=======
src/fpu/postproc/specialcase.sv:97:=======
src/fpu/postproc/specialcase.sv:289:=======
src/fpu/postproc/specialcase.sv:407:=======
src/fpu/unpack.sv:61:=======
src/fpu/fcvt.sv:215:=======
src/vpu/vfrec7.sv:130:  // ==========================================================================
src/vpu/vfrec7.sv:132:  // ==========================================================================
src/vpu/vfrec7.sv:176:    // ========================================================================
src/vpu/vfrec7.sv:178:    // ========================================================================
src/vpu/vfrec7.sv:277:    // ========================================================================
src/vpu/vfrec7.sv:279:    // ========================================================================
src/vpu/vfrec7.sv:376:      // ======================================================================
src/vpu/vfrec7.sv:380:      // ======================================================================
src/vpu/vfrec7.sv:456:        // ====================================================================
src/vpu/vfrec7.sv:463:        // ====================================================================
src/vpu/vfrec7.sv:467:        // ==========================================================================
src/vpu/vfrec7.sv:472:        // ==========================================================================
src/vpu/vfrec7.sv:614:        // ====================================================================
src/vpu/vfrec7.sv:616:        // ====================================================================
src/uncore/plic_apb.sv:100:  // =======
src/uncore/plic_apb.sv:102:  // =======
src/uncore/plic_apb.sv:116:  // ==================
src/uncore/plic_apb.sv:118:  // ==================

Finished: 2026-09-18T10:58:52.286710+00:00
Return code: 0
Status: PASS
