Started: 2026-09-18T11:02:32.517154+00:00
Command: bash -o pipefail -c 'grep -A 20 "def elfFileCheck" bin/wsim'

def elfFileCheck(args):
    ElfFile = ""
    if os.path.isfile(args.elf):
        ElfFile = os.path.abspath(args.elf)
        args.testsuite = args.elf  # Use the ELF file as the test suite name
    elif args.elf:
        print(f"ELF file not found: {args.elf}")
        sys.exit(1)
    elif args.testsuite.endswith(".elf"):  # No --elf argument; check if testsuite has a .elf extension and use that instead
        if os.path.isfile(args.testsuite):
            ElfFile = os.path.abspath(args.testsuite)
        else:
            print(f"ELF file not found: {args.testsuite}")
            sys.exit(1)
    # Extract the elf name from the path to be the test suite
    fields = args.testsuite.rsplit("/", 3)
    # If the name is just ref.elf in a deep path (riscv-arch-test/wally-riscv-arch-test), then use the directory name as the test suite to make it unique; otherwise work directory will have duplicates.
    if "breker" in args.testsuite:
        args.testsuite = fields[-1]
    elif len(fields) > 3:
        if fields[2] == "ref":

Finished: 2026-09-18T11:02:32.608351+00:00
Return code: 0
Status: PASS
