Started: 2026-09-18T11:08:42.624829+00:00
Command: bash -o pipefail -c 'bash /home/rafay/miniconda3/WallyGuard2/runs/20260918T105234Z-b204db37/build_reproducer.sh
'

Cleaning up conflicting headers...
Cleaning up conflicting SV files...
Compiling Vtestbench...
make: Entering directory '/home/rafay/miniconda3/WallyGuard2/wally-worktrees/wally-shared/sim/verilator'
mkdir -p /home/rafay/miniconda3/WallyGuard2/wally-worktrees/wally-shared/sim/verilator/wkdir/rv64gc_testbench
verilator \
--Mdir /home/rafay/miniconda3/WallyGuard2/wally-worktrees/wally-shared/sim/verilator/wkdir/rv64gc_testbench -o Vtestbench \
--binary --trace \
--assert --no-trace-top --stats \
--top-module testbench  --relative-includes \
-I/home/rafay/miniconda3/WallyGuard2/runs/20260918T105234Z-b204db37/build/clean_inc/shared -I/home/rafay/miniconda3/WallyGuard2/runs/20260918T105234Z-b204db37/build/clean_inc/rv64gc -I/home/rafay/miniconda3/WallyGuard2/wally-worktrees/wally-shared/config/deriv/rv64gc \
/home/rafay/miniconda3/WallyGuard2/wally-worktrees/wally-shared/sim/verilator/wrapper.c \
 \
 \
/home/rafay/miniconda3/WallyGuard2/wally-worktrees/wally-shared/src/cvw.sv /home/rafay/miniconda3/WallyGuard2/wally-worktrees/wally-shared/testbench/testbench.sv /home/rafay/miniconda3/WallyGuard2/wally-worktrees/wally-shared/testbench/common/*.sv /home/rafay/miniconda3/WallyGuard2/wally-worktrees/wally-shared/src/fpu/fsgninj.sv
%Error: /home/rafay/miniconda3/WallyGuard2/wally-worktrees/wally-shared/src/cvw.sv:37:12: Cannot find include file: 'BranchPredictorType.vh'
   37 |   `include "BranchPredictorType.vh"
      |            ^~~~~~~~~~~~~~~~~~~~~~~~
        ... See the manual at https://verilator.org/verilator_doc.html?v=5.036 for more assistance.
        ... Looked in:
             /home/rafay/miniconda3/WallyGuard2/runs/20260918T105234Z-b204db37/build/clean_inc/shared/BranchPredictorType.vh
             /home/rafay/miniconda3/WallyGuard2/runs/20260918T105234Z-b204db37/build/clean_inc/shared/BranchPredictorType.vh.v
             /home/rafay/miniconda3/WallyGuard2/runs/20260918T105234Z-b204db37/build/clean_inc/shared/BranchPredictorType.vh.sv
             /home/rafay/miniconda3/WallyGuard2/runs/20260918T105234Z-b204db37/build/clean_inc/rv64gc/BranchPredictorType.vh
             /home/rafay/miniconda3/WallyGuard2/runs/20260918T105234Z-b204db37/build/clean_inc/rv64gc/BranchPredictorType.vh.v
             /home/rafay/miniconda3/WallyGuard2/runs/20260918T105234Z-b204db37/build/clean_inc/rv64gc/BranchPredictorType.vh.sv
             /home/rafay/miniconda3/WallyGuard2/wally-worktrees/wally-shared/config/deriv/rv64gc/BranchPredictorType.vh
             /home/rafay/miniconda3/WallyGuard2/wally-worktrees/wally-shared/config/deriv/rv64gc/BranchPredictorType.vh.v
             /home/rafay/miniconda3/WallyGuard2/wally-worktrees/wally-shared/config/deriv/rv64gc/BranchPredictorType.vh.sv
             BranchPredictorType.vh
             BranchPredictorType.vh.v
             BranchPredictorType.vh.sv
             /home/rafay/miniconda3/WallyGuard2/wally-worktrees/wally-shared/sim/verilator/wkdir/rv64gc_testbench/BranchPredictorType.vh
             /home/rafay/miniconda3/WallyGuard2/wally-worktrees/wally-shared/sim/verilator/wkdir/rv64gc_testbench/BranchPredictorType.vh.v
             /home/rafay/miniconda3/WallyGuard2/wally-worktrees/wally-shared/sim/verilator/wkdir/rv64gc_testbench/BranchPredictorType.vh.sv
%Error: /home/rafay/miniconda3/WallyGuard2/runs/20260918T105234Z-b204db37/build/clean_inc/rv64gc/config.vh:28:10: Cannot find include file: 'BranchPredictorType.vh'
   28 | `include "BranchPredictorType.vh"
      |          ^~~~~~~~~~~~~~~~~~~~~~~~
%Error: /home/rafay/miniconda3/WallyGuard2/runs/20260918T105234Z-b204db37/build/clean_inc/rv64gc/config.vh:273:10: Cannot find include file: 'config-shared.vh'
  273 | `include "config-shared.vh"
      |          ^~~~~~~~~~~~~~~~~~
%Error: /home/rafay/miniconda3/WallyGuard2/wally-worktrees/wally-shared/testbench/testbench.sv:31:10: Cannot find include file: 'BranchPredictorType.vh'
   31 | `include "BranchPredictorType.vh"
      |          ^~~~~~~~~~~~~~~~~~~~~~~~
%Error: /home/rafay/miniconda3/WallyGuard2/runs/20260918T105234Z-b204db37/build/clean_inc/shared/parameter-defs.vh:4:10: Cannot find include file: 'BranchPredictorType.vh'
    4 | `include "BranchPredictorType.vh"
      |          ^~~~~~~~~~~~~~~~~~~~~~~~
%Error: /home/rafay/miniconda3/WallyGuard2/runs/20260918T105234Z-b204db37/build/clean_inc/rv64gc/config.vh:253:25: Define or directive not defined: '`BP_GSHARE'
  253 | localparam BPRED_TYPE = `BP_GSHARE;  
      |                         ^~~~~~~~~~
        /home/rafay/miniconda3/WallyGuard2/wally-worktrees/wally-shared/testbench/testbench.sv:30:1: ... note: In file included from 'testbench.sv'
%Error: /home/rafay/miniconda3/WallyGuard2/runs/20260918T105234Z-b204db37/build/clean_inc/rv64gc/config.vh:253:35: syntax error, unexpected ';', expecting IDENTIFIER-for-type
  253 | localparam BPRED_TYPE = `BP_GSHARE;  
      |                                   ^
        /home/rafay/miniconda3/WallyGuard2/wally-worktrees/wally-shared/testbench/testbench.sv:30:1: ... note: In file included from 'testbench.sv'
%Error: Exiting due to 7 error(s)
make: *** [Makefile:53: compile] Error 1
make: Leaving directory '/home/rafay/miniconda3/WallyGuard2/wally-worktrees/wally-shared/sim/verilator'
Touching executable...
Compiling ELFs...

Finished: 2026-09-18T11:08:43.174060+00:00
Return code: 0
Status: PASS
