Started: 2026-09-18T11:25:04.802649+00:00
Command: bash -o pipefail -c 'cat /home/rafay/miniconda3/WallyGuard2/runs/20260918T105234Z-b204db37/tests/test_pmp_mmode_control.S'

.section .text.init
.globl _start
.globl rvtest_entry_point
_start:
rvtest_entry_point:
    # Setup PMP0: test_buf to test_buf+4 (unlocked, L=0, TOR, RWX, cfg=0x0F)
    la t0, test_buf
    addi t1, t0, 4
    srli t1, t1, 2
    csrw pmpaddr0, t1

    # Setup PMP1: test_buf+4 to test_buf+16 (locked, L=1, TOR, R=1, W=0, X=1, cfg=0x8D)
    addi t2, t0, 16
    srli t2, t2, 2
    csrw pmpaddr1, t2

    # Setup PMP2: -1 (L=0, TOR, RWX, cfg=0x0F)
    li t3, -1
    csrw pmpaddr2, t3

    # cfg: pmp0=0x0F, pmp1=0x8D, pmp2=0x0F
    # pmpcfg0 = (0x0F) | (0x8D << 8) | (0x0F << 16)
    li t4, 0x0F8D0F
    csrw pmpcfg0, t4

    # Setup trap handler
    la t5, mtvec_handler
    csrw mtvec, t5

    # Test: 4-byte sw to test_buf+0. Completely inside PMP0.
    la t0, test_buf
    li t1, 0x1111
    sw t1, 0(t0)

pass:
    la t0, selfcheck_record
    li t1, 1 # Status = 1 (pass)
    sd t1, 0(t0)
    la t0, tohost
    li t1, 1
    sd t1, 0(t0)
    .option norvc
1:  j 1b

fail:
    la t0, selfcheck_record
    li t1, 2 # Status = 2 (mismatch)
    sd t1, 0(t0)
    la t0, tohost
    li t1, 1
    sd t1, 0(t0)
    .option norvc
1:  j 1b

.align 4
mtvec_handler:
    j fail

.section .data
.align 6
.globl tohost
tohost: .dword 0
.globl fromhost
fromhost: .dword 0

.align 6
.globl selfcheck_record
.globl begin_signature
selfcheck_record:
begin_signature:
.dword 0 # Status
.dword 0 # Index
.dword 0 # Adr
.dword 0x1111 # Expected
.dword 0 # Actual
.globl end_signature
end_signature:

.align 3
test_buf:
.dword 0
.dword 0

Finished: 2026-09-18T11:25:04.872367+00:00
Return code: 0
Status: PASS
