Started: 2026-09-18T11:02:13.443466+00:00
Command: bash -o pipefail -c 'sed -n '"'"'25,75p'"'"' /home/rafay/miniconda3/WallyGuard2/runs/20260918T093837Z-048280be/logs/tool-7efaf4eb071b4e93b394f24d9456454a.log'

            if state == 0 or state == 1:
                f.write(line)

for file in sys.argv[1:]:
    clean_file(file)
EOF

# Restore from original WALLY
rsync -a $WALLY/src/fpu/fcvt.sv $WALLY_CLEAN/src/fpu/fcvt.sv
rsync -a $WALLY/src/fpu/postproc/round.sv $WALLY_CLEAN/src/fpu/postproc/round.sv
rsync -a $WALLY/src/fpu/postproc/specialcase.sv $WALLY_CLEAN/src/fpu/postproc/specialcase.sv
rsync -a $WALLY/src/fpu/unpack.sv $WALLY_CLEAN/src/fpu/unpack.sv
rsync -a $WALLY/config/rv64gc/config.vh $WALLY_CLEAN/config/rv64gc/config.vh
rsync -a $WALLY/config/shared/parameter-defs.vh $WALLY_CLEAN/config/shared/parameter-defs.vh

# Clean to HEAD
python3 $TEST_DIR/build/clean_src/clean_conflict_head.py $WALLY_CLEAN/src/fpu/fcvt.sv $WALLY_CLEAN/src/fpu/postproc/round.sv $WALLY_CLEAN/src/fpu/postproc/specialcase.sv $WALLY_CLEAN/src/fpu/unpack.sv $WALLY_CLEAN/config/rv64gc/config.vh $WALLY_CLEAN/config/shared/parameter-defs.vh

# Fix missing declarations in round.sv
sed -i '"'"'s/logic \[P.FLEN:0\]                 RoundAddFmt;/logic [P.FLEN:0]                 RoundAddFmt;\n  logic [P.FLEN:0]                 Bf16RoundAdd;\n  logic                            Bf16Sticky;/'"'"' $WALLY_CLEAN/src/fpu/postproc/round.sv

# Fix missing declarations in specialcase.sv (UfResFmt was missing?) Let'"'"'s check if it compiles.
make -C $WALLY_CLEAN/sim/verilator clean
make -C $WALLY_CLEAN/sim/verilator compile WALLY=$WALLY_CLEAN WALLYCONF=rv64gc TESTBENCH=testbench WORKDIR=$TEST_DIR/build/rv64gc_testbench'

make: Entering directory '/home/rafay/miniconda3/WallyGuard2/runs/20260918T093837Z-048280be/build/wally_clean/sim/verilator'
rm -rf /home/rafay/miniconda3/WallyGuard2/wally-worktrees/wally-shared/sim/verilator/wkdir /home/rafay/miniconda3/WallyGuard2/wally-worktrees/wally-shared/sim/verilator/logs
make: Leaving directory '/home/rafay/miniconda3/WallyGuard2/runs/20260918T093837Z-048280be/build/wally_clean/sim/verilator'
make: Entering directory '/home/rafay/miniconda3/WallyGuard2/runs/20260918T093837Z-048280be/build/wally_clean/sim/verilator'
mkdir -p /home/rafay/miniconda3/WallyGuard2/runs/20260918T093837Z-048280be/build/rv64gc_testbench
verilator \
--Mdir /home/rafay/miniconda3/WallyGuard2/runs/20260918T093837Z-048280be/build/rv64gc_testbench -o Vtestbench \
--binary --trace \
--assert --no-trace-top --stats \
--top-module testbench  --relative-includes \
"-I/home/rafay/miniconda3/WallyGuard2/runs/20260918T093837Z-048280be/build/wally_clean/config/shared" "-I/home/rafay/miniconda3/WallyGuard2/runs/20260918T093837Z-048280be/build/wally_clean/config/rv64gc" "-I/home/rafay/miniconda3/WallyGuard2/runs/20260918T093837Z-048280be/build/wally_clean/config/deriv/rv64gc" \
/home/rafay/miniconda3/WallyGuard2/runs/20260918T093837Z-048280be/build/wally_clean/sim/verilator/wrapper.c \
 \
 \
/home/rafay/miniconda3/WallyGuard2/runs/20260918T093837Z-048280be/build/wally_clean/src/cvw.sv /home/rafay/miniconda3/WallyGuard2/runs/20260918T093837Z-048280be/build/wally_clean/testbench/testbench.sv /home/rafay/miniconda3/WallyGuard2/runs/20260918T093837Z-048280be/build/wally_clean/testbench/common/*.sv /home/rafay/miniconda3/WallyGuard2/runs/20260918T093837Z-048280be/build/wally_clean/src/*/*.sv /home/rafay/miniconda3/WallyGuard2/runs/20260918T093837Z-048280be/build/wally_clean/src/*/*/*.sv /home/rafay/miniconda3/WallyGuard2/runs/20260918T093837Z-048280be/build/wally_clean/addins/verilog-ethernet/*/*.sv /home/rafay/miniconda3/WallyGuard2/runs/20260918T093837Z-048280be/build/wally_clean/addins/verilog-ethernet/*/*/*/*.sv
make[1]: Entering directory '/home/rafay/miniconda3/WallyGuard2/runs/20260918T093837Z-048280be/build/rv64gc_testbench'
ccache g++  -I.  -MMD -I/home/rafay/riscv/share/verilator/include -I/home/rafay/riscv/share/verilator/include/vltstd -DVM_COVERAGE=0 -DVM_SC=0 -DVM_TIMING=1 -DVM_TRACE=1 -DVM_TRACE_FST=0 -DVM_TRACE_VCD=1 -DVM_TRACE_SAIF=0 -faligned-new -fcf-protection=none -Wno-bool-operation -Wno-shadow -Wno-sign-compare -Wno-subobject-linkage -Wno-tautological-compare -Wno-uninitialized -Wno-unused-but-set-parameter -Wno-unused-but-set-variable -Wno-unused-parameter -Wno-unused-variable    -DVL_TIME_CONTEXT   -fcoroutines -Os  -c -o wrapper.o /home/rafay/miniconda3/WallyGuard2/runs/20260918T093837Z-048280be/build/wally_clean/sim/verilator/wrapper.c
ccache g++ -Os  -I.  -MMD -I/home/rafay/riscv/share/verilator/include -I/home/rafay/riscv/share/verilator/include/vltstd -DVM_COVERAGE=0 -DVM_SC=0 -DVM_TIMING=1 -DVM_TRACE=1 -DVM_TRACE_FST=0 -DVM_TRACE_VCD=1 -DVM_TRACE_SAIF=0 -faligned-new -fcf-protection=none -Wno-bool-operation -Wno-shadow -Wno-sign-compare -Wno-subobject-linkage -Wno-tautological-compare -Wno-uninitialized -Wno-unused-but-set-parameter -Wno-unused-but-set-variable -Wno-unused-parameter -Wno-unused-variable    -DVL_TIME_CONTEXT   -fcoroutines -c -o verilated.o /home/rafay/riscv/share/verilator/include/verilated.cpp
ccache g++ -Os  -I.  -MMD -I/home/rafay/riscv/share/verilator/include -I/home/rafay/riscv/share/verilator/include/vltstd -DVM_COVERAGE=0 -DVM_SC=0 -DVM_TIMING=1 -DVM_TRACE=1 -DVM_TRACE_FST=0 -DVM_TRACE_VCD=1 -DVM_TRACE_SAIF=0 -faligned-new -fcf-protection=none -Wno-bool-operation -Wno-shadow -Wno-sign-compare -Wno-subobject-linkage -Wno-tautological-compare -Wno-uninitialized -Wno-unused-but-set-parameter -Wno-unused-but-set-variable -Wno-unused-parameter -Wno-unused-variable    -DVL_TIME_CONTEXT   -fcoroutines -c -o verilated_dpi.o /home/rafay/riscv/share/verilator/include/verilated_dpi.cpp
ccache g++ -Os  -I.  -MMD -I/home/rafay/riscv/share/verilator/include -I/home/rafay/riscv/share/verilator/include/vltstd -DVM_COVERAGE=0 -DVM_SC=0 -DVM_TIMING=1 -DVM_TRACE=1 -DVM_TRACE_FST=0 -DVM_TRACE_VCD=1 -DVM_TRACE_SAIF=0 -faligned-new -fcf-protection=none -Wno-bool-operation -Wno-shadow -Wno-sign-compare -Wno-subobject-linkage -Wno-tautological-compare -Wno-uninitialized -Wno-unused-but-set-parameter -Wno-unused-but-set-variable -Wno-unused-parameter -Wno-unused-variable    -DVL_TIME_CONTEXT   -fcoroutines -c -o verilated_vcd_c.o /home/rafay/riscv/share/verilator/include/verilated_vcd_c.cpp
ccache g++ -Os  -I.  -MMD -I/home/rafay/riscv/share/verilator/include -I/home/rafay/riscv/share/verilator/include/vltstd -DVM_COVERAGE=0 -DVM_SC=0 -DVM_TIMING=1 -DVM_TRACE=1 -DVM_TRACE_FST=0 -DVM_TRACE_VCD=1 -DVM_TRACE_SAIF=0 -faligned-new -fcf-protection=none -Wno-bool-operation -Wno-shadow -Wno-sign-compare -Wno-subobject-linkage -Wno-tautological-compare -Wno-uninitialized -Wno-unused-but-set-parameter -Wno-unused-but-set-variable -Wno-unused-parameter -Wno-unused-variable    -DVL_TIME_CONTEXT   -fcoroutines -c -o verilated_timing.o /home/rafay/riscv/share/verilator/include/verilated_timing.cpp
ccache g++ -Os  -I.  -MMD -I/home/rafay/riscv/share/verilator/include -I/home/rafay/riscv/share/verilator/include/vltstd -DVM_COVERAGE=0 -DVM_SC=0 -DVM_TIMING=1 -DVM_TRACE=1 -DVM_TRACE_FST=0 -DVM_TRACE_VCD=1 -DVM_TRACE_SAIF=0 -faligned-new -fcf-protection=none -Wno-bool-operation -Wno-shadow -Wno-sign-compare -Wno-subobject-linkage -Wno-tautological-compare -Wno-uninitialized -Wno-unused-but-set-parameter -Wno-unused-but-set-variable -Wno-unused-parameter -Wno-unused-variable    -DVL_TIME_CONTEXT   -fcoroutines -c -o verilated_threads.o /home/rafay/riscv/share/verilator/include/verilated_threads.cpp
ccache g++ -Os  -I.  -MMD -I/home/rafay/riscv/share/verilator/include -I/home/rafay/riscv/share/verilator/include/vltstd -DVM_COVERAGE=0 -DVM_SC=0 -DVM_TIMING=1 -DVM_TRACE=1 -DVM_TRACE_FST=0 -DVM_TRACE_VCD=1 -DVM_TRACE_SAIF=0 -faligned-new -fcf-protection=none -Wno-bool-operation -Wno-shadow -Wno-sign-compare -Wno-subobject-linkage -Wno-tautological-compare -Wno-uninitialized -Wno-unused-but-set-parameter -Wno-unused-but-set-variable -Wno-unused-parameter -Wno-unused-variable    -DVL_TIME_CONTEXT   -fcoroutines -x c++-header Vtestbench__pch.h -o Vtestbench__pch.h.fast.gch
ccache g++ -Os  -I.  -MMD -I/home/rafay/riscv/share/verilator/include -I/home/rafay/riscv/share/verilator/include/vltstd -DVM_COVERAGE=0 -DVM_SC=0 -DVM_TIMING=1 -DVM_TRACE=1 -DVM_TRACE_FST=0 -DVM_TRACE_VCD=1 -DVM_TRACE_SAIF=0 -faligned-new -fcf-protection=none -Wno-bool-operation -Wno-shadow -Wno-sign-compare -Wno-subobject-linkage -Wno-tautological-compare -Wno-uninitialized -Wno-unused-but-set-parameter -Wno-unused-but-set-variable -Wno-unused-parameter -Wno-unused-variable    -DVL_TIME_CONTEXT   -fcoroutines -include Vtestbench__pch.h.fast -c -o Vtestbench.o Vtestbench.cpp
ccache g++ -Os  -I.  -MMD -I/home/rafay/riscv/share/verilator/include -I/home/rafay/riscv/share/verilator/include/vltstd -DVM_COVERAGE=0 -DVM_SC=0 -DVM_TIMING=1 -DVM_TRACE=1 -DVM_TRACE_FST=0 -DVM_TRACE_VCD=1 -DVM_TRACE_SAIF=0 -faligned-new -fcf-protection=none -Wno-bool-operation -Wno-shadow -Wno-sign-compare -Wno-subobject-linkage -Wno-tautological-compare -Wno-uninitialized -Wno-unused-but-set-parameter -Wno-unused-but-set-variable -Wno-unused-parameter -Wno-unused-variable    -DVL_TIME_CONTEXT   -fcoroutines -include Vtestbench__pch.h.fast -c -o Vtestbench___024root__DepSet_hfc24d085__0.o Vtestbench___024root__DepSet_hfc24d085__0.cpp
ccache g++ -Os  -I.  -MMD -I/home/rafay/riscv/share/verilator/include -I/home/rafay/riscv/share/verilator/include/vltstd -DVM_COVERAGE=0 -DVM_SC=0 -DVM_TIMING=1 -DVM_TRACE=1 -DVM_TRACE_FST=0 -DVM_TRACE_VCD=1 -DVM_TRACE_SAIF=0 -faligned-new -fcf-protection=none -Wno-bool-operation -Wno-shadow -Wno-sign-compare -Wno-subobject-linkage -Wno-tautological-compare -Wno-uninitialized -Wno-unused-but-set-parameter -Wno-unused-but-set-variable -Wno-unused-parameter -Wno-unused-variable    -DVL_TIME_CONTEXT   -fcoroutines -include Vtestbench__pch.h.fast -c -o Vtestbench___024root__DepSet_hfc24d085__1.o Vtestbench___024root__DepSet_hfc24d085__1.cpp

Finished: 2026-09-18T11:02:13.521891+00:00
Return code: 0
Status: PASS
