Started: 2026-09-18T11:11:16.923664+00:00
Command: bash -o pipefail -c 'grep -A 10 -B 5 "<<<<<<<" /home/rafay/miniconda3/WallyGuard2/wally-worktrees/wally-shared/config/rv64gc/config.vh
'

localparam logic D_SUPPORTED   = 1;
localparam logic Q_SUPPORTED   = 0;
localparam logic ZFH_SUPPORTED = 1;
localparam logic ZFA_SUPPORTED = 1;
localparam logic ZFBFMIN_SUPPORTED = 1; // BF16 converts, requires F
<<<<<<< HEAD

// Vector extensions
localparam logic V_SUPPORTED = 0;
localparam VLEN = 32'd256;
localparam VPU_MAX_EU = 32'd4;
localparam VPU_INT_EU = 32'd2;
localparam VPU_INT_LANES = 32'd2;
localparam VPU_INT_MUL = 32'd2;
localparam VPU_INT_MUL_LANES = 32'd2;
localparam VPU_FP_EU = 32'd2;

Finished: 2026-09-18T11:11:16.996800+00:00
Return code: 0
Status: PASS
