Started: 2026-09-18T11:02:29.793749+00:00
Command: bash -o pipefail -c 'grep -A 35 "def prepSim" bin/wsim'

def prepSim(args, ElfFile):
    prefix = ""
    paramsList = []
    argsList = []
    flagsList = []
    defineList = []
    if args.vcd:
        paramsList.append("MAKE_VCD=1")
        if args.sim == "questa":
            flagsList.append("--vcd")
    if args.rvvi:
        paramsList.append("RVVI_SYNTH_SUPPORTED=1")
    if args.tb == "testbench_fp":
        paramsList.append(f'TEST="{args.testsuite}"')
    if ElfFile:
        argsList.append(f"+ElfFile={ElfFile}")
    if args.gui and args.tb == "testbench":
        paramsList.append("DEBUG=1")
    if args.ccov:
        flagsList.append("--ccov")
    # if args.fcov:
    #     flagsList.append("--fcov")
    #     defineList.append("+define+FCOV")
    if args.gui:
        flagsList.append("--gui")
    if args.lockstep or args.lockstepverbose:
        flagsList.append("--lockstep")
        prefix += lockstepSetup(args)
        defineList.append("+define+USE_IMPERAS_DV")
    if "breker" in args.config and args.sim != "verilator":  # Requires a license for the breker tool. See tests/breker/README.md for details
        ElfFileNoExtension = os.path.splitext(ElfFile)[0]
        flagsList.append("--breker")
        defineList.append("+define+USE_TREK_DV")
        argsList.append(f"+TREK_TBX_FILE={ElfFileNoExtension}.tbx")
        if "WALLY_UVM_PKG" not in os.environ:
            prefix += f"WALLY_UVM_PKG={WALLY}/testbench/trek_files/{'rv64' if args.config == 'rv64breker' else 'rv32'}/uvm_output/trek_uvm_pkg.sv"

Finished: 2026-09-18T11:02:29.873393+00:00
Return code: 0
Status: PASS
