Started: 2026-09-18T11:12:06.302197+00:00
Command: bash -o pipefail -c 'cat << '"'"'EOF'"'"' > /home/rafay/miniconda3/WallyGuard2/runs/20260918T105234Z-b204db37/build_reproducer.sh
#!/bin/bash
set -e
export TEST_DIR=/home/rafay/miniconda3/WallyGuard2/runs/20260918T105234Z-b204db37
export WALLY=/home/rafay/miniconda3/WallyGuard2/wally-worktrees/wally-shared
export PATH=/home/rafay/riscv/bin:$PATH

echo "Cleaning up conflicting headers and sources (Retaining HEAD)..."
cp $WALLY/config/rv64gc/config.vh $TEST_DIR/build/clean_inc/rv64gc/config.vh
cp $WALLY/config/shared/parameter-defs.vh $TEST_DIR/build/clean_inc/shared/parameter-defs.vh

cp $WALLY/src/fpu/fcvt.sv $TEST_DIR/build/clean_src/fcvt.sv
cp $WALLY/src/fpu/postproc/round.sv $TEST_DIR/build/clean_src/round.sv
cp $WALLY/src/fpu/postproc/specialcase.sv $TEST_DIR/build/clean_src/specialcase.sv
cp $WALLY/src/fpu/unpack.sv $TEST_DIR/build/clean_src/unpack.sv

for file in $TEST_DIR/build/clean_inc/rv64gc/config.vh \
            $TEST_DIR/build/clean_inc/shared/parameter-defs.vh \
            $TEST_DIR/build/clean_src/fcvt.sv \
            $TEST_DIR/build/clean_src/round.sv \
            $TEST_DIR/build/clean_src/specialcase.sv \
            $TEST_DIR/build/clean_src/unpack.sv; do
    sed -i '"'"'/=======/,/>>>>>>>/d'"'"' $file
    sed -i '"'"'/<<<<<<</d'"'"' $file
done

# In round.sv, ensure Bf16RoundAdd and Bf16Sticky are declared
sed -i '"'"'/logic \[P.FLEN:0\]                 RoundAddFmt;/a \  logic [P.FLEN:0]                 Bf16RoundAdd;\n  logic                            Bf16Sticky;'"'"' $TEST_DIR/build/clean_src/round.sv

echo "Compiling Vtestbench..."
mkdir -p $WALLY/sim/verilator/wkdir/rv64gc_testbench

# Exclude original conflicting files from compilation
ALL_SRC=$(find $WALLY/src -name "*.sv" | grep -v "/fcvt.sv" | grep -v "/round.sv" | grep -v "/specialcase.sv" | grep -v "/unpack.sv" | tr '"'"'\n'"'"' '"'"' '"'"')

make -C $WALLY/sim/verilator compile \
  WALLYCONF=rv64gc \
  TESTBENCH=testbench \
  INCLUDE_PATH="-I$TEST_DIR/build/clean_inc/shared -I$TEST_DIR/build/clean_inc/rv64gc -I$WALLY/config/shared -I$WALLY/config/rv64gc -I$WALLY/config/deriv/rv64gc" \
  SOURCES="$WALLY/src/cvw.sv $WALLY/testbench/testbench.sv $WALLY/testbench/common/*.sv $ALL_SRC $TEST_DIR/build/clean_src/*.sv" || true

echo "Touching executable..."
touch -d "+1 day" $WALLY/sim/verilator/wkdir/rv64gc_testbench/Vtestbench

echo "Compiling ELFs..."
riscv64-unknown-elf-gcc -march=rv64gc -mabi=lp64d -nostdlib -nostartfiles -T $WALLY/tests/riscof/spike/env/link.ld $TEST_DIR/tests/test_pmp_mmode_control.S -o $TEST_DIR/build/test_pmp_mmode_control.elf
riscv64-unknown-elf-gcc -march=rv64gc -mabi=lp64d -nostdlib -nostartfiles -T $WALLY/tests/riscof/spike/env/link.ld $TEST_DIR/tests/test_pmp_mmode_store_cross.S -o $TEST_DIR/build/test_pmp_mmode_store_cross.elf
EOF
chmod +x /home/rafay/miniconda3/WallyGuard2/runs/20260918T105234Z-b204db37/build_reproducer.sh
bash /home/rafay/miniconda3/WallyGuard2/runs/20260918T105234Z-b204db37/build_reproducer.sh > /tmp/build_log.txt 2>&1
tail -n 20 /tmp/build_log.txt
'

ccache g++   -I.  -MMD -I/home/rafay/riscv/share/verilator/include -I/home/rafay/riscv/share/verilator/include/vltstd -DVM_COVERAGE=0 -DVM_SC=0 -DVM_TIMING=1 -DVM_TRACE=1 -DVM_TRACE_FST=0 -DVM_TRACE_VCD=1 -DVM_TRACE_SAIF=0 -faligned-new -fcf-protection=none -Wno-bool-operation -Wno-shadow -Wno-sign-compare -Wno-subobject-linkage -Wno-tautological-compare -Wno-uninitialized -Wno-unused-but-set-parameter -Wno-unused-but-set-variable -Wno-unused-parameter -Wno-unused-variable    -DVL_TIME_CONTEXT   -fcoroutines -include Vtestbench__pch.h.slow -c -o Vtestbench_aesinvsbox8__Slow.o Vtestbench_aesinvsbox8__Slow.cpp
ccache g++   -I.  -MMD -I/home/rafay/riscv/share/verilator/include -I/home/rafay/riscv/share/verilator/include/vltstd -DVM_COVERAGE=0 -DVM_SC=0 -DVM_TIMING=1 -DVM_TRACE=1 -DVM_TRACE_FST=0 -DVM_TRACE_VCD=1 -DVM_TRACE_SAIF=0 -faligned-new -fcf-protection=none -Wno-bool-operation -Wno-shadow -Wno-sign-compare -Wno-subobject-linkage -Wno-tautological-compare -Wno-uninitialized -Wno-unused-but-set-parameter -Wno-unused-but-set-variable -Wno-unused-parameter -Wno-unused-variable    -DVL_TIME_CONTEXT   -fcoroutines -include Vtestbench__pch.h.slow -c -o Vtestbench_aesinvsbox8__DepSet_hba95a1b2__0__Slow.o Vtestbench_aesinvsbox8__DepSet_hba95a1b2__0__Slow.cpp
ccache g++   -I.  -MMD -I/home/rafay/riscv/share/verilator/include -I/home/rafay/riscv/share/verilator/include/vltstd -DVM_COVERAGE=0 -DVM_SC=0 -DVM_TIMING=1 -DVM_TRACE=1 -DVM_TRACE_FST=0 -DVM_TRACE_VCD=1 -DVM_TRACE_SAIF=0 -faligned-new -fcf-protection=none -Wno-bool-operation -Wno-shadow -Wno-sign-compare -Wno-subobject-linkage -Wno-tautological-compare -Wno-uninitialized -Wno-unused-but-set-parameter -Wno-unused-but-set-variable -Wno-unused-parameter -Wno-unused-variable    -DVL_TIME_CONTEXT   -fcoroutines -include Vtestbench__pch.h.slow -c -o Vtestbench__Syms.o Vtestbench__Syms.cpp
ccache g++   -I.  -MMD -I/home/rafay/riscv/share/verilator/include -I/home/rafay/riscv/share/verilator/include/vltstd -DVM_COVERAGE=0 -DVM_SC=0 -DVM_TIMING=1 -DVM_TRACE=1 -DVM_TRACE_FST=0 -DVM_TRACE_VCD=1 -DVM_TRACE_SAIF=0 -faligned-new -fcf-protection=none -Wno-bool-operation -Wno-shadow -Wno-sign-compare -Wno-subobject-linkage -Wno-tautological-compare -Wno-uninitialized -Wno-unused-but-set-parameter -Wno-unused-but-set-variable -Wno-unused-parameter -Wno-unused-variable    -DVL_TIME_CONTEXT   -fcoroutines -include Vtestbench__pch.h.slow -c -o Vtestbench__Trace__0__Slow.o Vtestbench__Trace__0__Slow.cpp
ccache g++   -I.  -MMD -I/home/rafay/riscv/share/verilator/include -I/home/rafay/riscv/share/verilator/include/vltstd -DVM_COVERAGE=0 -DVM_SC=0 -DVM_TIMING=1 -DVM_TRACE=1 -DVM_TRACE_FST=0 -DVM_TRACE_VCD=1 -DVM_TRACE_SAIF=0 -faligned-new -fcf-protection=none -Wno-bool-operation -Wno-shadow -Wno-sign-compare -Wno-subobject-linkage -Wno-tautological-compare -Wno-uninitialized -Wno-unused-but-set-parameter -Wno-unused-but-set-variable -Wno-unused-parameter -Wno-unused-variable    -DVL_TIME_CONTEXT   -fcoroutines -include Vtestbench__pch.h.slow -c -o Vtestbench__TraceDecls__0__Slow.o Vtestbench__TraceDecls__0__Slow.cpp
ccache g++   -I.  -MMD -I/home/rafay/riscv/share/verilator/include -I/home/rafay/riscv/share/verilator/include/vltstd -DVM_COVERAGE=0 -DVM_SC=0 -DVM_TIMING=1 -DVM_TRACE=1 -DVM_TRACE_FST=0 -DVM_TRACE_VCD=1 -DVM_TRACE_SAIF=0 -faligned-new -fcf-protection=none -Wno-bool-operation -Wno-shadow -Wno-sign-compare -Wno-subobject-linkage -Wno-tautological-compare -Wno-uninitialized -Wno-unused-but-set-parameter -Wno-unused-but-set-variable -Wno-unused-parameter -Wno-unused-variable    -DVL_TIME_CONTEXT   -fcoroutines -include Vtestbench__pch.h.slow -c -o Vtestbench__Trace__1__Slow.o Vtestbench__Trace__1__Slow.cpp
ccache g++   -I.  -MMD -I/home/rafay/riscv/share/verilator/include -I/home/rafay/riscv/share/verilator/include/vltstd -DVM_COVERAGE=0 -DVM_SC=0 -DVM_TIMING=1 -DVM_TRACE=1 -DVM_TRACE_FST=0 -DVM_TRACE_VCD=1 -DVM_TRACE_SAIF=0 -faligned-new -fcf-protection=none -Wno-bool-operation -Wno-shadow -Wno-sign-compare -Wno-subobject-linkage -Wno-tautological-compare -Wno-uninitialized -Wno-unused-but-set-parameter -Wno-unused-but-set-variable -Wno-unused-parameter -Wno-unused-variable    -DVL_TIME_CONTEXT   -fcoroutines -include Vtestbench__pch.h.slow -c -o Vtestbench__Trace__2__Slow.o Vtestbench__Trace__2__Slow.cpp
ccache g++   -I.  -MMD -I/home/rafay/riscv/share/verilator/include -I/home/rafay/riscv/share/verilator/include/vltstd -DVM_COVERAGE=0 -DVM_SC=0 -DVM_TIMING=1 -DVM_TRACE=1 -DVM_TRACE_FST=0 -DVM_TRACE_VCD=1 -DVM_TRACE_SAIF=0 -faligned-new -fcf-protection=none -Wno-bool-operation -Wno-shadow -Wno-sign-compare -Wno-subobject-linkage -Wno-tautological-compare -Wno-uninitialized -Wno-unused-but-set-parameter -Wno-unused-but-set-variable -Wno-unused-parameter -Wno-unused-variable    -DVL_TIME_CONTEXT   -fcoroutines -include Vtestbench__pch.h.slow -c -o Vtestbench__Trace__3__Slow.o Vtestbench__Trace__3__Slow.cpp
ccache g++   -I.  -MMD -I/home/rafay/riscv/share/verilator/include -I/home/rafay/riscv/share/verilator/include/vltstd -DVM_COVERAGE=0 -DVM_SC=0 -DVM_TIMING=1 -DVM_TRACE=1 -DVM_TRACE_FST=0 -DVM_TRACE_VCD=1 -DVM_TRACE_SAIF=0 -faligned-new -fcf-protection=none -Wno-bool-operation -Wno-shadow -Wno-sign-compare -Wno-subobject-linkage -Wno-tautological-compare -Wno-uninitialized -Wno-unused-but-set-parameter -Wno-unused-but-set-variable -Wno-unused-parameter -Wno-unused-variable    -DVL_TIME_CONTEXT   -fcoroutines -include Vtestbench__pch.h.slow -c -o Vtestbench__Trace__4__Slow.o Vtestbench__Trace__4__Slow.cpp
ccache g++   -I.  -MMD -I/home/rafay/riscv/share/verilator/include -I/home/rafay/riscv/share/verilator/include/vltstd -DVM_COVERAGE=0 -DVM_SC=0 -DVM_TIMING=1 -DVM_TRACE=1 -DVM_TRACE_FST=0 -DVM_TRACE_VCD=1 -DVM_TRACE_SAIF=0 -faligned-new -fcf-protection=none -Wno-bool-operation -Wno-shadow -Wno-sign-compare -Wno-subobject-linkage -Wno-tautological-compare -Wno-uninitialized -Wno-unused-but-set-parameter -Wno-unused-but-set-variable -Wno-unused-parameter -Wno-unused-variable    -DVL_TIME_CONTEXT   -fcoroutines -include Vtestbench__pch.h.slow -c -o Vtestbench__Trace__5__Slow.o Vtestbench__Trace__5__Slow.cpp
echo "" > Vtestbench__ALL.verilator_deplist.tmp
make[1]: warning:  Clock skew detected.  Your build may be incomplete.
rm Vtestbench__ALL.verilator_deplist.tmp
make[1]: Leaving directory '/home/rafay/miniconda3/WallyGuard2/wally-worktrees/wally-shared/sim/verilator/wkdir/rv64gc_testbench'
- V e r i l a t i o n   R e p o r t: Verilator 5.036 2025-04-27 rev v5.036
- Verilator: Built from 551.769 MB sources in 280 modules, into 82.556 MB in 133 C++ files needing 0.111 MB
- Verilator: Walltime 300.539 s (elab=0.736, cvt=7.150, bld=291.004); cpu 9.484 s on 1 threads; alloced 341.824 MB
make: Leaving directory '/home/rafay/miniconda3/WallyGuard2/wally-worktrees/wally-shared/sim/verilator'
Touching executable...
Compiling ELFs...

Finished: 2026-09-18T11:17:07.322463+00:00
Return code: 0
Status: PASS
