Started: 2026-09-18T10:58:41.852808+00:00
Command: bash -o pipefail -c 'grep -A 25 "def isDesignUpToDate" bin/wsim'

def isDesignUpToDate(target):
    """Check if a compiled design target is newer than all source/config files.
    Returns True if the target exists and is newer than all dependencies."""
    if not target.exists():
        return False
    target_mtime = target.stat().st_mtime
    for ext in ("*.sv", "*.v", "*.svh", "*.vh"):
        for dep in WALLY.rglob(ext):
            if dep.stat().st_mtime > target_mtime:
                return False
    return True


def targetMtime(target):
    return target.stat().st_mtime if target.exists() else None


def checkCompiled(target, sim):
    """Report an error if compilation did not leave a design behind."""
    if not target.exists():
        print(f"Error: {sim} compiled design not found: {target}", file=sys.stderr)
        return 1
    return 0


def runSim(args, flags, prefix):

Finished: 2026-09-18T10:58:41.926409+00:00
Return code: 0
Status: PASS
