Started: 2026-09-18T11:07:32.533010+00:00
Command: bash -o pipefail -c 'cat << '"'"'EOF'"'"' > /tmp/run_tester.sh
#!/bin/bash
set -e
export TEST_DIR=/home/rafay/miniconda3/WallyGuard2/runs/20260918T105234Z-b204db37
export WALLY=/home/rafay/miniconda3/WallyGuard2/wally-worktrees/wally-shared
export PATH=/home/rafay/riscv/bin:$PATH

mkdir -p $TEST_DIR/tests $TEST_DIR/build $TEST_DIR/logs $TEST_DIR/build/clean_src $TEST_DIR/build/clean_inc/shared $TEST_DIR/build/clean_inc/rv64gc

# Create build_reproducer.sh
cat << '"'"'INCSH'"'"' > $TEST_DIR/build_reproducer.sh
#!/bin/bash
set -e
export TEST_DIR=/home/rafay/miniconda3/WallyGuard2/runs/20260918T105234Z-b204db37
export WALLY=/home/rafay/miniconda3/WallyGuard2/wally-worktrees/wally-shared
export PATH=/home/rafay/riscv/bin:$PATH

echo "Cleaning up conflicting headers..."
cp $WALLY/config/rv64gc/config.vh $TEST_DIR/build/clean_inc/rv64gc/config.vh
cp $WALLY/config/shared/parameter-defs.vh $TEST_DIR/build/clean_inc/shared/parameter-defs.vh

sed -i '"'"'/<<<<<<</d'"'"' $TEST_DIR/build/clean_inc/rv64gc/config.vh
sed -i '"'"'/=======/d'"'"' $TEST_DIR/build/clean_inc/rv64gc/config.vh
sed -i '"'"'/>>>>>>>/d'"'"' $TEST_DIR/build/clean_inc/rv64gc/config.vh

sed -i '"'"'/<<<<<<</d'"'"' $TEST_DIR/build/clean_inc/shared/parameter-defs.vh
sed -i '"'"'/=======/d'"'"' $TEST_DIR/build/clean_inc/shared/parameter-defs.vh
sed -i '"'"'/>>>>>>>/d'"'"' $TEST_DIR/build/clean_inc/shared/parameter-defs.vh

echo "Cleaning up conflicting SV files..."
cp $WALLY/src/fpu/fcvt.sv $TEST_DIR/build/clean_src/fcvt.sv
cp $WALLY/src/fpu/round.sv $TEST_DIR/build/clean_src/round.sv
cp $WALLY/src/fpu/specialcase.sv $TEST_DIR/build/clean_src/specialcase.sv
cp $WALLY/src/fpu/unpack.sv $TEST_DIR/build/clean_src/unpack.sv

sed -i '"'"'/<<<<<<</d'"'"' $TEST_DIR/build/clean_src/fcvt.sv
sed -i '"'"'/=======/d'"'"' $TEST_DIR/build/clean_src/fcvt.sv
sed -i '"'"'/>>>>>>>/d'"'"' $TEST_DIR/build/clean_src/fcvt.sv

sed -i '"'"'/<<<<<<</d'"'"' $TEST_DIR/build/clean_src/round.sv
sed -i '"'"'/=======/d'"'"' $TEST_DIR/build/clean_src/round.sv
sed -i '"'"'/>>>>>>>/d'"'"' $TEST_DIR/build/clean_src/round.sv

sed -i '"'"'/<<<<<<</d'"'"' $TEST_DIR/build/clean_src/specialcase.sv
sed -i '"'"'/=======/d'"'"' $TEST_DIR/build/clean_src/specialcase.sv
sed -i '"'"'/>>>>>>>/d'"'"' $TEST_DIR/build/clean_src/specialcase.sv

sed -i '"'"'/<<<<<<</d'"'"' $TEST_DIR/build/clean_src/unpack.sv
sed -i '"'"'/=======/d'"'"' $TEST_DIR/build/clean_src/unpack.sv
sed -i '"'"'/>>>>>>>/d'"'"' $TEST_DIR/build/clean_src/unpack.sv

echo "Compiling Vtestbench..."
mkdir -p $WALLY/sim/verilator/wkdir/rv64gc_testbench
make -C $WALLY/sim/verilator compile \
  WALLYCONF=rv64gc \
  TESTBENCH=testbench \
  INCLUDE_PATH="-I$TEST_DIR/build/clean_inc/shared -I$TEST_DIR/build/clean_inc/rv64gc -I$WALLY/config/deriv/rv64gc" \
  SOURCES="$WALLY/src/cvw.sv $WALLY/testbench/testbench.sv $WALLY/testbench/common/*.sv $WALLY/src/*/*.sv $WALLY/src/*/*/*.sv $TEST_DIR/build/clean_src/*.sv" || true

# Wait, `SOURCES` will grab the old fpu/*.sv files if I use wildcards!
# We can'"'"'t do that simply. Let me fix how we override SOURCES or use make correctly.
# It'"'"'s better to just compile the files explicitly or filter them out.
# Let'"'"'s fix this in the main script instead.
INCSH
chmod +x $TEST_DIR/build_reproducer.sh
bash $TEST_DIR/build_reproducer.sh
EOF
bash /tmp/run_tester.sh
'

Cleaning up conflicting headers...
Cleaning up conflicting SV files...
cp: cannot stat '/home/rafay/miniconda3/WallyGuard2/wally-worktrees/wally-shared/src/fpu/round.sv': No such file or directory

Finished: 2026-09-18T11:07:32.716479+00:00
Return code: 1
Status: COMMAND_FAILED
ERROR: Command exited with code 1
