Started: 2026-09-18T11:11:03.774947+00:00
Command: bash -o pipefail -c 'grep -A 10 -B 5 "<<<<<<<" /home/rafay/miniconda3/WallyGuard2/wally-worktrees/wally-shared/src/fpu/postproc/round.sv
'

// and limitations under the License.
////////////////////////////////////////////////////////////////////////////////////////////////

module round import cvw::*;  #(parameter cvw_t P) (
  input  logic [P.FMTBITS-1:0]     OutFmt,             // output format
<<<<<<< HEAD
  input  logic                     Bf16Dst,            // Zfbfmin: round the fraction to BF16 instead of single
=======
  input  logic                     Bf16Dst,            // Zfbfmin: round the fraction to BF16
>>>>>>> wallyguard-pr-1879
  input  logic [2:0]               Frm,                // rounding mode
  input  logic [1:0]               PostProcSel,        // select the postprocessor output
  input  logic                     Ms,                 // normalized sign
  input  logic [P.NORMSHIFTSZ-1:0] Mf,                 // normalized fraction
  // fma
  input  logic                     FmaOp,              // is an fma operation being done?
--
  logic                            FpLsbRes;           // least significant bit of floating point result
  logic                            LsbRes;             // lsb of result
  logic                            CalcPlus1;          // calculated plus1
  logic                            FpPlus1;            // do you add one to the fp result
  logic [P.FLEN:0]                 RoundAdd;           // how much to add to the result
<<<<<<< HEAD
  logic [P.FLEN:0]                 RoundAddFmt;        // RoundAdd for the formats in OutFmt
=======
  logic [P.FLEN:0]                 Bf16RoundAdd;       // RoundAdd for a BF16 result
  logic                            Bf16Sticky;         // sticky bit for a BF16 result
>>>>>>> wallyguard-pr-1879
  logic                            CvtToInt;           // Convert to integer operation

// what position is XLEN in?
//  options:
//     1: XLEN > NF   > NF1

Finished: 2026-09-18T11:11:03.845938+00:00
Return code: 0
Status: PASS
