Started: 2026-09-18T11:06:10.421081+00:00
Command: bash -o pipefail -c 'head -n 40 /home/rafay/miniconda3/WallyGuard2/orchestration/agent_protocol.py'

"""Central schemas and one tool-free format repair for every agent."""
import json
from typing import Callable, Any


class AgentOutputInvalid(ValueError):
    status = 'agent_output_invalid'


SCHEMAS = {
    'architect': {'target': str, 'rationale': str, 'tester_prompt': str, 'knowledge': str},
    'tester': {'found_bug': bool, 'report': str},
    'critic': {'verdict': str, 'critique': str},
    'rtl_fixer': {'changed': bool, 'report': str},
}


def parse_agent_response(agent_name: str, raw_output: str, schema: dict | None = None,
                         required_fields=None, enums: dict | None = None) -> dict:
    decoder = json.JSONDecoder()
    try:
        value = decoder.decode(raw_output)
    except json.JSONDecodeError:
        objects, cursor = [], 0
        while (start := raw_output.find('{', cursor)) >= 0:
            try:
                value, end = decoder.raw_decode(raw_output, start)
            except json.JSONDecodeError:
                cursor = start + 1
                continue
            cursor = end
            if isinstance(value, dict):
                objects.append(value)
        if len(objects) != 1:
            raise AgentOutputInvalid(f'{agent_name}: expected one JSON object; found {len(objects)}')
        value = objects[0]
    if not isinstance(value, dict):
        raise AgentOutputInvalid(f'{agent_name}: response must be an object')
    schema = SCHEMAS.get(agent_name, {}) if schema is None else schema
    for key in required_fields if required_fields is not None else schema:

Finished: 2026-09-18T11:06:10.496362+00:00
Return code: 0
Status: PASS
