Started: 2026-09-18T11:06:02.839601+00:00
Command: bash -o pipefail -c 'sed -n '"'"'40,70p'"'"' /home/rafay/miniconda3/WallyGuard2/orchestration/agent_protocol.py'

    for key in required_fields if required_fields is not None else schema:
        if key not in value or type(value[key]) is not schema.get(key, str):
            raise AgentOutputInvalid(f'{agent_name}: missing or invalid field {key}')
        if isinstance(value[key], str) and not value[key].strip():
            raise AgentOutputInvalid(f'{agent_name}: empty field {key}')
    enums = enums if enums is not None else ({'verdict': ['approve', 'revise', 'reject']} if agent_name == 'critic' else {})
    for key, allowed in enums.items():
        if value.get(key) not in allowed:
            raise AgentOutputInvalid(f'{agent_name}: invalid {key}; expected {allowed}')
    if agent_name == 'tester' and value['found_bug']:
        if not isinstance(value.get('evidence'), str) or not value['evidence'].strip():
            raise AgentOutputInvalid('tester: missing evidence')
        # Legacy script responses are still parseable, but deterministic preflight
        # rejects them unless they supply the independent execution contract.
        if not isinstance(value.get('reproducer'), dict) and not isinstance(value.get('reproduce_command'), str):
            raise AgentOutputInvalid('tester: missing reproducer contract')
    return value


def structured_response(agent: str, raw: str, repair: Callable[[str], str],
                        save: Callable[[str, Any], None]) -> dict:
    save('original.txt', raw)
    errors = []
    for attempt in range(2):
        try:
            parsed = parse_agent_response(agent, raw)
            save('parsed.json', parsed)
            return parsed
        except AgentOutputInvalid as exc:
            errors.append(str(exc))
            save('validation-errors.json', errors)

Finished: 2026-09-18T11:06:02.914654+00:00
Return code: 0
Status: PASS
