Started: 2026-09-18T11:10:52.278992+00:00
Command: bash -o pipefail -c 'grep -B 5 -A 20 "<<<<<<<" /home/rafay/miniconda3/WallyGuard2/wally-worktrees/wally-shared/src/fpu/postproc/specialcase.sv
'

  logic [P.FLEN-1:0]   XNaNRes;    // X is NaN result
  logic [P.FLEN-1:0]   YNaNRes;    // Y is NaN result
  logic [P.FLEN-1:0]   ZNaNRes;    // Z is NaN result
  logic [P.FLEN-1:0]   InvalidRes; // Invalid result result
  logic [P.FLEN-1:0]   UfRes;      // underflowed result result
<<<<<<< HEAD
  logic [P.FLEN-1:0]   UfResFmt;   // underflowed result for the formats in OutFmt
=======
  logic [P.FLEN-1:0]   Bf16UfRes;  // underflowed result for a BF16 destination
  logic [P.FLEN-1:0]   PostProcResPreBox; // result in single precision form, before BF16 reboxing
>>>>>>> wallyguard-pr-1879
  logic [P.FLEN-1:0]   OfRes;      // overflowed result result
  logic [P.FLEN-1:0]   NormRes;    // normal result
  logic [P.FLEN-1:0]   PostProcResFmt; // result before BF16 reboxing
  logic [P.XLEN-1:0]   OfIntRes;   // the overflow result for integer output
  logic [P.XLEN-1:0]   OfIntRes2;  // the overflow result for integer output after accounting for fcvtmod.w.d
  logic [P.XLEN-1:0]   Int64Res;   // Result for conversion to 64-bit int after accounting for fcvtmod.w.d
  logic                OfResMax;   // does the of result output maximum norm fp number
  logic                KillRes;    // kill the result for underflow
  logic                SelOfRes;   // should the overflow result be selected (excluding convert)
  logic                SelCvtOfRes; // select overflow result for convert instruction

  // does the overflow result output the maximum normalized floating point number
  //                output infinity if the input is infinity
<<<<<<< HEAD

  // BF16 shares single's exponent field, so a BF16 result is just the top half of the single
  // precision one; only the underflow result, whose single precision LSB would be lost, differs
  assign UfRes = Bf16Dst ? {{P.FLEN-32{1'b1}}, Rs, 14'b0, Plus1&Frm[1]&~(DivOp&YInf), 16'b0} : UfResFmt;
=======
  // the underflow result's one nonzero bit is the single precision LSB, which the rebox below
  // would drop, so place it at the BF16 LSB instead
  if (P.ZFBFMIN_SUPPORTED) assign Bf16UfRes = {{P.FLEN-32{1'b1}}, Rs, 14'b0, Plus1&Frm[1]&~(DivOp&YInf), 16'b0};
  else                     assign Bf16UfRes = '0;
>>>>>>> wallyguard-pr-1879

  assign OfResMax = (~InfIn|(IntToFp&CvtOp))&~DivByZero&((Frm[1:0]==2'b01) | (Frm[1:0]==2'b10&~Rs) | (Frm[1:0]==2'b11&Rs));

  // select correct outputs for special cases
  if (P.FPSIZES == 1) begin
      //NaN res selection depending on standard
      if(P.IEEE754) begin
          assign XNaNRes    = {1'b0, {P.NE{1'b1}}, 1'b1, Xm[P.NF-2:0]};
          assign YNaNRes    = {1'b0, {P.NE{1'b1}}, 1'b1, Ym[P.NF-2:0]};
          assign ZNaNRes    = {1'b0, {P.NE{1'b1}}, 1'b1, Zm[P.NF-2:0]};
--
  assign SelOfRes = Overflow|DivByZero|(InfIn&~(YInf&DivOp));

  // output infinity with result sign if divide by zero
  if(P.IEEE754)
    always_comb
<<<<<<< HEAD
      if(XNaN&~(IntToFp&CvtOp))   PostProcResFmt = XNaNRes;
      else if(YNaN&~CvtOp)        PostProcResFmt = YNaNRes;
      else if(ZNaN&FmaOp)         PostProcResFmt = ZNaNRes;
      else if(Invalid)            PostProcResFmt = InvalidRes;
      else if(SelOfRes)           PostProcResFmt = OfRes;
      else if(KillRes)            PostProcResFmt = UfRes;
      else                        PostProcResFmt = NormRes;
  else
    always_comb
      if(NaNIn|Invalid)           PostProcResFmt = InvalidRes;
      else if(SelOfRes)           PostProcResFmt = OfRes;
      else if(KillRes)            PostProcResFmt = UfRes;
      else                        PostProcResFmt = NormRes;
=======
      if(XNaN&~(IntToFp&CvtOp))   PostProcResPreBox = XNaNRes;
      else if(YNaN&~CvtOp)        PostProcResPreBox = YNaNRes;
      else if(ZNaN&FmaOp)         PostProcResPreBox = ZNaNRes;
      else if(Invalid)            PostProcResPreBox = InvalidRes;
      else if(SelOfRes)           PostProcResPreBox = OfRes;
      else if(KillRes)            PostProcResPreBox = Bf16Dst ? Bf16UfRes : UfRes;
--
    else if(CvtCe[P.NE])
      if(Xs&Signed&Plus1)   FCvtIntRes = {{P.XLEN{1'b1}}};
      else                  FCvtIntRes = {{P.XLEN-1{1'b0}}, Plus1};
    else if(Int64)          FCvtIntRes = Int64Res;
    else                    FCvtIntRes = {{P.XLEN-32{CvtNegRes[31]}}, CvtNegRes[31:0]};
<<<<<<< HEAD
  assign PostProcRes = Bf16Dst ? {{P.FLEN-16{1'b1}}, PostProcResFmt[31:16]} : PostProcResFmt;
=======

  // BF16 shares single's exponent field and the fraction was rounded to BF16 precision, so a BF16
  // result is the top half of the single precision one
  assign PostProcRes = Bf16Dst ? {{P.FLEN-16{1'b1}}, PostProcResPreBox[31:16]} : PostProcResPreBox;
>>>>>>> wallyguard-pr-1879

endmodule

Finished: 2026-09-18T11:10:52.351147+00:00
Return code: 0
Status: PASS
