Started: 2026-09-18T10:59:34.265297+00:00
Command: bash -o pipefail -c 'git -C /home/rafay/miniconda3/WallyGuard2/cvw status'

On branch main
Your branch is ahead of 'origin/main' by 330 commits.
  (use "git push" to publish your local commits)

You have unmerged paths.
  (fix conflicts and run "git commit")
  (use "git merge --abort" to abort the merge)

Changes to be committed:
	modified:   src/fpu/postproc/cvtshiftcalc.sv

Unmerged paths:
  (use "git add <file>..." to mark resolution)
	both modified:   config/rv32e/config.vh
	both modified:   config/rv32gc/config.vh
	both modified:   config/rv32i/config.vh
	both modified:   config/rv32imc/config.vh
	both modified:   config/rv64gc/config.vh
	both modified:   config/rv64i/config.vh
	both modified:   config/shared/parameter-defs.vh
	both modified:   src/fpu/fcvt.sv
	both modified:   src/fpu/postproc/round.sv
	both modified:   src/fpu/postproc/specialcase.sv
	both modified:   src/fpu/unpack.sv


Finished: 2026-09-18T10:59:34.566631+00:00
Return code: 0
Status: PASS
