core   0: 0x0000000000001000 (0x00000297) auipc   t0, 0x0
core   0: 0x0000000000001004 (0x02028593) addi    a1, t0, 32
core   0: 0x0000000000001008 (0xf1402573) csrr    a0, mhartid
core   0: 0x000000000000100c (0x0182b283) ld      t0, 24(t0)
core   0: 0x0000000000001010 (0x00028067) jr      t0
core   0: >>>>  $xrv64i2p1_m2p0_a2p1_f2p2_d2p2_c2p0_zicsr2p0_zifencei2p0_zmmul1p0_zaamo1p0_zacas1p0_zalrsc1p0_zca1p0_zcd1p0
core   0: 0x0000000080001000 (0x000052fd) c.li    t0, -1
core   0: 0x0000000080001002 (0x3b029073) csrw    pmpaddr0, t0
core   0: 0x0000000080001006 (0x000042fd) c.li    t0, 31
core   0: 0x0000000080001008 (0x3a029073) csrw    pmpcfg0, t0
core   0: 0x000000008000100c (0x00001517) auipc   a0, 0x1
core   0: 0x0000000080001010 (0xff450513) addi    a0, a0, -12
core   0: 0x0000000080001014 (0x02a00613) li      a2, 42
core   0: 0x0000000080001018 (0x06400693) li      a3, 100
core   0: 0x000000008000101c (0x06300713) li      a4, 99
core   0: 0x0000000080001020 (0x3e700793) li      a5, 999
core   0: 0x0000000080001024 (0x28e5462f) amocas.q a2, a4, (a0)
core   0: 0x0000000080001028 (0x00000001) c.nop
core   0: 0x000000008000102a (0x00000001) c.nop
core   0: 0x000000008000102c (0x00000001) c.nop
core   0: 0x000000008000102e (0x00008836) c.mv    a6, a3
core   0: 0x0000000080001030 (0x30900313) li      t1, 777
core   0: 0x0000000080001034 (0x00680663) beq     a6, t1, pc + 12
core   0: >>>>  pass
core   0: 0x0000000080001040 (0xfffff297) auipc   t0, 0xfffff
core   0: 0x0000000080001044 (0xfc028293) addi    t0, t0, -64
core   0: 0x0000000080001048 (0x00004305) c.li    t1, 1
core   0: 0x000000008000104a (0x0062a023) sw      t1, 0(t0)
core   0: 0x000000008000104e (0x0000a001) c.j     pc + 0
