[0;32mrv32e passed lint[0m
[0;32mrv64gc passed lint[0m
[0;32mrv32gc passed lint[0m
[0;32mrv32imc passed lint[0m
[0;32mrv32i passed lint[0m
[0;32mrv64i passed lint[0m
[0;32mfdqh_rv64gc passed lint[0m
[0;32mAll lints passed with no errors or warnings[0m
make: *** No rule to make target '../../tests/riscof/work/riscv-arch-test/rv32i_m/I/src/add-01.S/ref/ref.elf.memfile'.  Stop.
make: *** No rule to make target '../../tests/riscof/work/riscv-arch-test/rv32e_m/E/src/add-01.S/ref/ref.elf.memfile'.  Stop.
make: *** No rule to make target '../../tests/riscof/work/riscv-arch-test/rv32i_m/C/src/cadd-01.S/ref/ref.elf.memfile'.  Stop.
make: *** No rule to make target '../../tests/riscof/work/riscv-arch-test/rv32i_m/I/src/add-01.S/ref/ref.elf.memfile'.  Stop.
Aborted (core dumped)
make: *** No rule to make target '../../tests/riscof/work/riscv-arch-test/rv32i_m/M/src/div-01.S/ref/ref.elf.memfile'.  Stop.
Aborted (core dumped)
make: *** No rule to make target '../../tests/riscof/work/wally-riscv-arch-test/rv32i_m/privilege/src/WALLY-periph-01.S/ref/ref.elf.memfile'.  Stop.
Aborted (core dumped)
Aborted (core dumped)
make: *** No rule to make target '../../tests/riscof/work/riscv-arch-test/rv32i_m/D/src/fadd.d_b10-01.S/ref/ref.elf.memfile'.  Stop.
make: *** No rule to make target '../../tests/riscof/work/riscv-arch-test/rv32i_m/F/src/fadd_b11-01.S/ref/ref.elf.memfile'.  Stop.
make: *** No rule to make target '../../tests/riscof/work/riscv-arch-test/rv32i_m/D/src/fnmsub.d_b15/fnmsub.d_b15-001.S/ref/ref.elf.memfile'.  Stop.
make: *** No rule to make target '../../tests/riscof/work/riscv-arch-test/rv32i_m/F/src/fmsub_b15/fmsub_b15-001.S/ref/ref.elf.memfile'.  Stop.
make: *** No rule to make target '../../tests/riscof/work/riscv-arch-test/rv32i_m/F/src/fdiv_b20-01.S/ref/ref.elf.memfile'.  Stop.
make: *** No rule to make target '../../tests/riscof/work/riscv-arch-test/rv32i_m/D/src/fdiv.d_b1-01.S/ref/ref.elf.memfile'.  Stop.
make: *** No rule to make target '../../tests/riscof/work/riscv-arch-test/rv32i_m/I/src/add-01.S/ref/ref.elf.memfile'.  Stop.
make: *** No rule to make target '../../tests/riscof/work/riscv-arch-test/rv32i_m/privilege/src/ebreak.S/ref/ref.elf.memfile'.  Stop.
make: *** No rule to make target '../../tests/riscof/work/riscv-arch-test/rv32i_m/C/src/cadd-01.S/ref/ref.elf.memfile'.  Stop.
make: *** No rule to make target '../../tests/riscof/work/riscv-arch-test/rv32i_m/M/src/div-01.S/ref/ref.elf.memfile'.  Stop.
make: *** No rule to make target '../../tests/riscof/work/riscv-arch-test/rv32i_m/Zifencei/src/Fencei.S/ref/ref.elf.memfile'.  Stop.
make: *** No rule to make target '../../tests/riscof/work/riscv-arch-test/rv32i_m/A/src/amoadd.w-01.S/ref/ref.elf.memfile'.  Stop.
make: *** No rule to make target '../../tests/riscof/work/riscv-arch-test/rv32i_m/Zicond/src/czero.eqz-01.S/ref/ref.elf.memfile'.  Stop.
make: *** No rule to make target '../../tests/riscof/work/riscv-arch-test/rv32i_m/B/src/sh1add-01.S/ref/ref.elf.memfile'.  Stop.
make: *** No rule to make target '../../tests/riscof/work/riscv-arch-test/rv32i_m/B/src/max-01.S/ref/ref.elf.memfile'.  Stop.
make: *** No rule to make target '../../tests/riscof/work/riscv-arch-test/rv32i_m/B/src/clmul-01.S/ref/ref.elf.memfile'.  Stop.
make: *** No rule to make target '../../tests/riscof/work/riscv-arch-test/rv32i_m/B/src/bclr-01.S/ref/ref.elf.memfile'.  Stop.
make: *** No rule to make target '../../tests/riscof/work/riscv-arch-test/rv32i_m/Zfh/src/fadd_b10-01.S/ref/ref.elf.memfile'.  Stop.
make: *** No rule to make target '../../tests/riscof/work/riscv-arch-test/rv32i_m/Zfh/src/fmadd_b15/fmadd_b15-001.S/ref/ref.elf.memfile'.  Stop.
make: *** No rule to make target '../../tests/riscof/work/riscv-arch-test/rv32i_m/Zfh/src/fdiv_b20-01.S/ref/ref.elf.memfile'.  Stop.
make: *** No rule to make target '../../tests/riscof/work/riscv-arch-test/rv32i_m/F_Zfa/src/fround_b1-01.S/ref/ref.elf.memfile'.  Stop.
make: *** No rule to make target '../../tests/riscof/work/riscv-arch-test/rv32i_m/D_Zfa/src/fround_b1-01.S/ref/ref.elf.memfile'.  Stop.
make: *** No rule to make target '../../tests/riscof/work/wally-riscv-arch-test/rv32i_m/privilege/src/WALLY-lrsc-01.S/ref/ref.elf.memfile'.  Stop.
make: *** No rule to make target '../../tests/riscof/work/wally-riscv-arch-test/rv32i_m/privilege/src/WALLY-csr-permission-s-01.S/ref/ref.elf.memfile'.  Stop.
make: *** No rule to make target '../../tests/riscof/work/wally-riscv-arch-test/rv32i_m/privilege/src/WALLY-periph-01.S/ref/ref.elf.memfile'.  Stop.
make: *** No rule to make target '../../tests/riscof/work/riscv-arch-test/rv32i_m/C/src/clbu-01.S/ref/ref.elf.memfile'.  Stop.
make: *** No rule to make target '../../tests/riscof/work/riscv-arch-test/rv32i_m/B/src/ror-01.S/ref/ref.elf.memfile'.  Stop.
make: *** No rule to make target '../../tests/riscof/work/riscv-arch-test/rv32i_m/B/src/clmul-01.S/ref/ref.elf.memfile'.  Stop.
make: *** No rule to make target '../../tests/riscof/work/riscv-arch-test/rv32i_m/K/src/xperm8-01.S/ref/ref.elf.memfile'.  Stop.
make: *** No rule to make target '../../tests/riscof/work/riscv-arch-test/rv32i_m/K/src/aes32dsi-01.S/ref/ref.elf.memfile'.  Stop.
make: *** No rule to make target '../../tests/riscof/work/riscv-arch-test/rv32i_m/K/src/aes32esi-01.S/ref/ref.elf.memfile'.  Stop.
make: *** No rule to make target '../../tests/riscof/work/riscv-arch-test/rv32i_m/K/src/sha256sig0-01.S/ref/ref.elf.memfile'.  Stop.
make: *** No rule to make target '../../tests/riscof/work/riscv-arch-test/rv32i_m/vm_sv32/src/mstatus_tvm_test.S/ref/ref.elf.memfile'.  Stop.
make: *** No rule to make target '../../tests/riscof/work/riscv-arch-test/rv32i_m/pmp/src/pmpf_cfg_wr.S/ref/ref.elf.memfile'.  Stop.
make: *** No rule to make target '../../tests/riscof/work/riscv-arch-test/rv32i_m/CMO/src/cbo.zero-01.S/ref/ref.elf.memfile'.  Stop.
make: *** No rule to make target '../../tests/riscof/work/riscv-arch-test/rv64i_m/I/src/add-01.S/ref/ref.elf.memfile'.  Stop.
make: *** No rule to make target '../../tests/riscof/work/riscv-arch-test/rv64i_m/F/src/fadd_b10-01.S/ref/ref.elf.memfile'.  Stop.
make: *** No rule to make target '../../tests/riscof/work/riscv-arch-test/rv64i_m/D/src/fadd.d_b10-01.S/ref/ref.elf.memfile'.  Stop.
make: *** No rule to make target '../../tests/riscof/work/riscv-arch-test/rv64i_m/Zfh/src/fadd_b10-01.S/ref/ref.elf.memfile'.  Stop.
make: *** No rule to make target '../../tests/riscof/work/riscv-arch-test/rv64i_m/F/src/fmsub_b15/fmsub_b15-001.S/ref/ref.elf.memfile'.  Stop.
make: *** No rule to make target '../../tests/riscof/work/riscv-arch-test/rv64i_m/D/src/fnmadd.d_b15/fnmadd.d_b15-001.S/ref/ref.elf.memfile'.  Stop.
make: *** No rule to make target '../../tests/riscof/work/riscv-arch-test/rv64i_m/Zfh/src/fmadd_b15/fmadd_b15-001.S/ref/ref.elf.memfile'.  Stop.
[93m/home/abdul/miniconda3/WallyGuard/wally-worktrees/wally-20260911T194316Z-5ea4428b/sim/verilator/logs/rv32imc_arch32i.log: %Warning: ../../tests/riscof/work/riscv-arch-test/rv32i_m/I/src/add-01.S/ref/ref.elf.memfile:0: $readmem file not found[0m
[93m/home/abdul/miniconda3/WallyGuard/wally-worktrees/wally-20260911T194316Z-5ea4428b/sim/verilator/logs/rv32imc_arch32i.log: %Warning: ../../tests/riscof/work/riscv-arch-test/rv32i_m/I/src/add-01.S/ref/ref.elf.memfile:0: $readmem file not found[0m
[91m/home/abdul/miniconda3/WallyGuard/wally-worktrees/wally-20260911T194316Z-5ea4428b/sim/verilator/logs/rv32imc_arch32i.log: [470] %Error: testbench.sv:768: Assertion failed in testbench: Program fetched illegal instruction 0x00000000 from address 0x00000000 twice in a row.  Usually due to fault with no fault handler.[0m
[91m/home/abdul/miniconda3/WallyGuard/wally-worktrees/wally-20260911T194316Z-5ea4428b/sim/verilator/logs/rv32imc_arch32i.log: %Error: /home/abdul/miniconda3/WallyGuard/wally-worktrees/wally-20260911T194316Z-5ea4428b/testbench/testbench.sv:768: Verilog $stop[0m
[93m/home/abdul/miniconda3/WallyGuard/wally-worktrees/wally-20260911T194316Z-5ea4428b/sim/verilator/logs/rv32imc_wally32periph.log: %Warning: ../../tests/riscof/work/wally-riscv-arch-test/rv32i_m/privilege/src/WALLY-periph-01.S/ref/ref.elf.memfile:0: $readmem file not found[0m
[93m/home/abdul/miniconda3/WallyGuard/wally-worktrees/wally-20260911T194316Z-5ea4428b/sim/verilator/logs/rv32imc_wally32periph.log: %Warning: ../../tests/riscof/work/wally-riscv-arch-test/rv32i_m/privilege/src/WALLY-periph-01.S/ref/ref.elf.memfile:0: $readmem file not found[0m
[91m/home/abdul/miniconda3/WallyGuard/wally-worktrees/wally-20260911T194316Z-5ea4428b/sim/verilator/logs/rv32imc_wally32periph.log: [470] %Error: testbench.sv:768: Assertion failed in testbench: Program fetched illegal instruction 0x00000000 from address 0x00000000 twice in a row.  Usually due to fault with no fault handler.[0m
[91m/home/abdul/miniconda3/WallyGuard/wally-worktrees/wally-20260911T194316Z-5ea4428b/sim/verilator/logs/rv32imc_wally32periph.log: %Error: /home/abdul/miniconda3/WallyGuard/wally-worktrees/wally-20260911T194316Z-5ea4428b/testbench/testbench.sv:768: Verilog $stop[0m
[91m/home/abdul/miniconda3/WallyGuard/wally-worktrees/wally-20260911T194316Z-5ea4428b/sim/verilator/logs/rv32gc_arch32d.log: Error: Could not open file ../../tests/riscof/work/riscv-arch-test/rv32i_m/D/src/fadd.d_b10-01.S/ref/ref.elf.memfile[0m
[91m/home/abdul/miniconda3/WallyGuard/wally-worktrees/wally-20260911T194316Z-5ea4428b/sim/verilator/logs/rv32gc_arch32f_fma.log: Error: Could not open file ../../tests/riscof/work/riscv-arch-test/rv32i_m/F/src/fmsub_b15/fmsub_b15-001.S/ref/ref.elf.memfile[0m
[91m/home/abdul/miniconda3/WallyGuard/wally-worktrees/wally-20260911T194316Z-5ea4428b/sim/verilator/logs/rv32gc_arch32d_divsqrt.log: Error: Could not open file ../../tests/riscof/work/riscv-arch-test/rv32i_m/D/src/fdiv.d_b1-01.S/ref/ref.elf.memfile[0m
[91m/home/abdul/miniconda3/WallyGuard/wally-worktrees/wally-20260911T194316Z-5ea4428b/sim/verilator/logs/rv32gc_arch32priv.log: Error: Could not open file ../../tests/riscof/work/riscv-arch-test/rv32i_m/privilege/src/ebreak.S/ref/ref.elf.memfile[0m
[91m/home/abdul/miniconda3/WallyGuard/wally-worktrees/wally-20260911T194316Z-5ea4428b/sim/verilator/logs/rv32gc_arch32m.log: Error: Could not open file ../../tests/riscof/work/riscv-arch-test/rv32i_m/M/src/div-01.S/ref/ref.elf.memfile[0m
[91m/home/abdul/miniconda3/WallyGuard/wally-worktrees/wally-20260911T194316Z-5ea4428b/sim/verilator/logs/rv32gc_arch32zifencei.log: Error: Could not open file ../../tests/riscof/work/riscv-arch-test/rv32i_m/Zifencei/src/Fencei.S/ref/ref.elf.memfile[0m
[91m/home/abdul/miniconda3/WallyGuard/wally-worktrees/wally-20260911T194316Z-5ea4428b/sim/verilator/logs/rv32gc_arch32zicond.log: Error: Could not open file ../../tests/riscof/work/riscv-arch-test/rv32i_m/Zicond/src/czero.eqz-01.S/ref/ref.elf.memfile[0m
[91m/home/abdul/miniconda3/WallyGuard/wally-worktrees/wally-20260911T194316Z-5ea4428b/sim/verilator/logs/rv32gc_arch32zbb.log: Error: Could not open file ../../tests/riscof/work/riscv-arch-test/rv32i_m/B/src/max-01.S/ref/ref.elf.memfile[0m
[91m/home/abdul/miniconda3/WallyGuard/wally-worktrees/wally-20260911T194316Z-5ea4428b/sim/verilator/logs/rv32gc_arch32zbs.log: Error: Could not open file ../../tests/riscof/work/riscv-arch-test/rv32i_m/B/src/bclr-01.S/ref/ref.elf.memfile[0m
[91m/home/abdul/miniconda3/WallyGuard/wally-worktrees/wally-20260911T194316Z-5ea4428b/sim/verilator/logs/rv32gc_arch32zfh_fma.log: Error: Could not open file ../../tests/riscof/work/riscv-arch-test/rv32i_m/Zfh/src/fmadd_b15/fmadd_b15-001.S/ref/ref.elf.memfile[0m
[91m/home/abdul/miniconda3/WallyGuard/wally-worktrees/wally-20260911T194316Z-5ea4428b/sim/verilator/logs/rv32gc_arch32zfaf.log: Error: Could not open file ../../tests/riscof/work/riscv-arch-test/rv32i_m/F_Zfa/src/fround_b1-01.S/ref/ref.elf.memfile[0m
[91m/home/abdul/miniconda3/WallyGuard/wally-worktrees/wally-20260911T194316Z-5ea4428b/sim/verilator/logs/rv32gc_wally32a_lrsc.log: Error: Could not open file ../../tests/riscof/work/wally-riscv-arch-test/rv32i_m/privilege/src/WALLY-lrsc-01.S/ref/ref.elf.memfile[0m
[91m/home/abdul/miniconda3/WallyGuard/wally-worktrees/wally-20260911T194316Z-5ea4428b/sim/verilator/logs/rv32gc_wally32periph.log: Error: Could not open file ../../tests/riscof/work/wally-riscv-arch-test/rv32i_m/privilege/src/WALLY-periph-01.S/ref/ref.elf.memfile[0m
[91m/home/abdul/miniconda3/WallyGuard/wally-worktrees/wally-20260911T194316Z-5ea4428b/sim/verilator/logs/rv32gc_arch32zbkb.log: Error: Could not open file ../../tests/riscof/work/riscv-arch-test/rv32i_m/B/src/ror-01.S/ref/ref.elf.memfile[0m
[91m/home/abdul/miniconda3/WallyGuard/wally-worktrees/wally-20260911T194316Z-5ea4428b/sim/verilator/logs/rv32gc_arch32zbkx.log: Error: Could not open file ../../tests/riscof/work/riscv-arch-test/rv32i_m/K/src/xperm8-01.S/ref/ref.elf.memfile[0m
[91m/home/abdul/miniconda3/WallyGuard/wally-worktrees/wally-20260911T194316Z-5ea4428b/sim/verilator/logs/rv32gc_arch32zkne.log: Error: Could not open file ../../tests/riscof/work/riscv-arch-test/rv32i_m/K/src/aes32esi-01.S/ref/ref.elf.memfile[0m
[91m/home/abdul/miniconda3/WallyGuard/wally-worktrees/wally-20260911T194316Z-5ea4428b/sim/verilator/logs/rv32gc_arch32vm_sv32.log: Error: Could not open file ../../tests/riscof/work/riscv-arch-test/rv32i_m/vm_sv32/src/mstatus_tvm_test.S/ref/ref.elf.memfile[0m
[91m/home/abdul/miniconda3/WallyGuard/wally-worktrees/wally-20260911T194316Z-5ea4428b/sim/verilator/logs/rv32gc_arch32zicboz.log: Error: Could not open file ../../tests/riscof/work/riscv-arch-test/rv32i_m/CMO/src/cbo.zero-01.S/ref/ref.elf.memfile[0m
[91m/home/abdul/miniconda3/WallyGuard/wally-worktrees/wally-20260911T194316Z-5ea4428b/sim/verilator/logs/rv64gc_arch64f.log: Error: Could not open file ../../tests/riscof/work/riscv-arch-test/rv64i_m/F/src/fadd_b10-01.S/ref/ref.elf.memfile[0m
[91m/home/abdul/miniconda3/WallyGuard/wally-worktrees/wally-20260911T194316Z-5ea4428b/sim/verilator/logs/rv64gc_arch64d.log: Error: Could not open file ../../tests/riscof/work/riscv-arch-test/rv64i_m/D/src/fadd.d_b10-01.S/ref/ref.elf.memfile[0m
[91m/home/abdul/miniconda3/WallyGuard/wally-worktrees/wally-20260911T194316Z-5ea4428b/sim/verilator/logs/rv64gc_arch64zfh.log: Error: Could not open file ../../tests/riscof/work/riscv-arch-test/rv64i_m/Zfh/src/fadd_b10-01.S/ref/ref.elf.memfile[0m
[91m/home/abdul/miniconda3/WallyGuard/wally-worktrees/wally-20260911T194316Z-5ea4428b/sim/verilator/logs/rv64gc_arch64f_fma.log: Error: Could not open file ../../tests/riscof/work/riscv-arch-test/rv64i_m/F/src/fmsub_b15/fmsub_b15-001.S/ref/ref.elf.memfile[0m
[91m/home/abdul/miniconda3/WallyGuard/wally-worktrees/wally-20260911T194316Z-5ea4428b/sim/verilator/logs/rv64gc_arch64d_fma.log: Error: Could not open file ../../tests/riscof/work/riscv-arch-test/rv64i_m/D/src/fnmadd.d_b15/fnmadd.d_b15-001.S/ref/ref.elf.memfile[0m
[91m/home/abdul/miniconda3/WallyGuard/wally-worktrees/wally-20260911T194316Z-5ea4428b/sim/verilator/logs/rv64gc_arch64zfh_fma.log: Error: Could not open file ../../tests/riscof/work/riscv-arch-test/rv64i_m/Zfh/src/fmadd_b15/fmadd_b15-001.S/ref/ref.elf.memfile[0mmake: *** No rule to make target '../../tests/riscof/work/riscv-arch-test/rv64i_m/F/src/fdiv_b20-01.S/ref/ref.elf.memfile'.  Stop.
make: *** No rule to make target '../../tests/riscof/work/riscv-arch-test/rv64i_m/D/src/fdiv.d_b1-01.S/ref/ref.elf.memfile'.  Stop.
make: *** No rule to make target '../../tests/riscof/work/riscv-arch-test/rv64i_m/Zfh/src/fdiv_b20-01.S/ref/ref.elf.memfile'.  Stop.
make: *** No rule to make target '../../tests/riscof/work/riscv-arch-test/rv64i_m/F_Zfa/src/fround_b1-01.S/ref/ref.elf.memfile'.  Stop.
make: *** No rule to make target '../../tests/riscof/work/riscv-arch-test/rv64i_m/D_Zfa/src/fround_b1-01.S/ref/ref.elf.memfile'.  Stop.
make: *** No rule to make target '../../tests/coverage/ieu.elf.memfile'.  Stop.
make: *** No rule to make target '../../tests/riscof/work/riscv-arch-test/rv64i_m/I/src/add-01.S/ref/ref.elf.memfile'.  Stop.
make: *** No rule to make target '../../tests/riscof/work/riscv-arch-test/rv64i_m/privilege/src/ebreak.S/ref/ref.elf.memfile'.  Stop.
make: *** No rule to make target '../../tests/riscof/work/riscv-arch-test/rv64i_m/C/src/cadd-01.S/ref/ref.elf.memfile'.  Stop.
make: *** No rule to make target '../../tests/riscof/work/riscv-arch-test/rv64i_m/M/src/div-01.S/ref/ref.elf.memfile'.  Stop.
make: *** No rule to make target '../../tests/riscof/work/riscv-arch-test/rv64i_m/C/src/clbu-01.S/ref/ref.elf.memfile'.  Stop.
make: *** No rule to make target '../../tests/riscof/work/riscv-arch-test/rv64i_m/Zifencei/src/Fencei.S/ref/ref.elf.memfile'.  Stop.
make: *** No rule to make target '../../tests/riscof/work/riscv-arch-test/rv64i_m/Zicond/src/czero.eqz-01.S/ref/ref.elf.memfile'.  Stop.
make: *** No rule to make target '../../tests/riscof/work/riscv-arch-test/rv64i_m/A/src/amoadd.w-01.S/ref/ref.elf.memfile'.  Stop.
make: *** No rule to make target '../../tests/riscof/work/wally-riscv-arch-test/rv64i_m/privilege/src/WALLY-lrsc-01.S/ref/ref.elf.memfile'.  Stop.
make: *** No rule to make target '../../tests/riscof/work/wally-riscv-arch-test/rv64i_m/privilege/src/WALLY-periph-01.S/ref/ref.elf.memfile'.  Stop.
make: *** No rule to make target '../../tests/riscof/work/wally-riscv-arch-test/rv64i_m/privilege/src/WALLY-minfo-01.S/ref/ref.elf.memfile'.  Stop.
make: *** No rule to make target '../../tests/riscof/work/riscv-arch-test/rv64i_m/B/src/ror-01.S/ref/ref.elf.memfile'.  Stop.
make: *** No rule to make target '../../tests/riscof/work/riscv-arch-test/rv64i_m/B/src/clmul-01.S/ref/ref.elf.memfile'.  Stop.
make: *** No rule to make target '../../tests/riscof/work/riscv-arch-test/rv64i_m/K/src/xperm8-01.S/ref/ref.elf.memfile'.  Stop.
make: *** No rule to make target '../../tests/riscof/work/riscv-arch-test/rv64i_m/K/src/aes64ds-01.S/ref/ref.elf.memfile'.  Stop.
make: *** No rule to make target '../../tests/riscof/work/riscv-arch-test/rv64i_m/K/src/aes64es-01.S/ref/ref.elf.memfile'.  Stop.
make: *** No rule to make target '../../tests/riscof/work/riscv-arch-test/rv64i_m/K/src/sha256sig0-01.S/ref/ref.elf.memfile'.  Stop.
make: *** No rule to make target '../../tests/riscof/work/riscv-arch-test/rv64i_m/B/src/slli.uw-01.S/ref/ref.elf.memfile'.  Stop.
make: *** No rule to make target '../../tests/riscof/work/riscv-arch-test/rv64i_m/B/src/max-01.S/ref/ref.elf.memfile'.  Stop.
make: *** No rule to make target '../../tests/riscof/work/riscv-arch-test/rv64i_m/B/src/clmul-01.S/ref/ref.elf.memfile'.  Stop.
make: *** No rule to make target '../../tests/riscof/work/riscv-arch-test/rv64i_m/B/src/bclr-01.S/ref/ref.elf.memfile'.  Stop.
make: *** No rule to make target '../../tests/riscof/work/riscv-arch-test/rv64i_m/vm_sv39/src/vm_A_and_D_S_mode.S/ref/ref.elf.memfile'.  Stop.
make: *** No rule to make target '../../tests/riscof/work/riscv-arch-test/rv64i_m/vm_sv48/src/sv48_A_and_D_S_mode.S/ref/ref.elf.memfile'.  Stop.
make: *** No rule to make target '../../tests/riscof/work/riscv-arch-test/rv64i_m/vm_sv57/src/sv57_VA_all_ones_S_mode.S/ref/ref.elf.memfile'.  Stop.
make: *** No rule to make target '../../tests/riscof/work/riscv-arch-test/rv64i_m/pmp/src/pmpf_cfg_wr.S/ref/ref.elf.memfile'.  Stop.
make: *** No rule to make target '../../tests/riscof/work/riscv-arch-test/rv64i_m/CMO/src/cbo.zero-01.S/ref/ref.elf.memfile'.  Stop.
[91m/home/abdul/miniconda3/WallyGuard/wally-worktrees/wally-20260911T194316Z-5ea4428b/sim/verilator/logs/rv64gc_arch64f_divsqrt.log: Error: Could not open file ../../tests/riscof/work/riscv-arch-test/rv64i_m/F/src/fdiv_b20-01.S/ref/ref.elf.memfile[0m
[91m/home/abdul/miniconda3/WallyGuard/wally-worktrees/wally-20260911T194316Z-5ea4428b/sim/verilator/logs/rv64gc_arch64zfh_divsqrt.log: Error: Could not open file ../../tests/riscof/work/riscv-arch-test/rv64i_m/Zfh/src/fdiv_b20-01.S/ref/ref.elf.memfile[0m
[91m/home/abdul/miniconda3/WallyGuard/wally-worktrees/wally-20260911T194316Z-5ea4428b/sim/verilator/logs/rv64gc_arch64zfad.log: Error: Could not open file ../../tests/riscof/work/riscv-arch-test/rv64i_m/D_Zfa/src/fround_b1-01.S/ref/ref.elf.memfile[0m
[91m/home/abdul/miniconda3/WallyGuard/wally-worktrees/wally-20260911T194316Z-5ea4428b/sim/verilator/logs/rv64gc_arch64i.log: Error: Could not open file ../../tests/riscof/work/riscv-arch-test/rv64i_m/I/src/add-01.S/ref/ref.elf.memfile[0m
[91m/home/abdul/miniconda3/WallyGuard/wally-worktrees/wally-20260911T194316Z-5ea4428b/sim/verilator/logs/rv64gc_arch64c.log: Error: Could not open file ../../tests/riscof/work/riscv-arch-test/rv64i_m/C/src/cadd-01.S/ref/ref.elf.memfile[0m
[91m/home/abdul/miniconda3/WallyGuard/wally-worktrees/wally-20260911T194316Z-5ea4428b/sim/verilator/logs/rv64gc_arch64zcb.log: Error: Could not open file ../../tests/riscof/work/riscv-arch-test/rv64i_m/C/src/clbu-01.S/ref/ref.elf.memfile[0m
[91m/home/abdul/miniconda3/WallyGuard/wally-worktrees/wally-20260911T194316Z-5ea4428b/sim/verilator/logs/rv64gc_arch64zicond.log: Error: Could not open file ../../tests/riscof/work/riscv-arch-test/rv64i_m/Zicond/src/czero.eqz-01.S/ref/ref.elf.memfile[0m
[91m/home/abdul/miniconda3/WallyGuard/wally-worktrees/wally-20260911T194316Z-5ea4428b/sim/verilator/logs/rv64gc_wally64a_lrsc.log: Error: Could not open file ../../tests/riscof/work/wally-riscv-arch-test/rv64i_m/privilege/src/WALLY-lrsc-01.S/ref/ref.elf.memfile[0m
[91m/home/abdul/miniconda3/WallyGuard/wally-worktrees/wally-20260911T194316Z-5ea4428b/sim/verilator/logs/rv64gc_wally64priv.log: Error: Could not open file ../../tests/riscof/work/wally-riscv-arch-test/rv64i_m/privilege/src/WALLY-minfo-01.S/ref/ref.elf.memfile[0m
[91m/home/abdul/miniconda3/WallyGuard/wally-worktrees/wally-20260911T194316Z-5ea4428b/sim/verilator/logs/rv64gc_arch64zbkc.log: Error: Could not open file ../../tests/riscof/work/riscv-arch-test/rv64i_m/B/src/clmul-01.S/ref/ref.elf.memfile[0m
[91m/home/abdul/miniconda3/WallyGuard/wally-worktrees/wally-20260911T194316Z-5ea4428b/sim/verilator/logs/rv64gc_arch64zknd.log: Error: Could not open file ../../tests/riscof/work/riscv-arch-test/rv64i_m/K/src/aes64ds-01.S/ref/ref.elf.memfile[0m
[91m/home/abdul/miniconda3/WallyGuard/wally-worktrees/wally-20260911T194316Z-5ea4428b/sim/verilator/logs/rv64gc_arch64zknh.log: Error: Could not open file ../../tests/riscof/work/riscv-arch-test/rv64i_m/K/src/sha256sig0-01.S/ref/ref.elf.memfile[0m
[91m/home/abdul/miniconda3/WallyGuard/wally-worktrees/wally-20260911T194316Z-5ea4428b/sim/verilator/logs/rv64gc_arch64zbb.log: Error: Could not open file ../../tests/riscof/work/riscv-arch-test/rv64i_m/B/src/max-01.S/ref/ref.elf.memfile[0m
[91m/home/abdul/miniconda3/WallyGuard/wally-worktrees/wally-20260911T194316Z-5ea4428b/sim/verilator/logs/rv64gc_arch64zbs.log: Error: Could not open file ../../tests/riscof/work/riscv-arch-test/rv64i_m/B/src/bclr-01.S/ref/ref.elf.memfile[0m
[91m/home/abdul/miniconda3/WallyGuard/wally-worktrees/wally-20260911T194316Z-5ea4428b/sim/verilator/logs/rv64gc_arch64vm_sv48.log: Error: Could not open file ../../tests/riscof/work/riscv-arch-test/rv64i_m/vm_sv48/src/sv48_A_and_D_S_mode.S/ref/ref.elf.memfile[0m
[91m/home/abdul/miniconda3/WallyGuard/wally-worktrees/wally-20260911T194316Z-5ea4428b/sim/verilator/logs/rv64gc_arch64pmp.log: Error: Could not open file ../../tests/riscof/work/riscv-arch-test/rv64i_m/pmp/src/pmpf_cfg_wr.S/ref/ref.elf.memfile[0m

[91m/home/abdul/miniconda3/WallyGuard/wally-worktrees/wally-20260911T194316Z-5ea4428b/sim/verilator/logs/rv64gc_arch64d_divsqrt.log: Error: Could not open file ../../tests/riscof/work/riscv-arch-test/rv64i_m/D/src/fdiv.d_b1-01.S/ref/ref.elf.memfile[0m
[91m/home/abdul/miniconda3/WallyGuard/wally-worktrees/wally-20260911T194316Z-5ea4428b/sim/verilator/logs/rv64gc_arch64zfaf.log: Error: Could not open file ../../tests/riscof/work/riscv-arch-test/rv64i_m/F_Zfa/src/fround_b1-01.S/ref/ref.elf.memfile[0m
[91m/home/abdul/miniconda3/WallyGuard/wally-worktrees/wally-20260911T194316Z-5ea4428b/sim/verilator/logs/rv64gc_coverage64gc.log: Error: Could not open file ../../tests/coverage/ieu.elf.memfile[0m
[91m/home/abdul/miniconda3/WallyGuard/wally-worktrees/wally-20260911T194316Z-5ea4428b/sim/verilator/logs/rv64gc_arch64priv.log: Error: Could not open file ../../tests/riscof/work/riscv-arch-test/rv64i_m/privilege/src/ebreak.S/ref/ref.elf.memfile[0m
[91m/home/abdul/miniconda3/WallyGuard/wally-worktrees/wally-20260911T194316Z-5ea4428b/sim/verilator/logs/rv64gc_arch64m.log: Error: Could not open file ../../tests/riscof/work/riscv-arch-test/rv64i_m/M/src/div-01.S/ref/ref.elf.memfile[0m
[91m/home/abdul/miniconda3/WallyGuard/wally-worktrees/wally-20260911T194316Z-5ea4428b/sim/verilator/logs/rv64gc_arch64zifencei.log: Error: Could not open file ../../tests/riscof/work/riscv-arch-test/rv64i_m/Zifencei/src/Fencei.S/ref/ref.elf.memfile[0m
[91m/home/abdul/miniconda3/WallyGuard/wally-worktrees/wally-20260911T194316Z-5ea4428b/sim/verilator/logs/rv64gc_arch64a_amo.log: Error: Could not open file ../../tests/riscof/work/riscv-arch-test/rv64i_m/A/src/amoadd.w-01.S/ref/ref.elf.memfile[0m
[91m/home/abdul/miniconda3/WallyGuard/wally-worktrees/wally-20260911T194316Z-5ea4428b/sim/verilator/logs/rv64gc_wally64periph.log: Error: Could not open file ../../tests/riscof/work/wally-riscv-arch-test/rv64i_m/privilege/src/WALLY-periph-01.S/ref/ref.elf.memfile[0m
[91m/home/abdul/miniconda3/WallyGuard/wally-worktrees/wally-20260911T194316Z-5ea4428b/sim/verilator/logs/rv64gc_arch64zbkb.log: Error: Could not open file ../../tests/riscof/work/riscv-arch-test/rv64i_m/B/src/ror-01.S/ref/ref.elf.memfile[0m
[91m/home/abdul/miniconda3/WallyGuard/wally-worktrees/wally-20260911T194316Z-5ea4428b/sim/verilator/logs/rv64gc_arch64zbkx.log: Error: Could not open file ../../tests/riscof/work/riscv-arch-test/rv64i_m/K/src/xperm8-01.S/ref/ref.elf.memfile[0m
[91m/home/abdul/miniconda3/WallyGuard/wally-worktrees/wally-20260911T194316Z-5ea4428b/sim/verilator/logs/rv64gc_arch64zkne.log: Error: Could not open file ../../tests/riscof/work/riscv-arch-test/rv64i_m/K/src/aes64es-01.S/ref/ref.elf.memfile[0m
[91m/home/abdul/miniconda3/WallyGuard/wally-worktrees/wally-20260911T194316Z-5ea4428b/sim/verilator/logs/rv64gc_arch64zba.log: Error: Could not open file ../../tests/riscof/work/riscv-arch-test/rv64i_m/B/src/slli.uw-01.S/ref/ref.elf.memfile[0m
[91m/home/abdul/miniconda3/WallyGuard/wally-worktrees/wally-20260911T194316Z-5ea4428b/sim/verilator/logs/rv64gc_arch64zbc.log: Error: Could not open file ../../tests/riscof/work/riscv-arch-test/rv64i_m/B/src/clmul-01.S/ref/ref.elf.memfile[0m
[91m/home/abdul/miniconda3/WallyGuard/wally-worktrees/wally-20260911T194316Z-5ea4428b/sim/verilator/logs/rv64gc_arch64vm_sv39.log: Error: Could not open file ../../tests/riscof/work/riscv-arch-test/rv64i_m/vm_sv39/src/vm_A_and_D_S_mode.S/ref/ref.elf.memfile[0m
[91m/home/abdul/miniconda3/WallyGuard/wally-worktrees/wally-20260911T194316Z-5ea4428b/sim/verilator/logs/rv64gc_arch64vm_sv57.log: Error: Could not open file ../../tests/riscof/work/riscv-arch-test/rv64i_m/vm_sv57/src/sv57_VA_all_ones_S_mode.S/ref/ref.elf.memfile[0m
[91m/home/abdul/miniconda3/WallyGuard/wally-worktrees/wally-20260911T194316Z-5ea4428b/sim/verilator/logs/rv64gc_arch64zicboz.log: Error: Could not open file ../../tests/riscof/work/riscv-arch-test/rv64i_m/CMO/src/cbo.zero-01.S/ref/ref.elf.memfile[0m
[91mwsim --sim verilator   rv32i arch32i > /home/abdul/miniconda3/WallyGuard/wally-worktrees/wally-20260911T194316Z-5ea4428b/sim/verilator/logs/rv32i_arch32i.log: Timeout - runtime exceeded 600 seconds[0m
[91mwsim --sim verilator   rv64i arch64i > /home/abdul/miniconda3/WallyGuard/wally-worktrees/wally-20260911T194316Z-5ea4428b/sim/verilator/logs/rv64i_arch64i.log: Timeout - runtime exceeded 600 seconds[0m
[91mRegression failed with 80 failed configurations[0m
Total runtime: 0h 24m 8.7s (1448.7 seconds)
