Building DUT...
Building tests...
/opt/riscv/lib/gcc/riscv64-unknown-elf/15.2.0/../../../../riscv64-unknown-elf/bin/ld: warning: cannot find entry symbol rvtest_entry_point; defaulting to 0000000080000000
riscv64-unknown-elf-objdump -S -D tester_llm/20260912T210944Z-fd08ec05/build/test_a.elf > tester_llm/20260912T210944Z-fd08ec05/build/test_a.elf.objdump
extractFunctionRadix.sh tester_llm/20260912T210944Z-fd08ec05/build/test_a.elf.objdump
rm tester_llm/20260912T210944Z-fd08ec05/build/test_a.elf.objdump
/opt/riscv/lib/gcc/riscv64-unknown-elf/15.2.0/../../../../riscv64-unknown-elf/bin/ld: warning: cannot find entry symbol rvtest_entry_point; defaulting to 0000000080000000
riscv64-unknown-elf-objdump -S -D tester_llm/20260912T210944Z-fd08ec05/build/test_b.elf > tester_llm/20260912T210944Z-fd08ec05/build/test_b.elf.objdump
extractFunctionRadix.sh tester_llm/20260912T210944Z-fd08ec05/build/test_b.elf.objdump
rm tester_llm/20260912T210944Z-fd08ec05/build/test_b.elf.objdump
/opt/riscv/lib/gcc/riscv64-unknown-elf/15.2.0/../../../../riscv64-unknown-elf/bin/ld: warning: cannot find entry symbol rvtest_entry_point; defaulting to 0000000080000000
riscv64-unknown-elf-objdump -S -D tester_llm/20260912T210944Z-fd08ec05/build/test_c.elf > tester_llm/20260912T210944Z-fd08ec05/build/test_c.elf.objdump
extractFunctionRadix.sh tester_llm/20260912T210944Z-fd08ec05/build/test_c.elf.objdump
rm tester_llm/20260912T210944Z-fd08ec05/build/test_c.elf.objdump
/opt/riscv/lib/gcc/riscv64-unknown-elf/15.2.0/../../../../riscv64-unknown-elf/bin/ld: warning: cannot find entry symbol rvtest_entry_point; defaulting to 0000000080000000
riscv64-unknown-elf-objdump -S -D tester_llm/20260912T210944Z-fd08ec05/build/test_d.elf > tester_llm/20260912T210944Z-fd08ec05/build/test_d.elf.objdump
extractFunctionRadix.sh tester_llm/20260912T210944Z-fd08ec05/build/test_d.elf.objdump
rm tester_llm/20260912T210944Z-fd08ec05/build/test_d.elf.objdump
Running DUT for test_a...
DUT test_a failed
Running DUT for test_b...
DUT test_b failed
Running DUT for test_c...
DUT test_c passed
Running DUT for test_d...
DUT test_d passed
Functional bug confirmed: cbo.clean or cbo.flush did not trap (failed)
