{
  "status": "TEST_INVALID",
  "reason": "Positive/control test failed",
  "returncode": null,
  "timed_out": false,
  "passed": false,
  "ran": true,
  "control": {
    "status": "ORACLE_FAILURE",
    "reason": "Independent oracle did not complete correctly",
    "returncode": 255,
    "timed_out": false,
    "passed": false,
    "ran": true
  },
  "steps": {
    "build": {
      "command": [
        "bash",
        "/home/rafay/miniconda3/WallyGuard2/runs/20260920T041307Z-f2caada9/build_reproducer.sh"
      ],
      "status": "PASS",
      "returncode": 0,
      "timed_out": false,
      "error": null,
      "log_path": "/home/rafay/miniconda3/WallyGuard2/runs/20260920T041307Z-f2caada9/logs/baseline-reproducer-0-evidence/build.log",
      "stdout_path": "/home/rafay/miniconda3/WallyGuard2/runs/20260920T041307Z-f2caada9/logs/baseline-reproducer-0-evidence/build.log",
      "stderr_path": "/home/rafay/miniconda3/WallyGuard2/runs/20260920T041307Z-f2caada9/logs/baseline-reproducer-0-evidence/build.log",
      "started_at": "2026-09-20T05:57:17.056127+00:00",
      "duration_seconds": 0.40147399601119105,
      "finished_at": "2026-09-20T05:57:17.457597+00:00"
    },
    "control-symbols": {
      "command": [
        "/home/rafay/riscv/bin/riscv64-unknown-elf-nm",
        "-n",
        "/home/rafay/miniconda3/WallyGuard2/runs/20260920T041307Z-f2caada9/build/control.elf"
      ],
      "status": "PASS",
      "returncode": 0,
      "timed_out": false,
      "error": null,
      "log_path": "/home/rafay/miniconda3/WallyGuard2/runs/20260920T041307Z-f2caada9/logs/baseline-reproducer-0-evidence/control-symbols.log",
      "stdout_path": "/home/rafay/miniconda3/WallyGuard2/runs/20260920T041307Z-f2caada9/logs/baseline-reproducer-0-evidence/control-symbols.log",
      "stderr_path": "/home/rafay/miniconda3/WallyGuard2/runs/20260920T041307Z-f2caada9/logs/baseline-reproducer-0-evidence/control-symbols.log",
      "started_at": "2026-09-20T05:57:17.734948+00:00",
      "duration_seconds": 0.05425628800003324,
      "finished_at": "2026-09-20T05:57:17.789206+00:00"
    },
    "control-oracle": {
      "command": [
        "/home/rafay/riscv/bin/spike",
        "+signature=/home/rafay/miniconda3/WallyGuard2/runs/20260920T041307Z-f2caada9/build/control.sig",
        "+signature-granularity=8",
        "-m0x80000000:0x100000",
        "--pc=0x80000000",
        "/home/rafay/miniconda3/WallyGuard2/runs/20260920T041307Z-f2caada9/build/control.elf"
      ],
      "status": "COMMAND_FAILED",
      "returncode": 255,
      "timed_out": false,
      "error": "Command exited with code 255",
      "log_path": "/home/rafay/miniconda3/WallyGuard2/runs/20260920T041307Z-f2caada9/logs/baseline-reproducer-0-evidence/control-oracle.log",
      "stdout_path": "/home/rafay/miniconda3/WallyGuard2/runs/20260920T041307Z-f2caada9/logs/baseline-reproducer-0-evidence/control-oracle.log",
      "stderr_path": "/home/rafay/miniconda3/WallyGuard2/runs/20260920T041307Z-f2caada9/logs/baseline-reproducer-0-evidence/control-oracle.log",
      "started_at": "2026-09-20T05:57:17.789747+00:00",
      "duration_seconds": 0.059461017997819,
      "finished_at": "2026-09-20T05:57:17.849207+00:00"
    }
  },
  "log_path": "/home/rafay/miniconda3/WallyGuard2/runs/20260920T041307Z-f2caada9/logs/baseline-reproducer-0.log",
  "evidence_dir": "/home/rafay/miniconda3/WallyGuard2/runs/20260920T041307Z-f2caada9/logs/baseline-reproducer-0-evidence",
  "captured": {
    "control.elf": {
      "path": "/home/rafay/miniconda3/WallyGuard2/runs/20260920T041307Z-f2caada9/logs/baseline-reproducer-0-evidence/control.elf",
      "sha256": "5923b94833aaaa7f776ff5dbf80a75d402d4484cf54aa12e5b12bdc224d192d4"
    }
  },
  "duration_seconds": 0.8555037590122083
}
