{
  "status": "TEST_INVALID",
  "reason": "[Errno 2] No such file or directory: '/home/rafay/miniconda3/WallyGuard2/runs/20260920T041307Z-f2caada9/build/control.sig'",
  "returncode": null,
  "timed_out": false,
  "passed": false,
  "ran": true,
  "steps": {
    "build": {
      "command": [
        "bash",
        "/home/rafay/miniconda3/WallyGuard2/runs/20260920T041307Z-f2caada9/build_reproducer.sh"
      ],
      "status": "PASS",
      "returncode": 0,
      "timed_out": false,
      "error": null,
      "log_path": "/home/rafay/miniconda3/WallyGuard2/runs/20260920T041307Z-f2caada9/logs/baseline-reproducer-1-evidence/build.log",
      "stdout_path": "/home/rafay/miniconda3/WallyGuard2/runs/20260920T041307Z-f2caada9/logs/baseline-reproducer-1-evidence/build.log",
      "stderr_path": "/home/rafay/miniconda3/WallyGuard2/runs/20260920T041307Z-f2caada9/logs/baseline-reproducer-1-evidence/build.log",
      "started_at": "2026-09-20T05:59:11.399848+00:00",
      "duration_seconds": 0.4062755649938481,
      "finished_at": "2026-09-20T05:59:11.806123+00:00"
    },
    "control-symbols": {
      "command": [
        "/home/rafay/riscv/bin/riscv64-unknown-elf-nm",
        "-n",
        "/home/rafay/miniconda3/WallyGuard2/runs/20260920T041307Z-f2caada9/build/control.elf"
      ],
      "status": "PASS",
      "returncode": 0,
      "timed_out": false,
      "error": null,
      "log_path": "/home/rafay/miniconda3/WallyGuard2/runs/20260920T041307Z-f2caada9/logs/baseline-reproducer-1-evidence/control-symbols.log",
      "stdout_path": "/home/rafay/miniconda3/WallyGuard2/runs/20260920T041307Z-f2caada9/logs/baseline-reproducer-1-evidence/control-symbols.log",
      "stderr_path": "/home/rafay/miniconda3/WallyGuard2/runs/20260920T041307Z-f2caada9/logs/baseline-reproducer-1-evidence/control-symbols.log",
      "started_at": "2026-09-20T05:59:12.028150+00:00",
      "duration_seconds": 0.055076788004953414,
      "finished_at": "2026-09-20T05:59:12.083227+00:00"
    },
    "control-oracle": {
      "command": [
        "/home/rafay/riscv/bin/spike",
        "-m0x80000000:0x100000",
        "--pc=0x80000000",
        "--isa=rv64gc",
        "/home/rafay/miniconda3/WallyGuard2/runs/20260920T041307Z-f2caada9/build/control.elf",
        "+signature=/home/rafay/miniconda3/WallyGuard2/runs/20260920T041307Z-f2caada9/build/control.sig",
        "+signature-granularity=8"
      ],
      "status": "PASS",
      "returncode": 0,
      "timed_out": false,
      "error": null,
      "log_path": "/home/rafay/miniconda3/WallyGuard2/runs/20260920T041307Z-f2caada9/logs/baseline-reproducer-1-evidence/control-oracle.log",
      "stdout_path": "/home/rafay/miniconda3/WallyGuard2/runs/20260920T041307Z-f2caada9/logs/baseline-reproducer-1-evidence/control-oracle.log",
      "stderr_path": "/home/rafay/miniconda3/WallyGuard2/runs/20260920T041307Z-f2caada9/logs/baseline-reproducer-1-evidence/control-oracle.log",
      "started_at": "2026-09-20T05:59:12.083748+00:00",
      "duration_seconds": 0.05321538800490089,
      "finished_at": "2026-09-20T05:59:12.136966+00:00"
    }
  },
  "log_path": "/home/rafay/miniconda3/WallyGuard2/runs/20260920T041307Z-f2caada9/logs/baseline-reproducer-1.log",
  "evidence_dir": "/home/rafay/miniconda3/WallyGuard2/runs/20260920T041307Z-f2caada9/logs/baseline-reproducer-1-evidence",
  "captured": {
    "control.elf": {
      "path": "/home/rafay/miniconda3/WallyGuard2/runs/20260920T041307Z-f2caada9/logs/baseline-reproducer-1-evidence/control.elf",
      "sha256": "2b5a681dc019e44bc05e378b584dde6caa4ae20df17ad2e2472332f485b6ef1b"
    }
  },
  "duration_seconds": 0.828812880004989
}
