Started: 2026-09-20T05:53:04.596983+00:00
Command: bash -o pipefail -c 'head -n 20 $WALLY/bin/elf2hex'

#!/usr/bin/env -S uv run --script
###########################################
## elf2hex - Convert ELF files to memfiles for Verilog simulation
##
## Written: Jordan Carlin, jcarlin@hmc.edu
## Created: April 7 2026
##
## Purpose: Replaces the SiFive elf2hex utility with a simple script
##          built on riscv64-unknown-elf-objcopy.
##          Produces output compatible with Verilog $readmemh().
##
## A component of the CORE-V-WALLY configurable RISC-V project.
## https://github.com/openhwfoundation/cvw
##
## Copyright (C) 2021-26 Harvey Mudd College & Oklahoma State University
##
## SPDX-License-Identifier: Apache-2.0 WITH SHL-2.1
##
## Licensed under the Solderpad Hardware License v 2.1 (the "License"); you may not use this file
## except in compliance with the License, or, at your option, the Apache License version 2.0. You

Finished: 2026-09-20T05:53:04.690932+00:00
Return code: 0
Status: PASS
