Started: 2026-09-20T04:16:21.833205+00:00
Command: bash -o pipefail -c 'jq '"'"'keys'"'"' /home/rafay/miniconda3/WallyGuard2/runs/20260917T123710Z-9bc09998/attempt.json'

[
  "base_commit",
  "baseline_regression",
  "baseline_reproducer",
  "bug_review",
  "fix_attempts",
  "iteration",
  "models",
  "patch",
  "plan",
  "run_regression",
  "scratch",
  "status",
  "tag",
  "test_dir",
  "test_revisions",
  "tester",
  "verification_scope"
]

Finished: 2026-09-20T04:16:22.030853+00:00
Return code: 0
Status: PASS
