Started: 2026-09-20T05:55:33.085791+00:00
Command: bash -o pipefail -c 'cat /home/rafay/miniconda3/WallyGuard2/runs/20260920T041307Z-f2caada9/tests/template.S.example
echo "---"
cat /home/rafay/miniconda3/WallyGuard2/runs/20260920T041307Z-f2caada9/tests/selfcheck.h'

// Copy to control.S and test.S, then implement the target-specific assertions.
// This template deliberately does not compile until an investigation is added.
#include "selfcheck.h"
.section .text.init
.option norvc
.globl rvtest_entry_point
rvtest_entry_point:
    la t0, trap_handler
    csrw mtvec, t0
    .error "Implement target setup, stimulus, and independent expected-value checks"
    // WG_CHECK_EQ 1, s0, s1
    j wg_pass

.balign 4
trap_handler:
    // Unexpected traps fail. For expected traps, check cause, tval and epc,
    // then check the target state against independently derived expectations.
    li a0, 1
    li a1, 0
    li a2, 0
    csrr a3, mcause
    j wg_fail

WG_FINISH
---
// Native CVW/Spike self-check record. RV64 starter; adapt widths for RV32.
// WG_CHECK_EQ index, actual-register, expected-register (clobbers a0-a3).
.macro WG_CHECK_EQ index, actual, expected
    mv a3, \actual
    mv a2, \expected
    li a0, \index
    li a1, 0
    bne a3, a2, wg_fail
.endm

.macro WG_FINISH
wg_pass:
    la t0, selfcheck_record
    li t1, 1
    sd t1, 0(t0)
    j wg_complete
wg_fail:
    la t0, selfcheck_record
    li t1, 2
    sd t1, 0(t0)
    sd a0, 8(t0)
    sd a1, 16(t0)
    sd a2, 24(t0)
    sd a3, 32(t0)
    slli t1, a0, 1
    ori t1, t1, 1
wg_complete:
    fence rw, rw
    la t0, tohost
    sw t1, 0(t0)
wg_halt:
    j wg_halt

.section .data
.balign 64
.globl begin_signature, end_signature, selfcheck_record
begin_signature:
selfcheck_record:
    .zero 40
end_signature:
.balign 64
.globl tohost, fromhost
tohost: .dword 0
fromhost: .dword 0
.endm

Finished: 2026-09-20T05:55:33.147800+00:00
Return code: 0
Status: PASS
