Started: 2026-09-20T05:47:48.774765+00:00
Command: bash -o pipefail -c 'find tests/ -name "*pmp*"'

tests/coverage/pmpcfg1.S
tests/coverage/pmppriority.S
tests/coverage/pmpcfg.S
tests/coverage/pmpcbo.S
tests/coverage/pmpadrdecs.S
tests/coverage/pmp.S
tests/coverage/pmpcfg2.S
tests/coverage/pmpTOR7.S
tests/riscof/riscof_work/wally32/rv32i_m/privilege/src/WALLY-pmp-01.S
tests/riscof/riscof_work/wally32/rv32i_m/privilege/src/WALLY-pmp-01.S/ref/WALLY-pmp-01.log
tests/riscof/riscof_work/wally64/rv64i_m/privilege/src/WALLY-pmp-01.S
tests/riscof/riscof_work/wally64/rv64i_m/privilege/src/WALLY-pmp-01.S/ref/WALLY-pmp-01.log
tests/riscof/riscof_work/arch64/rv64i_m/vm_pmp
tests/riscof/riscof_work/arch64/rv64i_m/vm_pmp/src/sv39/sv39_pmp_on_pa_S_mode.S
tests/riscof/riscof_work/arch64/rv64i_m/vm_pmp/src/sv39/sv39_pmp_on_pte_S_mode.S
tests/riscof/riscof_work/arch64/rv64i_m/vm_pmp/src/sv39/sv39_pmp_on_pa_U_mode.S
tests/riscof/riscof_work/arch64/rv64i_m/vm_pmp/src/sv39/sv39_pmp_on_pte_U_mode.S
tests/riscof/riscof_work/arch64/rv64i_m/vm_pmp/src/sv48/sv48_pmp_on_pte_S_mode.S
tests/riscof/riscof_work/arch64/rv64i_m/vm_pmp/src/sv48/sv48_pmp_on_pa_S_mode.S
tests/riscof/riscof_work/arch64/rv64i_m/vm_pmp/src/sv48/sv48_pmp_on_pte_U_mode.S
tests/riscof/riscof_work/arch64/rv64i_m/vm_pmp/src/sv48/sv48_pmp_on_pa_U_mode.S
tests/riscof/riscof_work/arch64/rv64i_m/pmp
tests/riscof/riscof_work/arch64/rv64i_m/pmp/src/pmpm_cfg_L_access_all.S
tests/riscof/riscof_work/arch64/rv64i_m/pmp/src/pmpzca_misaligned_off.S
tests/riscof/riscof_work/arch64/rv64i_m/pmp/src/pmpm_cfg_tor_all.S
tests/riscof/riscof_work/arch64/rv64i_m/pmp/src/pmpf_cfg_wr.S
tests/riscof/riscof_work/arch64/rv64i_m/pmp/src/pmpu_csr_access.S
tests/riscof/riscof_work/arch64/rv64i_m/pmp/src/pmpm_cfg_L_modify_tor.S
tests/riscof/riscof_work/arch64/rv64i_m/pmp/src/pmpzcd_legal_lwxr.S
tests/riscof/riscof_work/arch64/rv64i_m/pmp/src/pmpzicbo_prefetch.S
tests/riscof/riscof_work/arch64/rv64i_m/pmp/src/pmpm_cfg_A_tor_bot.S
tests/riscof/riscof_work/arch64/rv64i_m/pmp/src/pmps_mprv_check-02.S
tests/riscof/riscof_work/arch64/rv64i_m/pmp/src/pmpu_mprv_check-01.S
tests/riscof/riscof_work/arch64/rv64i_m/pmp/src/pmpm_cfg_tor_check-01.S
tests/riscof/riscof_work/arch64/rv64i_m/pmp/src/pmpzca_aligned_tor.S
tests/riscof/riscof_work/arch64/rv64i_m/pmp/src/pmpm_grain.S
tests/riscof/riscof_work/arch64/rv64i_m/pmp/src/pmpu_none.S
tests/riscof/riscof_work/arch64/rv64i_m/pmp/src/pmpm_cfg_L_modify_off.S
tests/riscof/riscof_work/arch64/rv64i_m/pmp/src/pmpzca_misaligned_napot.S
tests/riscof/riscof_work/arch64/rv64i_m/pmp/src/pmpu_tor_legal_lxwr.S
tests/riscof/riscof_work/arch64/rv64i_m/pmp/src/pmpm_cfg_L_modify_napot.S
tests/riscof/riscof_work/arch64/rv64i_m/pmp/src/pmpm_cfg_tor_check-02.S
tests/riscof/riscof_work/arch64/rv64i_m/pmp/src/pmpm_cfg_napot_all.S
tests/riscof/riscof_work/arch64/rv64i_m/pmp/src/pmpm_cfg_tor_check-03.S
tests/riscof/riscof_work/arch64/rv64i_m/pmp/src/pmpm_cfg_XWR_all-04.S
tests/riscof/riscof_work/arch64/rv64i_m/pmp/src/pmpzcb_legal_lwxr.S
tests/riscof/riscof_work/arch64/rv64i_m/pmp/src/pmpm_priority_off.S
tests/riscof/riscof_work/arch64/rv64i_m/pmp/src/pmpu_mprv_check-02.S
tests/riscof/riscof_work/arch64/rv64i_m/pmp/src/pmpm_grain_check.S
tests/riscof/riscof_work/arch64/rv64i_m/pmp/src/pmpm_csr_walk.S
tests/riscof/riscof_work/arch64/rv64i_m/pmp/src/pmps_none.S
tests/riscof/riscof_work/arch64/rv64i_m/pmp/src/pmpu_cfg_A_off.S
tests/riscof/riscof_work/arch64/rv64i_m/pmp/src/pmpzca_legal_lwxr.S
tests/riscof/riscof_work/arch64/rv64i_m/pmp/src/pmpm_cfg_XWR_all-02.S
tests/riscof/riscof_work/arch64/rv64i_m/pmp/src/pmps_mprv_check-01.S
tests/riscof/riscof_work/arch64/rv64i_m/pmp/src/pmpm_napot_legal_lxwr.S
tests/riscof/riscof_work/arch64/rv64i_m/pmp/src/pmpzca_aligned_napot.S
tests/riscof/riscof_work/arch64/rv64i_m/pmp/src/pmpm_cfg_XWR_all-01.S
tests/riscof/riscof_work/arch64/rv64i_m/pmp/src/pmpm_cfg_A_off_all.S
tests/riscof/riscof_work/arch64/rv64i_m/pmp/src/pmpzca_cret_tor.S
tests/riscof/riscof_work/arch64/rv64i_m/pmp/src/pmps_tor_legal_lxwr.S
tests/riscof/riscof_work/arch64/rv64i_m/pmp/src/pmpu_cfg_XWR.S
tests/riscof/riscof_work/arch64/rv64i_m/pmp/src/pmps_csr_access.S
tests/riscof/riscof_work/arch64/rv64i_m/pmp/src/pmpm_tor_legal_lxwr.S
tests/riscof/riscof_work/arch64/rv64i_m/pmp/src/pmpm_cfg_A_tor_zero.S
tests/riscof/riscof_work/arch64/rv64i_m/pmp/src/pmps_cfg_XWR.S
tests/riscof/riscof_work/arch64/rv64i_m/pmp/src/pmpu_napot_legal_lxwr.S
tests/riscof/riscof_work/arch64/rv64i_m/pmp/src/pmpm_cfg_XWR_all-03.S
tests/riscof/riscof_work/arch64/rv64i_m/pmp/src/pmps_napot_legal_lxwr.S
tests/riscof/riscof_work/arch64/rv64i_m/pmp/src/pmpzaamo_cfg_wr.S
tests/riscof/riscof_work/arch64/rv64i_m/pmp/src/pmpm_cfg_A_all.S
tests/riscof/riscof_work/arch64/rv64i_m/pmp/src/pmps_cfg_A_off.S
tests/riscof/riscof_work/arch64/rv64i_m/pmp/src/pmpzca_aligned_off.S
tests/riscof/riscof_work/arch64/rv64i_m/pmp/src/pmpzca_misaligned_tor.S
tests/riscof/riscof_work/arch64/rv64i_m/pmp/src/pmpzca_cret_napot.S
tests/riscof/riscof_work/arch64/rv64i_m/pmp/src/pmpm_priority.S
tests/riscof/riscof_work/arch32/rv32i_m/vm_pmp
tests/riscof/riscof_work/arch32/rv32i_m/vm_pmp/src/sv32_pmp_on_pa_U_mode.S
tests/riscof/riscof_work/arch32/rv32i_m/vm_pmp/src/sv32_pmp_on_pa_S_mode.S
tests/riscof/riscof_work/arch32/rv32i_m/vm_pmp/src/sv32_pmp_on_pte_S_mode.S
tests/riscof/riscof_work/arch32/rv32i_m/vm_pmp/src/sv32_pmp_on_pte_U_mode.S
tests/riscof/riscof_work/arch32/rv32i_m/pmp
tests/riscof/riscof_work/arch32/rv32i_m/pmp/src/pmpzcd_legal_lxwr.S
tests/riscof/riscof_work/arch32/rv32i_m/pmp/src/pmpm_misaligned_off.S
tests/riscof/riscof_work/arch32/rv32i_m/pmp/src/pmpm_cfg_L_access_all.S
tests/riscof/riscof_work/arch32/rv32i_m/pmp/src/pmpzca_misaligned_off.S
tests/riscof/riscof_work/arch32/rv32i_m/pmp/src/pmpm_cfg_tor_all.S
tests/riscof/riscof_work/arch32/rv32i_m/pmp/src/pmpf_cfg_wr.S
tests/riscof/riscof_work/arch32/rv32i_m/pmp/src/pmpu_csr_access.S
tests/riscof/riscof_work/arch32/rv32i_m/pmp/src/pmpm_cfg_L_modify_tor.S
tests/riscof/riscof_work/arch32/rv32i_m/pmp/src/pmpm_napot_legal_lwxr.S
tests/riscof/riscof_work/arch32/rv32i_m/pmp/src/pmpm_tor_legal_lwxr.S
tests/riscof/riscof_work/arch32/rv32i_m/pmp/src/pmpzicbo_prefetch.S
tests/riscof/riscof_work/arch32/rv32i_m/pmp/src/pmpm_cfg_A_tor_bot.S
tests/riscof/riscof_work/arch32/rv32i_m/pmp/src/pmpzcb_legal_lxwr.S
tests/riscof/riscof_work/arch32/rv32i_m/pmp/src/pmpm_misaligned_napot.S
tests/riscof/riscof_work/arch32/rv32i_m/pmp/src/pmps_mprv_check-02.S
tests/riscof/riscof_work/arch32/rv32i_m/pmp/src/pmpu_mprv_check-01.S
tests/riscof/riscof_work/arch32/rv32i_m/pmp/src/pmpm_cfg_tor_check-01.S
tests/riscof/riscof_work/arch32/rv32i_m/pmp/src/pmpzca_aligned_tor.S
tests/riscof/riscof_work/arch32/rv32i_m/pmp/src/pmpm_grain.S
tests/riscof/riscof_work/arch32/rv32i_m/pmp/src/pmpu_none.S
tests/riscof/riscof_work/arch32/rv32i_m/pmp/src/pmpm_cfg_L_modify_off.S
tests/riscof/riscof_work/arch32/rv32i_m/pmp/src/pmpzca_misaligned_napot.S
tests/riscof/riscof_work/arch32/rv32i_m/pmp/src/pmpu_tor_legal_lxwr.S
tests/riscof/riscof_work/arch32/rv32i_m/pmp/src/pmpm_cfg_L_modify_napot.S
tests/riscof/riscof_work/arch32/rv32i_m/pmp/src/pmpm_cfg_tor_check-02.S
tests/riscof/riscof_work/arch32/rv32i_m/pmp/src/pmpm_cfg_napot_all.S
tests/riscof/riscof_work/arch32/rv32i_m/pmp/src/pmpm_cfg_tor_check-03.S
tests/riscof/riscof_work/arch32/rv32i_m/pmp/src/pmpm_cfg_XWR_all-04.S
tests/riscof/riscof_work/arch32/rv32i_m/pmp/src/pmpm_priority_off.S
tests/riscof/riscof_work/arch32/rv32i_m/pmp/src/pmpu_mprv_check-02.S
tests/riscof/riscof_work/arch32/rv32i_m/pmp/src/pmpzcf_legal_lxwr.S
tests/riscof/riscof_work/arch32/rv32i_m/pmp/src/pmpm_grain_check.S
tests/riscof/riscof_work/arch32/rv32i_m/pmp/src/pmpm_csr_walk.S
tests/riscof/riscof_work/arch32/rv32i_m/pmp/src/pmpm_misaligned_tor.S
tests/riscof/riscof_work/arch32/rv32i_m/pmp/src/pmps_none.S
tests/riscof/riscof_work/arch32/rv32i_m/pmp/src/pmpu_cfg_A_off.S
tests/riscof/riscof_work/arch32/rv32i_m/pmp/src/pmpm_cfg_XWR_all-02.S
tests/riscof/riscof_work/arch32/rv32i_m/pmp/src/pmps_mprv_check-01.S
tests/riscof/riscof_work/arch32/rv32i_m/pmp/src/pmpzca_aligned_napot.S
tests/riscof/riscof_work/arch32/rv32i_m/pmp/src/pmpm_cfg_XWR_all-01.S
tests/riscof/riscof_work/arch32/rv32i_m/pmp/src/pmpm_cfg_A_off_all.S
tests/riscof/riscof_work/arch32/rv32i_m/pmp/src/pmpzca_cret_tor.S
tests/riscof/riscof_work/arch32/rv32i_m/pmp/src/pmps_tor_legal_lxwr.S
tests/riscof/riscof_work/arch32/rv32i_m/pmp/src/pmpu_cfg_XWR.S
tests/riscof/riscof_work/arch32/rv32i_m/pmp/src/pmps_csr_access.S
tests/riscof/riscof_work/arch32/rv32i_m/pmp/src/pmpm_cfg_A_tor_zero.S
tests/riscof/riscof_work/arch32/rv32i_m/pmp/src/pmps_cfg_XWR.S
tests/riscof/riscof_work/arch32/rv32i_m/pmp/src/pmpu_napot_legal_lxwr.S
tests/riscof/riscof_work/arch32/rv32i_m/pmp/src/pmpm_cfg_XWR_all-03.S
tests/riscof/riscof_work/arch32/rv32i_m/pmp/src/pmps_napot_legal_lxwr.S
tests/riscof/riscof_work/arch32/rv32i_m/pmp/src/pmpzaamo_cfg_wr.S
tests/riscof/riscof_work/arch32/rv32i_m/pmp/src/pmpm_cfg_A_all.S
tests/riscof/riscof_work/arch32/rv32i_m/pmp/src/pmps_cfg_A_off.S
tests/riscof/riscof_work/arch32/rv32i_m/pmp/src/pmpzca_aligned_off.S
tests/riscof/riscof_work/arch32/rv32i_m/pmp/src/pmpzca_misaligned_tor.S
tests/riscof/riscof_work/arch32/rv32i_m/pmp/src/pmpzca_cret_napot.S
tests/riscof/riscof_work/arch32/rv32i_m/pmp/src/pmpzca_legal_lxwr.S
tests/riscof/riscof_work/arch32/rv32i_m/pmp/src/pmpm_priority.S
tests/riscof/work/wally-riscv-arch-test/rv64i_m/privilege/src/WALLY-pmp-01.S
tests/riscof/work/wally-riscv-arch-test/rv64i_m/privilege/src/WALLY-pmp-01.S/ref/WALLY-pmp-01.log
tests/riscof/work/wally-riscv-arch-test/rv32i_m/privilege/src/WALLY-pmp-01.S
tests/riscof/work/wally-riscv-arch-test/rv32i_m/privilege/src/WALLY-pmp-01.S/ref/WALLY-pmp-01.log
tests/wally-riscv-arch-test/riscv-test-suite/rv64i_m/privilege/src/WALLY-pmp-01.S
tests/wally-riscv-arch-test/riscv-test-suite/rv32i_m/privilege/src/WALLY-pmp-01.S

Finished: 2026-09-20T05:47:52.471512+00:00
Return code: 0
Status: PASS
