Started: 2026-09-20T05:47:56.128627+00:00
Command: bash -o pipefail -c 'head -n 50 tests/wally-riscv-arch-test/riscv-test-suite/rv64i_m/privilege/src/WALLY-pmp-01.S'

///////////////////////////////////////////
//
// WALLY-PMP
//
// Author: Kip Macsai-Goren <kmacsaigoren@g.hmc.edu>
//
// Created 2021-06-15
//
// Copyright (C) 2021 Harvey Mudd College & Oklahoma State University
//
// Permission is hereby granted, free of charge, to any person obtaining a copy of this software and associated documentation
// files (the "Software"), to deal in the Software without restriction, including without limitation the rights to use, copy,
// modify, merge, publish, distribute, sublicense, and/or sell copies of the Software, and to permit persons to whom the Software
// is furnished to do so, subject to the following conditions:
//
// The above copyright notice and this permission notice shall be included in all copies or substantial portions of the Software.
//
// THE SOFTWARE IS PROVIDED "AS IS", WITHOUT WARRANTY OF ANY KIND, EXPRESS OR IMPLIED, INCLUDING BUT NOT LIMITED TO THE WARRANTIES
// OF MERCHANTABILITY, FITNESS FOR A PARTICULAR PURPOSE AND NONINFRINGEMENT. IN NO EVENT SHALL THE AUTHORS OR COPYRIGHT HOLDERS
// BE LIABLE FOR ANY CLAIM, DAMAGES OR OTHER LIABILITY, WHETHER IN AN ACTION OF CONTRACT, TORT OR OTHERWISE, ARISING FROM, OUT
// OF OR IN CONNECTION WITH THE SOFTWARE OR THE USE OR OTHER DEALINGS IN THE SOFTWARE.
///////////////////////////////////////////

#include "WALLY-TEST-LIB-64.h"
RVTEST_ISA("RV64I_Zicsr_Zifencei")
RVTEST_CASE(0,"//check ISA:=regex(.*64.*);check ISA:=regex(.*I.*);def TEST_CASE_1=True;",pmp)

INIT_TESTS

TRAP_HANDLER m

j run_test_loop // begin test loop/table tests instead of executing inline code.

INIT_TEST_TABLE

TEST_STACK_AND_DATA

# These tests follow the testing plan in Chapter 12 of the riscv-wally textbook
.align 3
test_cases:

# ---------------------------------------------------------------------------------------------
# Test Contents
#
#   Here is where the actual tests are held, or rather, what the actual tests do.
#   each entry consists of 3 values that will be read in as follows:
#
#   '.8byte [x28 Value], [x29 Value], [x30 value]'
#                     or
#   '.8byte [address], [value], [test type]'

Finished: 2026-09-20T05:47:56.192555+00:00
Return code: 0
Status: PASS
