Started: 2026-09-20T05:54:11.682656+00:00
Command: bash -o pipefail -c 'cd /home/rafay/miniconda3/WallyGuard2/runs/20260919T193248Z-eb60e108/build
riscv64-unknown-elf-objdump -S -D test.elf > test.elf.objdump
$WALLY/bin/extractFunctionRadix.sh test.elf.objdump
head -n 10 test.elf.objdump.lab
grep -n "selfcheck" test.elf.objdump.lab
grep -n "selfcheck" test.elf.objdump.addr'

rvtest_entry_point
trap_handler
wg_pass
wg_fail
wg_complete
wg_halt
begin_signature
end_signature
tohost
fromhost

Finished: 2026-09-20T05:54:11.850739+00:00
Return code: 1
Status: COMMAND_FAILED
ERROR: Command exited with code 1
