Started: 2026-09-20T05:59:48.373805+00:00
Command: bash -o pipefail -c 'cat /home/rafay/miniconda3/WallyGuard2/runs/20260920T041307Z-f2caada9/build/control.S'

#include "selfcheck.h"
.section .text.init
.option norvc
.globl rvtest_entry_point
rvtest_entry_point:
    la t0, trap_handler
    csrw mtvec, t0
    
    // Set up PMP addresses
    la t0, test_buf
    
    // PMP0: test_buf + 4
    addi t1, t0, 4
    srli t1, t1, 2
    csrw pmpaddr0, t1
    
    // PMP1: test_buf + 16
    addi t1, t0, 16
    srli t1, t1, 2
    csrw pmpaddr1, t1
    
    // PMP2: max
    li t1, -1
    csrw pmpaddr2, t1
    
    // Write pmpcfg0
    li t1, 0x0F8D0F
    csrw pmpcfg0, t1
    
    fence.i
    
    // Now perform the 4-byte store
    la t0, test_buf
    li t1, 0xDEADBEEF
    sw t1, 0(t0)
    
    // This should NOT trap.
    j wg_pass

.balign 4
trap_handler:
    // Unexpected trap
    csrr a2, mcause
    li a0, 3
    li a1, 0
    j wg_fail

WG_FINISH

.section .data
.balign 16
test_buf:
    .dword 0
    .dword 0

Finished: 2026-09-20T05:59:48.432822+00:00
Return code: 0
Status: PASS
