Started: 2026-09-20T05:53:51.925746+00:00
Command: bash -o pipefail -c 'grep -rn "ProgramAddrLabelArray" testbench/'

testbench/testbench.sv:127:  integer ProgramAddrLabelArray [string];
testbench/testbench.sv:427:    begin_signature_addr = ProgramAddrLabelArray["begin_signature"];
testbench/testbench.sv:428:    end_signature_addr = ProgramAddrLabelArray["sig_end_canary"];
testbench/testbench.sv:430:    selfcheck_record_addr = ProgramAddrLabelArray["selfcheck_record"]; // nonzero for self-checking tests
testbench/testbench.sv:485:      // declare memory labels that interest us, the updateProgramAddrLabelArray task will find
testbench/testbench.sv:488:      updateProgramAddrLabelArray(ProgramAddrMapFile, ProgramLabelMapFile, memfilename, WALLY_DIR, ProgramAddrLabelArray);
testbench/testbench.sv:835:      TestComplete <= ((dut.core.lsu.IEUAdrM == ProgramAddrLabelArray["tohost"] & dut.core.lsu.IEUAdrM != 0) & InstrMName == "SW");
testbench/testbench.sv:837:      TestComplete <= ((InstrM == 32'h6f) & dut.core.InstrValidM ) | ((dut.core.lsu.IEUAdrM == ProgramAddrLabelArray["tohost"] & dut.core.lsu.IEUAdrM != 0) & InstrMName == "SW");
testbench/testbench.sv:840:    //      ((dut.core.lsu.IEUAdrM == ProgramAddrLabelArray["tohost"] & dut.core.lsu.IEUAdrM != 0) & InstrMName == "SW"); // |
testbench/testbench.sv:1196:task automatic updateProgramAddrLabelArray;
testbench/testbench.sv:1200:  inout  integer ProgramAddrLabelArray [string];
testbench/testbench.sv:1213:    ProgramAddrLabelArray["begin_signature"] = 0;
testbench/testbench.sv:1214:    ProgramAddrLabelArray["tohost"] = 0;
testbench/testbench.sv:1215:    ProgramAddrLabelArray["sig_end_canary"] = 0;
testbench/testbench.sv:1216:    ProgramAddrLabelArray["selfcheck_record"] = 0;
testbench/testbench.sv:1222:      if (ProgramAddrLabelArray.exists(label)) ProgramAddrLabelArray[label] = adrstr.atohex();
testbench/testbench.sv:1226://  if(ProgramAddrLabelArray["begin_signature"] == 0) $display("Couldn't find begin_signature in %s", ProgramLabelMapFile);
testbench/testbench.sv:1227://  if(ProgramAddrLabelArray["sig_end_canary"] == 0) $display("Couldn't find sig_end_canary in %s", ProgramLabelMapFile);

Finished: 2026-09-20T05:53:51.993100+00:00
Return code: 0
Status: PASS
