Started: 2026-09-20T05:53:48.621584+00:00
Command: bash -o pipefail -c 'sed -n '"'"'410,435p'"'"' testbench/testbench.sv'

  assign Validate = CurrState == STATE_VALIDATE;
  assign SelectTest = CurrState == STATE_INIT_TEST;
  assign CopyRAM = TestComplete & CurrState == STATE_RUN_TEST;
  assign DCacheFlushStart = CurrState == STATE_COPY_RAM;

  // fsm reset counter
  counter #(3) RstCounter(clk, ResetCntRst, ResetCntEn, ResetCount);

  ////////////////////////////////////////////////////////////////////////////////
  // Find the test vector files and populate the PC to function label converter
  ////////////////////////////////////////////////////////////////////////////////
  logic [P.XLEN-1:0] testadr;

  //VCS ignores the dynamic types while processing the implicit sensitivity lists of always @*, always_comb, and always_latch
  //procedural blocks. VCS supports the dynamic types in the implicit sensitivity list of always @* block as specified in the Section 9.2 of the IEEE Standard SystemVerilog Specification 1800-2012.
  //To support memory load and dump task verbosity: flag : -diag sys_task_mem
  always @(*) begin
    begin_signature_addr = ProgramAddrLabelArray["begin_signature"];
    end_signature_addr = ProgramAddrLabelArray["sig_end_canary"];
    signature_size = end_signature_addr - begin_signature_addr;
    selfcheck_record_addr = ProgramAddrLabelArray["selfcheck_record"]; // nonzero for self-checking tests
  end
  logic EcallFaultM;
  if (P.ZICSR_SUPPORTED)
    assign EcallFaultM = dut.core.priv.priv.EcallFaultM;
  else

Finished: 2026-09-20T05:53:48.681588+00:00
Return code: 0
Status: PASS
