Started: 2026-09-20T05:56:11.360732+00:00
Command: bash -o pipefail -c 'cat << '"'"'EOF'"'"' > /home/rafay/miniconda3/WallyGuard2/runs/20260920T041307Z-f2caada9/run_tests.sh
#!/bin/bash
export WALLY=/home/rafay/miniconda3/WallyGuard2/wally-worktrees/wally-shared
export WALLY_SPIKE=/home/rafay/riscv/bin/spike
export TEST_DIR=/home/rafay/miniconda3/WallyGuard2/runs/20260920T041307Z-f2caada9

echo "--- Running control.elf on Spike ---"
timeout 30s "$WALLY_SPIKE" -m0x80000000:0x100000 --pc=0x80000000 $TEST_DIR/build/control.elf
echo "Spike exit: $?"

echo "--- Running test.elf on Spike ---"
timeout 30s "$WALLY_SPIKE" -m0x80000000:0x100000 --pc=0x80000000 $TEST_DIR/build/test.elf
echo "Spike exit: $?"

echo "--- Running control.elf on Wally ---"
timeout 60s $WALLY/bin/wsim rv64gc --sim verilator --elf $TEST_DIR/build/control.elf
echo "Wally exit: $?"

echo "--- Running test.elf on Wally ---"
timeout 60s $WALLY/bin/wsim rv64gc --sim verilator --elf $TEST_DIR/build/test.elf
echo "Wally exit: $?"
EOF
chmod +x /home/rafay/miniconda3/WallyGuard2/runs/20260920T041307Z-f2caada9/run_tests.sh
bash /home/rafay/miniconda3/WallyGuard2/runs/20260920T041307Z-f2caada9/run_tests.sh'

--- Running control.elf on Spike ---
Spike exit: 0
--- Running test.elf on Spike ---
Spike exit: 0
--- Running control.elf on Wally ---
Single Elf file tests are not signatured verified.
- /home/rafay/miniconda3/WallyGuard2/wally-worktrees/wally-shared/testbench/testbench.sv:532: Verilog $finish
- S i m u l a t i o n   R e p o r t: Verilator 5.036 2025-04-27
- Verilator: $finish at 4ns; walltime 0.022 s; speed 248.867 ns/s
- Verilator: cpu 0.017 s on 1 threads; alloced 346 MB
Config=rv64gc tests=None sim=verilator gui=False args='' params='' define=''
Running Verilator on rv64gc build_control.elf
Wally exit: 0
--- Running test.elf on Wally ---
Single Elf file tests are not signatured verified.
- /home/rafay/miniconda3/WallyGuard2/wally-worktrees/wally-shared/testbench/testbench.sv:532: Verilog $finish
- S i m u l a t i o n   R e p o r t: Verilator 5.036 2025-04-27
- Verilator: $finish at 4ns; walltime 0.020 s; speed 256.086 ns/s
- Verilator: cpu 0.016 s on 1 threads; alloced 346 MB
Config=rv64gc tests=None sim=verilator gui=False args='' params='' define=''
Running Verilator on rv64gc build_test.elf
Wally exit: 0

Finished: 2026-09-20T05:56:15.888421+00:00
Return code: 0
Status: PASS
