Started: 2026-09-20T05:47:58.908492+00:00
Command: bash -o pipefail -c './bin/wsim --help | head -n 30'

usage: wsim [-h] [--elf ELF] [--sim {questa,verilator,vcs}]
            [--tb {testbench,testbench_fp}] [--gui] [--ccov] [--fcov]
            [--args ARGS] [--params PARAMS] [--define DEFINE] [--vcd]
            [--lockstep] [--lockstepverbose] [--rvvi] [--debug DEBUG]
            [--rvvidb]
            config [testsuite]

positional arguments:
  config                Configuration file
  testsuite             Test suite or path to .elf file

options:
  -h, --help            show this help message and exit
  --elf, -e ELF         ELF File name; use if name does not end in .elf
  --sim, -s {questa,verilator,vcs}
                        Simulator
  --tb, -t {testbench,testbench_fp}
                        Testbench
  --gui, -g             Simulate with GUI
  --ccov, -c            Code Coverage
  --fcov, -f            Functional Coverage; Currently does nothing
  --args, -a ARGS       Optional arguments passed to simulator via
                        $value$plusargs
  --params, -p PARAMS   Optional top-level parameter overrides of the form
                        param=value
  --define, -d DEFINE   Optional define macros passed to simulator
  --vcd, -v             Generate testbench.vcd
  --lockstep, -l        Run ImperasDV lock, step, and compare.
  --lockstepverbose, -lv
                        Run ImperasDV lock, step, and compare with tracing

Finished: 2026-09-20T05:47:59.822179+00:00
Return code: 0
Status: PASS
