Started: 2026-09-20T05:55:23.951905+00:00
Command: bash -o pipefail -c 'cat << '"'"'EOF'"'"' > /home/rafay/miniconda3/WallyGuard2/runs/20260920T041307Z-f2caada9/explore.sh
#!/bin/bash
export WALLY=/home/rafay/miniconda3/WallyGuard2/wally-worktrees/wally-shared
export PATH=$WALLY/bin:$PATH
export TEST_DIR=/home/rafay/miniconda3/WallyGuard2/runs/20260920T041307Z-f2caada9
mkdir -p $TEST_DIR/build $TEST_DIR/logs $TEST_DIR/tests
ls -l $WALLY/bin
EOF
bash /home/rafay/miniconda3/WallyGuard2/runs/20260920T041307Z-f2caada9/explore.sh'

total 252
-rwxrwxr-x 1 rafay rafay  2098 Sep 18 07:24 CModelBTBAccuracy.sh
-rwxrwxr-x 1 rafay rafay  2193 Sep 18 07:24 CModelBranchAccuracy.sh
-rwxrwxr-x 1 rafay rafay 11402 Sep 18 07:24 CacheSim.py
-rwxrwxr-x 1 rafay rafay  2335 Sep 18 07:24 SeparateBranch.sh
-rwxrwxr-x 1 rafay rafay  2969 Sep 18 07:24 analyze_riscv_elf.py
-rwxrwxr-x 1 rafay rafay  5252 Sep 18 07:24 derivgen.pl
-rw-rw-r-- 1 rafay rafay   904 Sep 16 10:05 docker.sh
-rwxrwxr-x 1 rafay rafay  4376 Sep 18 07:24 elf2hex
-rwxrwxr-x 1 rafay rafay  2577 Sep 18 07:24 extractFunctionRadix.sh
-rwxrwxr-x 1 rafay rafay  1086 Sep 16 10:05 fparchtest.sh
-rwxrwxr-x 1 rafay rafay   203 Sep 16 10:05 imperasfpm
drwxrwxr-x 2 rafay rafay  4096 Sep 18 07:24 installation
-rwxrwxr-x 1 rafay rafay  3980 Sep 16 10:05 iterelf
-rwxrwxr-x 1 rafay rafay  9003 Sep 18 07:24 libppa.pl
-rwxrwxr-x 1 rafay rafay  2616 Sep 16 10:05 lint-spyglass.sh
-rwxrwxr-x 1 rafay rafay  3930 Sep 16 10:05 lint-wally
-rwxrwxr-x 1 rafay rafay 33523 Sep 18 07:24 nightly_build.py
-rwxrwxr-x 1 rafay rafay 24806 Sep 18 07:24 parseHPMC.py
-rwxrwxr-x 1 rafay rafay 37301 Sep 16 10:05 regression-wally
lrwxrwxrwx 1 rafay rafay    47 Sep 16 10:05 sim_bp -> ../addins/branch-predictor-simulator/src/sim_bp
-rwxrwxr-x 1 rafay rafay  1745 Sep 18 07:24 testcount.pl
-rwxrwxr-x 1 rafay rafay  1967 Sep 18 07:24 testlist.pl
-rwxrwxr-x 1 rafay rafay  2450 Sep 18 07:24 vclean.pl
-rwxrwxr-x 1 rafay rafay 10938 Sep 18 07:24 wally-environment-check.sh
-rwxrwxr-x 1 rafay rafay 10850 Sep 18 07:24 wally-package-install.sh
-rwxrwxr-x 1 rafay rafay  6725 Sep 18 07:24 wally-tool-chain-install.sh
-rwxrwxr-x 1 rafay rafay 15486 Sep 16 17:27 wsim

Finished: 2026-09-20T05:55:24.129229+00:00
Return code: 0
Status: PASS
