Started: 2026-09-20T04:17:03.067654+00:00
Command: bash -o pipefail -c 'ls -la /home/rafay/miniconda3/WallyGuard2/runs/20260919T193248Z-eb60e108/logs'

total 736
drwxrwxr-x 5 rafay rafay 12288 Sep 19 23:01 .
drwxrwxr-x 6 rafay rafay  4096 Sep 19 23:01 ..
drwxrwxr-x 2 rafay rafay  4096 Sep 19 22:17 baseline-reproducer-0-evidence
-rw-rw-r-- 1 rafay rafay  3678 Sep 19 22:32 baseline-reproducer-0.log
drwxrwxr-x 2 rafay rafay  4096 Sep 19 22:40 baseline-reproducer-1-evidence
-rw-rw-r-- 1 rafay rafay   514 Sep 19 22:40 baseline-reproducer-1.log
drwxrwxr-x 2 rafay rafay  4096 Sep 19 23:01 baseline-reproducer-2-evidence
-rw-rw-r-- 1 rafay rafay   515 Sep 19 23:01 baseline-reproducer-2.log
-rw------- 1 rafay rafay  1150 Sep 19 23:01 events.jsonl
-rw-rw-r-- 1 rafay rafay  9394 Sep 19 19:39 tool-0379fe15c2bd4e01a7c6e86006b03eed.log
-rw-rw-r-- 1 rafay rafay   884 Sep 19 22:41 tool-05b97a503ddc4b018236c7b81b17ae4a.log
-rw-rw-r-- 1 rafay rafay  4717 Sep 19 19:35 tool-0a47c63dd5334abc9058aede01155322.log
-rw-rw-r-- 1 rafay rafay  2469 Sep 19 19:41 tool-0c6a782b400a4f6cbec77e7a1722530c.log
-rw-rw-r-- 1 rafay rafay  2217 Sep 19 19:39 tool-0c7cc2707b174b61acdd3fd878b02495.log
-rw-rw-r-- 1 rafay rafay  1449 Sep 19 19:40 tool-0cfda3c053014687abd260b79cffc166.log
-rw-rw-r-- 1 rafay rafay  1623 Sep 19 19:40 tool-128dbbd710d549e89357793324ba38d0.log
-rw-rw-r-- 1 rafay rafay   545 Sep 19 22:41 tool-132d00f06cb647f38ea7f09b1b7861b2.log
-rw-rw-r-- 1 rafay rafay   780 Sep 19 19:42 tool-17a49309220b426aab8c2a2b3f8fc853.log
-rw-rw-r-- 1 rafay rafay 26864 Sep 19 19:41 tool-1880a19c7a7c4d9492d8c77ff6376e40.log
-rw-rw-r-- 1 rafay rafay  2530 Sep 19 19:37 tool-19752d4a05b74b67b784097ed7b02bfd.log
-rw-rw-r-- 1 rafay rafay  4294 Sep 19 19:38 tool-1fb1f08a7ed04795adb995217579019f.log
-rw-rw-r-- 1 rafay rafay   985 Sep 19 22:32 tool-1ffab3db02cf4c448d001384b2849e7b.log
-rw-rw-r-- 1 rafay rafay   173 Sep 19 22:05 tool-205f63187e814272af9c9adcd05c3328.log
-rw-rw-r-- 1 rafay rafay  2879 Sep 19 19:39 tool-250ace44104a4594b5aa5a48de5ec91c.log
-rw-rw-r-- 1 rafay rafay  9521 Sep 19 19:40 tool-25c04bf889c44051b585453d911945b3.log
-rw-rw-r-- 1 rafay rafay  2516 Sep 19 19:37 tool-2cb66990eeea42da81bbc054ff8a1479.log
-rw-rw-r-- 1 rafay rafay  1144 Sep 19 22:41 tool-2f0dad4c8a484da5be9faf68fde17bdd.log
-rw-rw-r-- 1 rafay rafay  2436 Sep 19 19:39 tool-2fa153ef55334ace927f48eb4286e2eb.log
-rw-rw-r-- 1 rafay rafay   788 Sep 19 19:42 tool-307865aba88d43f996f6344e22bbe18d.log
-rw-rw-r-- 1 rafay rafay   595 Sep 19 19:41 tool-30c475dcbe9a42cb9da5893e78792a24.log
-rw-rw-r-- 1 rafay rafay  3660 Sep 19 19:41 tool-34c3865d8d1745249653c4ff15a6f1b1.log
-rw-rw-r-- 1 rafay rafay  3077 Sep 19 19:38 tool-35061a2d8ddf41cb97c099433b35d60a.log
-rw-rw-r-- 1 rafay rafay  1027 Sep 19 19:38 tool-365f17f633f64055b8501508dda439e9.log
-rw-rw-r-- 1 rafay rafay   772 Sep 19 19:36 tool-3775cf61b1054a378103d912cfa7bba6.log
-rw-rw-r-- 1 rafay rafay 21587 Sep 19 19:35 tool-39630a36cf804ddabbd7c3d08ea6a642.log
-rw-rw-r-- 1 rafay rafay  1083 Sep 19 19:38 tool-40478bf226d44055842ade748111b6e0.log
-rw-rw-r-- 1 rafay rafay   408 Sep 19 19:38 tool-411eb0a5a3314f16907095655d3d5201.log
-rw-rw-r-- 1 rafay rafay   286 Sep 19 19:36 tool-417ca08422b64327bee6b01de57abb39.log
-rw-rw-r-- 1 rafay rafay  1200 Sep 19 20:32 tool-422f1eea10e24051b7d3e9ae789c9f55.log
-rw-rw-r-- 1 rafay rafay  1431 Sep 19 19:39 tool-43db7eff81bf497fa8e2632c35876d4c.log
-rw-rw-r-- 1 rafay rafay  2683 Sep 19 19:39 tool-440af0d9405f43c5b911ba1182401184.log
-rw-rw-r-- 1 rafay rafay  8228 Sep 19 19:35 tool-475e4a4bb60f4423ab2180a0b575c3d9.log
-rw-rw-r-- 1 rafay rafay  1118 Sep 19 22:41 tool-4823d9e4f2fa4e1da16dfda6cd803c23.log
-rw-rw-r-- 1 rafay rafay   208 Sep 19 19:36 tool-4cd8b5b0c9d94a37963c7811216fc50a.log
-rw-rw-r-- 1 rafay rafay  2209 Sep 19 19:38 tool-4f3e63d0c77a4a09b7bf4d5417a4f578.log
-rw-rw-r-- 1 rafay rafay  1792 Sep 19 19:36 tool-4f446a31f3da41999b8a2c8045e7e911.log
-rw-rw-r-- 1 rafay rafay  2031 Sep 19 20:33 tool-4ffe747adf4b499fa952d8ccca68503e.log
-rw-rw-r-- 1 rafay rafay  1049 Sep 19 19:39 tool-5470d7a4cc1b46199aedf2e02099aae0.log
-rw-rw-r-- 1 rafay rafay  2820 Sep 19 19:36 tool-574be19b102b4474be25533bcb25441b.log
-rw-rw-r-- 1 rafay rafay   500 Sep 19 19:36 tool-58a63a08d4d34e23afaa7e71d5924ff0.log
-rw-rw-r-- 1 rafay rafay   780 Sep 19 19:35 tool-5916ac37cce5417cb8b3509fa56a4992.log
-rw-rw-r-- 1 rafay rafay 11455 Sep 19 19:37 tool-5a0be71b84c646178e091cda8da32084.log
-rw-rw-r-- 1 rafay rafay  2123 Sep 19 22:04 tool-5c21c9570fdb41cba4ad7072b527ee8f.log
-rw-rw-r-- 1 rafay rafay  2278 Sep 19 22:41 tool-5d393071b4f34b5ca3dd722fa5e004c5.log
-rw-rw-r-- 1 rafay rafay  2850 Sep 19 19:36 tool-5dc1040672b046a2b460482cebec7db9.log
-rw-rw-r-- 1 rafay rafay   856 Sep 19 19:38 tool-60b1cce334fc4c629aa3e779f458da59.log
-rw-rw-r-- 1 rafay rafay   155 Sep 19 19:36 tool-60e29d2c6ee447d9bffc005bc807044a.log
-rw-rw-r-- 1 rafay rafay   281 Sep 19 19:39 tool-63175952736949a59f8087a50db0aec7.log
-rw-rw-r-- 1 rafay rafay  1913 Sep 19 19:41 tool-642ad298ea4746df9c83750c5efdf3ab.log
-rw-rw-r-- 1 rafay rafay   443 Sep 19 19:42 tool-6490290eb028443e881f0e62a341911f.log
-rw-rw-r-- 1 rafay rafay  4219 Sep 19 19:40 tool-656b5b1abeaf4cb8bee4f136cd5b3200.log
-rw-rw-r-- 1 rafay rafay   393 Sep 19 19:35 tool-6752396993a34d5a8e5e53c61be7ac48.log
-rw-rw-r-- 1 rafay rafay  2152 Sep 19 19:35 tool-6af7bf1f0ad245bba8ac6efe17b1fcec.log
-rw-rw-r-- 1 rafay rafay  9421 Sep 19 19:36 tool-6b9ebd38e92440d2adb78413d5b57bca.log
-rw-rw-r-- 1 rafay rafay  2276 Sep 19 19:38 tool-6c4edcfc40ac449d9d938ec9f77bd99c.log
-rw-rw-r-- 1 rafay rafay  4822 Sep 19 19:39 tool-6d33a6ef406b45f5938ab70d50a7da35.log
-rw-rw-r-- 1 rafay rafay  2362 Sep 19 19:35 tool-6d37c2bb103a4f759b431c93cd6ff908.log
-rw-rw-r-- 1 rafay rafay  5557 Sep 19 19:40 tool-6d9b6e2e1f5047fd82e7da6eab26dae3.log
-rw-rw-r-- 1 rafay rafay  1923 Sep 19 19:36 tool-70999da078c84b9d8835192381982cdb.log
-rw-rw-r-- 1 rafay rafay   452 Sep 19 20:32 tool-791343d49d884fff999eae769635e158.log
-rw-rw-r-- 1 rafay rafay  1333 Sep 19 19:41 tool-7d3b1b5c574a4e8ea31d9bf94eaae4bf.log
-rw-rw-r-- 1 rafay rafay 10253 Sep 19 19:38 tool-7f1fb542f1c6480a923c92360ccfb39a.log
-rw-rw-r-- 1 rafay rafay   295 Sep 19 19:42 tool-7fc8d1a920eb46e39fb51676031c828d.log
-rw-rw-r-- 1 rafay rafay  2477 Sep 19 19:36 tool-8a6c9d2252544dd8b425590bb4a06e32.log
-rw-rw-r-- 1 rafay rafay  3604 Sep 19 19:39 tool-8eb1ec7b5ee24e29ad189c8cb088b2c6.log
-rw-rw-r-- 1 rafay rafay   555 Sep 19 23:01 tool-9034488d3333463db5f6d8a9225c83d6.log
-rw-rw-r-- 1 rafay rafay 17637 Sep 19 19:41 tool-9100f3c5b66d4fc3861c3170f902de3e.log
-rw-rw-r-- 1 rafay rafay   168 Sep 19 19:37 tool-97d4432c9a2f45379d8e0a607bcf9bdd.log
-rw-rw-r-- 1 rafay rafay  4589 Sep 19 19:42 tool-991d00a619e54d9a9745789e8ef5c28a.log
-rw-rw-r-- 1 rafay rafay  2138 Sep 19 22:05 tool-997cdade0ca94fd09171497739d1caa7.log
-rw-rw-r-- 1 rafay rafay   978 Sep 19 19:37 tool-a1913ea8e8cb46feb88aae261bad1321.log
-rw-rw-r-- 1 rafay rafay  3140 Sep 19 19:38 tool-a2d924dfb2f242dc81ffdcf321ef185a.log
-rw-rw-r-- 1 rafay rafay  8228 Sep 19 19:43 tool-a45a382180dc4603b5c6e85bde9c8e8c.log
-rw-rw-r-- 1 rafay rafay  2098 Sep 19 19:39 tool-a9132c41e4d64fa8ad53784bdc2c77c1.log
-rw-rw-r-- 1 rafay rafay  1150 Sep 19 20:32 tool-abdda7e46ab7493f90acfc6a0eb7e88e.log
-rw-rw-r-- 1 rafay rafay  1577 Sep 19 19:35 tool-ad2e9d1364d746fbb28928aa05da1cda.log
-rw-rw-r-- 1 rafay rafay  1077 Sep 19 19:36 tool-af4143dbc37748b6bd805b2c0ac443da.log
-rw-rw-r-- 1 rafay rafay  2808 Sep 19 19:40 tool-af8fb81e40df45039e7055250f3cae82.log
-rw-rw-r-- 1 rafay rafay  3627 Sep 19 22:03 tool-b39feaddb9c54a078ec0528e11b8280b.log
-rw-rw-r-- 1 rafay rafay   788 Sep 19 19:35 tool-b469b658c98c4426a71e976e27cf86ad.log
-rw-rw-r-- 1 rafay rafay  2352 Sep 19 19:40 tool-b613037a669e4f9dae46d5ab680f3d92.log
-rw-rw-r-- 1 rafay rafay  3610 Sep 19 19:39 tool-b63a15221fb94f61adc5e7f04f381ea1.log
-rw-rw-r-- 1 rafay rafay  1437 Sep 19 19:38 tool-b6779799f1c34b00bda8af9cf06edd8e.log
-rw-rw-r-- 1 rafay rafay 34303 Sep 19 19:37 tool-b76e58550c3347d39714078a4c90ae29.log
-rw-rw-r-- 1 rafay rafay 14702 Sep 19 19:39 tool-bb9478cd28994c8d87607707da7fa70d.log
-rw-rw-r-- 1 rafay rafay   393 Sep 19 22:40 tool-bd0d281a8a0140eaa5dc1ce2c79036f1.log
-rw-rw-r-- 1 rafay rafay  2048 Sep 19 19:43 tool-bda0b1e41cdd4195aa88c26cff364d84.log
-rw-rw-r-- 1 rafay rafay 16555 Sep 19 19:41 tool-c04dd8ec696142a884f2156051d34cbb.log
-rw-rw-r-- 1 rafay rafay  4893 Sep 19 19:41 tool-c13559cec161450aaf2d5edf5a8b091c.log
-rw-rw-r-- 1 rafay rafay  4249 Sep 19 19:41 tool-c14b412c29c74bf1a4566c17a1e6a105.log
-rw-rw-r-- 1 rafay rafay  1968 Sep 19 19:42 tool-c52c7ab2b4a34cd5a5f16d036231ba82.log
-rw-rw-r-- 1 rafay rafay   769 Sep 19 20:32 tool-c7245bbce16b46df99d5550482603f56.log
-rw-rw-r-- 1 rafay rafay 30956 Sep 19 19:43 tool-c7a28d2e36b347459c1f5ac2d0fd2227.log
-rw-rw-r-- 1 rafay rafay  2536 Sep 19 19:37 tool-caadf0cee80d453f955e1a338e5df811.log
-rw-rw-r-- 1 rafay rafay  6612 Sep 19 19:37 tool-cc5f68dec6fc4da09215deec9f7b41d6.log
-rw-rw-r-- 1 rafay rafay  3206 Sep 19 20:33 tool-ce85de0d7d2c440f9ee27c49b6e720e0.log
-rw-rw-r-- 1 rafay rafay  4168 Sep 19 19:39 tool-d2d80fd7637047209b28fecdced6177c.log
-rw-rw-r-- 1 rafay rafay  1379 Sep 19 19:41 tool-d70bf7b7651348d1b368f9a24e18dd8c.log
-rw-rw-r-- 1 rafay rafay   993 Sep 19 19:38 tool-d8e5d1e14c3a42849fbee76c8ede5ded.log
-rw-rw-r-- 1 rafay rafay   584 Sep 19 19:42 tool-d929b4f0d28d47649f4b09538e60d398.log
-rw-rw-r-- 1 rafay rafay   222 Sep 19 19:43 tool-daa0f880f96d4116b443c5f6456b354f.log
-rw-rw-r-- 1 rafay rafay   338 Sep 19 19:35 tool-e02c4a4bc7404ed481df2f6c52880521.log
-rw-rw-r-- 1 rafay rafay   173 Sep 19 19:35 tool-e1e87239eacd43b8ba8610b099d81404.log
-rw-rw-r-- 1 rafay rafay   462 Sep 19 19:36 tool-e288711879ef46ccbc1b5422993efaec.log
-rw-rw-r-- 1 rafay rafay  1030 Sep 19 19:37 tool-e742af471a6c492d98846f44bed471a5.log
-rw-rw-r-- 1 rafay rafay  2694 Sep 19 19:42 tool-e91bd97ad6944ffda98220fc42b5186f.log
-rw-rw-r-- 1 rafay rafay  1738 Sep 19 19:42 tool-ed10f7fb9ef44358a016ed24ca4f0238.log
-rw-rw-r-- 1 rafay rafay  2028 Sep 19 19:40 tool-edf04758767f42e49ccf0c577e9273c5.log
-rw-rw-r-- 1 rafay rafay   968 Sep 19 19:37 tool-f05afa53673740f093232ad9c7c4b999.log
-rw-rw-r-- 1 rafay rafay   555 Sep 19 19:42 tool-f1fffccf8bbb4af8ac04f6e546407224.log
-rw-rw-r-- 1 rafay rafay  2115 Sep 19 19:40 tool-f8b8dff8455c4dd5a4bb28d8f1d331b6.log

Finished: 2026-09-20T04:17:03.134199+00:00
Return code: 0
Status: PASS
