Started: 2026-09-20T06:00:40.375956+00:00
Command: bash -o pipefail -c 'cat /home/rafay/miniconda3/WallyGuard2/runs/20260920T041307Z-f2caada9/reproducer.json'

{
  "version": 1,
  "oracle": "spike",
  "build": [
    "bash",
    "/home/rafay/miniconda3/WallyGuard2/runs/20260920T041307Z-f2caada9/build_reproducer.sh"
  ],
  "control": {
    "mode": "selfcheck",
    "wally": [
      "/home/rafay/miniconda3/WallyGuard2/wally-worktrees/wally-shared/bin/wsim",
      "rv64gc",
      "--sim",
      "verilator",
      "--elf",
      "/home/rafay/miniconda3/WallyGuard2/runs/20260920T041307Z-f2caada9/build/control.elf"
    ],
    "oracle": [
      "/home/rafay/riscv/bin/spike",
      "-m0x80000000:0x100000",
      "--pc=0x80000000",
      "--isa=rv64gc",
      "/home/rafay/miniconda3/WallyGuard2/runs/20260920T041307Z-f2caada9/build/control.elf",
    ],
  },
  "test": {
    "mode": "selfcheck",
    "wally": [
      "/home/rafay/miniconda3/WallyGuard2/wally-worktrees/wally-shared/bin/wsim",
      "rv64gc",
      "--sim",
      "verilator",
      "--elf",
      "/home/rafay/miniconda3/WallyGuard2/runs/20260920T041307Z-f2caada9/build/test.elf"
    ],
    "oracle": [
      "/home/rafay/riscv/bin/spike",
      "-m0x80000000:0x100000",
      "--pc=0x80000000",
      "--isa=rv64gc",
      "/home/rafay/miniconda3/WallyGuard2/runs/20260920T041307Z-f2caada9/build/test.elf",
    ],
  },
  "trap_vectors": [
    {
      "elf": "/home/rafay/miniconda3/WallyGuard2/runs/20260920T041307Z-f2caada9/build/test.elf",
      "symbol": "trap_handler"
    },
    {
      "elf": "/home/rafay/miniconda3/WallyGuard2/runs/20260920T041307Z-f2caada9/build/control.elf",
      "symbol": "trap_handler"
    }
  ]
}
Finished: 2026-09-20T06:00:40.436424+00:00
Return code: 0
Status: PASS
