Started: 2026-09-20T05:53:34.367828+00:00
Command: bash -o pipefail -c 'sed -n '"'"'1147,1185p'"'"' testbench/testbench.sv'

  // Report the result of a self-checking test.  Such a test embeds its expected signature, compares
  // each entry as it is written, and leaves the outcome in selfcheck_record (XLEN-sized entries):
  //   0: status (0 = did not finish, 1 = passed, 2 = entry mismatch, 3 = wrong number of entries)
  //   1: entry index    2: entry address    3: expected value    4: actual value
  task automatic CheckSelfCheck;
    input string  TestName;
    input integer selfcheck_record_addr;
    output integer errors;
    logic [P.XLEN-1:0] status, index, adr, expected, actual;
    integer recadr;
    recadr = $unsigned(selfcheck_record_addr) / (P.XLEN/8); // $unsigned because integer is signed and RAM addresses have bit 31 set
    status   = testbench.DCacheFlushFSM.ShadowRAM[recadr];
    index    = testbench.DCacheFlushFSM.ShadowRAM[recadr+1];
    adr      = testbench.DCacheFlushFSM.ShadowRAM[recadr+2];
    expected = testbench.DCacheFlushFSM.ShadowRAM[recadr+3];
    actual   = testbench.DCacheFlushFSM.ShadowRAM[recadr+4];
    errors = 0;
    case (status)
      1: $display("%s succeeded.  Brilliant!!!", TestName);
      2: begin
        errors = 1;
        $display("  Error on test %s result %0d: adr = %h sim (D$) %h signature = %h", TestName, index, adr, actual, expected);
      end
      3: begin
        errors = 1;
        $display("  Error on test %s: wrote %0d signature entries but expected %0d (next adr = %h)", TestName, actual, expected, adr);
      end
      default: begin
        errors = 1;
        $display("  Error on test %s: halted without completing its self-check (status = %h)", TestName, status);
      end
    endcase
    if (errors) begin
      $display("%s failed with %d errors. :(", TestName, errors);
      $stop; // if this is changed to $finish, wally-batch.do does not get to the next step to run coverage
    end
  endtask

`ifdef PMP_COVERAGE

Finished: 2026-09-20T05:53:34.429390+00:00
Return code: 0
Status: PASS
