Started: 2026-09-20T05:58:05.953367+00:00
Command: bash -o pipefail -c 'ls -la /home/rafay/miniconda3/WallyGuard2/runs/20260920T041307Z-f2caada9/build/'

total 96
drwxrwxr-x 2 rafay rafay 4096 Sep 20 05:57 .
drwxrwxr-x 6 rafay rafay 4096 Sep 20 05:57 ..
-rw-rw-r-- 1 rafay rafay  855 Sep 20 05:55 control.S
-rwxrwxr-x 1 rafay rafay 9616 Sep 20 05:57 control.elf
-rw-rw-r-- 1 rafay rafay 8908 Sep 20 05:57 control.elf.memfile
-rw-rw-r-- 1 rafay rafay 5186 Sep 20 05:57 control.elf.objdump
-rw-rw-r-- 1 rafay rafay  187 Sep 20 05:57 control.elf.objdump.addr
-rw-rw-r-- 1 rafay rafay  123 Sep 20 05:57 control.elf.objdump.lab
-rw-rw-r-- 1 rafay rafay 1191 Sep 20 05:55 test.S
-rwxrwxr-x 1 rafay rafay 9656 Sep 20 05:57 test.elf
-rw-rw-r-- 1 rafay rafay 8908 Sep 20 05:57 test.elf.memfile
-rw-rw-r-- 1 rafay rafay 5427 Sep 20 05:57 test.elf.objdump
-rw-rw-r-- 1 rafay rafay  204 Sep 20 05:57 test.elf.objdump.addr
-rw-rw-r-- 1 rafay rafay  139 Sep 20 05:57 test.elf.objdump.lab

Finished: 2026-09-20T05:58:06.017531+00:00
Return code: 0
Status: PASS
