Started: 2026-09-20T04:17:13.904427+00:00
Command: bash -o pipefail -c 'cat /home/rafay/miniconda3/WallyGuard2/runs/20260919T193248Z-eb60e108/logs/baseline-reproducer-0.log | grep -A 30 "control-oracle"'

    "control-oracle": {
      "command": [
        "/usr/bin/spike",
        "--isa=rv64gc",
        "+signature=/home/rafay/miniconda3/WallyGuard2/runs/20260919T193248Z-eb60e108/logs/control.sig",
        "+signature-granularity=8",
        "/home/rafay/miniconda3/WallyGuard2/runs/20260919T193248Z-eb60e108/build/control.elf"
      ],
      "status": "TIMEOUT",
      "returncode": -15,
      "timed_out": true,
      "error": "Timeout after 900 seconds",
      "log_path": "/home/rafay/miniconda3/WallyGuard2/runs/20260919T193248Z-eb60e108/logs/baseline-reproducer-0-evidence/control-oracle.log",
      "stdout_path": "/home/rafay/miniconda3/WallyGuard2/runs/20260919T193248Z-eb60e108/logs/baseline-reproducer-0-evidence/control-oracle.log",
      "stderr_path": "/home/rafay/miniconda3/WallyGuard2/runs/20260919T193248Z-eb60e108/logs/baseline-reproducer-0-evidence/control-oracle.log",
      "started_at": "2026-09-19T22:17:00.100194+00:00",
      "duration_seconds": 900.0877086690016,
      "finished_at": "2026-09-19T22:32:00.187904+00:00"
    }
  },
  "log_path": "/home/rafay/miniconda3/WallyGuard2/runs/20260919T193248Z-eb60e108/logs/baseline-reproducer-0.log",
  "evidence_dir": "/home/rafay/miniconda3/WallyGuard2/runs/20260919T193248Z-eb60e108/logs/baseline-reproducer-0-evidence",
  "captured": {
    "control.elf": {
      "path": "/home/rafay/miniconda3/WallyGuard2/runs/20260919T193248Z-eb60e108/logs/baseline-reproducer-0-evidence/control.elf",
      "sha256": "ba1e5231ce8e7e8eac147e0e19ce50259162d769632d3e45f0484d737adf8ddb"
    }
  },
  "duration_seconds": 900.7175794639988
}

Finished: 2026-09-20T04:17:13.984552+00:00
Return code: 0
Status: PASS
