Started: 2026-09-20T05:53:30.909881+00:00
Command: bash -o pipefail -c 'grep -rn -i "signature" testbench/'

testbench/common/DCacheFlushFSM.sv:8://          line before the end of test.  Signature based regression tests need to check the L1 data cache
testbench/testbench.sv:355:  integer begin_signature_addr, end_signature_addr, signature_size, selfcheck_record_addr;
testbench/testbench.sv:375:    // riscof tests have a different signature, tests[0] == "0" refers to RiscvArchTests
testbench/testbench.sv:427:    begin_signature_addr = ProgramAddrLabelArray["begin_signature"];
testbench/testbench.sv:428:    end_signature_addr = ProgramAddrLabelArray["sig_end_canary"];
testbench/testbench.sv:429:    signature_size = end_signature_addr - begin_signature_addr;
testbench/testbench.sv:440:    // Verify the test ran correctly by checking the memory against a known signature.
testbench/testbench.sv:501:        // Writes contents of begin_signature to .sim.output file
testbench/testbench.sv:504:        // also, begin_signature contains the results of the self checking mechanism,
testbench/testbench.sv:511:        testadr = ($unsigned(begin_signature_addr))/(P.XLEN/8);
testbench/testbench.sv:527:          else $display("Single Elf file tests are not signatured verified.");
testbench/testbench.sv:535:        // self-checking tests record their own result; for other tests, read .signature.output file and compare to check for errors
testbench/testbench.sv:536:        // clear signature to prevent contamination from previous tests
testbench/testbench.sv:537:        if (!begin_signature_addr)
testbench/testbench.sv:538:          $display("begin_signature addr not found in %s", ProgramLabelMapFile);
testbench/testbench.sv:541:          else CheckSignature(pathname, tests[test], riscofTest, begin_signature_addr, errors);
testbench/testbench.sv:646:        StartIndex = begin_signature_addr >> LogXLEN;
testbench/testbench.sv:647:        EndIndex = (end_signature_addr >> LogXLEN) + 8;
testbench/testbench.sv:669:        StartIndex = begin_signature_addr >> LogXLEN;
testbench/testbench.sv:670:        EndIndex = (end_signature_addr >> LogXLEN) + 8;
testbench/testbench.sv:1065:  task automatic CheckSignature;
testbench/testbench.sv:1072:    input integer begin_signature_addr;
testbench/testbench.sv:1078:    localparam SIGNATURESIZE = 5000000;
testbench/testbench.sv:1080:    logic [31:0]   sig32[0:SIGNATURESIZE];
testbench/testbench.sv:1082:    logic [P.XLEN-1:0] signature[0:SIGNATURESIZE];
testbench/testbench.sv:1086:    //$display("Invoking CheckSignature %s %s %0t", pathname, TestName, $time);
testbench/testbench.sv:1088:    // read .signature.output file and compare to check for errors
testbench/testbench.sv:1089:    if (riscofTest) signame = {pathname, TestName, "/ref/Reference-sail_c_simulator.signature"};
testbench/testbench.sv:1090:    else signame = {pathname, TestName, ".signature.output"};
testbench/testbench.sv:1092:    // read signature file from memory and count lines.  Can't use readmemh because we need the line count
testbench/testbench.sv:1122:      $display("Error: RV64 signature has odd number of lines %s", signame);
testbench/testbench.sv:1125:    // copy lines into signature, converting to XLEN if necessary
testbench/testbench.sv:1126:    sigentries = (P.XLEN == 32) ? siglines : siglines/2; // number of signature entries
testbench/testbench.sv:1128:      signature[i] = (P.XLEN == 32) ? sig32[i] : {sig32[i*2+1], sig32[i*2]};
testbench/testbench.sv:1129:      //$display("XLEN = %d signature[%d] = %x", P.XLEN, i, signature[i]);
testbench/testbench.sv:1133:    testadr = ($unsigned(begin_signature_addr))/(P.XLEN/8);
testbench/testbench.sv:1134:    testadrNoBase = (begin_signature_addr - P.UNCORE_RAM_BASE)/(P.XLEN/8);
testbench/testbench.sv:1136:      if (signature[i] !== testbench.DCacheFlushFSM.ShadowRAM[testadr+i]) begin
testbench/testbench.sv:1138:        $display("  Error on test %s result %d: adr = %h sim (D$) %h signature = %h",
testbench/testbench.sv:1139:          TestName, i, (testadr+i)*(P.XLEN/8), testbench.DCacheFlushFSM.ShadowRAM[testadr+i], signature[i]);
testbench/testbench.sv:1147:  // Report the result of a self-checking test.  Such a test embeds its expected signature, compares
testbench/testbench.sv:1168:        $display("  Error on test %s result %0d: adr = %h sim (D$) %h signature = %h", TestName, index, adr, actual, expected);
testbench/testbench.sv:1172:        $display("  Error on test %s: wrote %0d signature entries but expected %0d (next adr = %h)", TestName, actual, expected, adr);
testbench/testbench.sv:1201:  // Gets the memory location of begin_signature
testbench/testbench.sv:1213:    ProgramAddrLabelArray["begin_signature"] = 0;
testbench/testbench.sv:1226://  if(ProgramAddrLabelArray["begin_signature"] == 0) $display("Couldn't find begin_signature in %s", ProgramLabelMapFile);
testbench/tests.vh:4068:// Self-checking peripheral tests built by tests/periph/Makefile (no RISCOF or reference signature)
testbench/tests.vh:4111:// Self-checking peripheral tests built by tests/periph/Makefile (no RISCOF or reference signature)

Finished: 2026-09-20T05:53:31.076732+00:00
Return code: 0
Status: PASS
