Started: 2026-09-20T05:59:34.651191+00:00
Command: bash -o pipefail -c 'cat /home/rafay/miniconda3/WallyGuard2/runs/20260920T041307Z-f2caada9/build_reproducer.sh /home/rafay/miniconda3/WallyGuard2/runs/20260920T041307Z-f2caada9/reproducer.json /home/rafay/miniconda3/WallyGuard2/runs/20260920T041307Z-f2caada9/tests/control.S /home/rafay/miniconda3/WallyGuard2/runs/20260920T041307Z-f2caada9/tests/test.S'

#!/bin/bash
set -e
export WALLY=/home/rafay/miniconda3/WallyGuard2/wally-worktrees/wally-shared
export PATH=$WALLY/bin:$PATH
export TEST_DIR=/home/rafay/miniconda3/WallyGuard2/runs/20260920T041307Z-f2caada9

mkdir -p $TEST_DIR/build

riscv64-unknown-elf-gcc -march=rv64gc -mabi=lp64d -mcmodel=medany -nostdlib -nostartfiles -T $WALLY/tests/riscof/spike/env/link.ld -I$TEST_DIR/tests $TEST_DIR/build/test.S -o $TEST_DIR/build/test.elf
$WALLY/bin/elf2hex $TEST_DIR/build/test.elf $TEST_DIR/build/test.elf.memfile
riscv64-unknown-elf-objdump -S -D $TEST_DIR/build/test.elf > $TEST_DIR/build/test.elf.objdump
$WALLY/bin/extractFunctionRadix.sh $TEST_DIR/build/test.elf.objdump

riscv64-unknown-elf-gcc -march=rv64gc -mabi=lp64d -mcmodel=medany -nostdlib -nostartfiles -T $WALLY/tests/riscof/spike/env/link.ld -I$TEST_DIR/tests $TEST_DIR/build/control.S -o $TEST_DIR/build/control.elf
$WALLY/bin/elf2hex $TEST_DIR/build/control.elf $TEST_DIR/build/control.elf.memfile
riscv64-unknown-elf-objdump -S -D $TEST_DIR/build/control.elf > $TEST_DIR/build/control.elf.objdump
$WALLY/bin/extractFunctionRadix.sh $TEST_DIR/build/control.elf.objdump
{
  "version": 1,
  "oracle": "spike",
  "build": [
    "bash",
    "/home/rafay/miniconda3/WallyGuard2/runs/20260920T041307Z-f2caada9/build_reproducer.sh"
  ],
  "control": {
    "mode": "selfcheck",
    "wally": [
      "/home/rafay/miniconda3/WallyGuard2/wally-worktrees/wally-shared/bin/wsim",
      "rv64gc",
      "--sim",
      "verilator",
      "--elf",
      "/home/rafay/miniconda3/WallyGuard2/runs/20260920T041307Z-f2caada9/build/control.elf"
    ],
    "oracle": [
      "/home/rafay/riscv/bin/spike",
      "-m0x80000000:0x100000",
      "--pc=0x80000000",
      "--isa=rv64gc",
      "/home/rafay/miniconda3/WallyGuard2/runs/20260920T041307Z-f2caada9/build/control.elf",
      "+signature=/home/rafay/miniconda3/WallyGuard2/runs/20260920T041307Z-f2caada9/build/control.sig",
      "+signature-granularity=8"
    ],
    "oracle_signature": "/home/rafay/miniconda3/WallyGuard2/runs/20260920T041307Z-f2caada9/build/control.sig"
  },
  "test": {
    "mode": "selfcheck",
    "wally": [
      "/home/rafay/miniconda3/WallyGuard2/wally-worktrees/wally-shared/bin/wsim",
      "rv64gc",
      "--sim",
      "verilator",
      "--elf",
      "/home/rafay/miniconda3/WallyGuard2/runs/20260920T041307Z-f2caada9/build/test.elf"
    ],
    "oracle": [
      "/home/rafay/riscv/bin/spike",
      "-m0x80000000:0x100000",
      "--pc=0x80000000",
      "--isa=rv64gc",
      "/home/rafay/miniconda3/WallyGuard2/runs/20260920T041307Z-f2caada9/build/test.elf",
      "+signature=/home/rafay/miniconda3/WallyGuard2/runs/20260920T041307Z-f2caada9/build/test.sig",
      "+signature-granularity=8"
    ],
    "oracle_signature": "/home/rafay/miniconda3/WallyGuard2/runs/20260920T041307Z-f2caada9/build/test.sig"
  },
  "trap_vectors": [
    {
      "elf": "/home/rafay/miniconda3/WallyGuard2/runs/20260920T041307Z-f2caada9/build/test.elf",
      "symbol": "trap_handler"
    },
    {
      "elf": "/home/rafay/miniconda3/WallyGuard2/runs/20260920T041307Z-f2caada9/build/control.elf",
      "symbol": "trap_handler"
    }
  ]
}cat: /home/rafay/miniconda3/WallyGuard2/runs/20260920T041307Z-f2caada9/tests/control.S: No such file or directory
cat: /home/rafay/miniconda3/WallyGuard2/runs/20260920T041307Z-f2caada9/tests/test.S: No such file or directory

Finished: 2026-09-20T05:59:34.714683+00:00
Return code: 2
Status: COMMAND_FAILED
ERROR: Command exited with code 2
