Started: 2026-09-20T05:48:23.000160+00:00
Command: bash -o pipefail -c 'jq '"'"'.tester'"'"' /home/rafay/miniconda3/WallyGuard2/runs/20260920T002030Z-7cc4bf4c/attempt.json'

{
  "found_bug": true,
  "report": "The CORE-V Wally RTL fails to enforce missing mstateen0[62] (ENVCFG) gating on S-mode senvcfg access and Zicboz execution. When mstateen0.ENVCFG is 0, Spike correctly routes an illegal instruction exception (mcause=2), which the S-mode trap handler catches. Wally incorrectly falls through S-mode CSR execution without trapping.",
  "reproducer": {
    "version": 1,
    "oracle": "spike",
    "build": [
      "python3",
      "-c",
      "import os\nimport subprocess\nd='/home/rafay/miniconda3/WallyGuard2/runs/20260920T002030Z-7cc4bf4c'\nos.chdir(d)\nf=open('linker.ld','w')\nf.write('OUTPUT_ARCH(\"riscv\")\\nENTRY(_start)\\nSECTIONS {\\n . = 0x80000000\\n .text.init : { *(.text.init) }\\n .text : { *(.text) }\\n .data : { *(.data) }\\n .bss : { *(.bss) }\\n . = ALIGN(64)\\n .tohost : { *(.tohost) }\\n _end = .\\n}\\n')\nf.close()\nf=open('control.S','w')\nf.write('.section .text.init\\n.globl _start\\n_start:\\n la t0, trap_handler\\n csrw mtvec, t0\\n li t0, -1\\n csrw pmpaddr0, t0\\n li t0, 0x1F\\n csrw pmpcfg0, t0\\n li t0, 1\\n slli t0, t0, 62\\n csrs 0x30c, t0\\n li t0, 0x80\\n csrs 0x30a, t0\\n csrs 0x10a, t0\\n li t0, 0x800\\n csrs mstatus, t0\\n la t0, smode_entry\\n csrw mepc, t0\\n mret\\nsmode_entry:\\n csrr t1, 0x10a\\n la a0, scratch\\n cbo.zero (a0)\\n li t0, 1\\n la t1, selfcheck_record\\n sd t0, 0(t1)\\n la t1, tohost\\n sd t0, 0(t1)\\n1: j 1b\\n.balign 4\\ntrap_handler:\\n li t0, 3\\n la t1, selfcheck_record\\n sd t0, 0(t1)\\n la t1, tohost\\n sd t0, 0(t1)\\n1: j 1b\\n.section .data\\n.balign 64\\nscratch: .dword 0,0,0,0,0,0,0,0\\n.balign 64\\n.globl begin_signature\\n.globl selfcheck_record\\nbegin_signature:\\nselfcheck_record:\\n .dword 0\\n .dword 0\\n .dword 0\\n .dword 0\\n .dword 0\\n.globl end_signature\\nend_signature:\\n.section .tohost, \"aw\", @progbits\\n.balign 64\\n.globl tohost\\n.globl fromhost\\ntohost: .dword 0\\nfromhost: .dword 0\\n')\nf.close()\nf=open('test.S','w')\nf.write('.section .text.init\\n.globl _start\\n_start:\\n la t0, trap_handler\\n csrw mtvec, t0\\n li t0, -1\\n csrw pmpaddr0, t0\\n li t0, 0x1F\\n csrw pmpcfg0, t0\\n li t0, 1\\n slli t0, t0, 62\\n csrc 0x30c, t0\\n li t0, 0x80\\n csrs 0x30a, t0\\n li t0, 0x800\\n csrs mstatus, t0\\n la t0, smode_entry\\n csrw mepc, t0\\n mret\\nsmode_entry:\\n csrr t1, 0x10a\\n li t0, 3\\n la t1, selfcheck_record\\n sd t0, 0(t1)\\n la t1, tohost\\n sd t0, 0(t1)\\n1: j 1b\\n.balign 4\\ntrap_handler:\\n csrr t0, mcause\\n li t1, 2\\n bne t0, t1, fail\\n li t0, 1\\n la t1, selfcheck_record\\n sd t0, 0(t1)\\n la t1, tohost\\n sd t0, 0(t1)\\n1: j 1b\\nfail:\\n li t0, 3\\n la t1, selfcheck_record\\n sd t0, 0(t1)\\n la t1, tohost\\n sd t0, 0(t1)\\n1: j 1b\\n.section .data\\n.balign 64\\nscratch: .dword 0,0,0,0,0,0,0,0\\n.balign 64\\n.globl begin_signature\\n.globl selfcheck_record\\nbegin_signature:\\nselfcheck_record:\\n .dword 0\\n .dword 0\\n .dword 0\\n .dword 0\\n .dword 0\\n.globl end_signature\\nend_signature:\\n.section .tohost, \"aw\", @progbits\\n.balign 64\\n.globl tohost\\n.globl fromhost\\ntohost: .dword 0\\nfromhost: .dword 0\\n')\nf.close()\nf=open('build_reproducer.sh','w')\nf.write('#!/bin/bash\\nmkdir -p build logs\\nexport PATH=/opt/riscv/bin:$PATH\\nriscv64-unknown-elf-gcc -march=rv64gc_zicboz_smstateen -mabi=lp64 -mcmodel=medany -T linker.ld -nostdlib -nostartfiles control.S -o build/control.elf\\nriscv64-unknown-elf-gcc -march=rv64gc_zicboz_smstateen -mabi=lp64 -mcmodel=medany -T linker.ld -nostdlib -nostartfiles test.S -o build/test.elf\\n')\nf.close()\nos.chmod('build_reproducer.sh',0o755)\nsubprocess.run(['/bin/bash','build_reproducer.sh'])"
    ],
    "control": {
      "mode": "selfcheck",
      "wally": [
        "/home/rafay/miniconda3/WallyGuard2/wally-worktrees/wally-shared/bin/wsim",
        "rv64gc",
        "--sim",
        "verilator",
        "--elf",
        "/home/rafay/miniconda3/WallyGuard2/runs/20260920T002030Z-7cc4bf4c/build/control.elf"
      ],
      "oracle": [
        "/usr/bin/spike",
        "--isa=rv64gc_smstateen_zicboz",
        "+signature=/home/rafay/miniconda3/WallyGuard2/runs/20260920T002030Z-7cc4bf4c/logs/control-spike.sig",
        "+signature-granularity=8",
        "/home/rafay/miniconda3/WallyGuard2/runs/20260920T002030Z-7cc4bf4c/build/control.elf"
      ],
      "oracle_signature": "logs/control-spike.sig"
    },
    "test": {
      "mode": "selfcheck",
      "wally": [
        "/home/rafay/miniconda3/WallyGuard2/wally-worktrees/wally-shared/bin/wsim",
        "rv64gc",
        "--sim",
        "verilator",
        "--elf",
        "/home/rafay/miniconda3/WallyGuard2/runs/20260920T002030Z-7cc4bf4c/build/test.elf"
      ],
      "oracle": [
        "/usr/bin/spike",
        "--isa=rv64gc_smstateen_zicboz",
        "+signature=/home/rafay/miniconda3/WallyGuard2/runs/20260920T002030Z-7cc4bf4c/logs/test-spike.sig",
        "+signature-granularity=8",
        "/home/rafay/miniconda3/WallyGuard2/runs/20260920T002030Z-7cc4bf4c/build/test.elf"
      ],
      "oracle_signature": "logs/test-spike.sig"
    },
    "trap_vectors": [
      {
        "elf": "build/control.elf",
        "symbol": "trap_handler"
      },
      {
        "elf": "build/test.elf",
        "symbol": "trap_handler"
      }
    ]
  },
  "evidence": "RTL missing gating logic on mstateen0[62] (ENVCFG) during S-mode execution of Zicboz instructions and access to senvcfg. S-mode proceeds execution without Illegal Instruction trap."
}

Finished: 2026-09-20T05:48:23.082283+00:00
Return code: 0
Status: PASS
