Started: 2026-09-20T04:15:58.650713+00:00
Command: bash -o pipefail -c 'cat /home/rafay/miniconda3/WallyGuard2/runs/20260918T105234Z-b204db37/attempt.json | grep -C 5 "reason"'

        "tests/test_pmp_mmode_store_cross.S": "4e57d38abf5658a63d62038e45319da231c801b5e9291ecc7d94f0fb9d18ef1a",
        "tests/test_pmp_mmode_control.S": "0bef00931bb8b7bdc8f87e37f5622d5d70b983604f13d05a5f129ff6a4a440f1"
      },
      "baseline_reproducer": {
        "status": "TEST_INVALID",
        "reason": "Trap-vector test requires trap_vectors entries with built ELF and handler symbol",
        "returncode": null,
        "timed_out": false,
        "passed": false,
        "ran": true,
        "steps": {
--
        "log_path": "/home/rafay/miniconda3/WallyGuard2/runs/20260918T105234Z-b204db37/logs/baseline-reproducer-0.log",
        "evidence_dir": "/home/rafay/miniconda3/WallyGuard2/runs/20260918T105234Z-b204db37/logs/baseline-reproducer-0-evidence",
        "captured": {}
      },
      "repair_needed": {
        "reason": "Baseline reproducer failed to execute correctly",
        "verification": {
          "status": "TEST_INVALID",
          "reason": "Trap-vector test requires trap_vectors entries with built ELF and handler symbol",
          "returncode": null,
          "timed_out": false,
          "passed": false,
          "ran": true,
          "steps": {
--
        "tests/test_pmp_mmode_store_cross.S": "4e57d38abf5658a63d62038e45319da231c801b5e9291ecc7d94f0fb9d18ef1a",
        "tests/test_pmp_mmode_control.S": "0bef00931bb8b7bdc8f87e37f5622d5d70b983604f13d05a5f129ff6a4a440f1"
      },
      "baseline_reproducer": {
        "status": "TEST_INVALID",
        "reason": "Trap-vector test requires trap_vectors entries with built ELF and handler symbol",
        "returncode": null,
        "timed_out": false,
        "passed": false,
        "ran": true,
        "steps": {
--
        "log_path": "/home/rafay/miniconda3/WallyGuard2/runs/20260918T105234Z-b204db37/logs/baseline-reproducer-1.log",
        "evidence_dir": "/home/rafay/miniconda3/WallyGuard2/runs/20260918T105234Z-b204db37/logs/baseline-reproducer-1-evidence",
        "captured": {}
      },
      "repair_needed": {
        "reason": "Baseline reproducer failed to execute correctly",
        "verification": {
          "status": "TEST_INVALID",
          "reason": "Trap-vector test requires trap_vectors entries with built ELF and handler symbol",
          "returncode": null,
          "timed_out": false,
          "passed": false,
          "ran": true,
          "steps": {
--
        "tests/test_pmp_mmode_store_cross.S": "c446aa0faefa1181dd23f2b6e80144f76268989ab8867c0eeec583a705086f93",
        "tests/test_pmp_mmode_control.S": "be084d2a07bb70b6552d6d584976d7e82b55526e555f6b59651295300f3d6623"
      },
      "baseline_reproducer": {
        "status": "TEST_INVALID",
        "reason": "Trap-vector test requires trap_vectors entries with built ELF and handler symbol",
        "returncode": null,
        "timed_out": false,
        "passed": false,
        "ran": true,
        "steps": {
--
        "log_path": "/home/rafay/miniconda3/WallyGuard2/runs/20260918T105234Z-b204db37/logs/baseline-reproducer-2.log",
        "evidence_dir": "/home/rafay/miniconda3/WallyGuard2/runs/20260918T105234Z-b204db37/logs/baseline-reproducer-2-evidence",
        "captured": {}
      },
      "repair_needed": {
        "reason": "Baseline reproducer failed to execute correctly",
        "verification": {
          "status": "TEST_INVALID",
          "reason": "Trap-vector test requires trap_vectors entries with built ELF and handler symbol",
          "returncode": null,
          "timed_out": false,
          "passed": false,
          "ran": true,
          "steps": {
--
      }
    }
  },
  "baseline_reproducer": {
    "status": "TEST_INVALID",
    "reason": "Trap-vector test requires trap_vectors entries with built ELF and handler symbol",
    "returncode": null,
    "timed_out": false,
    "passed": false,
    "ran": true,
    "steps": {

Finished: 2026-09-20T04:15:58.732267+00:00
Return code: 0
Status: PASS
