Started: 2026-09-20T04:17:10.850303+00:00
Command: bash -o pipefail -c 'head -n 50 /home/rafay/miniconda3/WallyGuard2/runs/20260919T193248Z-eb60e108/logs/baseline-reproducer-0.log'

{
  "status": "TEST_INVALID",
  "reason": "Positive/control test failed",
  "returncode": null,
  "timed_out": false,
  "passed": false,
  "ran": true,
  "control": {
    "status": "HOST_COMMAND_TIMEOUT",
    "reason": "Python host command deadline expired",
    "returncode": -15,
    "timed_out": true,
    "passed": false,
    "ran": true
  },
  "steps": {
    "build": {
      "command": [
        "bash",
        "/home/rafay/miniconda3/WallyGuard2/runs/20260919T193248Z-eb60e108/build_reproducer.sh"
      ],
      "status": "PASS",
      "returncode": 0,
      "timed_out": false,
      "error": null,
      "log_path": "/home/rafay/miniconda3/WallyGuard2/runs/20260919T193248Z-eb60e108/logs/baseline-reproducer-0-evidence/build.log",
      "stdout_path": "/home/rafay/miniconda3/WallyGuard2/runs/20260919T193248Z-eb60e108/logs/baseline-reproducer-0-evidence/build.log",
      "stderr_path": "/home/rafay/miniconda3/WallyGuard2/runs/20260919T193248Z-eb60e108/logs/baseline-reproducer-0-evidence/build.log",
      "started_at": "2026-09-19T22:16:59.545789+00:00",
      "duration_seconds": 0.17064121300063562,
      "finished_at": "2026-09-19T22:16:59.716429+00:00"
    },
    "control-symbols": {
      "command": [
        "/usr/bin/riscv64-unknown-elf-nm",
        "-n",
        "/home/rafay/miniconda3/WallyGuard2/runs/20260919T193248Z-eb60e108/build/control.elf"
      ],
      "status": "PASS",
      "returncode": 0,
      "timed_out": false,
      "error": null,
      "log_path": "/home/rafay/miniconda3/WallyGuard2/runs/20260919T193248Z-eb60e108/logs/baseline-reproducer-0-evidence/control-symbols.log",
      "stdout_path": "/home/rafay/miniconda3/WallyGuard2/runs/20260919T193248Z-eb60e108/logs/baseline-reproducer-0-evidence/control-symbols.log",
      "stderr_path": "/home/rafay/miniconda3/WallyGuard2/runs/20260919T193248Z-eb60e108/logs/baseline-reproducer-0-evidence/control-symbols.log",
      "started_at": "2026-09-19T22:17:00.034131+00:00",
      "duration_seconds": 0.06551918699551607,
      "finished_at": "2026-09-19T22:17:00.099648+00:00"
    },
    "control-oracle": {

Finished: 2026-09-20T04:17:10.966445+00:00
Return code: 0
Status: PASS
