Started: 2026-09-20T03:48:56.375545+00:00
Command: bash -o pipefail -c '/usr/bin/riscv64-unknown-elf-objdump -d /home/rafay/miniconda3/WallyGuard2/runs/20260920T002030Z-7cc4bf4c/build/control.elf'


/home/rafay/miniconda3/WallyGuard2/runs/20260920T002030Z-7cc4bf4c/build/control.elf:     file format elf64-littleriscv


Disassembly of section .text.init:

0000000080000000 <_start>:
    80000000:	00000297          	auipc	t0,0x0
    80000004:	06828293          	addi	t0,t0,104 # 80000068 <trap_handler>
    80000008:	30529073          	csrw	mtvec,t0
    8000000c:	52fd                	li	t0,-1
    8000000e:	3b029073          	csrw	pmpaddr0,t0
    80000012:	42fd                	li	t0,31
    80000014:	3a029073          	csrw	pmpcfg0,t0
    80000018:	4285                	li	t0,1
    8000001a:	12fa                	slli	t0,t0,0x3e
    8000001c:	30c2a073          	csrs	mstateen0,t0
    80000020:	08000293          	li	t0,128
    80000024:	30a2a073          	csrs	0x30a,t0
    80000028:	10a2a073          	csrs	0x10a,t0
    8000002c:	6285                	lui	t0,0x1
    8000002e:	8002829b          	addiw	t0,t0,-2048 # 800 <_start-0x7ffff800>
    80000032:	3002a073          	csrs	mstatus,t0
    80000036:	00000297          	auipc	t0,0x0
    8000003a:	01028293          	addi	t0,t0,16 # 80000046 <smode_entry>
    8000003e:	34129073          	csrw	mepc,t0
    80000042:	30200073          	mret

0000000080000046 <smode_entry>:
    80000046:	10a02373          	csrr	t1,0x10a
    8000004a:	00000517          	auipc	a0,0x0
    8000004e:	03650513          	addi	a0,a0,54 # 80000080 <scratch>
    80000052:	0045200f          	cbo.zero	(a0)
    80000056:	4285                	li	t0,1
    80000058:	00000317          	auipc	t1,0x0
    8000005c:	06830313          	addi	t1,t1,104 # 800000c0 <tohost>
    80000060:	00533023          	sd	t0,0(t1)
    80000064:	a001                	j	80000064 <smode_entry+0x1e>
    80000066:	0001                	nop

0000000080000068 <trap_handler>:
    80000068:	428d                	li	t0,3
    8000006a:	00000317          	auipc	t1,0x0
    8000006e:	05630313          	addi	t1,t1,86 # 800000c0 <tohost>
    80000072:	00533023          	sd	t0,0(t1)
    80000076:	a001                	j	80000076 <trap_handler+0xe>

Finished: 2026-09-20T03:48:56.438228+00:00
Return code: 0
Status: PASS
