Started: 2026-09-20T02:14:57.007867+00:00
Command: bash -o pipefail -c 'git log -n 15 --oneline'

e7e6ea22b Initial local cvw snapshot for shared workspace
030e70eca Merge branch 'wallyguard-pr-1883'
6c7bb2898 Merge branch 'wallyguard-pr-1887'
927cf75df Merge branch 'wallyguard-pr-1889'
344e5b2fb Merge remote-tracking branch 'origin/main'
d9be29a60 mmu: enforce full PMP match across memory operations
9f4c9916e hptw: tag the DTLB entry with the access's own VA on a chained walk
bc7012a92 Merge pull request #1886 from davidharrishmc/dh/revert-1875
734b8982e Revert "This PR depends on PR #1871 and simplifies the bug in that PR (#1875)"
f6de0c256 Repair license URLs mangled by comment-marker conversion
ff84ec108 Merge pull request #1877 from davidharrishmc/dh/zabha
3ddf20f2f Migrate openhwgroup links to openhwfoundation
43978de36 Merge branch 'wallyguard-pr-1882'
34b488f2c Fix off-by-three address decode on mhpmevent CSR writes
46b36c469 Merge branch 'wallyguard-pr-1590'

Finished: 2026-09-20T02:14:57.079708+00:00
Return code: 0
Status: PASS
