Started: 2026-09-20T02:15:49.912786+00:00
Command: bash -o pipefail -c 'sed -n '"'"'420,480p'"'"' src/lsu/lsu.sv'

  if (P.ZAAMO_SUPPORTED | P.ZALRSC_SUPPORTED) begin : atomic
    atomic #(P) atomic(.clk, .reset, .StallW, .ReadDataM(ReadDataM[P.XLEN-1:0]), .IHWriteDataM, .PAdrM, .CASMatchM,
      .LSUFunct7M, .LSUFunct3M, .LSUAtomicM, .PreLSURWM, .LSUFlushW,
      .IMAWriteDataM, .SquashSCW, .LSURWM);
  end else begin : lrsc
    assign SquashSCW = 1'b0;
    assign LSURWM = PreLSURWM;
    assign IMAWriteDataM = IHWriteDataM;
  end

  // Zero extend both sources to LLEN; LLEN can exceed both XLEN and FLEN when an amocas pair needs
  // a wide path.  A pair amocas compares and selects across both halves at once.
  logic [P.LLEN-1:0] IMAFWriteDataPreM;
  if (P.F_SUPPORTED)
    mux2 #(P.LLEN) datamux({{(P.LLEN-P.XLEN){1'b0}}, IMAWriteDataM},
                           {{(P.LLEN-P.FLEN){1'b0}}, FWriteDataM}, FpLoadStoreM, IMAFWriteDataPreM);
  else assign IMAFWriteDataPreM = {{(P.LLEN-P.XLEN){1'b0}}, IMAWriteDataM};

  // amocas compares only the bytes its size covers.  One comparison serves every size, including the
  // 2*XLEN pair forms, and feeds both the AMO ALU (which produces the low half) and the pair mux
  // below (which only has to choose the high half).
  if (P.ZACAS_SUPPORTED) begin : caspair
    always_comb
      case (LSUFunct3M)
        3'b000:  CASMatchM = ReadDataM[7:0]  == ComparePairM[7:0];   // amocas.b
        3'b001:  CASMatchM = ReadDataM[15:0] == ComparePairM[15:0];  // amocas.h
        3'b010:  CASMatchM = ReadDataM[31:0] == ComparePairM[31:0];  // amocas.w
        3'b011:  CASMatchM = ReadDataM[63:0] == ComparePairM[63:0];  // amocas.d: one register on RV64, a pair on RV32
        default: CASMatchM = ReadDataM[P.XLEN*2-1:0] == ComparePairM; // amocas.q, a pair on RV64
      endcase

    assign IMAFWriteDataM = AMOCASPairM ?
      {{(P.LLEN-P.XLEN*2){1'b0}}, CASMatchM ? SwapHighM : ReadDataM[P.XLEN*2-1:P.XLEN], IMAWriteDataM} :
      IMAFWriteDataPreM;
  end else begin : caspair
    assign CASMatchM = 1'b0;
    assign IMAFWriteDataM = IMAFWriteDataPreM;
  end

  /////////////////////////////////////////////////////////////////////////////////////////////
  // Subword Accesses
  /////////////////////////////////////////////////////////////////////////////////////////////

  subwordread #(P) subwordread(.ReadDataWordMuxM(LittleEndianReadDataWordM), .PAdrM(PAdrM[3:0]), .BigEndianM,
    .FpLoadStoreM, .WideAccessM(FpLoadStoreM | AMOCASPairM), .Funct3M(LSUFunct3M), .ReadDataM);
  subwordwrite #(P.LLEN) subwordwrite(.LSUFunct3M, .IMAFWriteDataM, .LittleEndianWriteDataM);

  // Compute byte masks
  swbytemask #(P.LLEN, P.ZICCLSM_SUPPORTED) swbytemask(.Size(LSUFunct3M), .Adr(PAdrM[$clog2(P.LLEN/8)-1:0]), .ByteMask(ByteMaskM), .ByteMaskExtended(ByteMaskExtendedM));

  /////////////////////////////////////////////////////////////////////////////////////////////
  // MW Pipeline Register
  /////////////////////////////////////////////////////////////////////////////////////////////

  // A performed access whose result was captured while the pipeline was stalled retires from the hold register
  mux2 #(P.LLEN) readdataselmux(ReadDataM, ReadDataHoldM, MemAccessDoneM, ReadDataSelM);
  flopen #(P.LLEN) ReadDataMWReg(clk, ~StallW, ReadDataSelM, ReadDataW);

  /////////////////////////////////////////////////////////////////////////////////////////////
  // Big Endian Byte Swapper
  //  hart works little-endian internally

Finished: 2026-09-20T02:15:49.976426+00:00
Return code: 0
Status: PASS
