Started: 2026-09-20T02:14:48.750604+00:00
Command: bash -o pipefail -c 'sed -n '"'"'51,100p'"'"' config/rv64gc/config.vh'

// M implies (and in the configuration file requires) Zmmul
localparam logic M_SUPPORTED     = 1;
localparam logic ZMMUL_SUPPORTED = 1;

// Atomic extensions
// A extension is Zaamo + Zalrsc
localparam logic ZAAMO_SUPPORTED  = 1;
localparam logic ZALRSC_SUPPORTED = 1;
localparam logic ZABHA_SUPPORTED  = 1; // Byte and halfword AMOs
localparam logic ZACAS_SUPPORTED  = 1; // Compare-and-swap AMOs

// Bit manipulation extensions
// B extension is Zba + Zbb + Zbs
localparam logic ZBA_SUPPORTED = 1;
localparam logic ZBB_SUPPORTED = 1;
localparam logic ZBS_SUPPORTED = 1;
localparam logic ZBC_SUPPORTED = 1;

// Scalar crypto extensions
// Zkn is all 6 of these
localparam logic ZBKB_SUPPORTED = 1;
localparam logic ZBKC_SUPPORTED = 1;
localparam logic ZBKX_SUPPORTED = 1;
localparam logic ZKND_SUPPORTED = 1;
localparam logic ZKNE_SUPPORTED = 1;
localparam logic ZKNH_SUPPORTED = 1;

// Compressed extensions
// C extension is Zca + Zcf (if RV32 and F supported) + Zcd (if D supported)
// All compressed extensions require Zca
localparam logic ZCA_SUPPORTED = 1;
localparam logic ZCB_SUPPORTED = 1;
localparam logic ZCF_SUPPORTED = 0; // RV32 only, requires F
localparam logic ZCD_SUPPORTED = 1; // requires D

// Floating point extensions
localparam logic F_SUPPORTED   = 1;
localparam logic D_SUPPORTED   = 1;
localparam logic Q_SUPPORTED   = 0;
localparam logic ZFH_SUPPORTED = 1;
localparam logic ZFA_SUPPORTED = 1;
localparam logic ZFBFMIN_SUPPORTED = 1; // BF16 converts, requires F

// Vector extensions
localparam logic V_SUPPORTED = 0;
localparam VLEN = 32'd256;
localparam VPU_MAX_EU = 32'd4;
localparam VPU_INT_EU = 32'd2;
localparam VPU_INT_LANES = 32'd2;
localparam VPU_INT_MUL = 32'd2;

Finished: 2026-09-20T02:14:48.818361+00:00
Return code: 0
Status: PASS
