Started: 2026-09-20T02:09:11.624209+00:00
Command: bash -o pipefail -c 'grep -rn "Shell control flow" /home/rafay/miniconda3/WallyGuard2/ 2>/dev/null'

/home/rafay/miniconda3/WallyGuard2/runs/20260918T093837Z-048280be/controller/guards/tester-493304627dcc4ea4a1f67057ae7aff1c/tests/attempt.json:98:        "reason": "Shell control flow/redirection is forbidden at the verifier boundary",
/home/rafay/miniconda3/WallyGuard2/runs/20260918T093837Z-048280be/controller/guards/tester-493304627dcc4ea4a1f67057ae7aff1c/tests/attempt.json:112:          "reason": "Shell control flow/redirection is forbidden at the verifier boundary",
/home/rafay/miniconda3/WallyGuard2/runs/20260918T093837Z-048280be/controller/guards/tester-493304627dcc4ea4a1f67057ae7aff1c/tests/attempt.json:188:    "reason": "Shell control flow/redirection is forbidden at the verifier boundary",
/home/rafay/miniconda3/WallyGuard2/runs/20260918T093837Z-048280be/controller/guards/tester-53c83365f1dd4bfba15f4efb09a32ca5/tests/attempt.json:98:        "reason": "Shell control flow/redirection is forbidden at the verifier boundary",
/home/rafay/miniconda3/WallyGuard2/runs/20260918T093837Z-048280be/controller/guards/tester-53c83365f1dd4bfba15f4efb09a32ca5/tests/attempt.json:112:          "reason": "Shell control flow/redirection is forbidden at the verifier boundary",
/home/rafay/miniconda3/WallyGuard2/runs/20260918T093837Z-048280be/attempt.json:98:        "reason": "Shell control flow/redirection is forbidden at the verifier boundary",
/home/rafay/miniconda3/WallyGuard2/runs/20260918T093837Z-048280be/attempt.json:112:          "reason": "Shell control flow/redirection is forbidden at the verifier boundary",
/home/rafay/miniconda3/WallyGuard2/runs/20260918T093837Z-048280be/logs/baseline-reproducer-0.log:3:  "reason": "Shell control flow/redirection is forbidden at the verifier boundary",
/home/rafay/miniconda3/WallyGuard2/runs/20260918T105234Z-b204db37/logs/tool-10e7aaff6ad14f10ac6034ff5d977e56.log:57:        "reason": "Shell control flow/redirection is forbidden at the verifier boundary",
/home/rafay/miniconda3/WallyGuard2/runs/20260918T105234Z-b204db37/logs/tool-10e7aaff6ad14f10ac6034ff5d977e56.log:71:          "reason": "Shell control flow/redirection is forbidden at the verifier boundary",
/home/rafay/miniconda3/WallyGuard2/runs/20260919T230158Z-efd6e12a/controller/guards/tester-d0d60aadd3604b0799a491fa09f2aa78/tests/attempt.json:121:        "reason": "build: Shell control flow/redirection is forbidden at the verifier boundary",
/home/rafay/miniconda3/WallyGuard2/runs/20260919T230158Z-efd6e12a/controller/guards/tester-d0d60aadd3604b0799a491fa09f2aa78/tests/attempt.json:136:          "reason": "build: Shell control flow/redirection is forbidden at the verifier boundary",
/home/rafay/miniconda3/WallyGuard2/runs/20260919T230158Z-efd6e12a/controller/guards/tester-69cad3f9dcd94c13a958c63d8b8973e5/tests/attempt.json:115:        "reason": "build: Shell control flow/redirection is forbidden at the verifier boundary",
/home/rafay/miniconda3/WallyGuard2/runs/20260919T230158Z-efd6e12a/controller/guards/tester-69cad3f9dcd94c13a958c63d8b8973e5/tests/attempt.json:130:          "reason": "build: Shell control flow/redirection is forbidden at the verifier boundary",
/home/rafay/miniconda3/WallyGuard2/runs/20260919T230158Z-efd6e12a/controller/guards/tester-69cad3f9dcd94c13a958c63d8b8973e5/tests/attempt.json:208:    "reason": "build: Shell control flow/redirection is forbidden at the verifier boundary",
/home/rafay/miniconda3/WallyGuard2/runs/20260919T230158Z-efd6e12a/attempt.json:127:        "reason": "build: Shell control flow/redirection is forbidden at the verifier boundary",
/home/rafay/miniconda3/WallyGuard2/runs/20260919T230158Z-efd6e12a/attempt.json:142:          "reason": "build: Shell control flow/redirection is forbidden at the verifier boundary",
/home/rafay/miniconda3/WallyGuard2/runs/20260919T230158Z-efd6e12a/attempt.json:455:        "reason": "build: Shell control flow/redirection is forbidden at the verifier boundary; control: 'oracle_signature'; test: 'oracle_signature'",
/home/rafay/miniconda3/WallyGuard2/runs/20260919T230158Z-efd6e12a/attempt.json:470:          "reason": "build: Shell control flow/redirection is forbidden at the verifier boundary; control: 'oracle_signature'; test: 'oracle_signature'",
/home/rafay/miniconda3/WallyGuard2/runs/20260919T230158Z-efd6e12a/attempt.json:542:    "reason": "build: Shell control flow/redirection is forbidden at the verifier boundary; control: 'oracle_signature'; test: 'oracle_signature'",
/home/rafay/miniconda3/WallyGuard2/runs/20260919T230158Z-efd6e12a/logs/baseline-reproducer-2.log:3:  "reason": "build: Shell control flow/redirection is forbidden at the verifier boundary; control: 'oracle_signature'; test: 'oracle_signature'",
/home/rafay/miniconda3/WallyGuard2/runs/20260919T230158Z-efd6e12a/logs/baseline-reproducer-0.log:3:  "reason": "build: Shell control flow/redirection is forbidden at the verifier boundary",
/home/rafay/miniconda3/WallyGuard2/runs/20260920T002030Z-7cc4bf4c/controller/guards/tester-b497ac152f0b451ea027f66a1a695ea1/tests/attempt.json:354:        "reason": "build: Shell control flow/redirection is forbidden at the verifier boundary",
/home/rafay/miniconda3/WallyGuard2/runs/20260920T002030Z-7cc4bf4c/controller/guards/tester-b497ac152f0b451ea027f66a1a695ea1/tests/attempt.json:369:          "reason": "build: Shell control flow/redirection is forbidden at the verifier boundary",
/home/rafay/miniconda3/WallyGuard2/runs/20260920T002030Z-7cc4bf4c/controller/guards/tester-b497ac152f0b451ea027f66a1a695ea1/tests/attempt.json:447:    "reason": "build: Shell control flow/redirection is forbidden at the verifier boundary",
/home/rafay/miniconda3/WallyGuard2/runs/20260920T002030Z-7cc4bf4c/attempt.json:360:        "reason": "build: Shell control flow/redirection is forbidden at the verifier boundary",
/home/rafay/miniconda3/WallyGuard2/runs/20260920T002030Z-7cc4bf4c/attempt.json:375:          "reason": "build: Shell control flow/redirection is forbidden at the verifier boundary",
/home/rafay/miniconda3/WallyGuard2/runs/20260920T002030Z-7cc4bf4c/attempt.json:464:        "reason": "build: Shell control flow/redirection is forbidden at the verifier boundary",
/home/rafay/miniconda3/WallyGuard2/runs/20260920T002030Z-7cc4bf4c/attempt.json:479:          "reason": "build: Shell control flow/redirection is forbidden at the verifier boundary",
/home/rafay/miniconda3/WallyGuard2/runs/20260920T002030Z-7cc4bf4c/attempt.json:557:    "reason": "build: Shell control flow/redirection is forbidden at the verifier boundary",
/home/rafay/miniconda3/WallyGuard2/runs/20260920T002030Z-7cc4bf4c/logs/baseline-reproducer-2.log:3:  "reason": "build: Shell control flow/redirection is forbidden at the verifier boundary",
/home/rafay/miniconda3/WallyGuard2/runs/20260920T002030Z-7cc4bf4c/logs/tool-7057ef37a4424344bfd95cfc744025aa.log:14:{'reason': 'Baseline reproducer failed to execute correctly', 'verification': {'status': 'TEST_INVALID', 'reason': 'build: Shell control flow/redirection is forbidden at the verifier boundary', 'returncode': None, 'timed_out': False, 'passed': False, 'ran': True, 'steps': {}, 'log_path': '/home/rafay/miniconda3/WallyGuard2/runs/20260919T230158Z-efd6e12a/logs/baseline-reproducer-0.log', 'evidence_dir': '/home/rafay/miniconda3/WallyGuard2/runs/20260919T230158Z-efd6e12a/logs/baseline-reproducer-0-evidence', 'captured': {}, 'duration_seconds': 0.0035143299974151887}}
/home/rafay/miniconda3/WallyGuard2/runs/20260920T002030Z-7cc4bf4c/logs/tool-7057ef37a4424344bfd95cfc744025aa.log:16:{'status': 'TEST_INVALID', 'reason': 'build: Shell control flow/redirection is forbidden at the verifier boundary', 'returncode': None, 'timed_out': False, 'passed': False, 'ran': True, 'steps': {}, 'log_path': '/home/rafay/miniconda3/WallyGuard2/runs/20260919T230158Z-efd6e12a/logs/baseline-reproducer-0.log', 'evidence_dir': '/home/rafay/miniconda3/WallyGuard2/runs/20260919T230158Z-efd6e12a/logs/baseline-reproducer-0-evidence', 'captured': {}, 'duration_seconds': 0.0035143299974151887}
/home/rafay/miniconda3/WallyGuard2/runs/20260920T002030Z-7cc4bf4c/logs/tool-7057ef37a4424344bfd95cfc744025aa.log:22:{'reason': 'Baseline reproducer failed to execute correctly', 'verification': {'status': 'TEST_INVALID', 'reason': "build: Shell control flow/redirection is forbidden at the verifier boundary; control: 'oracle_signature'; test: 'oracle_signature'", 'returncode': None, 'timed_out': False, 'passed': False, 'ran': True, 'steps': {}, 'log_path': '/home/rafay/miniconda3/WallyGuard2/runs/20260919T230158Z-efd6e12a/logs/baseline-reproducer-2.log', 'evidence_dir': '/home/rafay/miniconda3/WallyGuard2/runs/20260919T230158Z-efd6e12a/logs/baseline-reproducer-2-evidence', 'captured': {}, 'duration_seconds': 0.0025128500055870973}}
/home/rafay/miniconda3/WallyGuard2/runs/20260920T002030Z-7cc4bf4c/logs/tool-7057ef37a4424344bfd95cfc744025aa.log:24:{'status': 'TEST_INVALID', 'reason': "build: Shell control flow/redirection is forbidden at the verifier boundary; control: 'oracle_signature'; test: 'oracle_signature'", 'returncode': None, 'timed_out': False, 'passed': False, 'ran': True, 'steps': {}, 'log_path': '/home/rafay/miniconda3/WallyGuard2/runs/20260919T230158Z-efd6e12a/logs/baseline-reproducer-2.log', 'evidence_dir': '/home/rafay/miniconda3/WallyGuard2/runs/20260919T230158Z-efd6e12a/logs/baseline-reproducer-2-evidence', 'captured': {}, 'duration_seconds': 0.0025128500055870973}
/home/rafay/miniconda3/WallyGuard2/runs/20260920T002030Z-7cc4bf4c/logs/tool-23ca7e2d26d4425e8c0f46e29007964c.log:14:{'reason': 'Baseline reproducer failed to execute correctly', 'verification': {'status': 'TEST_INVALID', 'reason': 'build: Shell control flow/redirection is forbidden at the verifier boundary', 'returncode': None, 'timed_out': False, 'passed': False, 'ran': True, 'steps': {}, 'log_path': '/home/rafay/miniconda3/WallyGuard2/runs/20260919T193248Z-eb60e108/logs/baseline-reproducer-1.log', 'evidence_dir': '/home/rafay/miniconda3/WallyGuard2/runs/20260919T193248Z-eb60e108/logs/baseline-reproducer-1-evidence', 'captured': {}, 'duration_seconds': 0.002923468993685674}}
/home/rafay/miniconda3/WallyGuard2/runs/20260920T002030Z-7cc4bf4c/logs/tool-23ca7e2d26d4425e8c0f46e29007964c.log:16:{'reason': 'Baseline reproducer failed to execute correctly', 'verification': {'status': 'TEST_INVALID', 'reason': 'build: Shell control flow/redirection is forbidden at the verifier boundary', 'returncode': None, 'timed_out': False, 'passed': False, 'ran': True, 'steps': {}, 'log_path': '/home/rafay/miniconda3/WallyGuard2/runs/20260919T193248Z-eb60e108/logs/baseline-reproducer-2.log', 'evidence_dir': '/home/rafay/miniconda3/WallyGuard2/runs/20260919T193248Z-eb60e108/logs/baseline-reproducer-2-evidence', 'captured': {}, 'duration_seconds': 0.0026867090055020526}}
/home/rafay/miniconda3/WallyGuard2/runs/20260920T002030Z-7cc4bf4c/logs/baseline-reproducer-1.log:3:  "reason": "build: Shell control flow/redirection is forbidden at the verifier boundary",
/home/rafay/miniconda3/WallyGuard2/runs/20260920T020736Z-5677afa3/logs/tool-27cb6717896d4e84861afada633ae67a.log:363:        "reason": "build: Shell control flow/redirection is forbidden at the verifier boundary",
/home/rafay/miniconda3/WallyGuard2/runs/20260920T020736Z-5677afa3/logs/tool-27cb6717896d4e84861afada633ae67a.log:378:          "reason": "build: Shell control flow/redirection is forbidden at the verifier boundary",
/home/rafay/miniconda3/WallyGuard2/runs/20260920T020736Z-5677afa3/logs/tool-27cb6717896d4e84861afada633ae67a.log:467:        "reason": "build: Shell control flow/redirection is forbidden at the verifier boundary",
/home/rafay/miniconda3/WallyGuard2/runs/20260920T020736Z-5677afa3/logs/tool-27cb6717896d4e84861afada633ae67a.log:482:          "reason": "build: Shell control flow/redirection is forbidden at the verifier boundary",
/home/rafay/miniconda3/WallyGuard2/runs/20260920T020736Z-5677afa3/logs/tool-27cb6717896d4e84861afada633ae67a.log:560:    "reason": "build: Shell control flow/redirection is forbidden at the verifier boundary",
/home/rafay/miniconda3/WallyGuard2/runs/20260919T193248Z-eb60e108/controller/guards/tester-4273cdd6ef7441a38151cd23bf915ecb/tests/attempt.json:355:        "reason": "build: Shell control flow/redirection is forbidden at the verifier boundary",
/home/rafay/miniconda3/WallyGuard2/runs/20260919T193248Z-eb60e108/controller/guards/tester-4273cdd6ef7441a38151cd23bf915ecb/tests/attempt.json:370:          "reason": "build: Shell control flow/redirection is forbidden at the verifier boundary",
/home/rafay/miniconda3/WallyGuard2/runs/20260919T193248Z-eb60e108/controller/guards/tester-4273cdd6ef7441a38151cd23bf915ecb/tests/attempt.json:448:    "reason": "build: Shell control flow/redirection is forbidden at the verifier boundary",
/home/rafay/miniconda3/WallyGuard2/runs/20260919T193248Z-eb60e108/attempt.json:361:        "reason": "build: Shell control flow/redirection is forbidden at the verifier boundary",
/home/rafay/miniconda3/WallyGuard2/runs/20260919T193248Z-eb60e108/attempt.json:376:          "reason": "build: Shell control flow/redirection is forbidden at the verifier boundary",
/home/rafay/miniconda3/WallyGuard2/runs/20260919T193248Z-eb60e108/attempt.json:464:        "reason": "build: Shell control flow/redirection is forbidden at the verifier boundary",
/home/rafay/miniconda3/WallyGuard2/runs/20260919T193248Z-eb60e108/attempt.json:479:          "reason": "build: Shell control flow/redirection is forbidden at the verifier boundary",
/home/rafay/miniconda3/WallyGuard2/runs/20260919T193248Z-eb60e108/attempt.json:557:    "reason": "build: Shell control flow/redirection is forbidden at the verifier boundary",
/home/rafay/miniconda3/WallyGuard2/runs/20260919T193248Z-eb60e108/logs/baseline-reproducer-2.log:3:  "reason": "build: Shell control flow/redirection is forbidden at the verifier boundary",
/home/rafay/miniconda3/WallyGuard2/runs/20260919T193248Z-eb60e108/logs/baseline-reproducer-1.log:3:  "reason": "build: Shell control flow/redirection is forbidden at the verifier boundary",
/home/rafay/miniconda3/WallyGuard2/ORCHESTRATION.md:59:`--elf` explicitly for Wally. Shell control flow, inline interpreter code and
/home/rafay/miniconda3/WallyGuard2/orchestration/result_classifier.py:70:            raise ValueError('Shell control flow/redirection is forbidden at the verifier boundary')

Finished: 2026-09-20T02:13:23.781928+00:00
Return code: 2
Status: COMMAND_FAILED
ERROR: Command exited with code 2
