Started: 2026-09-20T02:13:39.000153+00:00
Command: bash -o pipefail -c 'sed -n '"'"'50,90p'"'"' /home/rafay/miniconda3/WallyGuard2/orchestration/result_classifier.py'

        status, reason = Outcome.TOOL_FAILURE, 'Simulator/tool error in Wally log'
    elif WATCHDOG.search(wally_log):
        status, reason = Outcome.DUT_WATCHDOG_FAILURE, 'DUT watchdog marker (not a host timeout)'
    elif code != 0:
        status, reason = Outcome.TOOL_FAILURE, 'Command did not complete normally'
    elif not complete or equal is None or FAILURE.search(wally_log):
        status, reason = Outcome.TEST_INVALID, 'Missing/invalid completion or independent oracle artifacts'
    else:
        status = Outcome.MATCH if equal else Outcome.MISMATCH_CONFIRMED
        reason = 'Controller compared complete Wally and Spike signatures'
    return ReproducerResult(status, reason, code, timeout, status == Outcome.MATCH)


def artifact_argv(value: Any, scratch: Path, test_dir: Path | None = None) -> list[str]:
    """No shell interpretation at the agent-to-controller boundary."""
    args = shlex.split(value) if isinstance(value, str) else value
    if not isinstance(args, list) or not args or any(not isinstance(a, str) or not a for a in args):
        raise ValueError('Command must be a nonempty argument vector')
    for arg in args:
        if any(x in arg for x in ('||', '&&', ';', '\n', '\r', '`', '$(', '|', '>','<')):
            raise ValueError('Shell control flow/redirection is forbidden at the verifier boundary')
    program = Path(args[0]).name
    if program in {'exit', 'true', 'false', 'eval', 'exec', 'env'}:
        raise ValueError('Result-masking command is forbidden')
    if program in {'bash', 'sh', 'python', 'python3'} or program.startswith('python3.'):
        if len(args) < 2 or args[1].startswith('-'):
            raise ValueError('Interpreter must execute a saved artifact directly; inline code is forbidden')
        script = (scratch / args[1]).resolve()
        if not script.is_file() or (test_dir and not script.is_relative_to(test_dir.resolve())):
            raise ValueError('Script must be a saved test artifact')
    return args

Finished: 2026-09-20T02:13:39.063210+00:00
Return code: 0
Status: PASS
