Started: 2026-09-20T02:09:06.895363+00:00
Command: bash -o pipefail -c 'find /home/rafay/miniconda3/WallyGuard2 -name "*.py" | grep -v "/\.venv/" | head -n 30'

/home/rafay/miniconda3/WallyGuard2/runs/20260918T093837Z-048280be/controller/guards/tester-493304627dcc4ea4a1f67057ae7aff1c/source/benchmarks/embench/embench_arch_sweep.py
/home/rafay/miniconda3/WallyGuard2/runs/20260918T093837Z-048280be/controller/guards/tester-493304627dcc4ea4a1f67057ae7aff1c/source/benchmarks/coremark/coremark_sweep.py
/home/rafay/miniconda3/WallyGuard2/runs/20260918T093837Z-048280be/controller/guards/tester-493304627dcc4ea4a1f67057ae7aff1c/source/benchmarks/graphGen.py
/home/rafay/miniconda3/WallyGuard2/runs/20260918T093837Z-048280be/controller/guards/tester-493304627dcc4ea4a1f67057ae7aff1c/source/docs/docker/get_buildroot_testvector.py
/home/rafay/miniconda3/WallyGuard2/runs/20260918T093837Z-048280be/controller/guards/tester-493304627dcc4ea4a1f67057ae7aff1c/source/fpga/renumber.py
/home/rafay/miniconda3/WallyGuard2/runs/20260918T093837Z-048280be/controller/guards/tester-493304627dcc4ea4a1f67057ae7aff1c/source/synthDC/scripts/wrapperGen.py
/home/rafay/miniconda3/WallyGuard2/runs/20260918T093837Z-048280be/controller/guards/tester-493304627dcc4ea4a1f67057ae7aff1c/source/synthDC/extractSummary.py
/home/rafay/miniconda3/WallyGuard2/runs/20260918T093837Z-048280be/controller/guards/tester-493304627dcc4ea4a1f67057ae7aff1c/source/synthDC/wallySynth.py
/home/rafay/miniconda3/WallyGuard2/runs/20260918T093837Z-048280be/controller/guards/tester-493304627dcc4ea4a1f67057ae7aff1c/source/synthDC/ppa/ppaAnalyze.py
/home/rafay/miniconda3/WallyGuard2/runs/20260918T093837Z-048280be/controller/guards/tester-493304627dcc4ea4a1f67057ae7aff1c/source/synthDC/ppa/ppaSynth.py
/home/rafay/miniconda3/WallyGuard2/runs/20260918T093837Z-048280be/controller/guards/tester-493304627dcc4ea4a1f67057ae7aff1c/source/testbench/sdc/ram2sdLoad.py
/home/rafay/miniconda3/WallyGuard2/runs/20260918T093837Z-048280be/controller/guards/tester-493304627dcc4ea4a1f67057ae7aff1c/source/tests/debug/python/WALLY-debug-gcd.py
/home/rafay/miniconda3/WallyGuard2/runs/20260918T093837Z-048280be/controller/guards/tester-493304627dcc4ea4a1f67057ae7aff1c/source/tests/debug/python/WALLY-debug-fpu.py
/home/rafay/miniconda3/WallyGuard2/runs/20260918T093837Z-048280be/controller/guards/tester-493304627dcc4ea4a1f67057ae7aff1c/source/tests/debug/debugtestgen.py
/home/rafay/miniconda3/WallyGuard2/runs/20260918T093837Z-048280be/controller/guards/tester-493304627dcc4ea4a1f67057ae7aff1c/source/tests/periph/periph-test-signature-address-calculator.py
/home/rafay/miniconda3/WallyGuard2/runs/20260918T093837Z-048280be/controller/guards/tester-493304627dcc4ea4a1f67057ae7aff1c/source/tests/coverage/dcache1.py
/home/rafay/miniconda3/WallyGuard2/runs/20260918T093837Z-048280be/controller/guards/tester-493304627dcc4ea4a1f67057ae7aff1c/source/tests/fp/combined_IF_vectors/extract_arch_vectors.py
/home/rafay/miniconda3/WallyGuard2/runs/20260918T093837Z-048280be/controller/guards/tester-493304627dcc4ea4a1f67057ae7aff1c/source/tests/fp/combined_IF_vectors/extract_testfloat_vectors.py
/home/rafay/miniconda3/WallyGuard2/runs/20260918T093837Z-048280be/controller/guards/tester-493304627dcc4ea4a1f67057ae7aff1c/source/tests/riscof/sail_cSim/__init__.py
/home/rafay/miniconda3/WallyGuard2/runs/20260918T093837Z-048280be/controller/guards/tester-493304627dcc4ea4a1f67057ae7aff1c/source/tests/riscof/sail_cSim/riscof_sail_cSim.py
/home/rafay/miniconda3/WallyGuard2/runs/20260918T093837Z-048280be/controller/guards/tester-493304627dcc4ea4a1f67057ae7aff1c/source/tests/riscof/spike/riscof_spike.py
/home/rafay/miniconda3/WallyGuard2/runs/20260918T093837Z-048280be/controller/guards/tester-493304627dcc4ea4a1f67057ae7aff1c/source/bin/parseHPMC.py
/home/rafay/miniconda3/WallyGuard2/runs/20260918T093837Z-048280be/controller/guards/tester-493304627dcc4ea4a1f67057ae7aff1c/source/bin/nightly_build.py
/home/rafay/miniconda3/WallyGuard2/runs/20260918T093837Z-048280be/controller/guards/tester-493304627dcc4ea4a1f67057ae7aff1c/source/bin/CacheSim.py
/home/rafay/miniconda3/WallyGuard2/runs/20260918T093837Z-048280be/controller/guards/tester-493304627dcc4ea4a1f67057ae7aff1c/source/bin/analyze_riscv_elf.py
/home/rafay/miniconda3/WallyGuard2/runs/20260918T093837Z-048280be/controller/guards/tester-493304627dcc4ea4a1f67057ae7aff1c/source/examples/exercises/lynn/bin/check_signatures.py
/home/rafay/miniconda3/WallyGuard2/runs/20260918T093837Z-048280be/controller/guards/tester-493304627dcc4ea4a1f67057ae7aff1c/source/examples/exercises/lynn/bin/scan_test_logs.py
/home/rafay/miniconda3/WallyGuard2/runs/20260918T093837Z-048280be/controller/guards/tester-493304627dcc4ea4a1f67057ae7aff1c/source/examples/exercises/lynn/bin/copy_riscof_elfs.py
/home/rafay/miniconda3/WallyGuard2/runs/20260918T093837Z-048280be/controller/guards/tester-493304627dcc4ea4a1f67057ae7aff1c/source/examples/exercises/lynn/bin/score.py
/home/rafay/miniconda3/WallyGuard2/runs/20260918T093837Z-048280be/controller/guards/tester-493304627dcc4ea4a1f67057ae7aff1c/source/examples/crypto/eea/gf_inverse.py

Finished: 2026-09-20T02:09:07.748768+00:00
Return code: 141
Status: COMMAND_FAILED
ERROR: Command exited with code 141
