Started: 2026-09-20T02:08:26.341676+00:00
Command: bash -o pipefail -c 'ls -la /home/rafay/miniconda3/WallyGuard2/runs/20260920T002030Z-7cc4bf4c'

total 92
drwxrwxr-x  6 rafay rafay  4096 Sep 20 02:07 .
drwxrwxr-x 69 rafay rafay  4096 Sep 20 02:07 ..
-rw-rw-r--  1 rafay rafay 44687 Sep 20 02:07 attempt.json
drwxrwxr-x  2 rafay rafay  4096 Sep 20 01:52 build
-rwxrwxr-x  1 rafay rafay   723 Sep 20 01:52 build_reproducer.sh
-rw-rw-r--  1 rafay rafay   821 Sep 20 01:52 control.S
drwxrwxr-x 10 rafay rafay  4096 Sep 20 02:07 controller
-rw-------  1 rafay rafay  1694 Sep 20 02:07 events.jsonl
-rw-rw-r--  1 rafay rafay   222 Sep 20 01:52 linker.ld
drwxrwxr-x  5 rafay rafay  4096 Sep 20 02:07 logs
-rw-rw-r--  1 rafay rafay     0 Sep 20 02:07 proposed.patch
-rw-rw-r--  1 rafay rafay  1642 Sep 20 00:20 reproducer.json
-rw-rw-r--  1 rafay rafay   884 Sep 20 01:52 test.S
drwxrwxr-x  2 rafay rafay  4096 Sep 20 00:20 tests

Finished: 2026-09-20T02:08:26.409438+00:00
Return code: 0
Status: PASS
