Started: 2026-09-20T02:14:45.764119+00:00
Command: bash -o pipefail -c 'head -n 50 config/rv64gc/config.vh'

//////////////////////////////////////////
// config.vh
//
// Written: David_Harris@hmc.edu 4 January 2021
// Modified: Jordan Carlin jcarlin@hmc.edu 14 May 2024
//
// Purpose: Specify which features of Wally are enabled and set
//          configuration parameters
//
// A component of the Wally configurable RISC-V project.
//
// Copyright (C) 2021 Harvey Mudd College & Oklahoma State University
//
// SPDX-License-Identifier: Apache-2.0 WITH SHL-2.1
//
// Licensed under the Solderpad Hardware License v 2.1 (the “License”); you may not use this file
// except in compliance with the License, or, at your option, the Apache License version 2.0. You
// may obtain a copy of the License at
//
// https://solderpad.org/licenses/SHL-2.1/
//
// Unless required by applicable law or agreed to in writing, any work distributed under the
// License is distributed on an “AS IS” BASIS, WITHOUT WARRANTIES OR CONDITIONS OF ANY KIND,
// either express or implied. See the License for the specific language governing permissions
// and limitations under the License.
////////////////////////////////////////////////////////////////////////////////////////////////

`include "BranchPredictorType.vh"

// RV32 or RV64: XLEN = 32 or 64
localparam XLEN = 32'd64;

// IEEE 754 compliance
localparam logic IEEE754 = 0;

// RISC-V configuration per specification
// Base instruction set (defaults to I if E is not supported)
localparam logic E_SUPPORTED = 0;

// Integer instruction set extensions
localparam logic ZIFENCEI_SUPPORTED = 1; // Instruction-Fetch fence
localparam logic ZICSR_SUPPORTED    = 1; // CSR Instructions
localparam logic ZICCLSM_SUPPORTED  = 1; // Misaligned loads/stores
localparam logic ZICOND_SUPPORTED   = 1; // Integer conditional operations
localparam logic ZCMT_SUPPORTED = 0; // Table jump; jvt CSR
localparam logic ZFINX_SUPPORTED = 0; // Floating point in x registers; fcsr CSR
localparam logic ZIMOP_SUPPORTED    = 1; // May-be-operations
localparam logic ZCMOP_SUPPORTED    = 1; // Compressed may-be-operations

// Multiplication & division extensions

Finished: 2026-09-20T02:14:45.826888+00:00
Return code: 0
Status: PASS
