Started: 2026-09-20T02:17:49.254861+00:00
Command: bash -o pipefail -c 'cat /home/rafay/miniconda3/WallyGuard2/runs/20260920T002030Z-7cc4bf4c/control.S'

.section .text.init
.globl _start
_start:
  la t0, trap_handler
  csrw mtvec, t0
  li t0, -1
  csrw pmpaddr0, t0
  li t0, 0x1F
  csrw pmpcfg0, t0
  
  # mstateen0[62] = 1 (ENVCFG)
  li t0, 1
  slli t0, t0, 62
  csrs 0x30c, t0
  
  # menvcfg.CBZE = 1 (bit 7)
  li t0, 0x80
  csrs 0x30a, t0
  
  # senvcfg.CBZE = 1 (bit 7)
  csrs 0x10a, t0
  
  # switch to S-mode
  li t0, 0x800
  csrs mstatus, t0
  la t0, smode_entry
  csrw mepc, t0
  mret

smode_entry:
  csrr t1, 0x10a
  la a0, scratch
  cbo.zero (a0)
  
  # pass
  li t0, 1
  la t1, tohost
  sd t0, 0(t1)
1: j 1b

.balign 4
trap_handler:
  # fail
  li t0, 3
  la t1, tohost
  sd t0, 0(t1)
1: j 1b

.section .data
.balign 64
scratch: .dword 0,0,0,0,0,0,0,0

.section .tohost, "aw", @progbits
.balign 64
.globl tohost
.globl fromhost
tohost: .dword 0
fromhost: .dword 0

Finished: 2026-09-20T02:17:49.317792+00:00
Return code: 0
Status: PASS
