Started: 2026-09-20T02:18:21.500139+00:00
Command: bash -o pipefail -c 'sed -n '"'"'820,845p'"'"' testbench/testbench.sv'

    end
  end

  // Termination condition
  // Terminate on
  // 1. jump to self loop (0x0000006f)
  // 2. a store word writes to the address "tohost"
  // 3. or PC is stuck at 0


  logic [P.XLEN-1:0] PCM;
  // PCM is not valid for configurations without ZICSR or branch predictor
  flopenr #(P.XLEN) PCMReg(clk, reset, ~dut.core.StallM, dut.core.PCE, PCM);
  always @(posedge clk) begin
    if (P.DEBUG_SUPPORTED) begin
      TestComplete <= ((dut.core.lsu.IEUAdrM == ProgramAddrLabelArray["tohost"] & dut.core.lsu.IEUAdrM != 0) & InstrMName == "SW");
    end else begin
      TestComplete <= ((InstrM == 32'h6f) & dut.core.InstrValidM ) | ((dut.core.lsu.IEUAdrM == ProgramAddrLabelArray["tohost"] & dut.core.lsu.IEUAdrM != 0) & InstrMName == "SW");
    end
    // TestComplete <= ((InstrM == 32'h6f) & dut.core.InstrValidM ) |
    //      ((dut.core.lsu.IEUAdrM == ProgramAddrLabelArray["tohost"] & dut.core.lsu.IEUAdrM != 0) & InstrMName == "SW"); // |
    //   (functionName.PCM == 0 & dut.core.ifu.InstrM == 0 & dut.core.InstrValidM & PrevPCZero));
    if (reset) PrevPCZero <= 0;
    else if (dut.core.InstrValidM) PrevPCZero <= (PCM == 0 & dut.core.ifu.InstrM == 0);
    if (PCM == 0 & dut.core.ifu.InstrM == 0 & dut.core.InstrValidM & PrevPCZero) begin
      $error("Program fetched illegal instruction 0x00000000 from address 0x00000000 twice in a row.  Usually due to fault with no fault handler.");

Finished: 2026-09-20T02:18:21.559110+00:00
Return code: 0
Status: PASS
