{
  "status": "TEST_INVALID",
  "reason": "Positive/control test failed",
  "returncode": null,
  "timed_out": false,
  "passed": false,
  "ran": true,
  "control": {
    "status": "HOST_COMMAND_TIMEOUT",
    "reason": "Python host command deadline expired",
    "returncode": -15,
    "timed_out": true,
    "passed": false,
    "ran": true
  },
  "steps": {
    "build": {
      "command": [
        "bash",
        "/home/rafay/miniconda3/WallyGuard2/runs/20260919T193248Z-eb60e108/build_reproducer.sh"
      ],
      "status": "PASS",
      "returncode": 0,
      "timed_out": false,
      "error": null,
      "log_path": "/home/rafay/miniconda3/WallyGuard2/runs/20260919T193248Z-eb60e108/logs/baseline-reproducer-0-evidence/build.log",
      "stdout_path": "/home/rafay/miniconda3/WallyGuard2/runs/20260919T193248Z-eb60e108/logs/baseline-reproducer-0-evidence/build.log",
      "stderr_path": "/home/rafay/miniconda3/WallyGuard2/runs/20260919T193248Z-eb60e108/logs/baseline-reproducer-0-evidence/build.log",
      "started_at": "2026-09-19T22:16:59.545789+00:00",
      "duration_seconds": 0.17064121300063562,
      "finished_at": "2026-09-19T22:16:59.716429+00:00"
    },
    "control-symbols": {
      "command": [
        "/usr/bin/riscv64-unknown-elf-nm",
        "-n",
        "/home/rafay/miniconda3/WallyGuard2/runs/20260919T193248Z-eb60e108/build/control.elf"
      ],
      "status": "PASS",
      "returncode": 0,
      "timed_out": false,
      "error": null,
      "log_path": "/home/rafay/miniconda3/WallyGuard2/runs/20260919T193248Z-eb60e108/logs/baseline-reproducer-0-evidence/control-symbols.log",
      "stdout_path": "/home/rafay/miniconda3/WallyGuard2/runs/20260919T193248Z-eb60e108/logs/baseline-reproducer-0-evidence/control-symbols.log",
      "stderr_path": "/home/rafay/miniconda3/WallyGuard2/runs/20260919T193248Z-eb60e108/logs/baseline-reproducer-0-evidence/control-symbols.log",
      "started_at": "2026-09-19T22:17:00.034131+00:00",
      "duration_seconds": 0.06551918699551607,
      "finished_at": "2026-09-19T22:17:00.099648+00:00"
    },
    "control-oracle": {
      "command": [
        "/usr/bin/spike",
        "--isa=rv64gc",
        "+signature=/home/rafay/miniconda3/WallyGuard2/runs/20260919T193248Z-eb60e108/logs/control.sig",
        "+signature-granularity=8",
        "/home/rafay/miniconda3/WallyGuard2/runs/20260919T193248Z-eb60e108/build/control.elf"
      ],
      "status": "TIMEOUT",
      "returncode": -15,
      "timed_out": true,
      "error": "Timeout after 900 seconds",
      "log_path": "/home/rafay/miniconda3/WallyGuard2/runs/20260919T193248Z-eb60e108/logs/baseline-reproducer-0-evidence/control-oracle.log",
      "stdout_path": "/home/rafay/miniconda3/WallyGuard2/runs/20260919T193248Z-eb60e108/logs/baseline-reproducer-0-evidence/control-oracle.log",
      "stderr_path": "/home/rafay/miniconda3/WallyGuard2/runs/20260919T193248Z-eb60e108/logs/baseline-reproducer-0-evidence/control-oracle.log",
      "started_at": "2026-09-19T22:17:00.100194+00:00",
      "duration_seconds": 900.0877086690016,
      "finished_at": "2026-09-19T22:32:00.187904+00:00"
    }
  },
  "log_path": "/home/rafay/miniconda3/WallyGuard2/runs/20260919T193248Z-eb60e108/logs/baseline-reproducer-0.log",
  "evidence_dir": "/home/rafay/miniconda3/WallyGuard2/runs/20260919T193248Z-eb60e108/logs/baseline-reproducer-0-evidence",
  "captured": {
    "control.elf": {
      "path": "/home/rafay/miniconda3/WallyGuard2/runs/20260919T193248Z-eb60e108/logs/baseline-reproducer-0-evidence/control.elf",
      "sha256": "ba1e5231ce8e7e8eac147e0e19ce50259162d769632d3e45f0484d737adf8ddb"
    }
  },
  "duration_seconds": 900.7175794639988
}
