Started: 2026-09-19T19:41:53.647953+00:00
Command: bash -o pipefail -c 'sed -n '"'"'260,310p'"'"' src/fpu/postproc/round.sv'

              end
          endcase
  end

  assign Guard  = CvtToInt ? Mf[P.NORMSHIFTSZ-P.XLEN-1] : Bf16Dst ? Mf[P.NORMSHIFTSZ-P.BF16_NF-1] : FpGuard;
  assign LsbRes = CvtToInt ? Mf[P.NORMSHIFTSZ-P.XLEN]   : Bf16Dst ? Mf[P.NORMSHIFTSZ-P.BF16_NF]   : FpLsbRes;
  assign Round  = CvtToInt ? Mf[P.NORMSHIFTSZ-P.XLEN-2] : Bf16Dst ? Mf[P.NORMSHIFTSZ-P.BF16_NF-2] : FpRound;

  always_comb begin
      // Determine if you add 1
      case (Frm)
          3'b000: CalcPlus1  = Guard & (Round|Sticky|LsbRes);//round to nearest even
          3'b001: CalcPlus1  = 1'b0;//round to zero
          3'b010: CalcPlus1  = Ms;//round down
          3'b011: CalcPlus1  = ~Ms;//round up
          3'b100: CalcPlus1  = Guard;//round to nearest max magnitude
          default: CalcPlus1 = 1'bx;
      endcase
      // Determine if you add 1 (for underflow flag)
      case (Frm)
          3'b000: UfCalcPlus1  = Round & (Sticky|Guard);//round to nearest even
          3'b001: UfCalcPlus1  = 1'b0;//round to zero
          3'b010: UfCalcPlus1  = Ms;//round down
          3'b011: UfCalcPlus1  = ~Ms;//round up
          3'b100: UfCalcPlus1  = Round;//round to nearest max magnitude
          default: UfCalcPlus1 = 1'bx;
      endcase

  end

  // If an answer is exact don't round
  assign Plus1   = CalcPlus1 & (Sticky|Round|Guard);
  assign FpPlus1 = Plus1&~(CvtToInt);
  assign UfPlus1 = UfCalcPlus1 & (Sticky|Round);

  // place Plus1 into the proper position for the format
  if (P.FPSIZES == 1) begin
      assign RoundAdd = {{P.FLEN{1'b0}}, FpPlus1};

  end else if (P.FPSIZES == 2) begin
      // \/FLEN+1
      //  | NE+2 |        NF      |
      //  '-NE+2-^----NF1----^
      // P.FLEN+1-P.NE-2-P.NF1 = FLEN-1-NE-NF1
      assign RoundAdd = {(P.NE+1+P.NF1)'(0), FpPlus1&~OutFmt, (P.NF-P.NF1-1)'(0), FpPlus1&OutFmt};

  end else if (P.FPSIZES == 3) begin
      assign RoundAdd = {(P.NE+1+P.NF2)'(0), FpPlus1&(OutFmt==P.FMT2), (P.NF1-P.NF2-1)'(0), FpPlus1&(OutFmt==P.FMT1), (P.NF-P.NF1-1)'(0), FpPlus1&(OutFmt==P.FMT)};

  end else if (P.FPSIZES == 4)
      assign RoundAdd = {(P.Q_NE+1+P.H_NF)'(0), FpPlus1&(OutFmt==P.H_FMT), (P.S_NF-P.H_NF-1)'(0), FpPlus1&(OutFmt==P.S_FMT), (P.D_NF-P.S_NF-1)'(0), FpPlus1&(OutFmt==P.D_FMT), (P.Q_NF-P.D_NF-1)'(0), FpPlus1&(OutFmt==P.Q_FMT)};

Finished: 2026-09-19T19:41:53.703379+00:00
Return code: 0
Status: PASS
