Started: 2026-09-19T19:40:06.379037+00:00
Command: bash -o pipefail -c 'sed -n '"'"'240,275p'"'"' src/privileged/csrm.sv'

  // the spec permits because the hypervisor extension is not implemented and sstateen1-3 are
  // read-only zero.  Bit 63 of each mstateen controls access to the matching sstateen.
  if (P.SMSTATEEN_SUPPORTED) begin : mstateen // stateen registers only exist if there is a lower privilege to control
    logic WriteMSTATEEN0M;
    logic [63:0] MSTATEEN0_PreWriteValM, MSTATEEN0_WriteValM;
    assign WriteMSTATEEN0M = CSRMWriteM & (CSRAdrM == MSTATEEN0);
    // MSTATEEN0 is always 64 bits even for RV32
    assign MSTATEEN0_WriteValM = {
      MSTATEEN0_PreWriteValM[63],                        // SE0: access to sstateen0
      MSTATEEN0_PreWriteValM[62],                        // ENVCFG: access to senvcfg; senvcfg always exists because Wally is Sm1p12 compatible
      1'b0,                                              // 61: reserved
      MSTATEEN0_PreWriteValM[60] & P.SSCSRIND_SUPPORTED, // CSRIND: access to siselect and sireg*
      MSTATEEN0_PreWriteValM[59] & P.SSAIA_SUPPORTED,    // AIA: access to other Ssaia state
      MSTATEEN0_PreWriteValM[58] & P.SSAIA_SUPPORTED,    // IMSIC: access to stopei and other IMSIC state
      MSTATEEN0_PreWriteValM[57] & P.SDTRIG_SUPPORTED,   // CONTEXT: access to scontext
      MSTATEEN0_PreWriteValM[56] & P.SMP1P13_SUPPORTED,  // P1P13: access to hedelegh
      MSTATEEN0_PreWriteValM[55] & P.SSQOSID_SUPPORTED,  // SRMCFG: access to srmcfg
      MSTATEEN0_PreWriteValM[54] & P.SMCTR_SUPPORTED,    // CTR: access to control transfer records
      51'b0,                                             // 53:3 reserved
      MSTATEEN0_PreWriteValM[2] & P.ZCMT_SUPPORTED,      // JVT: access to jvt
      MSTATEEN0_PreWriteValM[1] & P.ZFINX_SUPPORTED,     // FCSR: access to fcsr when floating point uses x registers
      1'b0                                               // C: Wally has no custom state
    };
    if (P.XLEN == 64) begin
      assign MSTATEEN0_PreWriteValM = CSRWriteValM;
      flopenr #(P.XLEN) MSTATEEN0reg(clk, reset, WriteMSTATEEN0M, MSTATEEN0_WriteValM, MSTATEEN0_REGW);
    end else begin // RV32 has high and low halves
      logic WriteMSTATEEN0HM;
      assign MSTATEEN0_PreWriteValM = {CSRWriteValM, CSRWriteValM};
      assign WriteMSTATEEN0HM = CSRMWriteM & (CSRAdrM == MSTATEEN0H) & (P.XLEN==32);
      flopenr #(P.XLEN) MSTATEEN0reg(clk, reset, WriteMSTATEEN0M, MSTATEEN0_WriteValM[31:0], MSTATEEN0_REGW[31:0]);
      flopenr #(P.XLEN) MSTATEEN0Hreg(clk, reset, WriteMSTATEEN0HM, MSTATEEN0_WriteValM[63:32], MSTATEEN0_REGW[63:32]);
    end
  end else assign MSTATEEN0_REGW = '0;

  // Grain alignment for PMPADDR read values.

Finished: 2026-09-19T19:40:06.435725+00:00
Return code: 0
Status: PASS
