Started: 2026-09-19T19:35:29.145690+00:00
Command: bash -o pipefail -c 'git show d9be29a60'

commit d9be29a60b80cca5cca3c3f6015d99622931c34c
Author: Syed-Moeed-Ali <syedmoeedali2006@gmail.com>
Date:   Fri Sep 18 06:18:54 2026 +0500

    mmu: enforce full PMP match across memory operations
    
    Signed-off-by: Syed-Moeed-Ali <syedmoeedali2006@gmail.com>

diff --git a/src/mmu/pmpchecker.sv b/src/mmu/pmpchecker.sv
index 9a45d2db5..5bdbe9b3a 100644
--- a/src/mmu/pmpchecker.sv
+++ b/src/mmu/pmpchecker.sv
@@ -60,6 +60,15 @@ module pmpchecker import cvw::*;  #(parameter cvw_t P) (
   logic [2:0]                      SizeBytesMinus1;
   logic                            MatchingR, MatchingW, MatchingX, MatchingL;
 
+  // Signals for end-of-access PMP boundary crossing detection
+  logic [P.PA_BITS-1:0]            EndAddress;       // last byte address of the access
+  logic [P.PMP_ENTRIES-1:0]        EndMatch;         // end address matches PMP region i
+  logic [P.PMP_ENTRIES-1:0]        EndFirstMatch;    // first matching region for end address
+  logic [P.PMP_ENTRIES-1:0]        EndL, EndX, EndW, EndR; // end address permission bits
+  logic [P.PMP_ENTRIES-1:0]        EndPAgePMPAdr;    // TOR chain for end address
+  logic                            EndMatchingR, EndMatchingW; // end address permitted for R/W
+  logic                            PMPBoundaryLoadFault, PMPBoundaryStoreFault;
+
 
   if (P.PMP_ENTRIES > 0) begin : pmp // prevent complaints about array of no elements when PMP_ENTRIES = 0
     pmpadrdec #(P) pmpadrdecs[P.PMP_ENTRIES-1:0](
@@ -71,6 +80,20 @@ module pmpchecker import cvw::*;  #(parameter cvw_t P) (
       .PAgePMPAdrIn({PAgePMPAdr[P.PMP_ENTRIES-2:0], 1'b1}),
       .PAgePMPAdrOut(PAgePMPAdr),
       .Match, .L, .X, .W, .R);
+
+    // Check PMP permissions at the last byte of multi-byte accesses to detect boundary crossings
+    assign SizeBytesMinus1 = (2**Size) - 1;
+    assign EndAddress = PhysicalAddress + {{(P.PA_BITS-3){1'b0}}, SizeBytesMinus1};
+
+    pmpadrdec #(P) pmpadrdecs_end[P.PMP_ENTRIES-1:0](
+      .PhysicalAddress(EndAddress),
+      .Size(2'b00),
+      .PMPCfg(PMPCFG_ARRAY_REGW),
+      .PMPAdr(PMPADDR_ARRAY_REGW),
+      .FirstMatch(1'b0),
+      .PAgePMPAdrIn({EndPAgePMPAdr[P.PMP_ENTRIES-2:0], 1'b1}),
+      .PAgePMPAdrOut(EndPAgePMPAdr),
+      .Match(EndMatch), .L(EndL), .X(EndX), .W(EndW), .R(EndR));
   end
 
   priorityonehot #(P.PMP_ENTRIES) pmppriority(.a(Match), .y(FirstMatch)); // combine the match signal from all the address decoders to find the first one that matches.
@@ -84,11 +107,22 @@ module pmpchecker import cvw::*;  #(parameter cvw_t P) (
   // Only enforce PMP checking for effective S and U modes (accounting for mstatus.MPRV) or in Machine mode when L bit is set in selected region
   assign EnforcePMP = (EffectivePrivilegeModeW != P.M_MODE) | MatchingL;
 
+  // Check end-of-access PMP permissions for boundary crossing detection
+  // When multi-byte access spans multiple PMP regions, all bytes must be permitted
+  priorityonehot #(P.PMP_ENTRIES) pmppriority_end(.a(EndMatch), .y(EndFirstMatch));
+  assign EndMatchingR = |(EndR & EndFirstMatch);
+  assign EndMatchingW = |(EndW & EndFirstMatch);
+
+  // Boundary crossing fault: access start and end match different PMP regions, and
+  // the end address falls in a region (or unprotected area) that doesn't permit the access
+  assign PMPBoundaryLoadFault  = EnforcePMP & ReadAccessM  & ~WriteAccessM & ~EndMatchingR & (FirstMatch != EndFirstMatch);
+  assign PMPBoundaryStoreFault = EnforcePMP & WriteAccessM & ~EndMatchingW & (FirstMatch != EndFirstMatch);
+
   assign PMPCBOMAccessFault     = EnforcePMP & (|CMOpM[2:0]) & ~MatchingR ; // checking R is sufficient because W implies R in PMP  // exclusion-tag: immu-pmpcbom
   assign PMPCBOZAccessFault     = EnforcePMP & CMOpM[3] & ~MatchingW ;          // exclusion-tag: immu-pmpcboz
   assign PMPCMOAccessFault      = PMPCBOZAccessFault | PMPCBOMAccessFault;              // exclusion-tag: immu-pmpcboaccess
 
   assign PMPInstrAccessFaultF     = EnforcePMP & ExecuteAccessF & ~MatchingX ;
-  assign PMPStoreAmoAccessFaultM  = (EnforcePMP & WriteAccessM & ~MatchingW)  | PMPCMOAccessFault; // exclusion-tag: immu-pmpstoreamoaccessfault
-  assign PMPLoadAccessFaultM      = EnforcePMP & ReadAccessM & ~WriteAccessM & ~MatchingR;
+  assign PMPStoreAmoAccessFaultM  = (EnforcePMP & WriteAccessM & ~MatchingW)  | PMPCMOAccessFault | PMPBoundaryStoreFault; // exclusion-tag: immu-pmpstoreamoaccessfault
+  assign PMPLoadAccessFaultM      = (EnforcePMP & ReadAccessM & ~WriteAccessM & ~MatchingR) | PMPBoundaryLoadFault;
  endmodule

Finished: 2026-09-19T19:35:29.214934+00:00
Return code: 0
Status: PASS
