Started: 2026-09-19T19:38:34.109615+00:00
Command: bash -o pipefail -c 'sed -n '"'"'70,120p'"'"' src/lsu/amoalu.sv'

    assign lt64 = lt32; // RV32 has no doubleword AMOs
  end else begin : comp
    logic eqW1, ltW1, ltu64;

    comparator #(32) cmpw1(a[63:32], b[63:32], 1'b0, {eqW1, ltW1});
    assign ltu64 = ltW1 | (eqW1 & ltu32);
    assign lt64  = (sngd & (a[63] ^ b[63])) ? a[63] : ltu64;
  end

  // Pick the compare matching the access width.  Without Zabha the byte and halfword cases are
  // don't-cares; lt32 is chosen there as a synthesis optimization so lt8 and lt16 are trimmed.
  always_comb
    case (LSUFunct3M[1:0])
      2'b00:   lt = P.ZABHA_SUPPORTED ? lt8  : lt32; // amo*.b
      2'b01:   lt = P.ZABHA_SUPPORTED ? lt16 : lt32; // amo*.h
      2'b10:   lt = lt32;                            // amo*.w
      default: lt = lt64;                            // amo*.d
    endcase

  assign cmp = lt ^ LSUFunct7M[4]; // flip sense of comparison for maximums

  // One a/b mux serves every comparing operation: amomin/amomax keep the loaded value when the
  // comparison says so, and amocas keeps it when the compare operand did not match.  An unmatched
  // amocas therefore writes the loaded value back, which the spec permits and which leaves the
  // ordinary AMO store path untouched.
  assign SelA = (LSUFunct7M[6:2] == 5'b00101) ? ~CASMatchM : cmp;

  // AMO ALU
  always_comb
    case (LSUFunct7M[6:2])
      5'b00001: y = b;           // amoswap
      5'b00000: y = a + b;       // amoadd
      5'b00100: y = a ^ b;       // amoxor
      5'b01100: y = a & b;       // amoand
      5'b01000: y = a | b;       // amoor
      5'b00101,                  // amocas
      5'b10000,                  // amomin
      5'b10100,                  // amomax
      5'b11000,                  // amominu
      5'b11100: y = SelA ? a : b; // amomaxu
      default:  y = 'x;          // undefined
    endcase

  // sign extend output if necessary for w64
  if (P.XLEN == 32) begin:sext
    assign AMOResultM = y;
  end else begin:sext // P.XLEN = 64
    always_comb
      if (w64) begin // sign-extend word-length operations
        AMOResultM = {{32{y[31]}}, y[31:0]};
      end else begin

Finished: 2026-09-19T19:38:34.181718+00:00
Return code: 0
Status: PASS
