Started: 2026-09-19T19:36:38.180293+00:00
Command: bash -o pipefail -c 'find /home/rafay -name "Vtestbench" 2>/dev/null'

/home/rafay/miniconda3/WallyGuard/cvw/sim/verilator/wkdir/rv32i_testbench/Vtestbench
/home/rafay/miniconda3/WallyGuard/cvw/sim/verilator/wkdir/rv32gc_testbench/Vtestbench
/home/rafay/miniconda3/WallyGuard/cvw/sim/verilator/wkdir/buildroot_testbench/Vtestbench
/home/rafay/miniconda3/WallyGuard/cvw/sim/verilator/wkdir/rv32imc_testbench/Vtestbench
/home/rafay/miniconda3/WallyGuard/cvw/sim/verilator/wkdir/rv32e_testbench/Vtestbench
/home/rafay/miniconda3/WallyGuard/cvw/sim/verilator/wkdir/rv64i_testbench/Vtestbench
/home/rafay/miniconda3/WallyGuard/cvw/sim/verilator/wkdir/rv64gc_testbench/Vtestbench
/home/rafay/miniconda3/seeded-validation-20260912_185931/private/verilator-after/wkdir/rv32i_testbench/Vtestbench
/home/rafay/miniconda3/seeded-validation-20260912_185931/private/verilator-after/wkdir/rv64gc_testbench_0e8cffd1/Vtestbench
/home/rafay/miniconda3/seeded-validation-20260912_185931/private/verilator-after/wkdir/rv32imc_testbench/Vtestbench
/home/rafay/miniconda3/seeded-validation-20260912_185931/private/verilator-after/wkdir/rv32e_testbench/Vtestbench
/home/rafay/miniconda3/WallyGuard2/runs/20260918T093837Z-048280be/build/rv64gc_testbench/Vtestbench
/home/rafay/miniconda3/WallyGuard2/reviews/pr-1892/cvw/sim/verilator/wkdir/rv64gc_testbench_review-fixed/Vtestbench
/home/rafay/miniconda3/WallyGuard2/reviews/pr-1892/baseline/sim/verilator/wkdir/rv64gc_testbench_review-baseline/Vtestbench
/home/rafay/.local/share/Trash/files/wally-worktrees/wally-shared/sim/verilator/wkdir/rv64gc_testbench/Vtestbench
/home/rafay/projects/cvw/sim/verilator/wkdir/rv64gc_testbench/Vtestbench

Finished: 2026-09-19T19:36:51.753010+00:00
Return code: 0
Status: PASS
