Started: 2026-09-19T19:36:19.103085+00:00
Command: bash -o pipefail -c 'ls -la /home/rafay/miniconda3/WallyGuard2/runs/20260918T105234Z-b204db37/logs/'

total 1024
drwxrwxr-x 5 rafay rafay 12288 Sep 18 11:27 .
drwxrwxr-x 6 rafay rafay  4096 Sep 18 11:27 ..
drwxrwxr-x 2 rafay rafay  4096 Sep 18 11:21 baseline-reproducer-0-evidence
-rw-rw-r-- 1 rafay rafay  1279 Sep 18 11:21 baseline-reproducer-0.log
drwxrwxr-x 2 rafay rafay  4096 Sep 18 11:23 baseline-reproducer-1-evidence
-rw-rw-r-- 1 rafay rafay  1280 Sep 18 11:23 baseline-reproducer-1.log
drwxrwxr-x 2 rafay rafay  4096 Sep 18 11:27 baseline-reproducer-2-evidence
-rw-rw-r-- 1 rafay rafay  1280 Sep 18 11:27 baseline-reproducer-2.log
-rw------- 1 rafay rafay  1104 Sep 18 11:27 events.jsonl
-rw-rw-r-- 1 rafay rafay  5817 Sep 18 10:59 tool-01235b66aea64cbdb451b58996f86e16.log
-rw-rw-r-- 1 rafay rafay  2182 Sep 18 11:02 tool-019c83fdfdbd48b68640187d6225d774.log
-rw-rw-r-- 1 rafay rafay   976 Sep 18 10:58 tool-0216b44ef8d14f8997b67e55cab9c34c.log
-rw-rw-r-- 1 rafay rafay 71787 Sep 18 11:25 tool-02af6365714c4babb52ce373cacd9126.log
-rw-rw-r-- 1 rafay rafay   326 Sep 18 11:22 tool-0527561a5d4349c2a17ed39f847cf492.log
-rw-rw-r-- 1 rafay rafay 28736 Sep 18 11:10 tool-07cd88c06eff4a2da65d8f8ce0d9ac19.log
-rw-rw-r-- 1 rafay rafay   598 Sep 18 11:03 tool-0e1683da1267428c8d6f868caecd8eca.log
-rw-rw-r-- 1 rafay rafay   729 Sep 18 10:59 tool-0f4dc5d96ee046eb8ca839f21d50a1df.log
-rw-rw-r-- 1 rafay rafay 44927 Sep 18 10:53 tool-10e7aaff6ad14f10ac6034ff5d977e56.log
-rw-rw-r-- 1 rafay rafay  3693 Sep 18 11:07 tool-11a751674cfe4c45a87bf34dcc97adc4.log
-rw-rw-r-- 1 rafay rafay   546 Sep 18 11:21 tool-1247d0831cc0486ba4fc6eda0d566795.log
-rw-rw-r-- 1 rafay rafay  1647 Sep 18 10:58 tool-1534056f1b5d482aa73b2b19aed61538.log
-rw-rw-r-- 1 rafay rafay   322 Sep 18 11:22 tool-158aede1c52140b9b121ec0781359db6.log
-rw-rw-r-- 1 rafay rafay 20167 Sep 18 11:01 tool-17a953bae69b48009d81913879712e78.log
-rw-rw-r-- 1 rafay rafay  1274 Sep 18 10:53 tool-19759a33ea99453eb5d86a4ad7a0ba12.log
-rw-rw-r-- 1 rafay rafay   436 Sep 18 11:00 tool-19dd8f5943154b2a81e08c1780dabf74.log
-rw-rw-r-- 1 rafay rafay   203 Sep 18 10:59 tool-1ad0be5cd99b4ae7bf172a0f23a20ddd.log
-rw-rw-r-- 1 rafay rafay   372 Sep 18 10:58 tool-1df1edde981549ad9544c00a4a9a311e.log
-rw-rw-r-- 1 rafay rafay   224 Sep 18 10:52 tool-241ec096c0d941eb810ca86708d5eeae.log
-rw-rw-r-- 1 rafay rafay 15645 Sep 18 10:58 tool-25f89d9b45984c84b6da987ee8981128.log
-rw-rw-r-- 1 rafay rafay   894 Sep 18 10:53 tool-2705047e97764f928af86ae99153eda4.log
-rw-rw-r-- 1 rafay rafay   344 Sep 18 11:24 tool-2cdecd35d3b24b1ab4b23c145be60628.log
-rw-rw-r-- 1 rafay rafay 28419 Sep 18 11:11 tool-31ee764c0d7344d6b3a96e524f5d7d79.log
-rw-rw-r-- 1 rafay rafay 12812 Sep 18 10:59 tool-3408965debfc4c03801692af5bc69464.log
-rw-rw-r-- 1 rafay rafay   405 Sep 18 11:02 tool-36a3cb33956844a18e5e301f18b8c00c.log
-rw-rw-r-- 1 rafay rafay   308 Sep 18 11:18 tool-36e831b10c0e4b2fa7bbf7106663c96f.log
-rw-rw-r-- 1 rafay rafay  1229 Sep 18 11:02 tool-3a3d4ae2c3e44003b994424992f5b2c1.log
-rw-rw-r-- 1 rafay rafay 71711 Sep 18 11:24 tool-3c67c0d468424795bcefd10fd11ebacf.log
-rw-rw-r-- 1 rafay rafay   506 Sep 18 10:59 tool-3e823c36aa1749bd8499b7b599c6b938.log
-rw-rw-r-- 1 rafay rafay   597 Sep 18 11:05 tool-3f01745928bf4a798253f25eac91e24e.log
-rw-rw-r-- 1 rafay rafay  4167 Sep 18 10:57 tool-3f241c4a415448cfbc03d95d45a59cdb.log
-rw-rw-r-- 1 rafay rafay   833 Sep 18 11:05 tool-4179eb0bbb90430bae76b6ce7ec5e71f.log
-rw-rw-r-- 1 rafay rafay   340 Sep 18 10:58 tool-47f1eddb0efd4de0a9fc37d99e2de217.log
-rw-rw-r-- 1 rafay rafay  1124 Sep 18 10:57 tool-486f30bf28dd4a1698e5d9afa326b4bb.log
-rw-rw-r-- 1 rafay rafay  2850 Sep 18 11:24 tool-4afd7b6d3f4042f99dc52b137a5ff90d.log
-rw-rw-r-- 1 rafay rafay  2589 Sep 18 11:00 tool-4d89503bb9f74d3a8ed60f5e17c2b8f6.log
-rw-rw-r-- 1 rafay rafay   202 Sep 18 11:03 tool-4da4b9948d7a469f8949a2318ca50f2e.log
-rw-rw-r-- 1 rafay rafay  5491 Sep 18 11:08 tool-51b2dcac6949447cb1a501d53b82feec.log
-rw-rw-r-- 1 rafay rafay  4930 Sep 18 11:10 tool-53b5963288374924a49d36b1170165a0.log
-rw-rw-r-- 1 rafay rafay  1760 Sep 18 11:25 tool-56c3bd64fac54c42adc40780f95d6722.log
-rw-rw-r-- 1 rafay rafay 18465 Sep 18 11:00 tool-5b6ad8d6d0d34847848b4bfd73562dce.log
-rw-rw-r-- 1 rafay rafay  1135 Sep 18 11:02 tool-5e46fc77422045af8d60f6eef301d2b4.log
-rw-rw-r-- 1 rafay rafay   344 Sep 18 11:26 tool-62afff5bacfa49418783b41ad7c57b84.log
-rw-rw-r-- 1 rafay rafay  2097 Sep 18 10:58 tool-62fc550f92d2418893ce0253d8af93c1.log
-rw-rw-r-- 1 rafay rafay  2124 Sep 18 10:57 tool-6483a09fe6364b2ba89b34453de01711.log
-rw-rw-r-- 1 rafay rafay   474 Sep 18 11:17 tool-657f505a1d404efc80c36d157adc3139.log
-rw-rw-r-- 1 rafay rafay   847 Sep 18 11:18 tool-6885a7b6731f420e8755fec61cdf6581.log
-rw-rw-r-- 1 rafay rafay  1030 Sep 18 10:59 tool-694f63e5a08d438c9eb7c0f813ec1b99.log
-rw-rw-r-- 1 rafay rafay   766 Sep 18 11:11 tool-6a951fa99f5e44bda8d969b2a28c521c.log
-rw-rw-r-- 1 rafay rafay   407 Sep 18 11:09 tool-6f84e5831c07414581eb9d37510e7ddf.log
-rw-rw-r-- 1 rafay rafay   997 Sep 18 10:58 tool-714a0223a0e246038237811130968c42.log
-rw-rw-r-- 1 rafay rafay  1763 Sep 18 11:06 tool-7238e78373ca45219d38aa422d63d84d.log
-rw-rw-r-- 1 rafay rafay  3829 Sep 18 11:07 tool-72cd466e8dfe439281be8b108cfb6033.log
-rw-rw-r-- 1 rafay rafay   394 Sep 18 10:59 tool-734999dd99044730ace7fda5817eed17.log
-rw-rw-r-- 1 rafay rafay   564 Sep 18 11:17 tool-76b09a0ee1f24782b5e84c487d320447.log
-rw-rw-r-- 1 rafay rafay  1222 Sep 18 11:02 tool-7f40ddb950a845ebaea73e9f25d72e96.log
-rw-rw-r-- 1 rafay rafay  4878 Sep 18 11:09 tool-7fd21603ba7d4a4f9cca6163ba004216.log
-rw-rw-r-- 1 rafay rafay 10049 Sep 18 11:17 tool-824d5bc12741437295b1dec884a026b8.log
-rw-rw-r-- 1 rafay rafay  9109 Sep 18 11:01 tool-83471a34094c465fb09bf81f44d04526.log
-rw-rw-r-- 1 rafay rafay  1326 Sep 18 11:00 tool-891766b17da5426681e16d040541e4ee.log
-rw-rw-r-- 1 rafay rafay  1658 Sep 18 11:02 tool-8d7b762f81c544ab893ddbea09c78348.log
-rw-rw-r-- 1 rafay rafay 17915 Sep 18 10:58 tool-90db52da01f145a4ae2b5d154d97c8d1.log
-rw-rw-r-- 1 rafay rafay   528 Sep 18 11:05 tool-953fdb084b274ad8a3ff9931406745c6.log
-rw-rw-r-- 1 rafay rafay  1653 Sep 18 11:05 tool-95bea89942d24e91be576bebae100363.log
-rw-rw-r-- 1 rafay rafay 87687 Sep 18 11:01 tool-95fecd997e634d139109368d64cfc0ae.log
-rw-rw-r-- 1 rafay rafay  1351 Sep 18 11:10 tool-99c98832489d455aa29b34f1c57e215f.log
-rw-rw-r-- 1 rafay rafay  2064 Sep 18 11:11 tool-9ef6dac52eac4b3eb75dfd525ec703ee.log
-rw-rw-r-- 1 rafay rafay  8662 Sep 18 10:58 tool-a64ef4d6d1ea45c086a527a8bd4bcd62.log
-rw-rw-r-- 1 rafay rafay 10034 Sep 18 11:02 tool-a808aae366c24bf587d37c338c0dbfa0.log
-rw-rw-r-- 1 rafay rafay   688 Sep 18 11:03 tool-a95766d0298c4a9ca19d5aa24374043c.log
-rw-rw-r-- 1 rafay rafay   398 Sep 18 11:01 tool-acb1032cab5146a7898a7150f1cb74be.log
-rw-rw-r-- 1 rafay rafay  1848 Sep 18 11:07 tool-aceaaafc13ef49518782747f8dc64f8e.log
-rw-rw-r-- 1 rafay rafay  6852 Sep 18 11:02 tool-af05432c3e04459c8347c37c4177d412.log
-rw-rw-r-- 1 rafay rafay  1022 Sep 18 10:58 tool-afa1d1c1c8524141ac3cacf5ed2c718d.log
-rw-rw-r-- 1 rafay rafay  1369 Sep 18 11:11 tool-b313be82f1f3481f8c6a35ed49f66a7c.log
-rw-rw-r-- 1 rafay rafay  1794 Sep 18 10:58 tool-b315032e6a124b4c87bdfef3989687c2.log
-rw-rw-r-- 1 rafay rafay  4717 Sep 18 10:53 tool-b62d431ec60741508b794067ce039346.log
-rw-rw-r-- 1 rafay rafay  1054 Sep 18 11:00 tool-b6ac8990505741f9860072b251d8dae1.log
-rw-rw-r-- 1 rafay rafay   306 Sep 18 10:59 tool-bbdfdcee506a4ea981ef3ff92e0bbd98.log
-rw-rw-r-- 1 rafay rafay  8228 Sep 18 11:03 tool-bd0f9ad340654df4ac88fbcc39f4f905.log
-rw-rw-r-- 1 rafay rafay  4025 Sep 18 11:01 tool-c382a9ec72a647beb6147d930cfb3318.log
-rw-rw-r-- 1 rafay rafay  3697 Sep 18 11:08 tool-c40e494530cf494a93dd5250e9391852.log
-rw-rw-r-- 1 rafay rafay   368 Sep 18 11:00 tool-c5b1f2eadbd24ae19d6713fa505c7769.log
-rw-rw-r-- 1 rafay rafay   265 Sep 18 10:59 tool-c7c0b136ce8f4bbdaac8a5079f361761.log
-rw-rw-r-- 1 rafay rafay  1150 Sep 18 10:52 tool-ca4bf6a34a874200913e0c8b2e917ed0.log
-rw-rw-r-- 1 rafay rafay  4843 Sep 18 10:57 tool-cd306071231b49c58ce3f405e9f4fa05.log
-rw-rw-r-- 1 rafay rafay 87724 Sep 18 11:01 tool-cd70e23e7e5343909047e6e8186c63a0.log
-rw-rw-r-- 1 rafay rafay 12142 Sep 18 11:03 tool-cd83bb6ec11f4f669ad33c2003b13ffa.log
-rw-rw-r-- 1 rafay rafay  4812 Sep 18 11:10 tool-ce4175dc5820443fa041517e45245c8d.log
-rw-rw-r-- 1 rafay rafay  2094 Sep 18 11:11 tool-d278607059fd486cb908afb06e062831.log
-rw-rw-r-- 1 rafay rafay   955 Sep 18 11:17 tool-d5e9000bd8f94c3492efe3f1c005eb4d.log
-rw-rw-r-- 1 rafay rafay  1579 Sep 18 10:53 tool-d941949e3cea48bea4bdf8dc81638434.log
-rw-rw-r-- 1 rafay rafay 22185 Sep 18 11:09 tool-de562507399847f5a3b1bcbac4eb01d6.log
-rw-rw-r-- 1 rafay rafay  1191 Sep 18 11:00 tool-e973d4772697417d81fb20132ca9ce5d.log
-rw-rw-r-- 1 rafay rafay  1923 Sep 18 11:03 tool-f412d400620c49099f719e04a9d66d1d.log
-rw-rw-r-- 1 rafay rafay  1602 Sep 18 11:05 tool-f6efdc13490a46ca891653cf758060e9.log
-rw-rw-r-- 1 rafay rafay 11336 Sep 18 11:00 tool-f9c4817712084036b3949c5b5f94096b.log
-rw-rw-r-- 1 rafay rafay  1967 Sep 18 11:06 tool-fc62224fc97942ab8b927d48605d35aa.log
-rw-rw-r-- 1 rafay rafay   505 Sep 18 11:18 tool-ff4ec1b9504246a1a5faca97c209a4a2.log
-rw-rw-r-- 1 rafay rafay   430 Sep 18 11:03 tool-ff8d7e6f58c64166b034e66467bab944.log

Finished: 2026-09-19T19:36:19.180735+00:00
Return code: 0
Status: PASS
