Started: 2026-09-19T19:37:21.222969+00:00
Command: bash -o pipefail -c 'git branch -a'

* (no branch)
+ main
+ review/pr-1892-response
  wallyguard-pr-1590
  wallyguard-pr-1601
  wallyguard-pr-1632
  wallyguard-pr-1771
  wallyguard-pr-1806
  wallyguard-pr-1842
  wallyguard-pr-1847
  wallyguard-pr-1854
  wallyguard-pr-1856
  wallyguard-pr-1858
  wallyguard-pr-1865
  wallyguard-pr-1868
  wallyguard-pr-1877
  wallyguard-pr-1878
  wallyguard-pr-1879
  wallyguard-pr-1880
  wallyguard-pr-1881
  wallyguard-pr-1882
  wallyguard-pr-1883
  wallyguard-pr-1887
  wallyguard-pr-1889
  remotes/origin/HEAD -> origin/main
  remotes/origin/debug
  remotes/origin/dependabot/submodules/addins/riscv-arch-test-cvw-6e8a451
  remotes/origin/dev_day_25_workshop
  remotes/origin/divremsqrt
  remotes/origin/fetch_buffer
  remotes/origin/fetch_buffer_v1
  remotes/origin/hypervisor
  remotes/origin/main
  remotes/origin/soc
  remotes/origin/vector
  remotes/review/pr-1892

Finished: 2026-09-19T19:37:21.397646+00:00
Return code: 0
Status: PASS
