Started: 2026-09-19T19:35:39.888488+00:00
Command: bash -o pipefail -c 'sed -n '"'"'110,140p'"'"' src/mmu/mmu.sv'

  // the lower 12 bits are the page offset. These are never changed from the original
  // non translated address.
  mux2 #(P.PA_BITS-12) addressmux(VAdr[P.PA_BITS-1:12], TLBPAdr[P.PA_BITS-1:12], Translate, PhysicalAddress[P.PA_BITS-1:12]);
  assign PhysicalAddress[11:0] = VAdr[11:0];

  ///////////////////////////////////////////
  // Check physical memory accesses
  ///////////////////////////////////////////

  pmachecker #(P) pmachecker(.PhysicalAddress, .Size, .CMOpM,
    .AtomicAccessM, .ExecuteAccessF, .WriteAccessM, .ReadAccessM, .PBMemoryType,
    .Cacheable, .Idempotent, .SelTIM,
    .PMAInstrAccessFaultF, .PMALoadAccessFaultM, .PMAStoreAmoAccessFaultM);

  if (P.PMP_ENTRIES > 0) begin : pmp
    pmpchecker #(P) pmpchecker(.PhysicalAddress, .EffectivePrivilegeModeW,
      .PMPCFG_ARRAY_REGW, .PMPADDR_ARRAY_REGW,
      .ExecuteAccessF, .WriteAccessM, .ReadAccessM, .Size, .CMOpM,
      .PMPInstrAccessFaultF, .PMPLoadAccessFaultM, .PMPStoreAmoAccessFaultM);
  end else begin
    assign PMPInstrAccessFaultF     = 1'b0;
    assign PMPStoreAmoAccessFaultM  = 1'b0;
    assign PMPLoadAccessFaultM      = 1'b0;
  end

  assign ReadNoAmoAccessM  = ReadAccessM & ~WriteAccessM;// AMO causes StoreAmo rather than Load fault

  // Misaligned faults
  always_comb // exclusion-tag: immu-wordaccess
    case(Size)
      2'b00:  DataMisalignedM = 1'b0;              // lb, sb, lbu

Finished: 2026-09-19T19:35:39.944596+00:00
Return code: 0
Status: PASS
