Started: 2026-09-19T19:41:36.409997+00:00
Command: bash -o pipefail -c 'sed -n '"'"'185,205p'"'"' src/fpu/postproc/round.sv'

  end

  // only add the Addend sticky if doing an FMA operation
  //      - the shifter shifts too far left when there's an underflow (shifting out all possible sticky bits)
  // BF16 overrides replace the format-generic values at their only use, here and for
  // Guard/LsbRes/Round and RoundAdd below.  A single source reaches Mf with at most S_NF+1
  // significand bits, plus BF16_NF of denormalization, so the sticky window is that narrow.
  localparam BF16STICKYLSB = P.NORMSHIFTSZ - (P.S_NF+1) - P.BF16_NF - 1;
  if (P.ZFBFMIN_SUPPORTED) begin : bf16round
    assign Bf16Sticky  = |Mf[P.NORMSHIFTSZ-P.BF16_NF-2:BF16STICKYLSB];
    assign Bf16RoundAdd = {(P.NE+1+P.BF16_NF)'(0), FpPlus1, (P.NF-P.BF16_NF)'(0)};
  end else begin
    assign Bf16Sticky   = 1'b0;
    assign Bf16RoundAdd = '0;
  end
  assign Sticky = FmaASticky&FmaOp | (Bf16Dst ? Bf16Sticky : NormSticky) | CvtResUf&CvtOp | FmaMe[P.NE+1]&FmaOp | DivSticky&DivOp;

  // determine round and LSB of the rounded value
  //      - underflow round bit is used to determint the underflow flag
  if (P.FPSIZES == 1) begin
      assign FpGuard  = Mf[P.NORMSHIFTSZ-P.NF-1];

Finished: 2026-09-19T19:41:36.468109+00:00
Return code: 0
Status: PASS
