Started: 2026-09-19T19:39:37.577165+00:00
Command: bash -o pipefail -c 'sed -n '"'"'270,300p'"'"' src/ieu/controller.sv'

    assign CSRFunctD = 1'b1; // don't bother to check Funct3 for CSR operations
    assign MOPFunctD = Funct3D == 3'b100; // funct3 is the only MOP field worth checking; it cannot be a CSR or privileged op
    assign IWValidFunct3D = 1'b1;
  end

  // Main Instruction Decoder
  /* verilator lint_off CASEINCOMPLETE */
  always_comb begin
    ControlsD = `CTRLW'b0_000_00_00_000_0_0_0_0_0_0_0_0_0_00_0_1; // default: Illegal instruction
    case(OpD)
    // RegWrite_ImmSrc_ALUSrc(A_B)_MemRW_ResultSrc_Branch_ALUOp_Jump_ALUResultSrc_BaseW64_CSRRead_Privileged_Fence_MDU_Atomic_CMO_Illegal
      7'b0000011: if (LFunctD)
                      ControlsD = `CTRLW'b1_000_01_10_001_0_0_0_0_0_0_0_0_0_00_0_0; // loads
      7'b0000111: if (FLSFunctD)
                      ControlsD = `CTRLW'b0_000_01_10_001_0_0_0_0_0_0_0_0_0_00_0_1; // flw - only legal if FP supported
      7'b0001111: if (FenceFunctD) begin
                    if (P.ZIFENCEI_SUPPORTED)
                      ControlsD = `CTRLW'b0_000_00_00_000_0_0_0_0_0_0_0_1_0_00_0_0; // fence
                    else
                      ControlsD = `CTRLW'b0_000_00_00_000_0_0_0_0_0_0_0_0_0_00_0_0; // fence treated as nop
                  end else if (CMOFunctD) begin
                      ControlsD = `CTRLW'b0_101_01_00_000_0_0_0_0_0_0_0_0_0_00_1_0; // CMO Instruction
                  end
      7'b0010011: if (IFunctD)
                      ControlsD = `CTRLW'b1_000_01_00_000_0_1_0_0_0_0_0_0_0_00_0_0; // I-type ALU
      7'b0010111:     ControlsD = `CTRLW'b1_100_11_00_000_0_0_0_0_0_0_0_0_0_00_0_0; // auipc
      7'b0011011: if (IFunctD & IWValidFunct3D & P.XLEN == 64)
                      ControlsD = `CTRLW'b1_000_01_00_000_0_1_0_0_1_0_0_0_0_00_0_0; // IW-type ALU for RV64i
      7'b0100011: if (SFunctD)
                      ControlsD = `CTRLW'b0_001_01_01_000_0_0_0_0_0_0_0_0_0_00_0_0; // stores
      7'b0100111: if (FLSFunctD)

Finished: 2026-09-19T19:39:37.672016+00:00
Return code: 0
Status: PASS
