Started: 2026-09-19T20:32:52.791760+00:00
Command: bash -o pipefail -c 'cat /home/rafay/miniconda3/WallyGuard2/runs/20260919T193248Z-eb60e108/tests/template.S.example || true
cat /home/rafay/miniconda3/WallyGuard2/runs/20260919T193248Z-eb60e108/tests/test.h || true'

// Copy to control.S and test.S, then implement the target-specific assertions.
// This template deliberately does not compile until an investigation is added.
#include "selfcheck.h"
.section .text.init
.option norvc
.globl rvtest_entry_point
rvtest_entry_point:
    la t0, trap_handler
    csrw mtvec, t0
    .error "Implement target setup, stimulus, and independent expected-value checks"
    // WG_CHECK_EQ 1, s0, s1
    j wg_pass

.balign 4
trap_handler:
    // Unexpected traps fail. For expected traps, check cause, tval and epc,
    // then check the target state against independently derived expectations.
    li a0, 1
    li a1, 0
    li a2, 0
    csrr a3, mcause
    j wg_fail

WG_FINISH
cat: /home/rafay/miniconda3/WallyGuard2/runs/20260919T193248Z-eb60e108/tests/test.h: No such file or directory

Finished: 2026-09-19T20:32:52.849296+00:00
Return code: 0
Status: PASS
