Started: 2026-09-19T19:38:26.141137+00:00
Command: bash -o pipefail -c 'git show e065a89e6~1'

commit ad7dd06b03ceb9958722582b09f4de4043056028
Author: David Harris <David_Harris@hmc.edu>
Date:   Tue Sep 15 21:33:16 2026 -0700

    Simplified amoalu comparators

diff --git a/src/lsu/amoalu.sv b/src/lsu/amoalu.sv
index fc9f6ff36..83d6dd69a 100644
--- a/src/lsu/amoalu.sv
+++ b/src/lsu/amoalu.sv
@@ -37,43 +37,52 @@ module amoalu import cvw::*;  #(parameter cvw_t P) (
 );
 
   logic [P.XLEN-1:0] a, b, y;
-  logic               lt, cmp, sngd, sngd32, eq32, lt32, w64;
-  logic [31:0]        acmp, bcmp; // comparands narrowed to the access width
+  logic               lt, cmp, sngd, w64;
+  logic               eqB0, ltB0, eqB1, ltB1, eqH1, ltH1; // per-lane compares, always unsigned
+  logic               ltu16, ltu32;                       // unsigned compares assembled from the lanes
+  logic               lt8, lt16, lt32, lt64;              // compare at each access width
 
   // Rename inputs
   assign a = ReadDataM;
   assign b = IHWriteDataM;
 
-  // Share hardware among the four amomin/amomax comparators
+  // Share hardware among the four amomin/amomax comparators.  Compare each lane unsigned; only the
+  // lane holding the sign bit of the operation's width cares about signedness, and that is applied
+  // when the lane results are assembled, so the operands never need extending.
   assign sngd = ~LSUFunct7M[5]; // Funct7[5] = 0 for signed amomin/max
-  assign w64 = (LSUFunct3M[1:0] != 2'b11); // compare in the bottom 32 bits for byte, halfword, and word operations
-  assign sngd32 = sngd & (P.XLEN == 32 | w64); // flip sign in lower 32 bits on 32-bit comparisons only
+  assign w64 = (LSUFunct3M[1:0] != 2'b11); // operation is narrower than 64 bits, so sign extend the result
 
-  // Zabha compares byte and halfword operands, so extend them to 32 bits to share the word comparator.
-  // ReadDataM arrives sign-extended, so re-extend both operands from the raw low bits to get the unsigned cases right.
-  always_comb
-    if (P.ZABHA_SUPPORTED & (LSUFunct3M[1:0] == 2'b00)) begin
-      acmp = {{24{sngd & a[7]}}, a[7:0]};
-      bcmp = {{24{sngd & b[7]}}, b[7:0]};
-    end else if (P.ZABHA_SUPPORTED & (LSUFunct3M[1:0] == 2'b01)) begin
-      acmp = {{16{sngd & a[15]}}, a[15:0]};
-      bcmp = {{16{sngd & b[15]}}, b[15:0]};
-    end else begin
-      acmp = a[31:0];
-      bcmp = b[31:0];
-    end
+  comparator #(8)  cmpb0(a[7:0],   b[7:0],   1'b0, {eqB0, ltB0});
+  comparator #(8)  cmpb1(a[15:8],  b[15:8],  1'b0, {eqB1, ltB1});
+  comparator #(16) cmph1(a[31:16], b[31:16], 1'b0, {eqH1, ltH1});
+
+  // A wider unsigned compare is the upper lane's result, or the lower one when the upper lanes tie.
+  // Signed compares differ only when the sign bits disagree, in which case the negative operand is smaller.
+  assign ltu16 = ltB1 | (eqB1 & ltB0);
+  assign ltu32 = ltH1 | (eqH1 & ltu16);
+  assign lt8   = (sngd & (a[7]  ^ b[7]))  ? a[7]  : ltB0;
+  assign lt16  = (sngd & (a[15] ^ b[15])) ? a[15] : ltu16;
+  assign lt32  = (sngd & (a[31] ^ b[31])) ? a[31] : ltu32;
 
-  comparator #(32) cmp32(acmp, bcmp, sngd32, {eq32, lt32});
-  if (P.XLEN == 32) begin
-    assign lt = lt32;
-  end else begin
-    logic equpper, ltupper, lt64;
+  if (P.XLEN == 32) begin : comp
+    assign lt64 = lt32; // RV32 has no doubleword AMOs
+  end else begin : comp
+    logic eqW1, ltW1, ltu64;
 
-    comparator #(32) cmpupper(a[63:32], b[63:32], sngd, {equpper, ltupper});
-    assign lt64 = ltupper | equpper & lt32;
-    assign lt = w64 ? lt32 : lt64;
+    comparator #(32) cmpw1(a[63:32], b[63:32], 1'b0, {eqW1, ltW1});
+    assign ltu64 = ltW1 | (eqW1 & ltu32);
+    assign lt64  = (sngd & (a[63] ^ b[63])) ? a[63] : ltu64;
   end
 
+  // Pick the compare matching the access width
+  always_comb
+    case (LSUFunct3M[1:0])
+      2'b00:   lt = P.ZABHA_SUPPORTED ? lt8  : lt32; // amo*.b
+      2'b01:   lt = P.ZABHA_SUPPORTED ? lt16 : lt32; // amo*.h
+      2'b10:   lt = lt32;                            // amo*.w
+      default: lt = lt64;                            // amo*.d
+    endcase
+
   assign cmp = lt ^ LSUFunct7M[4]; // flip sense of comparison for maximums
 
   // AMO ALU

Finished: 2026-09-19T19:38:26.207944+00:00
Return code: 0
Status: PASS
