Started: 2026-09-19T19:36:54.571769+00:00
Command: bash -o pipefail -c 'ls -la /home/rafay/miniconda3/WallyGuard2/reviews/pr-1892/'

total 140
drwxrwxr-x  5 rafay rafay  4096 Sep 19 15:06 .
drwxrwxr-x  3 rafay rafay  4096 Sep 19 09:28 ..
-rw-rw-r--  1 rafay rafay  2258 Sep 19 15:54 PR-DESCRIPTION.md
-rw-rw-r--  1 rafay rafay  1776 Sep 19 15:54 REVIEW-RESPONSE.md
-rw-rw-r--  1 rafay rafay  3769 Sep 19 15:54 VALIDATION.md
drwxrwxr-x 17 rafay rafay  4096 Sep 19 15:01 baseline
-rw-rw-r--  1 rafay rafay 17444 Sep 19 15:02 build-baseline.log
-rw-rw-r--  1 rafay rafay 46531 Sep 19 15:01 build-fixed.log
drwxrwxr-x 18 rafay rafay  4096 Sep 19 15:04 cvw
-rw-rw-r--  1 rafay rafay  1861 Sep 19 15:54 full-fix.patch
-rw-rw-r--  1 rafay rafay    33 Sep 19 15:02 lint.log
-rw-rw-r--  1 rafay rafay  2106 Sep 19 15:54 pr-update.patch
-rw-rw-r--  1 rafay rafay   286 Sep 19 15:04 python-lint-setup.log
-rwxrwxr-x  1 rafay rafay 17888 Sep 19 15:01 smoke.elf
drwxrwxr-x  4 rafay rafay  4096 Sep 19 15:06 validation

Finished: 2026-09-19T19:36:54.644032+00:00
Return code: 0
Status: PASS
