Started: 2026-09-19T19:41:48.805207+00:00
Command: bash -o pipefail -c 'sed -n '"'"'125,185p'"'"' src/fpu/postproc/round.sv'

      //      |         XLEN          |
      //      |    NF     |1|1|
      //                     ^    ^ if floating point result
      //                     ^ if not an FMA result
      if (XLENPOS == 1)assign NormSticky = (|Mf[P.NORMSHIFTSZ-P.NF-2:P.NORMSHIFTSZ-P.XLEN-1]&FpRes)  |
                                                (|Mf[P.NORMSHIFTSZ-P.XLEN-2:0]);
      //     2: NF > XLEN
      if (XLENPOS == 2)assign NormSticky = (|Mf[P.NORMSHIFTSZ-P.XLEN-2:P.NORMSHIFTSZ-P.NF-1]&IntRes) |
                                                (|Mf[P.NORMSHIFTSZ-P.NF-2:0]);

  end else if (P.FPSIZES == 2) begin
      // XLEN is either 64 or 32
      // so half and single are always smaller then XLEN

      // 1: XLEN > NF   > NF1
      if (XLENPOS == 1) assign NormSticky = (|Mf[P.NORMSHIFTSZ-P.NF1-2:P.NORMSHIFTSZ-P.NF-1]&FpRes&~OutFmt) |
                                                (|Mf[P.NORMSHIFTSZ-P.NF-2:P.NORMSHIFTSZ-P.XLEN-1]&FpRes) |
                                                (|Mf[P.NORMSHIFTSZ-P.XLEN-2:0]);
      // 2: NF   > XLEN > NF1
      if (XLENPOS == 2) assign NormSticky = (|Mf[P.NORMSHIFTSZ-P.NF1-2:P.NORMSHIFTSZ-P.XLEN-1]&FpRes&~OutFmt) |
                                                (|Mf[P.NORMSHIFTSZ-P.XLEN-2:P.NORMSHIFTSZ-P.NF-1]&(IntRes|~OutFmt)) |
                                                (|Mf[P.NORMSHIFTSZ-P.NF-2:0]);
      // 3: NF   > NF1  > XLEN
      if (XLENPOS == 3) assign NormSticky = (|Mf[P.NORMSHIFTSZ-P.XLEN-2:P.NORMSHIFTSZ-P.NF1-1]&IntRes) |
                                                (|Mf[P.NORMSHIFTSZ-P.NF1-2:P.NORMSHIFTSZ-P.NF-1]&(~OutFmt|IntRes)) |
                                                (|Mf[P.NORMSHIFTSZ-P.NF-2:0]);

  end else if (P.FPSIZES == 3) begin
      // 1: XLEN > NF   > NF1
      if (XLENPOS == 1) assign NormSticky = (|Mf[P.NORMSHIFTSZ-P.NF2-2:P.NORMSHIFTSZ-P.NF1-1]&FpRes&(OutFmt==P.FMT2)) |
                                                (|Mf[P.NORMSHIFTSZ-P.NF1-2:P.NORMSHIFTSZ-P.NF-1]&FpRes&~(OutFmt==P.FMT)) |
                                                (|Mf[P.NORMSHIFTSZ-P.NF-2:P.NORMSHIFTSZ-P.XLEN-1]&FpRes) |
                                                (|Mf[P.NORMSHIFTSZ-P.XLEN-2:0]);
      // 2: NF   > XLEN > NF1
      if (XLENPOS == 2) assign NormSticky = (|Mf[P.NORMSHIFTSZ-P.NF2-2:P.NORMSHIFTSZ-P.NF1-1]&FpRes&(OutFmt==P.FMT2)) |
                                                (|Mf[P.NORMSHIFTSZ-P.NF1-2:P.NORMSHIFTSZ-P.XLEN-1]&FpRes&~(OutFmt==P.FMT)) |
                                                (|Mf[P.NORMSHIFTSZ-P.XLEN-2:P.NORMSHIFTSZ-P.NF-1]&(IntRes|~(OutFmt==P.FMT))) |
                                                (|Mf[P.NORMSHIFTSZ-P.NF-2:0]);
      // 3: NF   > NF1  > XLEN
      if (XLENPOS == 3) assign NormSticky = (|Mf[P.NORMSHIFTSZ-P.NF2-2:P.NORMSHIFTSZ-P.XLEN-1]&FpRes&(OutFmt==P.FMT2)) |
                                                (|Mf[P.NORMSHIFTSZ-P.XLEN-2:P.NORMSHIFTSZ-P.NF1-1]&((OutFmt==P.FMT2)|IntRes)) |
                                                (|Mf[P.NORMSHIFTSZ-P.NF1-2:P.NORMSHIFTSZ-P.NF-1]&(~(OutFmt==P.FMT)|IntRes)) |
                                                (|Mf[P.NORMSHIFTSZ-P.NF-2:0]);

  end else if (P.FPSIZES == 4) begin
      // Quad precision will always be greater than XLEN
      // 2: NF   > XLEN > NF1
      if (XLENPOS == 2) assign NormSticky = (|Mf[P.NORMSHIFTSZ-P.H_NF-2:P.NORMSHIFTSZ-P.S_NF-1]&FpRes&(OutFmt==P.H_FMT)) |
                                                (|Mf[P.NORMSHIFTSZ-P.S_NF-2:P.NORMSHIFTSZ-P.D_NF-1]&FpRes&((OutFmt==P.S_FMT)|(OutFmt==P.H_FMT))) |
                                                (|Mf[P.NORMSHIFTSZ-P.D_NF-2:P.NORMSHIFTSZ-P.XLEN-1]&FpRes&~(OutFmt==P.Q_FMT)) |
                                                (|Mf[P.NORMSHIFTSZ-P.XLEN-2:P.NORMSHIFTSZ-P.Q_NF-1]&(~(OutFmt==P.Q_FMT)|IntRes)) |
                                                (|Mf[P.NORMSHIFTSZ-P.Q_NF-2:0]);
      // 3: NF   > NF1  > XLEN
      // The extra XLEN bit will be ored later when calculating the final sticky bit - the ufplus1 not needed for integer
      if (XLENPOS == 3) assign NormSticky = (|Mf[P.NORMSHIFTSZ-P.H_NF-2:P.NORMSHIFTSZ-P.S_NF-1]&FpRes&(OutFmt==P.H_FMT)) |
                                                (|Mf[P.NORMSHIFTSZ-P.S_NF-2:P.NORMSHIFTSZ-P.XLEN-1]&FpRes&((OutFmt==P.S_FMT)|(OutFmt==P.H_FMT))) |
                                                (|Mf[P.NORMSHIFTSZ-P.XLEN-2:P.NORMSHIFTSZ-P.D_NF-1]&((OutFmt==P.S_FMT)|(OutFmt==P.H_FMT)|IntRes)) |
                                                (|Mf[P.NORMSHIFTSZ-P.D_NF-2:P.NORMSHIFTSZ-P.Q_NF-1]&(~(OutFmt==P.Q_FMT)|IntRes)) |
                                                (|Mf[P.NORMSHIFTSZ-P.Q_NF-2:0]);

  end

Finished: 2026-09-19T19:41:48.874213+00:00
Return code: 0
Status: PASS
