Started: 2026-09-19T19:40:42.172143+00:00
Command: bash -o pipefail -c 'sed -n '"'"'370,400p'"'"' src/privileged/csr.sv'

    assign IllegalCSRTrigAccessM = 1'b1;
    assign TriggerHalt = 1'b0;
  end

   // Broadcast appropriate environment configuration based on privilege mode
  assign ENVCFG_STCE =  MENVCFG_REGW[63]; // supervisor timer counter enable
  assign ENVCFG_PBMTE = MENVCFG_REGW[62]; // page-based memory types enable
  assign ENVCFG_ADUE  = MENVCFG_REGW[61]; // Hardware A/D Update enable
  assign ENVCFG_CBE =   (PrivilegeModeW == P.M_MODE) ? 4'b1111 :
                        (PrivilegeModeW == P.S_MODE | !P.S_SUPPORTED) ? MENVCFG_REGW[7:4] :
                                                                       (MENVCFG_REGW[7:4] & SENVCFG_REGW[7:4]);
  // FIOM presently doesn't do anything because Wally fences don't do anything
  assign ENVCFG_FIOM =  (PrivilegeModeW == P.M_MODE) ? 1'b1 :
                        (PrivilegeModeW == P.S_MODE | !P.S_SUPPORTED) ? MENVCFG_REGW[0] :
                                                                       (MENVCFG_REGW[0] & SENVCFG_REGW[0]);

  // merge CSR Reads
  assign CSRReadValM = CSRUReadValM | CSRSReadValM | CSRMReadValM | CSRCReadValM | CSRDReadValM | CSRTrigReadValM;
  flopenrc #(P.XLEN) CSRValWReg(clk, reset, FlushW, ~StallW, CSRReadValM, CSRReadValW);

  // merge illegal accesses: illegal if none of the CSR addresses is legal or privilege is insufficient

  // Debug Mode must be allowed access as though we were in M mode. Otherwise, Abstract Register Command reads
  // cause Illlegal Instruction exceptions.
  assign InsufficientCSRPrivilegeM = ~DebugMode & ((CSRAdrM[9:8] == 2'b11 & PrivilegeModeW != P.M_MODE) |
                                     (CSRAdrM[9:8] == 2'b01 & PrivilegeModeW == P.U_MODE));

  assign IllegalCSRAccessM = ((IllegalCSRCAccessM & IllegalCSRMAccessM &
    IllegalCSRSAccessM & IllegalCSRUAccessM & IllegalCSRDAccessM & IllegalCSRTrigAccessM |
    InsufficientCSRPrivilegeM) & CSRReadM) | IllegalCSRMWriteReadonlyM;
endmodule

Finished: 2026-09-19T19:40:42.231611+00:00
Return code: 0
Status: PASS
