Started: 2026-09-19T19:37:59.767964+00:00
Command: bash -o pipefail -c 'git grep -n -i "TODO\|FIXME\|BUG" src/'

src/cvw.sv:345:  // Debug Specification Variables
src/cvw.sv:346:  logic DEBUG_SUPPORTED;
src/debug/data_reg.sv:9:// Purpose: Test Data Registers in the Debug Transport Module.
src/debug/data_reg.sv:62:  // DTMCS TODO (JACOB): Debug Spec Section 6.1.4
src/debug/data_reg.sv:86:      BYPASS  : tdo = tdo_bypass; // OpenOCD bug: doesn't change to IDCODE before trying to read the IDCODE, then crashes.
src/debug/debug.sv:2:// debug.sv
src/debug/debug.sv:9:// Purpose: The Debug Module (DM)
src/debug/debug.sv:30:module debug import cvw::*; #(parameter cvw_t P) (
src/debug/debug.sv:35:  output logic              DebugNDMReset,
src/debug/debug.sv:36:  output logic              DebugHaltReq,
src/debug/debug.sv:37:  output logic              DebugResumeReq,
src/debug/debug.sv:38:  input  logic              DebugMode,
src/debug/debug.sv:39:  output logic              DebugGPREnable,
src/debug/debug.sv:40:  output logic              DebugCSREnable,
src/debug/debug.sv:41:  output logic              DebugFPREnable,
src/debug/debug.sv:57:  input  logic [P.LLEN-1:0] DebugRegRDATA,
src/debug/debug.sv:58:  output logic [P.LLEN-1:0] DebugRegWDATA,
src/debug/debug.sv:59:  output logic [11:0]       DebugRegAddr,
src/debug/debug.sv:60:  output logic              DebugRegWrite,
src/debug/debug.sv:63:  input  logic              DebugHaveReset,
src/debug/debug.sv:64:  output logic              DebugHaveResetAck,
src/debug/debug.sv:65:  output logic              DebugResetHaltReq
src/debug/debug.sv:242:  logic NextDebugCSREnable;
src/debug/debug.sv:243:  logic NextDebugGPREnable;
src/debug/debug.sv:244:  logic NextDebugFPREnable;
src/debug/debug.sv:316:                         DebugHaveReset, DebugHaveReset,
src/debug/debug.sv:347:      if (DebugHaltReq) begin
src/debug/debug.sv:382:        Data0 <= DebugRegRDATA[31:0];
src/debug/debug.sv:397:          Data1 <= DebugRegRDATA[63:32];
src/debug/debug.sv:442:        if (DMControl[30] & DebugMode) NextResumeReq = RESUMEREQUEST;
src/debug/debug.sv:447:        if (~DebugMode) NextResumeReq = RESUMEWAITCLEAR;
src/debug/debug.sv:472:        if (DMControl[31] & ~DebugMode) NextHaltReq = HALTREQUEST;
src/debug/debug.sv:477:        if (DebugMode) NextHaltReq = WAITFORCLEAR;
src/debug/debug.sv:490:  assign DebugResumeReq = (CurrResumeReq == RESUMEREQUEST);
src/debug/debug.sv:491:  assign DebugHaltReq = (CurrHaltReq == HALTREQUEST) & DMActive;
src/debug/debug.sv:497:  assign DebugHaveResetAck = DMControl[28];
src/debug/debug.sv:498:  assign DebugNDMReset = DMControl[1];
src/debug/debug.sv:511:      DebugResetHaltReq <= 1'b0;
src/debug/debug.sv:513:      DebugResetHaltReq <= 1'b1;
src/debug/debug.sv:518:  assign NDMResetPending = DebugNDMReset;
src/debug/debug.sv:521:  assign AllRunning = ~DebugMode;
src/debug/debug.sv:523:  assign AllHalted  = DebugMode;
src/debug/debug.sv:528:  // Set when resume is accepted; clear when debugger drops ResumeReq.
src/debug/debug.sv:543:        if (DebugResumeReq) next_resack_state = RESACKCLEAR;
src/debug/debug.sv:548:        if (~DebugMode) next_resack_state = RESACKHIGH;
src/debug/debug.sv:553:        if (DebugResumeReq) next_resack_state = RESACKCLEAR;
src/debug/debug.sv:601:  assign DebugRegWrite = Command[16] & StartCommand & DebugMode;
src/debug/debug.sv:605:    assign DebugRegWDATA = AARSize == 3'd2 ? P.LLEN'(Data0) : P.LLEN'({Data1, Data0});
src/debug/debug.sv:607:    assign DebugRegWDATA = Data0;
src/debug/debug.sv:613:      DebugRegAddr <= '0;
src/debug/debug.sv:614:      DebugCSREnable <= 0;
src/debug/debug.sv:615:      DebugFPREnable <= 0;
src/debug/debug.sv:616:      DebugGPREnable <= 0;
src/debug/debug.sv:618:      StartCommand <= DMIVALID & DMIRSPREADY & (DMIADDR == COMMAND) & ~|CMDErr & DMActive & DebugMode;
src/debug/debug.sv:619:      DebugRegAddr <= DMIDATA[11:0];
src/debug/debug.sv:620:      DebugGPREnable <= NextDebugGPREnable & DebugMode;
src/debug/debug.sv:621:      DebugFPREnable <= NextDebugFPREnable & DebugMode;
src/debug/debug.sv:622:      DebugCSREnable <= NextDebugCSREnable & DebugMode;
src/debug/debug.sv:627:  // RISC-V Debug Specification v1.0 Access Register Commands
src/debug/debug.sv:628:  // Decodes abstract register-access commands from the Debug Module
src/debug/debug.sv:638:    NextDebugGPREnable   = 0;
src/debug/debug.sv:639:    NextDebugFPREnable   = 0;
src/debug/debug.sv:640:    NextDebugCSREnable   = 0;
src/debug/debug.sv:647:        //   NextDebugGPREnable = 1;
src/debug/debug.sv:652:          NextDebugGPREnable = 1;
src/debug/debug.sv:659:            NextDebugGPREnable = 1;
src/debug/debug.sv:667:            NextDebugFPREnable = 1;
src/debug/debug.sv:678:            NextDebugCSREnable = 1;
src/debug/debug.sv:684:            NextDebugCSREnable = 1;
src/debug/debug.sv:692:            NextDebugCSREnable = 1;
src/debug/debug.sv:699:            NextDebugCSREnable = 1;
src/debug/debug.sv:706:            NextDebugCSREnable = 1;
src/debug/debug.sv:712:          NextDebugCSREnable = 1;
src/debug/debug.sv:718:            NextDebugCSREnable = 1;
src/debug/debug.sv:729:              NextDebugCSREnable = 1;
src/debug/debug.sv:737:            NextDebugCSREnable = 1;
src/debug/debug.sv:744:            NextDebugCSREnable = 1;
src/debug/debug.sv:751:            NextDebugCSREnable = 1;
src/debug/debug.sv:759:            NextDebugCSREnable = 1;
src/debug/debug.sv:766:            NextDebugCSREnable = 1;
src/debug/debug.sv:774:            NextDebugCSREnable = 1;
src/debug/debug.sv:781:            NextDebugCSREnable = 1;
src/debug/debug.sv:789:            NextDebugCSREnable = 1;
src/debug/debug.sv:796:            NextDebugCSREnable = 1;
src/debug/debug.sv:803:            NextDebugCSREnable = 1;
src/debug/debug.sv:810:            NextDebugCSREnable = 1;
src/debug/debug.sv:814:        // Debug CSRs
src/debug/debug.sv:817:            NextDebugCSREnable = 1;
src/debug/debug.sv:823:            NextDebugCSREnable = 1;
src/debug/debug.sv:838:                       | (NextAARSize == 3'd3 & (P.XLEN == 64 | (NextDebugFPREnable & P.D_SUPPORTED)))
src/debug/debug.sv:839:                       | (NextAARSize == 3'd4 & NextDebugFPREnable & P.Q_SUPPORTED);
src/debug/debug.sv:844:      if (~DebugMode)                    CMDErr = 3'd4;
src/debug/debug.vh:4:// Width of Debug Transport Module instructions inside the instruction
src/debug/debug.vh:8:// ABITS is equal to the width of Addresses inside the Debug Module.
src/debug/debug.vh:30:// Debug Module Interface fields
src/debug/debug.vh:39:// Debug Module Interface fields
src/debug/debug.vh:47:// Currently implemented instructions for the Debug Transport Module.
src/debug/dtm.sv:9:// Purpose: Debug Transport Module
src/debug/dtm.sv:30://`include "debug.vh"
src/debug/dtm.sv:83:  // Debug Module Interface Control
src/debug/dtm.sv:99:  // recommends doing it, but the debug spec and neorv32 seem to
src/debug/dtm.sv:125:  // The JTAG-side of the DTM runs on TCK, while the Debug Module (DM)
src/debug/dtm.sv:171:  // Based on the Debug Module Interface Signals found in Appendix
src/debug/dtm.sv:172:  // A.3 of the v1.0 Debug Specification
src/fpu/fpu.sv:65:  // Debug signals
src/fpu/fpu.sv:66:  input  logic                 DebugMode,
src/fpu/fpu.sv:67:  input  logic                 DebugFPREnable,
src/fpu/fpu.sv:68:  output logic [P.FLEN-1:0]    DebugFRD1D,
src/fpu/fpu.sv:69:  input  logic [P.FLEN-1:0]    DebugRegWDATA,
src/fpu/fpu.sv:70:  input  logic [11:0]          DebugRegAddr,
src/fpu/fpu.sv:71:  input  logic                 DebugRegWrite
src/fpu/fpu.sv:180:  // debug signals
src/fpu/fpu.sv:200:  if (P.DEBUG_SUPPORTED) begin
src/fpu/fpu.sv:201:    mux2 #(5) rfreadaddrmux (InstrD[19:15], DebugRegAddr[4:0], DebugFPREnable, a1);
src/fpu/fpu.sv:202:    mux2 #(5) rfwriteaddrmux (RdW, DebugRegAddr[4:0], DebugFPREnable, Rd);
src/fpu/fpu.sv:203:    mux2 #(P.FLEN) rfwdatamux (FResultW, DebugRegWDATA, DebugFPREnable, Result);
src/fpu/fpu.sv:204:    assign RegWrite = DebugMode & DebugRegWrite & DebugFPREnable | FRegWriteW;
src/fpu/fpu.sv:205:    assign DebugFRD1D = FRD1D;
src/fpu/fpu.sv:207:    assign DebugFRD1D = '0;
src/hazard/hazard.sv:37:  input  logic  DebugMode, DebugResume, DebugHaltFlush, DebugResumeFlush,
src/hazard/hazard.sv:73:  // In Debug Mode, when the DPC register is changed, the Prorgram Counter is set to the new DPC value upon resume.
src/hazard/hazard.sv:76:  //   DebugResume will only go high and flush the contents of the D and E stages when DPC has actually been changed, not just on
src/hazard/hazard.sv:78:  assign FlushDCause = TrapM | RetM | CSRWriteFenceM | BPWrongE | DebugHaltFlush | DebugResumeFlush | DebugResume;
src/hazard/hazard.sv:79:  assign FlushECause = TrapM | RetM | CSRWriteFenceM | (BPWrongE & ~(DivBusyE | FDivBusyE)) | DebugHaltFlush | DebugResumeFlush | DebugResume;
src/hazard/hazard.sv:80:  assign FlushMCause = TrapM | RetM | CSRWriteFenceM | DebugHaltFlush | DebugResumeFlush | DebugResume;
src/hazard/hazard.sv:81:  assign FlushWCause = TrapM & ~WFIInterruptedM | DebugResume;
src/hazard/hazard.sv:94:  assign StallMCause = WFIStallM & ~FlushMCause | DebugMode;
src/hazard/hazard.sv:98:  // DebugMode is added here to halt the processor upon entering DebugMode.
src/ieu/datapath.sv:81:  // Debug abstract register r/w signals
src/ieu/datapath.sv:82:  input  logic              DebugMode,
src/ieu/datapath.sv:83:  input  logic              DebugGPREnable,
src/ieu/datapath.sv:84:  output logic [P.XLEN-1:0] DebugR1D,
src/ieu/datapath.sv:85:  input  logic [P.XLEN-1:0] DebugRegWDATA,
src/ieu/datapath.sv:86:  input  logic [11:0]       DebugRegAddr,
src/ieu/datapath.sv:87:  input  logic              DebugRegWrite
src/ieu/datapath.sv:114:  // Debug mux signals
src/ieu/datapath.sv:119:  // Debug Spec muxing of regfile inputs
src/ieu/datapath.sv:120:  if (P.DEBUG_SUPPORTED) begin
src/ieu/datapath.sv:121:    mux2 #(5) rfreadaddrmux (Rs1D, DebugRegAddr[4:0], DebugGPREnable, Rs1);
src/ieu/datapath.sv:122:    mux2 #(5) rfwriteaddrmux (RdW, DebugRegAddr[4:0], DebugGPREnable, Rd);
src/ieu/datapath.sv:123:    mux2 #(P.XLEN) rfwdatamux (ResultW, DebugRegWDATA, DebugGPREnable, Result);
src/ieu/datapath.sv:124:    assign RegWrite = DebugMode ? DebugRegWrite & DebugGPREnable : RegWriteW;
src/ieu/datapath.sv:125:    // Return regfile read to Debug Module
src/ieu/datapath.sv:126:    assign DebugR1D = R1D;
src/ieu/datapath.sv:132:    assign DebugR1D = '0;
src/ieu/datapath.sv:139:  regfile #(P.XLEN, P.E_SUPPORTED, P.ZACAS_SUPPORTED) regf(clk, reset, RegWrite, RegWrite & AMOCASPairW & ~DebugMode,
src/ieu/extend.sv:36:  localparam [P.XLEN-1:0] undefined = {(P.XLEN){1'bx}}; // could change to 0 after debug
src/ieu/ieu.sv:87:  // Debug abstract register r/w signals
src/ieu/ieu.sv:88:  input  logic              DebugMode,
src/ieu/ieu.sv:89:  input  logic              DebugGPREnable,
src/ieu/ieu.sv:90:  output logic [P.XLEN-1:0] DebugR1D,
src/ieu/ieu.sv:91:  input  logic [P.XLEN-1:0] DebugRegWDATA,
src/ieu/ieu.sv:92:  input  logic [11:0]       DebugRegAddr,
src/ieu/ieu.sv:93:  input  logic              DebugRegWrite
src/ieu/ieu.sv:144:    .DebugMode, .DebugGPREnable, .DebugR1D, .DebugRegWDATA, .DebugRegAddr, .DebugRegWrite);
src/ifu/bpred/localrepairbp.sv:104:  // RT: TODO active research: replace with a small CAM, quantify benefit
src/ifu/bpred/localrepairbp.sv:113:  // RT: TODO active research: replace with small CAM, quantify benefit
src/ifu/ifu.sv:105:  input  logic                 DebugResume,                              //
src/ifu/ifu.sv:106:  input  logic                 DebugUseDPC,
src/ifu/ifu.sv:369:  logic [P.XLEN-1:0] DebugPCNextF;
src/ifu/ifu.sv:373:  if (P.DEBUG_SUPPORTED) begin
src/ifu/ifu.sv:374:    mux2 #(P.XLEN) pcmuxdebug(UnalignedPCNextF, DPC, DebugUseDPC, DebugPCNextF);
src/ifu/ifu.sv:376:    assign DebugPCNextF = UnalignedPCNextF;
src/ifu/ifu.sv:379:  mux2 #(P.XLEN) pcresetmux({DebugPCNextF[P.XLEN-1:1], 1'b0}, P.RESET_VECTOR[P.XLEN-1:0], reset, PCNextF);
src/privileged/csr.sv:100:  // Debug Signals
src/privileged/csr.sv:101:  output logic                     DebugMode,
src/privileged/csr.sv:102:  input  logic                     DebugHaltReq, DebugResumeReq,
src/privileged/csr.sv:103:  input  logic                     DebugCSREnable,
src/privileged/csr.sv:104:  // output logic [P.XLEN-1:0]     DebugCSRRDATA,
src/privileged/csr.sv:105:  input  logic [P.XLEN-1:0]        DebugRegWDATA,
src/privileged/csr.sv:106:  input  logic [11:0]              DebugRegAddr,
src/privileged/csr.sv:107:  input  logic                     DebugRegWrite,
src/privileged/csr.sv:108:  output logic                     DebugResume, DebugHaltFlush, DebugResumeFlush,
src/privileged/csr.sv:109:  output logic                     DebugUseDPC,
src/privileged/csr.sv:111:  output logic                     DebugHaveReset,
src/privileged/csr.sv:112:  input  logic                     DebugHaveResetAck,
src/privileged/csr.sv:113:  input  logic                     DebugResetHaltReq,
src/privileged/csr.sv:115:  output logic                     DebugEBreakM, DebugEBreakS, DebugEBreakU,
src/privileged/csr.sv:118:  output logic                     DebugStepIE,
src/privileged/csr.sv:119:  output logic                     DebugStep,
src/privileged/csr.sv:120:  output logic [1:0]               DebugPrivilegeMode,
src/privileged/csr.sv:121:  output logic                     DebugSetPrivMode
src/privileged/csr.sv:160:  logic                    DebugStopCounters;
src/privileged/csr.sv:219:    CSRRWM =   DebugRegWrite ? DebugRegWDATA : CSRSrcM;
src/privileged/csr.sv:222:    case (DebugRegWrite ? 2'b01 : InstrM[13:12])
src/privileged/csr.sv:234:  assign CSRAdrM = DebugCSREnable ? DebugRegAddr[11:0] : InstrM[31:20];
src/privileged/csr.sv:241:  assign CSRMWriteM = DebugMode ? DebugRegWrite & DebugCSREnable : UngatedCSRMWriteM & InstrValidNotFlushedM;
src/privileged/csr.sv:242:  assign CSRSWriteM = DebugMode ? DebugRegWrite & DebugCSREnable : CSRWriteM & (|PrivilegeModeW) & InstrValidNotFlushedM;
src/privileged/csr.sv:243:  assign CSRUWriteM = DebugMode ? DebugRegWrite & DebugCSREnable : CSRWriteM  & InstrValidNotFlushedM;
src/privileged/csr.sv:244:  assign CSRDWriteM = DebugMode ? DebugRegWrite & DebugCSREnable : CSRWriteM & InstrValidNotFlushedM;
src/privileged/csr.sv:245:  assign CSRTrigWriteM = DebugMode ? DebugRegWrite : CSRWriteM & InstrValidNotFlushedM;
src/privileged/csr.sv:331:    .MTIME_CLINT,  .CSRCReadValM, .IllegalCSRCAccessM, .DebugStopCounters);
src/privileged/csr.sv:333:  if (P.DEBUG_SUPPORTED) begin : debug
src/privileged/csr.sv:334:    csrd #(P) csrd(.clk, .reset, .DebugHaltReq, .DebugResumeReq,
src/privileged/csr.sv:336:      .DebugMode, .NextValidPCE, .PCM, .IllegalCSRDAccessM, .DebugResume, .DebugHaltFlush, .DebugResumeFlush,
src/privileged/csr.sv:337:      .DebugUseDPC, .DPC_REGW(DPC),
src/privileged/csr.sv:338:      .DebugHaveReset, .DebugHaveResetAck, .DebugResetHaltReq, .BreakpointFaultM,
src/privileged/csr.sv:339:      .DebugEBreakM, .DebugEBreakS, .DebugEBreakU,
src/privileged/csr.sv:340:      .IEUAdrM, .PCSrcE, .FlushM, .StallM, .StallW, .DebugStepIE, .DebugStep,
src/privileged/csr.sv:341:      .DebugPrivilegeMode, .DebugSetPrivMode, .DebugStopCounters
src/privileged/csr.sv:344:    assign DebugMode = 1'b0;
src/privileged/csr.sv:347:    assign DebugResume = 1'b0;
src/privileged/csr.sv:348:    assign DebugHaltFlush = 1'b0;
src/privileged/csr.sv:349:    assign DebugResumeFlush = 1'b0;
src/privileged/csr.sv:350:    assign DebugUseDPC = 1'b0;
src/privileged/csr.sv:352:    assign DebugHaveReset = 1'b0;
src/privileged/csr.sv:353:    assign DebugEBreakM = 0;
src/privileged/csr.sv:354:    assign DebugEBreakS = 0;
src/privileged/csr.sv:355:    assign DebugEBreakU = 0;
src/privileged/csr.sv:356:    assign DebugStepIE = 1'b1;
src/privileged/csr.sv:357:    assign DebugStep = 1'b0;
src/privileged/csr.sv:358:    assign DebugPrivilegeMode = 2'b11;
src/privileged/csr.sv:359:    assign DebugSetPrivMode = 1'b0;
src/privileged/csr.sv:360:    assign DebugStopCounters = 1'b0;
src/privileged/csr.sv:366:      .PCM, .InstrValid(InstrValidM), .PrivilegeModeW, .DebugMode,
src/privileged/csr.sv:367:      .DebugResume, .BreakpointFaultM, .TriggerHalt);
src/privileged/csr.sv:392:  // Debug Mode must be allowed access as though we were in M mode. Otherwise, Abstract Register Command reads
src/privileged/csr.sv:394:  assign InsufficientCSRPrivilegeM = ~DebugMode & ((CSRAdrM[9:8] == 2'b11 & PrivilegeModeW != P.M_MODE) |
src/privileged/csrc.sv:62:  input  logic              DebugStopCounters
src/privileged/csrc.sv:151:        assign HPMCOUNTERPlusM[i] = {HPMCOUNTERH_REGW[i], HPMCOUNTER_REGW[i]} + {63'b0, CounterInc[i] & ~DebugStopCounters};
src/privileged/csrc.sv:158:          assign HPMCOUNTERPlusM[i] = HPMCOUNTER_REGW[i] + {63'b0, CounterInc[i] & ~DebugStopCounters};
src/privileged/csrd.sv:9:// Purpose: Debug Control and Status Registers
src/privileged/csrd.sv:35:  input logic               DebugHaltReq, DebugResumeReq,
src/privileged/csrd.sv:44:  output logic              DebugMode,
src/privileged/csrd.sv:47:  output logic              DebugResume, DebugHaltFlush, DebugResumeFlush,
src/privileged/csrd.sv:48:  output logic              DebugUseDPC,
src/privileged/csrd.sv:50:  output logic              DebugHaveReset,
src/privileged/csrd.sv:51:  input logic               DebugHaveResetAck,
src/privileged/csrd.sv:52:  input logic               DebugResetHaltReq,
src/privileged/csrd.sv:54:  output logic              DebugEBreakM,
src/privileged/csrd.sv:55:  output logic              DebugEBreakS,
src/privileged/csrd.sv:56:  output logic              DebugEBreakU,
src/privileged/csrd.sv:62:  output logic              DebugStepIE,
src/privileged/csrd.sv:63:  output logic              DebugStep,
src/privileged/csrd.sv:64:  output logic [1:0]        DebugPrivilegeMode,
src/privileged/csrd.sv:65:  output logic              DebugSetPrivMode,
src/privileged/csrd.sv:66:  output logic              DebugStopCounters
src/privileged/csrd.sv:99:  logic [3:0]               debugver;
src/privileged/csrd.sv:119:  // DebugMode. This can be added later. For now, tying it to 1
src/privileged/csrd.sv:120:  // implies that MPRV takes effect if it is set, thus DebugMode can't
src/privileged/csrd.sv:129:   // debug specification 4.9.1, 0x7b0
src/privileged/csrd.sv:152:  assign DebugEBreakM = ebreakm;
src/privileged/csrd.sv:153:  assign DebugEBreakS = ebreaks;
src/privileged/csrd.sv:154:  assign DebugEBreakU = ebreaku;
src/privileged/csrd.sv:157:  assign debugver = 4'b0100; // version 1.0
src/privileged/csrd.sv:184:    if (CSRDWriteM & DebugMode) begin
src/privileged/csrd.sv:186:    end else if (DebugHaltReq & NextHalt | ebreak) begin
src/privileged/csrd.sv:221:  assign DebugStepIE = stepie;
src/privileged/csrd.sv:222:  assign DebugStep = step;
src/privileged/csrd.sv:223:  assign DebugStopCounters = stopcount & DebugMode;
src/privileged/csrd.sv:226:  assign DebugPrivilegeMode = prv;
src/privileged/csrd.sv:231:    if (DebugMode == 0) begin // Debug Spec p.
src/privileged/csrd.sv:239:            CSRDReadValM = {32'd0, debugver, 1'b0, extcause, 4'd0, cetrig, pelp, ebreakvs, ebreakvu,
src/privileged/csrd.sv:243:            CSRDReadValM = {debugver, 1'b0, extcause, 4'd0, cetrig, pelp, ebreakvs, ebreakvu,
src/privileged/csrd.sv:267:    end else if (DebugHaltReq | DebugResumeReq | Stepping | ebreak | ResetHaltReqEnable) begin // Using the requests as enables
src/privileged/csrd.sv:280:        if (DebugHaltReq & InstrValid & ~StallW) state_n = HALTED;
src/privileged/csrd.sv:282:        else if (step & InstrValid & ~DebugResume & ~StallW) state_n = HALTED;
src/privileged/csrd.sv:287:        if (DebugResumeReq) state_n = RUNNING;
src/privileged/csrd.sv:297:    end else if (step & DebugResumeReq) begin
src/privileged/csrd.sv:308:  assign DebugMode = (state == HALTED);
src/privileged/csrd.sv:311:  assign DebugHaltFlush = NextHalt;
src/privileged/csrd.sv:312:  //assign DebugResumeFlush = (state == HALTED) & (state_n == RUNNING);
src/privileged/csrd.sv:313:  assign DebugUseDPC = DebugHaltFlush | DebugResumeFlush | DebugResume;
src/privileged/csrd.sv:318:      DebugResumeFlush <= 0;
src/privileged/csrd.sv:320:      DebugResumeFlush <= (state == HALTED) & (state_n == RUNNING);
src/privileged/csrd.sv:339:  assign DebugSetPrivMode = PrivModeSet & (state_n == RUNNING & state == HALTED);
src/privileged/csrd.sv:345:  assign ResetHaltReqCondition = DebugResetHaltReq & DebugHaveReset;
src/privileged/csrd.sv:350:  // DebugResume: internal pulse when leaving HALTED.
src/privileged/csrd.sv:356:      DebugResume <= 0;
src/privileged/csrd.sv:358:      DebugResume <= (state == HALTED) & (state_n == RUNNING) & DPCset;
src/privileged/csrd.sv:383:   // See Section 4.9 of Debug Specification 1.0 (Access: R)
src/privileged/csrd.sv:395:    if (DebugHaltReq) begin
src/privileged/csrd.sv:409:  // DebugHaveReset
src/privileged/csrd.sv:414:      DebugHaveReset <= 1'b1;
src/privileged/csrd.sv:415:    end else if (DebugHaveResetAck) begin
src/privileged/csrd.sv:416:      DebugHaveReset <= 1'b0;
src/privileged/csrs.sv:6://          dottolia@hmc.edu 3 May 2021 - fix bug with stvec getting wrong value
src/privileged/csrsr.sv:180:        STATUS_SPP      <= 1'b0; // set SPP to lowest supported privilege level to catch bugs
src/privileged/privdec.sv:46:  input  logic         DebugStep
src/privileged/privdec.sv:51:  logic                wfiMPreDebug;
src/privileged/privdec.sv:82:  assign wfiMPreDebug = PrivilegedM & (InstrM[31:20] == 12'b000100000101) & rs1zeroM;
src/privileged/privdec.sv:83:  assign wfiM =       wfiMPreDebug & ~DebugStep;
src/privileged/privdec.sv:118:  assign BreakpointFaultM = ebreakM; // could have other causes from a debugger
src/privileged/privdec.sv:125:  assign IllegalPrivilegedInstrM = PrivilegedM & ~(sretM|mretM|ecallM|ebreakM|wfiMPreDebug|sfencevmaM);
src/privileged/privileged.sv:46:  input  logic              InstrValidE,                                    // Current valid instruction in Execute stage (needed for debug reset on halt)
src/privileged/privileged.sv:105:  // Debug Mode
src/privileged/privileged.sv:106:  output logic              DebugMode,
src/privileged/privileged.sv:107:  input  logic              DebugHaltReq, DebugResumeReq,
src/privileged/privileged.sv:108:  input  logic              DebugCSREnable,
src/privileged/privileged.sv:109:  input  logic [P.XLEN-1:0] DebugRegWDATA,
src/privileged/privileged.sv:110:  input  logic [11:0]       DebugRegAddr,
src/privileged/privileged.sv:111:  input  logic              DebugRegWrite,
src/privileged/privileged.sv:112:  output logic              DebugResume,
src/privileged/privileged.sv:113:  output logic              DebugHaltFlush,
src/privileged/privileged.sv:114:  output logic              DebugResumeFlush,
src/privileged/privileged.sv:115:  output logic              DebugUseDPC,
src/privileged/privileged.sv:117:  output logic              DebugHaveReset,
src/privileged/privileged.sv:118:  input  logic              DebugHaveResetAck,
src/privileged/privileged.sv:119:  input  logic              DebugResetHaltReq,
src/privileged/privileged.sv:143:  logic                     DebugEBreakM, DebugEBreakS, DebugEBreakU;
src/privileged/privileged.sv:144:  logic                     DebugStepIE;
src/privileged/privileged.sv:145:  logic                     DebugStep;
src/privileged/privileged.sv:146:  logic [1:0]               DebugPrivilegeMode;
src/privileged/privileged.sv:147:  logic                     DebugSetPrivMode;
src/privileged/privileged.sv:153:    .STATUS_MPP, .STATUS_SPP, .DebugPrivilegeMode, .DebugSetPrivMode, .NextPrivilegeModeM, .PrivilegeModeW);
src/privileged/privileged.sv:159:    .EcallFaultM, .BreakpointFaultM, .sretM, .mretM, .RetM, .wfiM, .wfiW, .sfencevmaM, .sfencevmaAllM, .DebugStep);
src/privileged/privileged.sv:178:    .DebugMode, .DebugHaltReq, .DebugResumeReq, .DebugCSREnable, .DebugRegWDATA,
src/privileged/privileged.sv:179:    .DebugRegAddr, .DebugRegWrite, .DebugResume, .DebugHaltFlush, .DebugResumeFlush,
src/privileged/privileged.sv:180:    .DebugUseDPC, .DPC,
src/privileged/privileged.sv:181:    .DebugHaveReset, .DebugHaveResetAck, .DebugResetHaltReq, .BreakpointFaultM,
src/privileged/privileged.sv:182:    .DebugEBreakM, .DebugEBreakS, .DebugEBreakU,
src/privileged/privileged.sv:183:    .IEUAdrM, .PCSrcE, .DebugStepIE, .DebugStep,
src/privileged/privileged.sv:184:    .DebugPrivilegeMode, .DebugSetPrivMode
src/privileged/privileged.sv:201:    .DebugEBreakM, .DebugEBreakS, .DebugEBreakU,
src/privileged/privileged.sv:202:    .DebugMode, .DebugStepIE, .DebugStep);
src/privileged/privmode.sv:38:  input  logic [1:0]       DebugPrivilegeMode,  // Privilege mode from DCSR.prv
src/privileged/privmode.sv:39:  input  logic             DebugSetPrivMode,    // Enable using the Privilege Mode from the DCSR
src/privileged/privmode.sv:52:      else     if (DebugSetPrivMode)   NextPrivilegeModeM = DebugPrivilegeMode;
src/privileged/privmode.sv:56:    flopenl #(2) privmodereg(clk, reset, ~StallW | DebugSetPrivMode, NextPrivilegeModeM, P.M_MODE, PrivilegeModeW);
src/privileged/trap.sv:49:  input  logic                 DebugEBreakM, DebugEBreakS, DebugEBreakU,
src/privileged/trap.sv:50:  input  logic                 DebugMode,
src/privileged/trap.sv:51:  input  logic                 DebugStepIE,
src/privileged/trap.sv:52:  input  logic                 DebugStep
src/privileged/trap.sv:60:  logic                        BreakpointFaultDebugM;
src/privileged/trap.sv:76:  assign InterruptM    = (|ValidIntsM) & InstrValidM & (~wfiM | wfiW) & ~DebugMode & ~(DebugStep & ~DebugStepIE); // suppress interrupt if the memory system has partially processed a request. Delay interrupt until wfi is in the W stage.
src/privileged/trap.sv:89:  assign BreakpointFaultDebugM = ((PrivilegeModeW == P.M_MODE & ~DebugEBreakM)
src/privileged/trap.sv:90:                                 | (PrivilegeModeW == P.S_MODE & ~DebugEBreakS)
src/privileged/trap.sv:91:                                 | (PrivilegeModeW == P.U_MODE & ~DebugEBreakU)) & BreakpointFaultM;
src/privileged/trap.sv:97:                      BreakpointFaultDebugM | EcallFaultM |
src/privileged/trigger.sv:9:// Purpose: Debug Control and Status Registers
src/privileged/trigger.sv:43:  input logic               DebugMode,
src/privileged/trigger.sv:44:  input logic               DebugResume,
src/privileged/trigger.sv:55:    if (DebugMode == 1 | PrivilegeModeW == P.M_MODE) begin
src/rvvi/packetizer.sv:68:(* mark_debug = "true" *)  statetype CurrState, NextState;
src/rvvi/packetizer.sv:71:(* mark_debug = "true" *)   logic [31:0]      FrameCount;
src/rvvi/packetizer.sv:118:  // *** BUG BytesInFrame will eventually depend on the length of the data stored into the ethernet frame
src/rvvi/triggergen.sv:39:(* mark_debug = "true" *)  statetype CurrState, NextState;
src/uncore/spi_controller.sv:87:  // logic       TransmitRegLoaded; // TODO: Could be replaced by TransmitRegLoaded?
src/uncore/uncore.sv:151:  if (P.UART_SUPPORTED == 1) begin : uartgen // Hack to work around Verilator bug https://github.com/verilator/verilator/issues/4769
src/vpu/fpeu/vfma.sv:9:// Documentation: TODO: RISC-V System on Chip Design
src/vpu/fpeu/vfma.sv:53:  // assuming  P.FLEN >= P.D_LEN and P.D_SUPPORT == 1, TODO: add ELEN support
src/vpu/fpeu/vfma.sv:121:  // Postprocess: round to OutFmt, TODO: make work with ELEN, make more compact with lane specific operations
src/vpu/lmulsequencer.sv:74:  assign lmulCntrDone = lmulCntrD == lmulIntD; // *** this is a bug for lmul less than 1
src/vpu/vpu.sv:39:  // TODO ***
src/vpu/vpu.sv:48:  // TODO *** Cannot use decoded control from IEU because the there are overlapping vector instructions?
src/wally/wallypipelinedcore.sv:49:   output logic                  DebugMode,
src/wally/wallypipelinedcore.sv:50:   input  logic                  DebugHaltReq, DebugResumeReq,
src/wally/wallypipelinedcore.sv:51:   input  logic                  DebugGPREnable,
src/wally/wallypipelinedcore.sv:52:   input  logic                  DebugCSREnable,
src/wally/wallypipelinedcore.sv:53:   input  logic                  DebugFPREnable,
src/wally/wallypipelinedcore.sv:54:   output logic [P.LLEN-1:0]     DebugRegRDATA,
src/wally/wallypipelinedcore.sv:55:   input  logic [P.LLEN-1:0]     DebugRegWDATA,
src/wally/wallypipelinedcore.sv:56:   input  logic [11:0]           DebugRegAddr,
src/wally/wallypipelinedcore.sv:57:   input  logic                  DebugRegWrite,
src/wally/wallypipelinedcore.sv:58:   output logic                  DebugHaveReset,
src/wally/wallypipelinedcore.sv:59:   input  logic                  DebugHaveResetAck,
src/wally/wallypipelinedcore.sv:60:   input  logic                  DebugResetHaltReq
src/wally/wallypipelinedcore.sv:200:  // Debug Signals
src/wally/wallypipelinedcore.sv:201:  logic [P.XLEN-1:0]             DebugR1D;
src/wally/wallypipelinedcore.sv:202:  logic [P.FLEN-1:0]             DebugFRD1D;
src/wally/wallypipelinedcore.sv:203:  logic                          DebugResume;
src/wally/wallypipelinedcore.sv:204:  logic                          DebugHaltFlush, DebugResumeFlush;
src/wally/wallypipelinedcore.sv:206:  logic                          DebugUseDPC;
src/wally/wallypipelinedcore.sv:232:    .DebugResume, .DebugUseDPC, .NextValidPCE, .DPC
src/wally/wallypipelinedcore.sv:259:     .DebugMode, .DebugGPREnable,
src/wally/wallypipelinedcore.sv:260:     .DebugR1D, .DebugRegWDATA(DebugRegWDATA[P.XLEN-1:0]), .DebugRegAddr, .DebugRegWrite
src/wally/wallypipelinedcore.sv:328:    .DebugMode, .DebugResume, .DebugHaltFlush, .DebugResumeFlush,
src/wally/wallypipelinedcore.sv:356:      .DebugMode, .DebugHaltReq, .DebugResumeReq, .DebugCSREnable,
src/wally/wallypipelinedcore.sv:357:      .DebugRegWDATA(DebugRegWDATA[P.XLEN-1:0]), .DebugRegAddr, .DebugRegWrite,
src/wally/wallypipelinedcore.sv:358:      .DebugHaltFlush, .DebugResumeFlush, .DebugResume, .DebugUseDPC, .DPC,
src/wally/wallypipelinedcore.sv:359:      .DebugHaveReset, .DebugHaveResetAck, .DebugResetHaltReq,
src/wally/wallypipelinedcore.sv:368:            sfencevmaM, sfencevmaAllM, BigEndianM, wfiM, IntPendingM, DebugMode,
src/wally/wallypipelinedcore.sv:369:            DebugResume, DebugUseDPC, DebugHaltFlush, DebugResumeFlush, DPC, DebugHaveReset} = '0;
src/wally/wallypipelinedcore.sv:409:      .DebugMode,
src/wally/wallypipelinedcore.sv:410:      .DebugFPREnable,
src/wally/wallypipelinedcore.sv:411:      .DebugFRD1D,
src/wally/wallypipelinedcore.sv:412:      .DebugRegWDATA(DebugRegWDATA[P.FLEN-1:0]),
src/wally/wallypipelinedcore.sv:413:      .DebugRegAddr,
src/wally/wallypipelinedcore.sv:414:      .DebugRegWrite
src/wally/wallypipelinedcore.sv:436:  if (P.DEBUG_SUPPORTED) begin
src/wally/wallypipelinedcore.sv:439:      mux3 #(P.LLEN) debugregmux(P.LLEN'(DebugR1D), P.LLEN'(CSRReadValM), P.LLEN'(DebugFRD1D),
src/wally/wallypipelinedcore.sv:440:        {DebugFPREnable, DebugCSREnable}, DebugRegRDATA);
src/wally/wallypipelinedcore.sv:442:      mux2 #(P.LLEN) debugregmux(P.LLEN'(DebugR1D), P.LLEN'(CSRReadValM), DebugCSREnable, DebugRegRDATA);
src/wally/wallypipelinedcore.sv:445:    assign DebugRegRDATA = '0;
src/wally/wallypipelinedsoc.sv:38:  // fpga debug signals
src/wally/wallypipelinedsoc.sv:79:  // Debug signals
src/wally/wallypipelinedsoc.sv:91:  logic                       DebugNDMReset;
src/wally/wallypipelinedsoc.sv:92:  logic                       DebugHaltReq;
src/wally/wallypipelinedsoc.sv:93:  logic                       DebugResumeReq;
src/wally/wallypipelinedsoc.sv:94:  logic                       DebugMode;
src/wally/wallypipelinedsoc.sv:95:  logic                       DebugGPREnable;
src/wally/wallypipelinedsoc.sv:96:  logic                       DebugCSREnable;
src/wally/wallypipelinedsoc.sv:97:  logic                       DebugFPREnable;
src/wally/wallypipelinedsoc.sv:98:  logic [P.LLEN-1:0]          DebugRegRDATA;
src/wally/wallypipelinedsoc.sv:99:  logic [P.LLEN-1:0]          DebugRegWDATA;
src/wally/wallypipelinedsoc.sv:100:  logic [11:0]                DebugRegAddr;
src/wally/wallypipelinedsoc.sv:101:  logic                       DebugRegWrite;
src/wally/wallypipelinedsoc.sv:102:  logic                       DebugHaveReset;
src/wally/wallypipelinedsoc.sv:103:  logic                       DebugHaveResetAck;
src/wally/wallypipelinedsoc.sv:104:  logic                       DebugResetHaltReq;
src/wally/wallypipelinedsoc.sv:111:  wallypipelinedcore #(P) core(.clk, .reset(reset | DebugNDMReset),
src/wally/wallypipelinedsoc.sv:115:    .DebugMode, .DebugHaltReq, .DebugResumeReq, .DebugGPREnable, .DebugCSREnable, .DebugFPREnable,
src/wally/wallypipelinedsoc.sv:116:    .DebugRegRDATA, .DebugRegWDATA, .DebugRegAddr, .DebugRegWrite,
src/wally/wallypipelinedsoc.sv:117:    .DebugHaveReset, .DebugHaveResetAck, .DebugResetHaltReq
src/wally/wallypipelinedsoc.sv:121:  if (P.BUS_SUPPORTED) begin : uncoregen // Hack to work around Verilator bug https://github.com/verilator/verilator/issues/4769
src/wally/wallypipelinedsoc.sv:132:  if (P.DEBUG_SUPPORTED) begin : debug
src/wally/wallypipelinedsoc.sv:137:    debug #(P) debug(.clk, .reset, .DebugNDMReset, .DebugHaltReq, .DebugResumeReq, .DebugMode,
src/wally/wallypipelinedsoc.sv:138:      .DebugGPREnable, .DebugCSREnable, .DebugFPREnable,
src/wally/wallypipelinedsoc.sv:141:      .DebugRegRDATA, .DebugRegWDATA, .DebugRegAddr, .DebugRegWrite,
src/wally/wallypipelinedsoc.sv:142:      .DebugHaveReset, .DebugHaveResetAck, .DebugResetHaltReq);
src/wally/wallypipelinedsoc.sv:145:    assign DebugGPREnable = 0;
src/wally/wallypipelinedsoc.sv:146:    assign DebugCSREnable = 0;
src/wally/wallypipelinedsoc.sv:147:    assign DebugFPREnable = 0;
src/wally/wallypipelinedsoc.sv:148:    assign DebugRegWDATA = '0;
src/wally/wallypipelinedsoc.sv:149:    assign DebugRegAddr = '0;
src/wally/wallypipelinedsoc.sv:150:    assign DebugRegWrite = 0;
src/wally/wallypipelinedsoc.sv:151:    assign DebugHaltReq = 0;
src/wally/wallypipelinedsoc.sv:152:    assign DebugResumeReq = 0;
src/wally/wallypipelinedsoc.sv:153:    assign DebugNDMReset = 0;
src/wally/wallypipelinedsoc.sv:154:    assign DebugHaveResetAck = 0;
src/wally/wallypipelinedsoc.sv:155:    assign DebugResetHaltReq = 0;

Finished: 2026-09-19T19:37:59.951359+00:00
Return code: 0
Status: PASS
