Started: 2026-09-19T19:40:26.261069+00:00
Command: bash -o pipefail -c 'sed -n '"'"'170,210p'"'"' src/privileged/csrs.sv'


  // CSR Reads
  always_comb begin : csrr
    CSRSReadValM = '0;
    IllegalCSRSAccessM = 1'b0;
    case (CSRAdrM)
      SSTATUS:   CSRSReadValM = SSTATUS_REGW;
      STVEC:     CSRSReadValM = STVEC_REGW;
      SIP:       CSRSReadValM = {{(P.XLEN-12){1'b0}}, MIP_REGW & 12'h222 & MIDELEG_REGW}; // only read supervisor fields
      SIE:       CSRSReadValM = {{(P.XLEN-12){1'b0}}, MIE_REGW & 12'h222 & MIDELEG_REGW}; // only read supervisor fields
      SSCRATCH:  CSRSReadValM = SSCRATCH_REGW;
      SEPC:      CSRSReadValM = SEPC_REGW;
      SCAUSE:    CSRSReadValM = SCAUSE_REGW;
      STVAL:     CSRSReadValM = STVAL_REGW;
      SATP:      if (PrivilegeModeW == P.M_MODE | ~STATUS_TVM) CSRSReadValM = SATP_REGW;
                 else IllegalCSRSAccessM = 1'b1;
      SCOUNTEREN:CSRSReadValM = {{(P.XLEN-32){1'b0}}, SCOUNTEREN_REGW};
      SENVCFG:   if (ENVCFGAccessM) CSRSReadValM = SENVCFG_REGW;
                 else IllegalCSRSAccessM = 1'b1;
      SSTATEEN0: if (P.SSSTATEEN_SUPPORTED & SE0AccessM) CSRSReadValM = SSTATEEN0_REGW & {{(P.XLEN-3){1'b0}}, SSTATEEN0_MASK}; // a bit reads as zero once the matching mstateen0 bit is cleared
                 else IllegalCSRSAccessM = 1'b1;
      SSTATEEN1,
      SSTATEEN2,
      SSTATEEN3: if (P.SSSTATEEN_SUPPORTED & (PrivilegeModeW == P.M_MODE)) CSRSReadValM = '0; // read-only zero; mstateen1-3 bit 63 is read-only zero, so supervisor mode cannot access these
                 else IllegalCSRSAccessM = 1'b1;
      STIMECMP:  if (STCE) CSRSReadValM = STIMECMP_REGW[P.XLEN-1:0];
                 else IllegalCSRSAccessM = 1'b1;
      STIMECMPH: if (STCE & P.XLEN == 32) CSRSReadValM = {{(P.XLEN-32){1'b0}}, STIMECMP_REGW[63:32]};
                 else IllegalCSRSAccessM = 1'b1; // not supported for RV64
      default:   IllegalCSRSAccessM = 1'b1;
    endcase
  end
endmodule

Finished: 2026-09-19T19:40:26.324790+00:00
Return code: 0
Status: PASS
