Started: 2026-09-19T19:37:02.120663+00:00
Command: bash -o pipefail -c 'git show 519500de4a750485931090accc8df233a86307f8'

commit 519500de4a750485931090accc8df233a86307f8
Author: Haiqua Ghaffar <haiqua.ghaffar1003@gmail.com>
Date:   Fri Sep 18 16:34:43 2026 +0500

    hptw: retain Misaligned check in LEAF state to prevent spurious A/D write
    
    Fixes the misaligned-superpage sub-case of #1833 (item 4).

diff --git a/src/mmu/hptw.sv b/src/mmu/hptw.sv
index 9de76b91d..681e6df72 100644
--- a/src/mmu/hptw.sv
+++ b/src/mmu/hptw.sv
@@ -277,7 +277,7 @@ module hptw import cvw::*;  #(parameter cvw_t P) (
   if (P.XLEN == 32) begin
     assign InitialWalkerState = L1_ADR;
     assign MegapageMisaligned = |(CurrentPPN[9:0]); // must have zero PPN0
-    assign Misaligned = ((WalkerState == L0_ADR) & MegapageMisaligned);
+    assign Misaligned = (((WalkerState == L0_ADR) | (WalkerState == LEAF & (PageType == 3'b001))) & MegapageMisaligned);
   end else begin
     logic  PetapageMisaligned, GigapageMisaligned, TerapageMisaligned;
     assign InitialWalkerState = (P.SV57_SUPPORTED & SvMode == P.SV57) ? L4_ADR :
@@ -287,10 +287,10 @@ module hptw import cvw::*;  #(parameter cvw_t P) (
     assign TerapageMisaligned = P.SV48_SUPPORTED & |(CurrentPPN[26:0]); // Must have zero PPN2, PPN1, PPN0
     assign GigapageMisaligned =                    |(CurrentPPN[17:0]); // Must have zero PPN1 and PPN0
     assign MegapageMisaligned = |(CurrentPPN[8:0]);  // Must have zero PPN0
-    assign Misaligned = (P.SV57_SUPPORTED & (WalkerState == L3_ADR) & PetapageMisaligned) |
-                        (P.SV48_SUPPORTED & (WalkerState == L2_ADR) & TerapageMisaligned) |
-                                           ((WalkerState == L1_ADR) & GigapageMisaligned) |
-                                           ((WalkerState == L0_ADR) & MegapageMisaligned);
+    assign Misaligned = (P.SV57_SUPPORTED & ((WalkerState == L3_ADR) | (WalkerState == LEAF & (PageType == 3'b100))) & PetapageMisaligned) |
+                        (P.SV48_SUPPORTED & ((WalkerState == L2_ADR) | (WalkerState == LEAF & (PageType == 3'b011))) & TerapageMisaligned) |
+                                           (((WalkerState == L1_ADR) | (WalkerState == LEAF & (PageType == 3'b010))) & GigapageMisaligned) |
+                                           (((WalkerState == L0_ADR) | (WalkerState == LEAF & (PageType == 3'b001))) & MegapageMisaligned);
   end
 
   // Page Table Walker FSM

Finished: 2026-09-19T19:37:02.227488+00:00
Return code: 0
Status: PASS
