Started: 2026-09-19T19:39:59.348387+00:00
Command: bash -o pipefail -c 'git grep -n "PrivilegeMode" src/privileged/'

src/privileged/csr.sv:55:  input  logic [1:0]               NextPrivilegeModeM,        // STATUS bits updated based on next privilege mode
src/privileged/csr.sv:56:  input  logic [1:0]               PrivilegeModeW,            // current privilege mode
src/privileged/csr.sv:120:  output logic [1:0]               DebugPrivilegeMode,
src/privileged/csr.sv:187:  assign SelMtvecM = (NextPrivilegeModeM == P.M_MODE);
src/privileged/csr.sv:240:  assign UngatedCSRMWriteM = CSRWriteM & (PrivilegeModeW == P.M_MODE);
src/privileged/csr.sv:242:  assign CSRSWriteM = DebugMode ? DebugRegWrite & DebugCSREnable : CSRWriteM & (|PrivilegeModeW) & InstrValidNotFlushedM;
src/privileged/csr.sv:246:  assign MTrapM = TrapM & (NextPrivilegeModeM == P.M_MODE);
src/privileged/csr.sv:247:  assign STrapM = TrapM & (NextPrivilegeModeM == P.S_MODE) & P.S_SUPPORTED;
src/privileged/csr.sv:260:    .TrapM, .FRegWriteM, .NextPrivilegeModeM, .PrivilegeModeW,
src/privileged/csr.sv:280:  assign SE0AccessM    = ~P.SMSTATEEN_SUPPORTED | (PrivilegeModeW == P.M_MODE) | MSTATEEN0_REGW[63];
src/privileged/csr.sv:281:  assign ENVCFGAccessM = ~P.SMSTATEEN_SUPPORTED | (PrivilegeModeW == P.M_MODE) | MSTATEEN0_REGW[62];
src/privileged/csr.sv:286:    assign STCE = P.SSTC_SUPPORTED & (PrivilegeModeW == P.M_MODE | (MCOUNTEREN_REGW[1] & ENVCFG_STCE));
src/privileged/csr.sv:291:      .CSRWriteValM, .PrivilegeModeW,
src/privileged/csr.sv:329:    .CSRAdrM, .PrivilegeModeW, .CSRWriteValM,
src/privileged/csr.sv:335:      .CSRDWriteM, .CSRWriteValM, .CSRAdrM, .InstrValid(InstrValidM), .InstrValidE, .CSRDReadValM, .PrivilegeModeW,
src/privileged/csr.sv:341:      .DebugPrivilegeMode, .DebugSetPrivMode, .DebugStopCounters
src/privileged/csr.sv:358:    assign DebugPrivilegeMode = 2'b11;
src/privileged/csr.sv:366:      .PCM, .InstrValid(InstrValidM), .PrivilegeModeW, .DebugMode,
src/privileged/csr.sv:378:  assign ENVCFG_CBE =   (PrivilegeModeW == P.M_MODE) ? 4'b1111 :
src/privileged/csr.sv:379:                        (PrivilegeModeW == P.S_MODE | !P.S_SUPPORTED) ? MENVCFG_REGW[7:4] :
src/privileged/csr.sv:382:  assign ENVCFG_FIOM =  (PrivilegeModeW == P.M_MODE) ? 1'b1 :
src/privileged/csr.sv:383:                        (PrivilegeModeW == P.S_MODE | !P.S_SUPPORTED) ? MENVCFG_REGW[0] :
src/privileged/csr.sv:394:  assign InsufficientCSRPrivilegeM = ~DebugMode & ((CSRAdrM[9:8] == 2'b11 & PrivilegeModeW != P.M_MODE) |
src/privileged/csr.sv:395:                                     (CSRAdrM[9:8] == 2'b01 & PrivilegeModeW == P.U_MODE));
src/privileged/csrc.sv:56:  input  logic [1:0]        PrivilegeModeW,
src/privileged/csrc.sv:183:    if (PrivilegeModeW == P.M_MODE & (CSRAdrM >= MHPMEVENTBASE & CSRAdrM <= MHPMEVENTLAST)) begin
src/privileged/csrc.sv:187:    else if (PrivilegeModeW == P.M_MODE |
src/privileged/csrc.sv:188:      MCOUNTEREN_REGW[CounterNumM] & (!P.S_SUPPORTED | PrivilegeModeW == P.S_MODE | SCOUNTEREN_REGW[CounterNumM])) begin
src/privileged/csrd.sv:42:  input logic [1:0]         PrivilegeModeW,
src/privileged/csrd.sv:64:  output logic [1:0]        DebugPrivilegeMode,
src/privileged/csrd.sv:148:  assign BreakpointM = BreakpointFaultM & ebreakm & PrivilegeModeW == P.M_MODE;
src/privileged/csrd.sv:149:  assign BreakpointS = BreakpointFaultM & ebreaks & PrivilegeModeW == P.S_MODE;
src/privileged/csrd.sv:150:  assign BreakpointU = BreakpointFaultM & ebreaku & PrivilegeModeW == P.U_MODE;
src/privileged/csrd.sv:180:                         {ebreakm, ebreaks, ebreaku, stepie, stopcount, NextCause, step, PrivilegeModeW};
src/privileged/csrd.sv:226:  assign DebugPrivilegeMode = prv;
src/privileged/csrs.sv:40:  input  logic [1:0]        PrivilegeModeW,
src/privileged/csrs.sv:106:    assign WriteSATPM     = CSRSWriteM & (CSRAdrM == SATP) & (PrivilegeModeW == P.M_MODE | ~STATUS_TVM) & LegalSatpModeM;
src/privileged/csrs.sv:108:    assign WriteSATPM     = CSRSWriteM & (CSRAdrM == SATP) & (PrivilegeModeW == P.M_MODE | ~STATUS_TVM);
src/privileged/csrs.sv:184:      SATP:      if (PrivilegeModeW == P.M_MODE | ~STATUS_TVM) CSRSReadValM = SATP_REGW;
src/privileged/csrs.sv:193:      SSTATEEN3: if (P.SSSTATEEN_SUPPORTED & (PrivilegeModeW == P.M_MODE)) CSRSReadValM = '0; // read-only zero; mstateen1-3 bit 63 is read-only zero, so supervisor mode cannot access these
src/privileged/csrsr.sv:35:  input  logic [1:0]        NextPrivilegeModeM, PrivilegeModeW,
src/privileged/csrsr.sv:123:      else if (PrivilegeModeW == P.M_MODE & STATUS_MPRV) EndiannessPrivMode = STATUS_MPP;
src/privileged/csrsr.sv:125:      else                                               EndiannessPrivMode = PrivilegeModeW;
src/privileged/csrsr.sv:160:        // y = PrivilegeModeW
src/privileged/csrsr.sv:161:        // x = NextPrivilegeModeM
src/privileged/csrsr.sv:163:        if (NextPrivilegeModeM == P.M_MODE) begin
src/privileged/csrsr.sv:166:          STATUS_MPP  <= PrivilegeModeW;
src/privileged/csrsr.sv:170:          STATUS_SPP  <= PrivilegeModeW[0];
src/privileged/privdec.sv:38:  input  logic [1:0]   PrivilegeModeW,                      // current privilege level
src/privileged/privdec.sv:77:                      (PrivilegeModeW == P.M_MODE | PrivilegeModeW == P.S_MODE & ~STATUS_TSR);
src/privileged/privdec.sv:78:  assign mretM =      PrivilegedM & (InstrM[31:20] == 12'b001100000010) & rs1zeroM & (PrivilegeModeW == P.M_MODE);
src/privileged/privdec.sv:87:                      ((PrivilegeModeW == P.M_MODE & (vmaM | fenceinvalM)) |
src/privileged/privdec.sv:88:                       (PrivilegeModeW == P.S_MODE & (vmaM & ~STATUS_TVM  | fenceinvalM))); // sfence.w.inval & sfence.inval.ir not affected by TVM
src/privileged/privdec.sv:108:    assign WFITimeoutM = ((STATUS_TW & PrivilegeModeW != P.M_MODE) | (P.S_SUPPORTED & PrivilegeModeW == P.U_MODE)) & WFICount[P.WFI_TIMEOUT_BIT];
src/privileged/privileged.sv:84:  output logic [1:0]        PrivilegeModeW,                                 // current privilege mode
src/privileged/privileged.sv:136:  logic [1:0]               NextPrivilegeModeM;                             // next privilege mode based on trap or return
src/privileged/privileged.sv:146:  logic [1:0]               DebugPrivilegeMode;
src/privileged/privileged.sv:153:    .STATUS_MPP, .STATUS_SPP, .DebugPrivilegeMode, .DebugSetPrivMode, .NextPrivilegeModeM, .PrivilegeModeW);
src/privileged/privileged.sv:158:    .PrivilegeModeW, .STATUS_TSR, .STATUS_TVM, .STATUS_TW, .TrapM, .IllegalInstrFaultM,
src/privileged/privileged.sv:170:    .NextPrivilegeModeM, .PrivilegeModeW, .CauseM, .SelHPTW,
src/privileged/privileged.sv:184:    .DebugPrivilegeMode, .DebugSetPrivMode
src/privileged/privileged.sv:197:    .LoadPageFaultM, .StoreAmoPageFaultM, .PrivilegeModeW,
src/privileged/privmode.sv:38:  input  logic [1:0]       DebugPrivilegeMode,  // Privilege mode from DCSR.prv
src/privileged/privmode.sv:40:  output logic [1:0]       NextPrivilegeModeM,  // next privilege mode, used when updating STATUS CSR on a trap
src/privileged/privmode.sv:41:  output logic [1:0]       PrivilegeModeW       // current privilege mode
src/privileged/privmode.sv:45:    // PrivilegeMode FSM
src/privileged/privmode.sv:48:        if (P.S_SUPPORTED & DelegateM) NextPrivilegeModeM = P.S_MODE;
src/privileged/privmode.sv:49:        else                           NextPrivilegeModeM = P.M_MODE;
src/privileged/privmode.sv:50:      end else if (mretM)              NextPrivilegeModeM = STATUS_MPP;
src/privileged/privmode.sv:51:      else     if (sretM)              NextPrivilegeModeM = {1'b0, STATUS_SPP};
src/privileged/privmode.sv:52:      else     if (DebugSetPrivMode)   NextPrivilegeModeM = DebugPrivilegeMode;
src/privileged/privmode.sv:53:      else                             NextPrivilegeModeM = PrivilegeModeW;
src/privileged/privmode.sv:56:    flopenl #(2) privmodereg(clk, reset, ~StallW | DebugSetPrivMode, NextPrivilegeModeM, P.M_MODE, PrivilegeModeW);
src/privileged/privmode.sv:58:    assign NextPrivilegeModeM = P.M_MODE;
src/privileged/privmode.sv:59:    assign PrivilegeModeW = P.M_MODE;
src/privileged/trap.sv:37:  input  logic [1:0]           PrivilegeModeW,                                  // current privilege mode
src/privileged/trap.sv:69:  assign MIntGlobalEnM = (PrivilegeModeW != P.M_MODE) | STATUS_MIE; // if M ints enabled or lower priv 3.1.9
src/privileged/trap.sv:70:  assign SIntGlobalEnM = (PrivilegeModeW == P.U_MODE) | ((PrivilegeModeW == P.S_MODE) & STATUS_SIE); // if in lower priv mode, or if S ints enabled and not in higher priv mode 3.1.9
src/privileged/trap.sv:79:                     (PrivilegeModeW == P.U_MODE | PrivilegeModeW == P.S_MODE);
src/privileged/trap.sv:89:  assign BreakpointFaultDebugM = ((PrivilegeModeW == P.M_MODE & ~DebugEBreakM)
src/privileged/trap.sv:90:                                 | (PrivilegeModeW == P.S_MODE & ~DebugEBreakS)
src/privileged/trap.sv:91:                                 | (PrivilegeModeW == P.U_MODE & ~DebugEBreakU)) & BreakpointFaultM;
src/privileged/trap.sv:126:    else if (EcallFaultM)                                     CauseM = {3'b010, PrivilegeModeW};
src/privileged/trigger.sv:42:  input logic [1:0]         PrivilegeModeW,
src/privileged/trigger.sv:55:    if (DebugMode == 1 | PrivilegeModeW == P.M_MODE) begin

Finished: 2026-09-19T19:39:59.407817+00:00
Return code: 0
Status: PASS
