Started: 2026-09-19T19:41:33.566955+00:00
Command: bash -o pipefail -c 'git grep -n "BF16" src/ config/'

config/rv32e/config.vh:92:localparam logic ZFBFMIN_SUPPORTED = 0; // BF16 converts, requires F
config/rv32gc/config.vh:92:localparam logic ZFBFMIN_SUPPORTED = 1; // BF16 converts, requires F
config/rv32i/config.vh:92:localparam logic ZFBFMIN_SUPPORTED = 0; // BF16 converts, requires F
config/rv32imc/config.vh:92:localparam logic ZFBFMIN_SUPPORTED = 0; // BF16 converts, requires F
config/rv64gc/config.vh:92:localparam logic ZFBFMIN_SUPPORTED = 1; // BF16 converts, requires F
config/rv64i/config.vh:92:localparam logic ZFBFMIN_SUPPORTED = 0; // BF16 converts, requires F
config/shared/config-shared.vh:69:localparam BF16_NF = 32'd7;   // BF16 shares single's exponent and bias, so only its fraction width is needed
config/shared/parameter-defs.vh:208:  BF16_NF : BF16_NF,
src/cvw.sv:285:  int         BF16_NF;
src/fpu/fctrl.sv:60:  output logic                 Bf16SrcE, Bf16SrcM,                 // Zfbfmin source is BF16 (fcvt.s.bf16)
src/fpu/fctrl.sv:61:  output logic                 Bf16DstE, Bf16DstM,                 // Zfbfmin destination is BF16 (fcvt.bf16.s)
src/fpu/fctrl.sv:363:  // BF16 shares single's exponent field and bias, so both converts run down the single
src/fpu/postproc/cvtshiftcalc.sv:35:  input  logic                     Bf16Dst,            // Zfbfmin: result fraction is BF16's
src/fpu/postproc/cvtshiftcalc.sv:103:  // a BF16 result underflows at its own narrower fraction width
src/fpu/postproc/cvtshiftcalc.sv:105:                    (Bf16Dst ? -($clog2(P.NF)+1)'(P.BF16_NF) : ResNegNF)}))&~XZero&~IntToFp;
src/fpu/postproc/postprocess.sv:61:  input logic                              Bf16Dst,             // Zfbfmin: destination is BF16 (fcvt.bf16.s)
src/fpu/postproc/round.sv:32:  input  logic                     Bf16Dst,            // Zfbfmin: round the fraction to BF16
src/fpu/postproc/round.sv:73:  logic [P.FLEN:0]                 Bf16RoundAdd;       // RoundAdd for a BF16 result
src/fpu/postproc/round.sv:74:  logic                            Bf16Sticky;         // sticky bit for a BF16 result
src/fpu/postproc/round.sv:189:  // BF16 overrides replace the format-generic values at their only use, here and for
src/fpu/postproc/round.sv:191:  // significand bits, plus BF16_NF of denormalization, so the sticky window is that narrow.
src/fpu/postproc/round.sv:192:  localparam BF16STICKYLSB = P.NORMSHIFTSZ - (P.S_NF+1) - P.BF16_NF - 1;
src/fpu/postproc/round.sv:194:    assign Bf16Sticky  = |Mf[P.NORMSHIFTSZ-P.BF16_NF-2:BF16STICKYLSB];
src/fpu/postproc/round.sv:195:    assign Bf16RoundAdd = {(P.NE+1+P.BF16_NF)'(0), FpPlus1, (P.NF-P.BF16_NF)'(0)};
src/fpu/postproc/round.sv:264:  assign Guard  = CvtToInt ? Mf[P.NORMSHIFTSZ-P.XLEN-1] : Bf16Dst ? Mf[P.NORMSHIFTSZ-P.BF16_NF-1] : FpGuard;
src/fpu/postproc/round.sv:265:  assign LsbRes = CvtToInt ? Mf[P.NORMSHIFTSZ-P.XLEN]   : Bf16Dst ? Mf[P.NORMSHIFTSZ-P.BF16_NF]   : FpLsbRes;
src/fpu/postproc/round.sv:266:  assign Round  = CvtToInt ? Mf[P.NORMSHIFTSZ-P.XLEN-2] : Bf16Dst ? Mf[P.NORMSHIFTSZ-P.BF16_NF-2] : FpRound;
src/fpu/postproc/specialcase.sv:36:  input  logic                 Bf16Dst,          // Zfbfmin: result is BF16 (fcvt.bf16.s)
src/fpu/postproc/specialcase.sv:73:  logic [P.FLEN-1:0]   Bf16UfRes;  // underflowed result for a BF16 destination
src/fpu/postproc/specialcase.sv:74:  logic [P.FLEN-1:0]   PostProcResPreBox; // result in single precision form, before BF16 reboxing
src/fpu/postproc/specialcase.sv:88:  // would drop, so place it at the BF16 LSB instead
src/fpu/postproc/specialcase.sv:378:  // BF16 shares single's exponent field and the fraction was rounded to BF16 precision, so a BF16
src/fpu/unpack.sv:35:  input  logic                    Bf16Src,              // Zfbfmin: X holds a BF16 value (fcvt.s.bf16)
src/fpu/unpack.sv:51:  logic [P.FLEN-1:0] XIn;                               // X, with a BF16 source widened to single
src/fpu/unpack.sv:53:  // A BF16 value is bit-identical to the top half of a single, so widening it lets the single
src/vpu/fpeu/vfma.sv:127:    .Bf16Dst(1'b0), // vector FMA does not perform scalar BF16 conversions

Finished: 2026-09-19T19:41:33.625507+00:00
Return code: 0
Status: PASS
