Started: 2026-09-19T19:39:39.955531+00:00
Command: bash -o pipefail -c 'sed -n '"'"'301,330p'"'"' src/ieu/controller.sv'

                      ControlsD = `CTRLW'b0_001_01_01_000_0_0_0_0_0_0_0_0_0_00_0_1; // fsw - only legal if FP supported
      7'b0101111: if (AFunctD) begin
                    if (P.ZALRSC_SUPPORTED & A3264FunctD & InstrD[31:27] == 5'b00010 & Rs2D == 5'b0)
                      ControlsD = `CTRLW'b1_000_00_10_001_0_0_0_0_0_0_0_0_0_01_0_0; // lr
                    else if (P.ZALRSC_SUPPORTED & A3264FunctD & InstrD[31:27] == 5'b00011)
                      ControlsD = `CTRLW'b1_101_01_01_100_0_0_0_0_0_0_0_0_0_01_0_0; // sc
                    else if ((P.ZAAMO_SUPPORTED & AMOFunctD) | CASFunctD)
                      ControlsD = `CTRLW'b1_101_01_11_001_0_0_0_0_0_0_0_0_0_10_0_0; // amo, amocas
                 end
      7'b0110011: if (RFunctD)
                      ControlsD = `CTRLW'b1_000_00_00_000_0_1_0_0_0_0_0_0_0_00_0_0; // R-type
                  else if (MFunctD)
                      ControlsD = `CTRLW'b1_000_00_00_011_0_0_0_0_0_0_0_0_1_00_0_0; // Multiply/Divide
      7'b0110111:     ControlsD = `CTRLW'b1_100_01_00_000_0_0_0_1_0_0_0_0_0_00_0_0; // lui
      7'b0111011: if (RWFunctD)
                      ControlsD = `CTRLW'b1_000_00_00_000_0_1_0_0_1_0_0_0_0_00_0_0; // R-type W instructions for RV64i
                  else if (MWFunctD)
                      ControlsD = `CTRLW'b1_000_00_00_011_0_0_0_0_1_0_0_0_1_00_0_0; // W-type Multiply/Divide
      7'b1100011: if (BFunctD)
                      ControlsD = `CTRLW'b0_010_11_00_000_1_0_0_0_0_0_0_0_0_00_0_0; // branches
      7'b1100111: if (JRFunctD)
                      ControlsD = `CTRLW'b1_000_01_00_000_0_0_1_1_0_0_0_0_0_00_0_0; // jalr
      7'b1101111:     ControlsD = `CTRLW'b1_011_11_00_000_0_0_1_1_0_0_0_0_0_00_0_0; // jal
      7'b1110011: if (P.ZIMOP_SUPPORTED & MOPFunctD)
                      ControlsD = `CTRLW'b1_101_00_00_000_0_0_0_1_0_0_0_0_0_00_0_0; // mop.r.n, mop.rr.n write zero to rd
                  else if (P.ZICSR_SUPPORTED) begin
                   if (PFunctD)
                      ControlsD = `CTRLW'b0_000_00_00_000_0_0_0_0_0_0_1_0_0_00_0_0; // privileged; decoded further in privdec modules
                   else if (CSRFunctD)
                      ControlsD = `CTRLW'b1_000_00_00_010_0_0_0_0_0_1_0_0_0_00_0_0; // csrs

Finished: 2026-09-19T19:39:40.023859+00:00
Return code: 0
Status: PASS
