Started: 2026-09-19T19:37:55.771134+00:00
Command: bash -o pipefail -c 'sed -n '"'"'150,190p'"'"' src/privileged/csrc.sv'

      if (P.XLEN==32) begin // write high and low separately
        assign HPMCOUNTERPlusM[i] = {HPMCOUNTERH_REGW[i], HPMCOUNTER_REGW[i]} + {63'b0, CounterInc[i] & ~DebugStopCounters};
        assign WriteHPMCOUNTERHM[i] = CSRMWriteM & (CSRAdrM == MHPMCOUNTERHBASE + i);
        assign NextHPMCOUNTERHM[i] = WriteHPMCOUNTERHM[i] ? CSRWriteValM : HPMCOUNTERPlusM[i][63:32];
        always_ff @(posedge clk)
            if (reset) HPMCOUNTERH_REGW[i][P.XLEN-1:0] <= '0;
            else       HPMCOUNTERH_REGW[i][P.XLEN-1:0] <= NextHPMCOUNTERHM[i];
      end else begin // XLEN=64; write entire register
          assign HPMCOUNTERPlusM[i] = HPMCOUNTER_REGW[i] + {63'b0, CounterInc[i] & ~DebugStopCounters};
          assign HPMCOUNTERH_REGW[i] = '0; // disregard for RV64
      end
  end

  // hpmevent update and write logic
  if (P.COUNTERS > 3) begin : mhpmeventgen
    for (i = 3; i < P.COUNTERS; i = i+1) begin : mhpmevent
      assign WriteMHPMEVENTM[i] = CSRMWriteM & (CSRAdrM == MHPMEVENTBASE + i - 3);
      assign NextMHPMEVENTM[i] = WriteMHPMEVENTM[i] ? CSRWriteValM : MHPMEVENT_REGW[i];
      always_ff @(posedge clk)
        if (reset) MHPMEVENT_REGW[i] <= '0;
        else       MHPMEVENT_REGW[i] <= NextMHPMEVENTM[i];
    end
  end else begin : mhpmeventgen // no hpmevents exist; drive the placeholder element HPMEVENTTOP reserves
    assign WriteMHPMEVENTM = '0;
    assign NextMHPMEVENTM[3] = '0;
    assign MHPMEVENT_REGW[3] = '0;
  end

  // Read Counters, or cause exception if insufficient privilege in light of COUNTEREN flags
  assign CounterNumM = CSRAdrM[4:0]; // which counter to read?
  always_comb begin
    CSRCReadValM = '0; // default value
    IllegalCSRCAccessM = 1'b0;
    if (PrivilegeModeW == P.M_MODE & (CSRAdrM >= MHPMEVENTBASE & CSRAdrM <= MHPMEVENTLAST)) begin
        if (CSRAdrM < MHPMEVENTBASE+P.COUNTERS-3) CSRCReadValM = MHPMEVENT_REGW[CounterNumM];
        else CSRCReadValM ='0; // unused event selectors are read-only zero
      end
    else if (PrivilegeModeW == P.M_MODE |
      MCOUNTEREN_REGW[CounterNumM] & (!P.S_SUPPORTED | PrivilegeModeW == P.S_MODE | SCOUNTEREN_REGW[CounterNumM])) begin
        // The branch conditions below guarantee CounterNumM < P.COUNTERS before it indexes the
        // counter arrays, but Verilator sizes the index from the array bound, so it warns whenever

Finished: 2026-09-19T19:37:55.828816+00:00
Return code: 0
Status: PASS
