Started: 2026-09-19T19:39:32.895460+00:00
Command: bash -o pipefail -c 'sed -n '"'"'210,230p'"'"' src/ieu/controller.sv'

                              (Funct3D == 3'b100 & P.Q_SUPPORTED) | (Funct3D == 3'b001 & P.ZFH_SUPPORTED));
    assign FenceFunctD      = (Funct3D == 3'b000) | (P.ZIFENCEI_SUPPORTED & Funct3D == 3'b001);
    assign CMOFunctD        = (Funct3D == 3'b010 & RdD == 5'b0) &
                              ((P.ZICBOZ_SUPPORTED & (InstrD[31:20] == 12'd4) & ENVCFG_CBE[3]) |
                               (P.ZICBOM_SUPPORTED & (((InstrD[31:20] == 12'd0) & (ENVCFG_CBE[1:0] == 2'b01 | ENVCFG_CBE[1:0] == 2'b11)) |
                                                      ((InstrD[31:20] == 12'd1 | InstrD[31:20] == 12'd2) & ENVCFG_CBE[2]))));
    // amocas is funct5 00101.  Word and doubleword always exist; byte and halfword need Zabha.
    // Whichever size is 2*XLEN (doubleword on RV32, quadword on RV64) names an even register pair,
    // so odd rd or rs2 is reserved there.  On RV64 the doubleword size is an ordinary single register.
    assign CASPairSizeD     = P.ZACAS_SUPPORTED & (Funct3D == (P.XLEN == 64 ? 3'b100 : 3'b011));
    assign CASFunctD        = P.ZACAS_SUPPORTED & (InstrD[31:27] == 5'b00101) &
                              ((Funct3D == 3'b010) |                                          // word
                               ((Funct3D == 3'b011) & (P.XLEN == 64)) |                       // doubleword on RV64
                               (P.ZABHA_SUPPORTED & ((Funct3D == 3'b000) | (Funct3D == 3'b001))) | // byte, halfword
                               (CASPairSizeD & ~RdD[0] & ~Rs2D[0]));                          // the 2*XLEN pair form
    assign A3264FunctD      = (Funct3D == 3'b010) | (P.XLEN == 64 & Funct3D == 3'b011);
    // Zabha adds byte and halfword AMOs, but not byte and halfword lr/sc
    assign AFunctD          = CASFunctD | A3264FunctD | (P.ZABHA_SUPPORTED & (Funct3D == 3'b000 | Funct3D == 3'b001));
    assign AMOFunctD        = (InstrD[31:27] == 5'b00001) |
                              (InstrD[31:27] == 5'b00000) |
                              (InstrD[31:27] == 5'b00100) |

Finished: 2026-09-19T19:39:32.961900+00:00
Return code: 0
Status: PASS
