Started: 2026-09-19T19:41:22.802993+00:00
Command: bash -o pipefail -c 'git log -p -n 1 src/fpu/postproc/round.sv'

commit e7e6ea22b49cd07b2297bffaa79889124483b874
Author: WallyGuard <wallyguard@localhost>
Date:   Sat Sep 19 19:34:58 2026 +0000

    Initial local cvw snapshot for shared workspace

diff --git a/src/fpu/postproc/round.sv b/src/fpu/postproc/round.sv
index 4c41a3b86..36924b922 100644
--- a/src/fpu/postproc/round.sv
+++ b/src/fpu/postproc/round.sv
@@ -29,7 +29,7 @@
 
 module round import cvw::*;  #(parameter cvw_t P) (
   input  logic [P.FMTBITS-1:0]     OutFmt,             // output format
-  input  logic                     Bf16Dst,            // Zfbfmin: round the fraction to BF16 instead of single
+  input  logic                     Bf16Dst,            // Zfbfmin: round the fraction to BF16
   input  logic [2:0]               Frm,                // rounding mode
   input  logic [1:0]               PostProcSel,        // select the postprocessor output
   input  logic                     Ms,                 // normalized sign
@@ -61,18 +61,17 @@ module round import cvw::*;  #(parameter cvw_t P) (
 
   logic                            UfCalcPlus1;        // calculated plus one for unbounded exponent
   logic                            NormSticky;         // normalized sum's sticky bit
-  logic                            NormStickyFmt;      // sticky bit for the formats in OutFmt
   logic [P.NF-1:0]                 RoundFrac;          // rounded fraction
   logic                            FpRes;              // is the result a floating point
   logic                            IntRes;             // is the result an integer
   logic                            FpGuard, FpRound;   // floating point round/guard bits
-  logic                            FpGuardFmt, FpRoundFmt, FpLsbResFmt; // the same bits for the formats in OutFmt
   logic                            FpLsbRes;           // least significant bit of floating point result
   logic                            LsbRes;             // lsb of result
   logic                            CalcPlus1;          // calculated plus1
   logic                            FpPlus1;            // do you add one to the fp result
   logic [P.FLEN:0]                 RoundAdd;           // how much to add to the result
-  logic [P.FLEN:0]                 RoundAddFmt;        // RoundAdd for the formats in OutFmt
+  logic [P.FLEN:0]                 Bf16RoundAdd;       // RoundAdd for a BF16 result
+  logic                            Bf16Sticky;         // sticky bit for a BF16 result
   logic                            CvtToInt;           // Convert to integer operation
 
 // what position is XLEN in?
@@ -119,10 +118,6 @@ module round import cvw::*;  #(parameter cvw_t P) (
   assign FpRes  = ~IntRes;
   assign CvtToInt = ToInt; // under current encodings, CvtOp always is 1 when ToInt is selected, so leave it out
 
-  // BF16 is narrower than every supported format, so its guard, round and sticky sit above
-  // the ones the format-generic logic below computes
-  assign NormSticky = Bf16Dst ? |Mf[P.NORMSHIFTSZ-P.BF16_NF-2:0] : NormStickyFmt;
-
   // sticky bit calculation
   if (P.FPSIZES == 1) begin
 
@@ -131,10 +126,10 @@ module round import cvw::*;  #(parameter cvw_t P) (
       //      |    NF     |1|1|
       //                     ^    ^ if floating point result
       //                     ^ if not an FMA result
-      if (XLENPOS == 1)assign NormStickyFmt = (|Mf[P.NORMSHIFTSZ-P.NF-2:P.NORMSHIFTSZ-P.XLEN-1]&FpRes)  |
+      if (XLENPOS == 1)assign NormSticky = (|Mf[P.NORMSHIFTSZ-P.NF-2:P.NORMSHIFTSZ-P.XLEN-1]&FpRes)  |
                                                 (|Mf[P.NORMSHIFTSZ-P.XLEN-2:0]);
       //     2: NF > XLEN
-      if (XLENPOS == 2)assign NormStickyFmt = (|Mf[P.NORMSHIFTSZ-P.XLEN-2:P.NORMSHIFTSZ-P.NF-1]&IntRes) |
+      if (XLENPOS == 2)assign NormSticky = (|Mf[P.NORMSHIFTSZ-P.XLEN-2:P.NORMSHIFTSZ-P.NF-1]&IntRes) |
                                                 (|Mf[P.NORMSHIFTSZ-P.NF-2:0]);
 
   end else if (P.FPSIZES == 2) begin
@@ -142,31 +137,31 @@ module round import cvw::*;  #(parameter cvw_t P) (
       // so half and single are always smaller then XLEN
 
       // 1: XLEN > NF   > NF1
-      if (XLENPOS == 1) assign NormStickyFmt = (|Mf[P.NORMSHIFTSZ-P.NF1-2:P.NORMSHIFTSZ-P.NF-1]&FpRes&~OutFmt) |
+      if (XLENPOS == 1) assign NormSticky = (|Mf[P.NORMSHIFTSZ-P.NF1-2:P.NORMSHIFTSZ-P.NF-1]&FpRes&~OutFmt) |
                                                 (|Mf[P.NORMSHIFTSZ-P.NF-2:P.NORMSHIFTSZ-P.XLEN-1]&FpRes) |
                                                 (|Mf[P.NORMSHIFTSZ-P.XLEN-2:0]);
       // 2: NF   > XLEN > NF1
-      if (XLENPOS == 2) assign NormStickyFmt = (|Mf[P.NORMSHIFTSZ-P.NF1-2:P.NORMSHIFTSZ-P.XLEN-1]&FpRes&~OutFmt) |
+      if (XLENPOS == 2) assign NormSticky = (|Mf[P.NORMSHIFTSZ-P.NF1-2:P.NORMSHIFTSZ-P.XLEN-1]&FpRes&~OutFmt) |
                                                 (|Mf[P.NORMSHIFTSZ-P.XLEN-2:P.NORMSHIFTSZ-P.NF-1]&(IntRes|~OutFmt)) |
                                                 (|Mf[P.NORMSHIFTSZ-P.NF-2:0]);
       // 3: NF   > NF1  > XLEN
-      if (XLENPOS == 3) assign NormStickyFmt = (|Mf[P.NORMSHIFTSZ-P.XLEN-2:P.NORMSHIFTSZ-P.NF1-1]&IntRes) |
+      if (XLENPOS == 3) assign NormSticky = (|Mf[P.NORMSHIFTSZ-P.XLEN-2:P.NORMSHIFTSZ-P.NF1-1]&IntRes) |
                                                 (|Mf[P.NORMSHIFTSZ-P.NF1-2:P.NORMSHIFTSZ-P.NF-1]&(~OutFmt|IntRes)) |
                                                 (|Mf[P.NORMSHIFTSZ-P.NF-2:0]);
 
   end else if (P.FPSIZES == 3) begin
       // 1: XLEN > NF   > NF1
-      if (XLENPOS == 1) assign NormStickyFmt = (|Mf[P.NORMSHIFTSZ-P.NF2-2:P.NORMSHIFTSZ-P.NF1-1]&FpRes&(OutFmt==P.FMT2)) |
+      if (XLENPOS == 1) assign NormSticky = (|Mf[P.NORMSHIFTSZ-P.NF2-2:P.NORMSHIFTSZ-P.NF1-1]&FpRes&(OutFmt==P.FMT2)) |
                                                 (|Mf[P.NORMSHIFTSZ-P.NF1-2:P.NORMSHIFTSZ-P.NF-1]&FpRes&~(OutFmt==P.FMT)) |
                                                 (|Mf[P.NORMSHIFTSZ-P.NF-2:P.NORMSHIFTSZ-P.XLEN-1]&FpRes) |
                                                 (|Mf[P.NORMSHIFTSZ-P.XLEN-2:0]);
       // 2: NF   > XLEN > NF1
-      if (XLENPOS == 2) assign NormStickyFmt = (|Mf[P.NORMSHIFTSZ-P.NF2-2:P.NORMSHIFTSZ-P.NF1-1]&FpRes&(OutFmt==P.FMT2)) |
+      if (XLENPOS == 2) assign NormSticky = (|Mf[P.NORMSHIFTSZ-P.NF2-2:P.NORMSHIFTSZ-P.NF1-1]&FpRes&(OutFmt==P.FMT2)) |
                                                 (|Mf[P.NORMSHIFTSZ-P.NF1-2:P.NORMSHIFTSZ-P.XLEN-1]&FpRes&~(OutFmt==P.FMT)) |
                                                 (|Mf[P.NORMSHIFTSZ-P.XLEN-2:P.NORMSHIFTSZ-P.NF-1]&(IntRes|~(OutFmt==P.FMT))) |
                                                 (|Mf[P.NORMSHIFTSZ-P.NF-2:0]);
       // 3: NF   > NF1  > XLEN
-      if (XLENPOS == 3) assign NormStickyFmt = (|Mf[P.NORMSHIFTSZ-P.NF2-2:P.NORMSHIFTSZ-P.XLEN-1]&FpRes&(OutFmt==P.FMT2)) |
+      if (XLENPOS == 3) assign NormSticky = (|Mf[P.NORMSHIFTSZ-P.NF2-2:P.NORMSHIFTSZ-P.XLEN-1]&FpRes&(OutFmt==P.FMT2)) |
                                                 (|Mf[P.NORMSHIFTSZ-P.XLEN-2:P.NORMSHIFTSZ-P.NF1-1]&((OutFmt==P.FMT2)|IntRes)) |
                                                 (|Mf[P.NORMSHIFTSZ-P.NF1-2:P.NORMSHIFTSZ-P.NF-1]&(~(OutFmt==P.FMT)|IntRes)) |
                                                 (|Mf[P.NORMSHIFTSZ-P.NF-2:0]);
@@ -174,14 +169,14 @@ module round import cvw::*;  #(parameter cvw_t P) (
   end else if (P.FPSIZES == 4) begin
       // Quad precision will always be greater than XLEN
       // 2: NF   > XLEN > NF1
-      if (XLENPOS == 2) assign NormStickyFmt = (|Mf[P.NORMSHIFTSZ-P.H_NF-2:P.NORMSHIFTSZ-P.S_NF-1]&FpRes&(OutFmt==P.H_FMT)) |
+      if (XLENPOS == 2) assign NormSticky = (|Mf[P.NORMSHIFTSZ-P.H_NF-2:P.NORMSHIFTSZ-P.S_NF-1]&FpRes&(OutFmt==P.H_FMT)) |
                                                 (|Mf[P.NORMSHIFTSZ-P.S_NF-2:P.NORMSHIFTSZ-P.D_NF-1]&FpRes&((OutFmt==P.S_FMT)|(OutFmt==P.H_FMT))) |
                                                 (|Mf[P.NORMSHIFTSZ-P.D_NF-2:P.NORMSHIFTSZ-P.XLEN-1]&FpRes&~(OutFmt==P.Q_FMT)) |
                                                 (|Mf[P.NORMSHIFTSZ-P.XLEN-2:P.NORMSHIFTSZ-P.Q_NF-1]&(~(OutFmt==P.Q_FMT)|IntRes)) |
                                                 (|Mf[P.NORMSHIFTSZ-P.Q_NF-2:0]);
       // 3: NF   > NF1  > XLEN
       // The extra XLEN bit will be ored later when calculating the final sticky bit - the ufplus1 not needed for integer
-      if (XLENPOS == 3) assign NormStickyFmt = (|Mf[P.NORMSHIFTSZ-P.H_NF-2:P.NORMSHIFTSZ-P.S_NF-1]&FpRes&(OutFmt==P.H_FMT)) |
+      if (XLENPOS == 3) assign NormSticky = (|Mf[P.NORMSHIFTSZ-P.H_NF-2:P.NORMSHIFTSZ-P.S_NF-1]&FpRes&(OutFmt==P.H_FMT)) |
                                                 (|Mf[P.NORMSHIFTSZ-P.S_NF-2:P.NORMSHIFTSZ-P.XLEN-1]&FpRes&((OutFmt==P.S_FMT)|(OutFmt==P.H_FMT))) |
                                                 (|Mf[P.NORMSHIFTSZ-P.XLEN-2:P.NORMSHIFTSZ-P.D_NF-1]&((OutFmt==P.S_FMT)|(OutFmt==P.H_FMT)|IntRes)) |
                                                 (|Mf[P.NORMSHIFTSZ-P.D_NF-2:P.NORMSHIFTSZ-P.Q_NF-1]&(~(OutFmt==P.Q_FMT)|IntRes)) |
@@ -191,77 +186,84 @@ module round import cvw::*;  #(parameter cvw_t P) (
 
   // only add the Addend sticky if doing an FMA operation
   //      - the shifter shifts too far left when there's an underflow (shifting out all possible sticky bits)
-  assign Sticky = FmaASticky&FmaOp | NormSticky | CvtResUf&CvtOp | FmaMe[P.NE+1]&FmaOp | DivSticky&DivOp;
-
-  assign FpGuard  = Bf16Dst ? Mf[P.NORMSHIFTSZ-P.BF16_NF-1] : FpGuardFmt;
-  assign FpLsbRes = Bf16Dst ? Mf[P.NORMSHIFTSZ-P.BF16_NF]   : FpLsbResFmt;
-  assign FpRound  = Bf16Dst ? Mf[P.NORMSHIFTSZ-P.BF16_NF-2] : FpRoundFmt;
+  // BF16 overrides replace the format-generic values at their only use, here and for
+  // Guard/LsbRes/Round and RoundAdd below.  A single source reaches Mf with at most S_NF+1
+  // significand bits, plus BF16_NF of denormalization, so the sticky window is that narrow.
+  localparam BF16STICKYLSB = P.NORMSHIFTSZ - (P.S_NF+1) - P.BF16_NF - 1;
+  if (P.ZFBFMIN_SUPPORTED) begin : bf16round
+    assign Bf16Sticky  = |Mf[P.NORMSHIFTSZ-P.BF16_NF-2:BF16STICKYLSB];
+    assign Bf16RoundAdd = {(P.NE+1+P.BF16_NF)'(0), FpPlus1, (P.NF-P.BF16_NF)'(0)};
+  end else begin
+    assign Bf16Sticky   = 1'b0;
+    assign Bf16RoundAdd = '0;
+  end
+  assign Sticky = FmaASticky&FmaOp | (Bf16Dst ? Bf16Sticky : NormSticky) | CvtResUf&CvtOp | FmaMe[P.NE+1]&FmaOp | DivSticky&DivOp;
 
   // determine round and LSB of the rounded value
   //      - underflow round bit is used to determint the underflow flag
   if (P.FPSIZES == 1) begin
-      assign FpGuardFmt  = Mf[P.NORMSHIFTSZ-P.NF-1];
-      assign FpLsbResFmt = Mf[P.NORMSHIFTSZ-P.NF];
-      assign FpRoundFmt  = Mf[P.NORMSHIFTSZ-P.NF-2];
+      assign FpGuard  = Mf[P.NORMSHIFTSZ-P.NF-1];
+      assign FpLsbRes = Mf[P.NORMSHIFTSZ-P.NF];
+      assign FpRound  = Mf[P.NORMSHIFTSZ-P.NF-2];
 
   end else if (P.FPSIZES == 2) begin
-      assign FpGuardFmt  = OutFmt ? Mf[P.NORMSHIFTSZ-P.NF-1] : Mf[P.NORMSHIFTSZ-P.NF1-1];
-      assign FpLsbResFmt = OutFmt ? Mf[P.NORMSHIFTSZ-P.NF] : Mf[P.NORMSHIFTSZ-P.NF1];
-      assign FpRoundFmt  = OutFmt ? Mf[P.NORMSHIFTSZ-P.NF-2] : Mf[P.NORMSHIFTSZ-P.NF1-2];
+      assign FpGuard  = OutFmt ? Mf[P.NORMSHIFTSZ-P.NF-1] : Mf[P.NORMSHIFTSZ-P.NF1-1];
+      assign FpLsbRes = OutFmt ? Mf[P.NORMSHIFTSZ-P.NF] : Mf[P.NORMSHIFTSZ-P.NF1];
+      assign FpRound  = OutFmt ? Mf[P.NORMSHIFTSZ-P.NF-2] : Mf[P.NORMSHIFTSZ-P.NF1-2];
 
   end else if (P.FPSIZES == 3) begin
       always_comb
           case (OutFmt)
               P.FMT: begin
-                  FpGuardFmt  = Mf[P.NORMSHIFTSZ-P.NF-1];
-                  FpLsbResFmt = Mf[P.NORMSHIFTSZ-P.NF];
-                  FpRoundFmt  = Mf[P.NORMSHIFTSZ-P.NF-2];
+                  FpGuard  = Mf[P.NORMSHIFTSZ-P.NF-1];
+                  FpLsbRes = Mf[P.NORMSHIFTSZ-P.NF];
+                  FpRound  = Mf[P.NORMSHIFTSZ-P.NF-2];
               end
               P.FMT1: begin
-                  FpGuardFmt  = Mf[P.NORMSHIFTSZ-P.NF1-1];
-                  FpLsbResFmt = Mf[P.NORMSHIFTSZ-P.NF1];
-                  FpRoundFmt  = Mf[P.NORMSHIFTSZ-P.NF1-2];
+                  FpGuard  = Mf[P.NORMSHIFTSZ-P.NF1-1];
+                  FpLsbRes = Mf[P.NORMSHIFTSZ-P.NF1];
+                  FpRound  = Mf[P.NORMSHIFTSZ-P.NF1-2];
               end
               P.FMT2: begin
-                  FpGuardFmt  = Mf[P.NORMSHIFTSZ-P.NF2-1];
-                  FpLsbResFmt = Mf[P.NORMSHIFTSZ-P.NF2];
-                  FpRoundFmt  = Mf[P.NORMSHIFTSZ-P.NF2-2];
+                  FpGuard  = Mf[P.NORMSHIFTSZ-P.NF2-1];
+                  FpLsbRes = Mf[P.NORMSHIFTSZ-P.NF2];
+                  FpRound  = Mf[P.NORMSHIFTSZ-P.NF2-2];
               end
               default: begin
-                  FpGuardFmt  = 1'bx;
-                  FpLsbResFmt = 1'bx;
-                  FpRoundFmt  = 1'bx;
+                  FpGuard  = 1'bx;
+                  FpLsbRes = 1'bx;
+                  FpRound  = 1'bx;
               end
           endcase
   end else if (P.FPSIZES == 4) begin
       always_comb
           case (OutFmt)
               2'h3: begin
-                  FpGuardFmt  = Mf[P.NORMSHIFTSZ-P.Q_NF-1];
-                  FpLsbResFmt = Mf[P.NORMSHIFTSZ-P.Q_NF];
-                  FpRoundFmt  = Mf[P.NORMSHIFTSZ-P.Q_NF-2];
+                  FpGuard  = Mf[P.NORMSHIFTSZ-P.Q_NF-1];
+                  FpLsbRes = Mf[P.NORMSHIFTSZ-P.Q_NF];
+                  FpRound  = Mf[P.NORMSHIFTSZ-P.Q_NF-2];
               end
               2'h1: begin
-                  FpGuardFmt  = Mf[P.NORMSHIFTSZ-P.D_NF-1];
-                  FpLsbResFmt = Mf[P.NORMSHIFTSZ-P.D_NF];
-                  FpRoundFmt  = Mf[P.NORMSHIFTSZ-P.D_NF-2];
+                  FpGuard  = Mf[P.NORMSHIFTSZ-P.D_NF-1];
+                  FpLsbRes = Mf[P.NORMSHIFTSZ-P.D_NF];
+                  FpRound  = Mf[P.NORMSHIFTSZ-P.D_NF-2];
               end
               2'h0: begin
-                  FpGuardFmt  = Mf[P.NORMSHIFTSZ-P.S_NF-1];
-                  FpLsbResFmt = Mf[P.NORMSHIFTSZ-P.S_NF];
-                  FpRoundFmt  = Mf[P.NORMSHIFTSZ-P.S_NF-2];
+                  FpGuard  = Mf[P.NORMSHIFTSZ-P.S_NF-1];
+                  FpLsbRes = Mf[P.NORMSHIFTSZ-P.S_NF];
+                  FpRound  = Mf[P.NORMSHIFTSZ-P.S_NF-2];
               end
               2'h2: begin
-                  FpGuardFmt  = Mf[P.NORMSHIFTSZ-P.H_NF-1];
-                  FpLsbResFmt = Mf[P.NORMSHIFTSZ-P.H_NF];
-                  FpRoundFmt  = Mf[P.NORMSHIFTSZ-P.H_NF-2];
+                  FpGuard  = Mf[P.NORMSHIFTSZ-P.H_NF-1];
+                  FpLsbRes = Mf[P.NORMSHIFTSZ-P.H_NF];
+                  FpRound  = Mf[P.NORMSHIFTSZ-P.H_NF-2];
               end
           endcase
   end
 
-  assign Guard  = CvtToInt ? Mf[P.NORMSHIFTSZ-P.XLEN-1] : FpGuard;
-  assign LsbRes = CvtToInt ? Mf[P.NORMSHIFTSZ-P.XLEN] : FpLsbRes;
-  assign Round  = CvtToInt ? Mf[P.NORMSHIFTSZ-P.XLEN-2] : FpRound;
+  assign Guard  = CvtToInt ? Mf[P.NORMSHIFTSZ-P.XLEN-1] : Bf16Dst ? Mf[P.NORMSHIFTSZ-P.BF16_NF-1] : FpGuard;
+  assign LsbRes = CvtToInt ? Mf[P.NORMSHIFTSZ-P.XLEN]   : Bf16Dst ? Mf[P.NORMSHIFTSZ-P.BF16_NF]   : FpLsbRes;
+  assign Round  = CvtToInt ? Mf[P.NORMSHIFTSZ-P.XLEN-2] : Bf16Dst ? Mf[P.NORMSHIFTSZ-P.BF16_NF-2] : FpRound;
 
   always_comb begin
       // Determine if you add 1
@@ -291,23 +293,21 @@ module round import cvw::*;  #(parameter cvw_t P) (
   assign UfPlus1 = UfCalcPlus1 & (Sticky|Round);
 
   // place Plus1 into the proper position for the format
-  assign RoundAdd = Bf16Dst ? {(P.NE+1+P.BF16_NF)'(0), FpPlus1, (P.NF-P.BF16_NF)'(0)} : RoundAddFmt;
-
   if (P.FPSIZES == 1) begin
-      assign RoundAddFmt = {{P.FLEN{1'b0}}, FpPlus1};
+      assign RoundAdd = {{P.FLEN{1'b0}}, FpPlus1};
 
   end else if (P.FPSIZES == 2) begin
       // \/FLEN+1
       //  | NE+2 |        NF      |
       //  '-NE+2-^----NF1----^
       // P.FLEN+1-P.NE-2-P.NF1 = FLEN-1-NE-NF1
-      assign RoundAddFmt = {(P.NE+1+P.NF1)'(0), FpPlus1&~OutFmt, (P.NF-P.NF1-1)'(0), FpPlus1&OutFmt};
+      assign RoundAdd = {(P.NE+1+P.NF1)'(0), FpPlus1&~OutFmt, (P.NF-P.NF1-1)'(0), FpPlus1&OutFmt};
 
   end else if (P.FPSIZES == 3) begin
-      assign RoundAddFmt = {(P.NE+1+P.NF2)'(0), FpPlus1&(OutFmt==P.FMT2), (P.NF1-P.NF2-1)'(0), FpPlus1&(OutFmt==P.FMT1), (P.NF-P.NF1-1)'(0), FpPlus1&(OutFmt==P.FMT)};
+      assign RoundAdd = {(P.NE+1+P.NF2)'(0), FpPlus1&(OutFmt==P.FMT2), (P.NF1-P.NF2-1)'(0), FpPlus1&(OutFmt==P.FMT1), (P.NF-P.NF1-1)'(0), FpPlus1&(OutFmt==P.FMT)};
 
   end else if (P.FPSIZES == 4)
-      assign RoundAddFmt = {(P.Q_NE+1+P.H_NF)'(0), FpPlus1&(OutFmt==P.H_FMT), (P.S_NF-P.H_NF-1)'(0), FpPlus1&(OutFmt==P.S_FMT), (P.D_NF-P.S_NF-1)'(0), FpPlus1&(OutFmt==P.D_FMT), (P.Q_NF-P.D_NF-1)'(0), FpPlus1&(OutFmt==P.Q_FMT)};
+      assign RoundAdd = {(P.Q_NE+1+P.H_NF)'(0), FpPlus1&(OutFmt==P.H_FMT), (P.S_NF-P.H_NF-1)'(0), FpPlus1&(OutFmt==P.S_FMT), (P.D_NF-P.S_NF-1)'(0), FpPlus1&(OutFmt==P.D_FMT), (P.Q_NF-P.D_NF-1)'(0), FpPlus1&(OutFmt==P.Q_FMT)};
 
   // trim unneeded bits from fraction
   assign RoundFrac = Mf[P.NORMSHIFTSZ-1:P.NORMSHIFTSZ-P.NF];
@@ -326,7 +326,7 @@ module round import cvw::*;  #(parameter cvw_t P) (
 
   // round the result
   //      - if the fraction overflows one should be added to the exponent
-  assign {FullRe, Rf} = {Me, RoundFrac} + RoundAdd;
+  assign {FullRe, Rf} = {Me, RoundFrac} + (Bf16Dst ? Bf16RoundAdd : RoundAdd);
   assign Re           = FullRe[P.NE-1:0];
 
 endmodule

Finished: 2026-09-19T19:41:22.859855+00:00
Return code: 0
Status: PASS
