Started: 2026-09-20T06:06:47.249585+00:00
Command: bash -o pipefail -c 'ls -lt /home/rafay/miniconda3/WallyGuard2/runs | head -n 15'

total 364
drwxrwxr-x 5 rafay rafay  4096 Sep 20 06:05 20260920T060451Z-2f08c6e0
drwxrwxr-x 6 rafay rafay  4096 Sep 20 06:04 20260920T041307Z-f2caada9
drwxrwxr-x 5 rafay rafay  4096 Sep 20 02:08 20260920T020736Z-5677afa3
drwxrwxr-x 6 rafay rafay  4096 Sep 20 02:07 20260920T002030Z-7cc4bf4c
drwxrwxr-x 6 rafay rafay  4096 Sep 20 00:20 20260919T230158Z-efd6e12a
drwxrwxr-x 6 rafay rafay  4096 Sep 19 23:01 20260919T193248Z-eb60e108
drwxrwxr-x 2 rafay rafay  4096 Sep 19 19:29 20260919T192923Z-ddc093c6
drwxrwxr-x 4 rafay rafay  4096 Sep 18 11:27 20260918T112729Z-18187e7b
drwxrwxr-x 6 rafay rafay  4096 Sep 18 11:27 20260918T105234Z-b204db37
drwxrwxr-x 6 rafay rafay  4096 Sep 18 10:52 20260918T093837Z-048280be
drwxrwxr-x 2 rafay rafay  4096 Sep 18 09:37 20260918T093757Z-34cad790
drwxrwxr-x 2 rafay rafay  4096 Sep 17 14:52 20260917T145256Z-fd3a8b5a
drwxrwxr-x 7 rafay rafay  4096 Sep 17 14:52 20260917T123710Z-9bc09998
drwxrwxr-x 7 rafay rafay  4096 Sep 17 12:37 20260917T092313Z-c02efcac

Finished: 2026-09-20T06:06:47.319205+00:00
Return code: 0
Status: PASS
