Started: 2026-09-20T06:08:26.633577+00:00
Command: bash -o pipefail -c 'ls -la /home/rafay/miniconda3/WallyGuard2/runs/20260920T041307Z-f2caada9'

total 104
drwxrwxr-x  6 rafay rafay  4096 Sep 20 06:04 .
drwxrwxr-x 71 rafay rafay  4096 Sep 20 06:04 ..
-rw-rw-r--  1 rafay rafay  1686 Sep 20 06:04 README.md
-rw-rw-r--  1 rafay rafay 48686 Sep 20 06:04 attempt.json
drwxrwxr-x  2 rafay rafay  4096 Sep 20 06:03 build
-rwxrwxr-x  1 rafay rafay  1134 Sep 20 05:55 build_reproducer.sh
drwxrwxr-x  9 rafay rafay  4096 Sep 20 06:04 controller
-rw-------  1 rafay rafay  1314 Sep 20 06:04 events.jsonl
-rw-rw-r--  1 rafay rafay   273 Sep 20 05:55 explore.sh
drwxrwxr-x  4 rafay rafay 12288 Sep 20 06:04 logs
-rw-rw-r--  1 rafay rafay     0 Sep 20 06:04 proposed.patch
-rw-rw-r--  1 rafay rafay  2024 Sep 20 06:03 reproducer.json
-rwxrwxr-x  1 rafay rafay   830 Sep 20 05:56 run_tests.sh
drwxrwxr-x  2 rafay rafay  4096 Sep 20 04:15 tests

Finished: 2026-09-20T06:08:26.701480+00:00
Return code: 0
Status: PASS
