Started: 2026-09-20T06:07:22.712976+00:00
Command: bash -o pipefail -c 'grep -i "reason" /home/rafay/miniconda3/WallyGuard2/runs/*/attempt.json'

/home/rafay/miniconda3/WallyGuard2/runs/20260913T192411Z-04477c6a/attempt.json:    "reason": "Full regression disabled by operator"
/home/rafay/miniconda3/WallyGuard2/runs/20260913T192411Z-04477c6a/attempt.json:        "reason": "Full regression disabled by operator"
/home/rafay/miniconda3/WallyGuard2/runs/20260913T232549Z-e916d288/attempt.json:    "reason": "Full regression disabled by operator"
/home/rafay/miniconda3/WallyGuard2/runs/20260913T232549Z-e916d288/attempt.json:        "reason": "Full regression disabled by operator"
/home/rafay/miniconda3/WallyGuard2/runs/20260914T004119Z-9aa7d80b/attempt.json:    "reason": "Full regression disabled by operator"
/home/rafay/miniconda3/WallyGuard2/runs/20260914T004119Z-9aa7d80b/attempt.json:        "reason": "Full regression disabled by operator"
/home/rafay/miniconda3/WallyGuard2/runs/20260914T022548Z-012b567a/attempt.json:    "reason": "Full regression disabled by operator"
/home/rafay/miniconda3/WallyGuard2/runs/20260914T034549Z-6bf0ee02/attempt.json:        "reason": "Baseline reproducer failed to execute correctly",
/home/rafay/miniconda3/WallyGuard2/runs/20260914T034549Z-6bf0ee02/attempt.json:        "reason": "Baseline reproducer failed to execute correctly",
/home/rafay/miniconda3/WallyGuard2/runs/20260914T034549Z-6bf0ee02/attempt.json:        "reason": "Baseline reproducer failed to execute correctly",
/home/rafay/miniconda3/WallyGuard2/runs/20260916T152458Z-7ae13216/attempt.json:    "reason": "Full regression disabled by operator"
/home/rafay/miniconda3/WallyGuard2/runs/20260916T152458Z-7ae13216/attempt.json:        "reason": "Full regression disabled by operator"
/home/rafay/miniconda3/WallyGuard2/runs/20260916T170128Z-3da417b7/attempt.json:        "reason": "Baseline reproducer failed to execute correctly",
/home/rafay/miniconda3/WallyGuard2/runs/20260916T170128Z-3da417b7/attempt.json:        "reason": "Critic requested a test repair",
/home/rafay/miniconda3/WallyGuard2/runs/20260916T220033Z-4d992f70/attempt.json:        "reason": "Critic changed original inputs; Tester must revalidate corrections",
/home/rafay/miniconda3/WallyGuard2/runs/20260916T220033Z-4d992f70/attempt.json:    "reason": "Full regression disabled by operator"
/home/rafay/miniconda3/WallyGuard2/runs/20260916T220033Z-4d992f70/attempt.json:        "reason": "Full regression disabled by operator"
/home/rafay/miniconda3/WallyGuard2/runs/20260916T233536Z-105acd8f/attempt.json:    "reason": "Full regression disabled by operator"
/home/rafay/miniconda3/WallyGuard2/runs/20260916T233536Z-105acd8f/attempt.json:        "reason": "Full regression disabled by operator"
/home/rafay/miniconda3/WallyGuard2/runs/20260917T024036Z-1b59815d/attempt.json:        "reason": "Baseline reproducer failed to execute correctly",
/home/rafay/miniconda3/WallyGuard2/runs/20260917T052633Z-c34886a4/attempt.json:    "reason": "Full regression disabled by operator"
/home/rafay/miniconda3/WallyGuard2/runs/20260917T070839Z-0dba4dbf/attempt.json:    "reason": "Full regression disabled by operator"
/home/rafay/miniconda3/WallyGuard2/runs/20260917T092313Z-c02efcac/attempt.json:    "reason": "Full regression disabled by operator"
/home/rafay/miniconda3/WallyGuard2/runs/20260917T123710Z-9bc09998/attempt.json:    "reason": "Full regression disabled by operator"
/home/rafay/miniconda3/WallyGuard2/runs/20260917T123710Z-9bc09998/attempt.json:        "reason": "Full regression disabled by operator"
/home/rafay/miniconda3/WallyGuard2/runs/20260918T093837Z-048280be/attempt.json:        "reason": "Shell control flow/redirection is forbidden at the verifier boundary",
/home/rafay/miniconda3/WallyGuard2/runs/20260918T093837Z-048280be/attempt.json:        "reason": "Baseline reproducer failed to execute correctly",
/home/rafay/miniconda3/WallyGuard2/runs/20260918T093837Z-048280be/attempt.json:          "reason": "Shell control flow/redirection is forbidden at the verifier boundary",
/home/rafay/miniconda3/WallyGuard2/runs/20260918T093837Z-048280be/attempt.json:        "reason": "Trap handler symbols missing from metadata: ['mtvec_handler']",
/home/rafay/miniconda3/WallyGuard2/runs/20260918T093837Z-048280be/attempt.json:        "reason": "Baseline reproducer failed to execute correctly",
/home/rafay/miniconda3/WallyGuard2/runs/20260918T093837Z-048280be/attempt.json:          "reason": "Trap handler symbols missing from metadata: ['mtvec_handler']",
/home/rafay/miniconda3/WallyGuard2/runs/20260918T093837Z-048280be/attempt.json:        "reason": "DUT command must directly execute this checkout bin/wsim",
/home/rafay/miniconda3/WallyGuard2/runs/20260918T093837Z-048280be/attempt.json:        "reason": "Baseline reproducer failed to execute correctly",
/home/rafay/miniconda3/WallyGuard2/runs/20260918T093837Z-048280be/attempt.json:          "reason": "DUT command must directly execute this checkout bin/wsim",
/home/rafay/miniconda3/WallyGuard2/runs/20260918T093837Z-048280be/attempt.json:    "reason": "DUT command must directly execute this checkout bin/wsim",
/home/rafay/miniconda3/WallyGuard2/runs/20260918T105234Z-b204db37/attempt.json:        "reason": "Trap-vector test requires trap_vectors entries with built ELF and handler symbol",
/home/rafay/miniconda3/WallyGuard2/runs/20260918T105234Z-b204db37/attempt.json:        "reason": "Baseline reproducer failed to execute correctly",
/home/rafay/miniconda3/WallyGuard2/runs/20260918T105234Z-b204db37/attempt.json:          "reason": "Trap-vector test requires trap_vectors entries with built ELF and handler symbol",
/home/rafay/miniconda3/WallyGuard2/runs/20260918T105234Z-b204db37/attempt.json:        "reason": "Trap-vector test requires trap_vectors entries with built ELF and handler symbol",
/home/rafay/miniconda3/WallyGuard2/runs/20260918T105234Z-b204db37/attempt.json:        "reason": "Baseline reproducer failed to execute correctly",
/home/rafay/miniconda3/WallyGuard2/runs/20260918T105234Z-b204db37/attempt.json:          "reason": "Trap-vector test requires trap_vectors entries with built ELF and handler symbol",
/home/rafay/miniconda3/WallyGuard2/runs/20260918T105234Z-b204db37/attempt.json:        "reason": "Trap-vector test requires trap_vectors entries with built ELF and handler symbol",
/home/rafay/miniconda3/WallyGuard2/runs/20260918T105234Z-b204db37/attempt.json:        "reason": "Baseline reproducer failed to execute correctly",
/home/rafay/miniconda3/WallyGuard2/runs/20260918T105234Z-b204db37/attempt.json:          "reason": "Trap-vector test requires trap_vectors entries with built ELF and handler symbol",
/home/rafay/miniconda3/WallyGuard2/runs/20260918T105234Z-b204db37/attempt.json:    "reason": "Trap-vector test requires trap_vectors entries with built ELF and handler symbol",
/home/rafay/miniconda3/WallyGuard2/runs/20260919T193248Z-eb60e108/attempt.json:        "reason": "Positive/control test failed",
/home/rafay/miniconda3/WallyGuard2/runs/20260919T193248Z-eb60e108/attempt.json:          "reason": "Python host command deadline expired",
/home/rafay/miniconda3/WallyGuard2/runs/20260919T193248Z-eb60e108/attempt.json:        "reason": "Baseline reproducer failed to execute correctly",
/home/rafay/miniconda3/WallyGuard2/runs/20260919T193248Z-eb60e108/attempt.json:          "reason": "Positive/control test failed",
/home/rafay/miniconda3/WallyGuard2/runs/20260919T193248Z-eb60e108/attempt.json:            "reason": "Python host command deadline expired",
/home/rafay/miniconda3/WallyGuard2/runs/20260919T193248Z-eb60e108/attempt.json:        "reason": "build: Shell control flow/redirection is forbidden at the verifier boundary",
/home/rafay/miniconda3/WallyGuard2/runs/20260919T193248Z-eb60e108/attempt.json:        "reason": "Baseline reproducer failed to execute correctly",
/home/rafay/miniconda3/WallyGuard2/runs/20260919T193248Z-eb60e108/attempt.json:          "reason": "build: Shell control flow/redirection is forbidden at the verifier boundary",
/home/rafay/miniconda3/WallyGuard2/runs/20260919T193248Z-eb60e108/attempt.json:        "reason": "build: Shell control flow/redirection is forbidden at the verifier boundary",
/home/rafay/miniconda3/WallyGuard2/runs/20260919T193248Z-eb60e108/attempt.json:        "reason": "Baseline reproducer failed to execute correctly",
/home/rafay/miniconda3/WallyGuard2/runs/20260919T193248Z-eb60e108/attempt.json:          "reason": "build: Shell control flow/redirection is forbidden at the verifier boundary",
/home/rafay/miniconda3/WallyGuard2/runs/20260919T193248Z-eb60e108/attempt.json:    "reason": "build: Shell control flow/redirection is forbidden at the verifier boundary",
/home/rafay/miniconda3/WallyGuard2/runs/20260919T230158Z-efd6e12a/attempt.json:        "reason": "build: Shell control flow/redirection is forbidden at the verifier boundary",
/home/rafay/miniconda3/WallyGuard2/runs/20260919T230158Z-efd6e12a/attempt.json:        "reason": "Baseline reproducer failed to execute correctly",
/home/rafay/miniconda3/WallyGuard2/runs/20260919T230158Z-efd6e12a/attempt.json:          "reason": "build: Shell control flow/redirection is forbidden at the verifier boundary",
/home/rafay/miniconda3/WallyGuard2/runs/20260919T230158Z-efd6e12a/attempt.json:        "reason": "Positive/control test failed",
/home/rafay/miniconda3/WallyGuard2/runs/20260919T230158Z-efd6e12a/attempt.json:          "reason": "Python host command deadline expired",
/home/rafay/miniconda3/WallyGuard2/runs/20260919T230158Z-efd6e12a/attempt.json:        "reason": "Baseline reproducer failed to execute correctly",
/home/rafay/miniconda3/WallyGuard2/runs/20260919T230158Z-efd6e12a/attempt.json:          "reason": "Positive/control test failed",
/home/rafay/miniconda3/WallyGuard2/runs/20260919T230158Z-efd6e12a/attempt.json:            "reason": "Python host command deadline expired",
/home/rafay/miniconda3/WallyGuard2/runs/20260919T230158Z-efd6e12a/attempt.json:        "reason": "build: Shell control flow/redirection is forbidden at the verifier boundary; control: 'oracle_signature'; test: 'oracle_signature'",
/home/rafay/miniconda3/WallyGuard2/runs/20260919T230158Z-efd6e12a/attempt.json:        "reason": "Baseline reproducer failed to execute correctly",
/home/rafay/miniconda3/WallyGuard2/runs/20260919T230158Z-efd6e12a/attempt.json:          "reason": "build: Shell control flow/redirection is forbidden at the verifier boundary; control: 'oracle_signature'; test: 'oracle_signature'",
/home/rafay/miniconda3/WallyGuard2/runs/20260919T230158Z-efd6e12a/attempt.json:    "reason": "build: Shell control flow/redirection is forbidden at the verifier boundary; control: 'oracle_signature'; test: 'oracle_signature'",
/home/rafay/miniconda3/WallyGuard2/runs/20260920T002030Z-7cc4bf4c/attempt.json:        "reason": "Positive/control test failed",
/home/rafay/miniconda3/WallyGuard2/runs/20260920T002030Z-7cc4bf4c/attempt.json:          "reason": "Python host command deadline expired",
/home/rafay/miniconda3/WallyGuard2/runs/20260920T002030Z-7cc4bf4c/attempt.json:        "reason": "Baseline reproducer failed to execute correctly",
/home/rafay/miniconda3/WallyGuard2/runs/20260920T002030Z-7cc4bf4c/attempt.json:          "reason": "Positive/control test failed",
/home/rafay/miniconda3/WallyGuard2/runs/20260920T002030Z-7cc4bf4c/attempt.json:            "reason": "Python host command deadline expired",
/home/rafay/miniconda3/WallyGuard2/runs/20260920T002030Z-7cc4bf4c/attempt.json:        "reason": "build: Shell control flow/redirection is forbidden at the verifier boundary",
/home/rafay/miniconda3/WallyGuard2/runs/20260920T002030Z-7cc4bf4c/attempt.json:        "reason": "Baseline reproducer failed to execute correctly",
/home/rafay/miniconda3/WallyGuard2/runs/20260920T002030Z-7cc4bf4c/attempt.json:          "reason": "build: Shell control flow/redirection is forbidden at the verifier boundary",
/home/rafay/miniconda3/WallyGuard2/runs/20260920T002030Z-7cc4bf4c/attempt.json:        "reason": "build: Shell control flow/redirection is forbidden at the verifier boundary",
/home/rafay/miniconda3/WallyGuard2/runs/20260920T002030Z-7cc4bf4c/attempt.json:        "reason": "Baseline reproducer failed to execute correctly",
/home/rafay/miniconda3/WallyGuard2/runs/20260920T002030Z-7cc4bf4c/attempt.json:          "reason": "build: Shell control flow/redirection is forbidden at the verifier boundary",
/home/rafay/miniconda3/WallyGuard2/runs/20260920T002030Z-7cc4bf4c/attempt.json:    "reason": "build: Shell control flow/redirection is forbidden at the verifier boundary",
/home/rafay/miniconda3/WallyGuard2/runs/20260920T041307Z-f2caada9/attempt.json:        "reason": "Positive/control test failed",
/home/rafay/miniconda3/WallyGuard2/runs/20260920T041307Z-f2caada9/attempt.json:          "reason": "Independent oracle did not complete correctly",
/home/rafay/miniconda3/WallyGuard2/runs/20260920T041307Z-f2caada9/attempt.json:        "reason": "Baseline reproducer failed to execute correctly",
/home/rafay/miniconda3/WallyGuard2/runs/20260920T041307Z-f2caada9/attempt.json:          "reason": "Positive/control test failed",
/home/rafay/miniconda3/WallyGuard2/runs/20260920T041307Z-f2caada9/attempt.json:            "reason": "Independent oracle did not complete correctly",
/home/rafay/miniconda3/WallyGuard2/runs/20260920T041307Z-f2caada9/attempt.json:        "reason": "[Errno 2] No such file or directory: '/home/rafay/miniconda3/WallyGuard2/runs/20260920T041307Z-f2caada9/build/control.sig'",
/home/rafay/miniconda3/WallyGuard2/runs/20260920T041307Z-f2caada9/attempt.json:        "reason": "Baseline reproducer failed to execute correctly",
/home/rafay/miniconda3/WallyGuard2/runs/20260920T041307Z-f2caada9/attempt.json:          "reason": "[Errno 2] No such file or directory: '/home/rafay/miniconda3/WallyGuard2/runs/20260920T041307Z-f2caada9/build/control.sig'",
/home/rafay/miniconda3/WallyGuard2/runs/20260920T041307Z-f2caada9/attempt.json:    "reason": "[Errno 2] No such file or directory: '/home/rafay/miniconda3/WallyGuard2/runs/20260920T041307Z-f2caada9/build/control.sig'",

Finished: 2026-09-20T06:07:22.895146+00:00
Return code: 0
Status: PASS
