[0;32mrv32e passed lint[0m
[0;32mrv64gc passed lint[0m
[0;32mrv32gc passed lint[0m
[0;32mrv32imc passed lint[0m
[0;32mrv32i passed lint[0m
[0;32mrv64i passed lint[0m
[0;32mfdqh_rv64gc passed lint[0m
[0;32mAll lints passed with no errors or warnings[0m
make: *** No rule to make target '../../tests/periph/rv32/WALLY-periph-m-01.elf.memfile'.  Stop.
Aborted (core dumped)
make: *** No rule to make target '../../tests/periph/rv32/WALLY-periph-01.elf.memfile'.  Stop.
make: *** No rule to make target '../../tests/coverage/ieu.elf.memfile'.  Stop.
make: *** No rule to make target '../../tests/periph/rv64/WALLY-periph-01.elf.memfile'.  Stop.
make: *** No rule to make target '../../tests/riscof/work/riscv-arch-test/rv64i_m/vm_sv57/src/sv57_VA_all_ones_S_mode.S/ref/ref.elf.memfile'.  Stop.
[93m/home/abdul/miniconda3/WallyGuard2/wally-worktrees/wally-20260913T023615Z-f48825c5/sim/verilator/logs/rv32imc_arch32i.log: WARNING 'All tests ran without failures' found but no RVCP-SUMMARY PASSED[0m
[93m/home/abdul/miniconda3/WallyGuard2/wally-worktrees/wally-20260913T023615Z-f48825c5/sim/verilator/logs/rv32gc_arch32d.log: WARNING 'All tests ran without failures' found but no RVCP-SUMMARY PASSED[0m
[93m/home/abdul/miniconda3/WallyGuard2/wally-worktrees/wally-20260913T023615Z-f48825c5/sim/verilator/logs/rv32gc_arch32priv.log: WARNING 'All tests ran without failures' found but no RVCP-SUMMARY PASSED[0m
[93m/home/abdul/miniconda3/WallyGuard2/wally-worktrees/wally-20260913T023615Z-f48825c5/sim/verilator/logs/rv32gc_arch32c.log: WARNING 'All tests ran without failures' found but no RVCP-SUMMARY PASSED[0m
[93m/home/abdul/miniconda3/WallyGuard2/wally-worktrees/wally-20260913T023615Z-f48825c5/sim/verilator/logs/rv32gc_arch32a_amo.log: WARNING 'All tests ran without failures' found but no RVCP-SUMMARY PASSED[0m
[93m/home/abdul/miniconda3/WallyGuard2/wally-worktrees/wally-20260913T023615Z-f48825c5/sim/verilator/logs/rv32gc_arch32zicond.log: WARNING 'All tests ran without failures' found but no RVCP-SUMMARY PASSED[0m
[93m/home/abdul/miniconda3/WallyGuard2/wally-worktrees/wally-20260913T023615Z-f48825c5/sim/verilator/logs/rv32gc_arch32zbb.log: WARNING 'All tests ran without failures' found but no RVCP-SUMMARY PASSED[0m
[93m/home/abdul/miniconda3/WallyGuard2/wally-worktrees/wally-20260913T023615Z-f48825c5/sim/verilator/logs/rv32gc_arch32zfh.log: WARNING 'All tests ran without failures' found but no RVCP-SUMMARY PASSED[0m
[93m/home/abdul/miniconda3/WallyGuard2/wally-worktrees/wally-20260913T023615Z-f48825c5/sim/verilator/logs/rv32gc_wally32a_lrsc.log: WARNING 'All tests ran without failures' found but no RVCP-SUMMARY PASSED[0m
[93m/home/abdul/miniconda3/WallyGuard2/wally-worktrees/wally-20260913T023615Z-f48825c5/sim/verilator/logs/rv32gc_wally32priv.log: WARNING 'All tests ran without failures' found but no RVCP-SUMMARY PASSED[0m
[93m/home/abdul/miniconda3/WallyGuard2/wally-worktrees/wally-20260913T023615Z-f48825c5/sim/verilator/logs/rv32gc_arch32pmp.log: WARNING 'All tests ran without failures' found but no RVCP-SUMMARY PASSED[0m
[93m/home/abdul/miniconda3/WallyGuard2/wally-worktrees/wally-20260913T023615Z-f48825c5/sim/verilator/logs/rv64gc_arch64f.log: WARNING 'All tests ran without failures' found but no RVCP-SUMMARY PASSED[0m
[93m/home/abdul/miniconda3/WallyGuard2/wally-worktrees/wally-20260913T023615Z-f48825c5/sim/verilator/logs/rv64gc_arch64zfad.log: WARNING 'All tests ran without failures' found but no RVCP-SUMMARY PASSED[0m
[93m/home/abdul/miniconda3/WallyGuard2/wally-worktrees/wally-20260913T023615Z-f48825c5/sim/verilator/logs/rv64gc_arch64priv.log: WARNING 'All tests ran without failures' found but no RVCP-SUMMARY PASSED[0m
[93m/home/abdul/miniconda3/WallyGuard2/wally-worktrees/wally-20260913T023615Z-f48825c5/sim/verilator/logs/rv64gc_arch64c.log: WARNING 'All tests ran without failures' found but no RVCP-SUMMARY PASSED[0m
[93m/home/abdul/miniconda3/WallyGuard2/wally-worktrees/wally-20260913T023615Z-f48825c5/sim/verilator/logs/rv64gc_arch64zcb.log: WARNING 'All tests ran without failures' found but no RVCP-SUMMARY PASSED[0m
[93m/home/abdul/miniconda3/WallyGuard2/wally-worktrees/wally-20260913T023615Z-f48825c5/sim/verilator/logs/rv64gc_arch64zifencei.log: WARNING 'All tests ran without failures' found but no RVCP-SUMMARY PASSED[0m
[93m/home/abdul/miniconda3/WallyGuard2/wally-worktrees/wally-20260913T023615Z-f48825c5/sim/verilator/logs/rv64gc_arch64zicond.log: WARNING 'All tests ran without failures' found but no RVCP-SUMMARY PASSED[0m
[93m/home/abdul/miniconda3/WallyGuard2/wally-worktrees/wally-20260913T023615Z-f48825c5/sim/verilator/logs/rv64gc_arch64a_amo.log: WARNING 'All tests ran without failures' found but no RVCP-SUMMARY PASSED[0m
[93m/home/abdul/miniconda3/WallyGuard2/wally-worktrees/wally-20260913T023615Z-f48825c5/sim/verilator/logs/rv64gc_arch64zbkb.log: WARNING 'All tests ran without failures' found but no RVCP-SUMMARY PASSED[0m
[93m/home/abdul/miniconda3/WallyGuard2/wally-worktrees/wally-20260913T023615Z-f48825c5/sim/verilator/logs/rv64gc_arch64zbkc.log: WARNING 'All tests ran without failures' found but no RVCP-SUMMARY PASSED[0m
[93m/home/abdul/miniconda3/WallyGuard2/wally-worktrees/wally-20260913T023615Z-f48825c5/sim/verilator/logs/rv64gc_arch64zbkx.log: WARNING 'All tests ran without failures' found but no RVCP-SUMMARY PASSED[0m
[93m/home/abdul/miniconda3/WallyGuard2/wally-worktrees/wally-20260913T023615Z-f48825c5/sim/verilator/logs/rv64gc_arch64zknd.log: WARNING 'All tests ran without failures' found but no RVCP-SUMMARY PASSED[0m
[93m/home/abdul/miniconda3/WallyGuard2/wally-worktrees/wally-20260913T023615Z-f48825c5/sim/verilator/logs/rv64gc_arch64zkne.log: WARNING 'All tests ran without failures' found but no RVCP-SUMMARY PASSED[0m
[93m/home/abdul/miniconda3/WallyGuard2/wally-worktrees/wally-20260913T023615Z-f48825c5/sim/verilator/logs/rv64gc_arch64zknh.log: WARNING 'All tests ran without failures' found but no RVCP-SUMMARY PASSED[0m
[93m/home/abdul/miniconda3/WallyGuard2/wally-worktrees/wally-20260913T023615Z-f48825c5/sim/verilator/logs/rv64gc_arch64zba.log: WARNING 'All tests ran without failures' found but no RVCP-SUMMARY PASSED[0m
[93m/home/abdul/miniconda3/WallyGuard2/wally-worktrees/wally-20260913T023615Z-f48825c5/sim/verilator/logs/rv64gc_arch64zbb.log: WARNING 'All tests ran without failures' found but no RVCP-SUMMARY PASSED[0m
[93m/home/abdul/miniconda3/WallyGuard2/wally-worktrees/wally-20260913T023615Z-f48825c5/sim/verilator/logs/rv64gc_arch64zbs.log: WARNING 'All tests ran without failures' found but no RVCP-SUMMARY PASSED[0m
[93m/home/abdul/miniconda3/WallyGuard2/wally-worktrees/wally-20260913T023615Z-f48825c5/sim/verilator/logs/rv64gc_arch64vm_sv48.log: WARNING 'All tests ran without failures' found but no RVCP-SUMMARY PASSED[0m
[93m/home/abdul/miniconda3/WallyGuard2/wally-worktrees/wally-20260913T023615Z-f48825c5/sim/verilator/logs/rv64gc_arch64zicboz.log: WARNING 'All tests ran without failures' found but no RVCP-SUMMARY PASSED[0m
[93m/home/abdul/miniconda3/WallyGuard2/wally-worktrees/wally-20260913T023615Z-f48825c5/sim/verilator/logs/rv32e_arch32e.log: WARNING 'All tests ran without failures' found but no RVCP-SUMMARY PASSED[0m
[93m/home/abdul/miniconda3/WallyGuard2/wally-worktrees/wally-20260913T023615Z-f48825c5/sim/verilator/logs/rv32imc_arch32m.log: WARNING 'All tests ran without failures' found but no RVCP-SUMMARY PASSED[0m
[93m/home/abdul/miniconda3/WallyGuard2/wally-worktrees/wally-20260913T023615Z-f48825c5/sim/verilator/logs/rv32imc_wally32periph_imc.log: %Warning: ../../tests/periph/rv32/WALLY-periph-m-01.elf.memfile:0: $readmem file not found[0m
[93m/home/abdul/miniconda3/WallyGuard2/wally-worktrees/wally-20260913T023615Z-f48825c5/sim/verilator/logs/rv32imc_wally32periph_imc.log: %Warning: ../../tests/periph/rv32/WALLY-periph-m-01.elf.memfile:0: $readmem file not found[0m
[91m/home/abdul/miniconda3/WallyGuard2/wally-worktrees/wally-20260913T023615Z-f48825c5/sim/verilator/logs/rv32imc_wally32periph_imc.log: [470] %Error: testbench.sv:786: Assertion failed in testbench: Program fetched illegal instruction 0x00000000 from address 0x00000000 twice in a row.  Usually due to fault with no fault handler.[0m
[91m/home/abdul/miniconda3/WallyGuard2/wally-worktrees/wally-20260913T023615Z-f48825c5/sim/verilator/logs/rv32imc_wally32periph_imc.log: %Error: /home/abdul/miniconda3/WallyGuard2/wally-worktrees/wally-20260913T023615Z-f48825c5/testbench/testbench.sv:786: Verilog $stop[0m
[93m/home/abdul/miniconda3/WallyGuard2/wally-worktrees/wally-20260913T023615Z-f48825c5/sim/verilator/logs/rv32gc_arch32f_fma.log: WARNING 'All tests ran without failures' found but no RVCP-SUMMARY PASSED[0m
[93m/home/abdul/miniconda3/WallyGuard2/wally-worktrees/wally-20260913T023615Z-f48825c5/sim/verilator/logs/rv32gc_arch32d_fma.log: WARNING 'All tests ran without failures' found but no RVCP-SUMMARY PASSED[0m
[93m/home/abdul/miniconda3/WallyGuard2/wally-worktrees/wally-20260913T023615Z-f48825c5/sim/verilator/logs/rv32gc_arch32zicboz.log: WARNING 'All tests ran without failures' found but no RVCP-SUMMARY PASSED[0m
[93m/home/abdul/miniconda3/WallyGuard2/wally-worktrees/wally-20260913T023615Z-f48825c5/sim/verilator/logs/rv64i_arch64i.log: %Warning: /home/abdul/miniconda3/WallyGuard2/wally-worktrees/wally-20260913T023615Z-f48825c5/fpga/src/boot.mem:0: $readmem file not found[0m
[93m/home/abdul/miniconda3/WallyGuard2/wally-worktrees/wally-20260913T023615Z-f48825c5/sim/verilator/logs/rv64gc_arch64d.log: WARNING 'All tests ran without failures' found but no RVCP-SUMMARY PASSED[0m
[93m/home/abdul/miniconda3/WallyGuard2/wally-worktrees/wally-20260913T023615Z-f48825c5/sim/verilator/logs/rv64gc_arch64f_divsqrt.log: WARNING 'All tests ran without failures' found but no RVCP-SUMMARY PASSED[0m
[93m/home/abdul/miniconda3/WallyGuard2/wally-worktrees/wally-20260913T023615Z-f48825c5/sim/verilator/logs/rv64gc_arch64d_divsqrt.log: WARNING 'All tests ran without failures' found but no RVCP-SUMMARY PASSED[0m
[93m/home/abdul/miniconda3/WallyGuard2/wally-worktrees/wally-20260913T023615Z-f48825c5/sim/verilator/logs/rv64gc_arch64zfh_divsqrt.log: WARNING 'All tests ran without failures' found but no RVCP-SUMMARY PASSED[0m
[93m/home/abdul/miniconda3/WallyGuard2/wally-worktrees/wally-20260913T023615Z-f48825c5/sim/verilator/logs/rv64gc_arch64zfaf.log: WARNING 'All tests ran without failures' found but no RVCP-SUMMARY PASSED[0m
[91m/home/abdul/miniconda3/WallyGuard2/wally-worktrees/wally-20260913T023615Z-f48825c5/sim/verilator/logs/rv64gc_coverage64gc.log: Error: Could not open file ../../tests/coverage/ieu.elf.memfile[0m
[93m/home/abdul/miniconda3/WallyGuard2/wally-worktrees/wally-20260913T023615Z-f48825c5/sim/verilator/logs/rv64gc_arch64i.log: WARNING 'All tests ran without failures' found but no RVCP-SUMMARY PASSED[0m
[93m/home/abdul/miniconda3/WallyGuard2/wally-worktrees/wally-20260913T023615Z-f48825c5/sim/verilator/logs/rv64gc_arch64m.log: WARNING 'All tests ran without failures' found but no RVCP-SUMMARY PASSED[0m
[93m/home/abdul/miniconda3/WallyGuard2/wally-worktrees/wally-20260913T023615Z-f48825c5/sim/verilator/logs/rv64gc_wally64a_lrsc.log: WARNING 'All tests ran without failures' found but no RVCP-SUMMARY PASSED[0m
[91m/home/abdul/miniconda3/WallyGuard2/wally-worktrees/wally-20260913T023615Z-f48825c5/sim/verilator/logs/rv64gc_wally64periph.log: Error: Could not open file ../../tests/periph/rv64/WALLY-periph-01.elf.memfile[0m
[93m/home/abdul/miniconda3/WallyGuard2/wally-worktrees/wally-20260913T023615Z-f48825c5/sim/verilator/logs/rv64gc_wally64priv.log: WARNING 'All tests ran without failures' found but no RVCP-SUMMARY PASSED[0m
[93m/home/abdul/miniconda3/WallyGuard2/wally-worktrees/wally-20260913T023615Z-f48825c5/sim/verilator/logs/rv64gc_arch64zbc.log: WARNING 'All tests ran without failures' found but no RVCP-SUMMARY PASSED[0m
[93m/home/abdul/miniconda3/WallyGuard2/wally-worktrees/wally-20260913T023615Z-f48825c5/sim/verilator/logs/rv64gc_arch64vm_sv39.log: WARNING 'All tests ran without failures' found but no RVCP-SUMMARY PASSED[0m
[91m/home/abdul/miniconda3/WallyGuard2/wally-worktrees/wally-20260913T023615Z-f48825c5/sim/verilator/logs/rv64gc_arch64vm_sv57.log: Error: Could not open file ../../tests/riscof/work/riscv-arch-test/rv64i_m/vm_sv57/src/sv57_VA_all_ones_S_mode.S/ref/ref.elf.memfile[0m
[93m/home/abdul/miniconda3/WallyGuard2/wally-worktrees/wally-20260913T023615Z-f48825c5/sim/verilator/logs/rv64gc_arch64pmp.log: WARNING 'All tests ran without failures' found but no RVCP-SUMMARY PASSED[0m
[93m/home/abdul/miniconda3/WallyGuard2/wally-worktrees/wally-20260913T023615Z-f48825c5/sim/verilator/logs/rv32i_arch32i.log: WARNING 'All tests ran without failures' found but no RVCP-SUMMARY PASSED[0m
[93m/home/abdul/miniconda3/WallyGuard2/wally-worktrees/wally-20260913T023615Z-f48825c5/sim/verilator/logs/rv32imc_arch32c.log: WARNING 'All tests ran without failures' found but no RVCP-SUMMARY PASSED[0m
[93m/home/abdul/miniconda3/WallyGuard2/wally-worktrees/wally-20260913T023615Z-f48825c5/sim/verilator/logs/rv32gc_arch32f.log: WARNING 'All tests ran without failures' found but no RVCP-SUMMARY PASSED[0m
[93m/home/abdul/miniconda3/WallyGuard2/wally-worktrees/wally-20260913T023615Z-f48825c5/sim/verilator/logs/rv32gc_arch32zfh_divsqrt.log: WARNING 'All tests ran without failures' found but no RVCP-SUMMARY PASSED[0m
[93m/home/abdul/miniconda3/WallyGuard2/wally-worktrees/wally-20260913T023615Z-f48825c5/sim/verilator/logs/rv32gc_arch32zfaf.log: WARNING 'All tests ran without failures' found but no RVCP-SUMMARY PASSED[0m
[93m/home/abdul/miniconda3/WallyGuard2/wally-worktrees/wally-20260913T023615Z-f48825c5/sim/verilator/logs/rv32gc_arch32zfad.log: WARNING 'All tests ran without failures' found but no RVCP-SUMMARY PASSED[0m
[91m/home/abdul/miniconda3/WallyGuard2/wally-worktrees/wally-20260913T023615Z-f48825c5/sim/verilator/logs/rv32gc_wally32periph.log: Error: Could not open file ../../tests/periph/rv32/WALLY-periph-01.elf.memfile[0m
[93m/home/abdul/miniconda3/WallyGuard2/wally-worktrees/wally-20260913T023615Z-f48825c5/sim/verilator/logs/rv32gc_arch32zcb.log: WARNING 'All tests ran without failures' found but no RVCP-SUMMARY PASSED[0m
[93m/home/abdul/miniconda3/WallyGuard2/wally-worktrees/wally-20260913T023615Z-f48825c5/sim/verilator/logs/rv32gc_arch32zbkb.log: WARNING 'All tests ran without failures' found but no RVCP-SUMMARY PASSED[0m
[93m/home/abdul/miniconda3/WallyGuard2/wally-worktrees/wally-20260913T023615Z-f48825c5/sim/verilator/logs/rv32gc_arch32zbkc.log: WARNING 'All tests ran without failures' found but no RVCP-SUMMARY PASSED[0m
[93m/home/abdul/miniconda3/WallyGuard2/wally-worktrees/wally-20260913T023615Z-f48825c5/sim/verilator/logs/rv32gc_arch32zbkx.log: WARNING 'All tests ran without failures' found but no RVCP-SUMMARY PASSED[0m
[93m/home/abdul/miniconda3/WallyGuard2/wally-worktrees/wally-20260913T023615Z-f48825c5/sim/verilator/logs/rv32gc_arch32zknd.log: WARNING 'All tests ran without failures' found but no RVCP-SUMMARY PASSED[0m
[93m/home/abdul/miniconda3/WallyGuard2/wally-worktrees/wally-20260913T023615Z-f48825c5/sim/verilator/logs/rv32gc_arch32zkne.log: WARNING 'All tests ran without failures' found but no RVCP-SUMMARY PASSED[0m
[93m/home/abdul/miniconda3/WallyGuard2/wally-worktrees/wally-20260913T023615Z-f48825c5/sim/verilator/logs/rv32gc_arch32zknh.log: WARNING 'All tests ran without failures' found but no RVCP-SUMMARY PASSED[0m
[93m/home/abdul/miniconda3/WallyGuard2/wally-worktrees/wally-20260913T023615Z-f48825c5/sim/verilator/logs/rv32gc_arch32vm_sv32.log: WARNING 'All tests ran without failures' found but no RVCP-SUMMARY PASSED[0m
[93m/home/abdul/miniconda3/WallyGuard2/wally-worktrees/wally-20260913T023615Z-f48825c5/sim/verilator/logs/rv64gc_arch64f_fma.log: WARNING 'All tests ran without failures' found but no RVCP-SUMMARY PASSED[0m
[93m/home/abdul/miniconda3/WallyGuard2/wally-worktrees/wally-20260913T023615Z-f48825c5/sim/verilator/logs/rv64gc_arch64zfh_fma.log: WARNING 'All tests ran without failures' found but no RVCP-SUMMARY PASSED[0m
[93m/home/abdul/miniconda3/WallyGuard2/wally-worktrees/wally-20260913T023615Z-f48825c5/sim/verilator/logs/rv32gc_arch32f_divsqrt.log: WARNING 'All tests ran without failures' found but no RVCP-SUMMARY PASSED[0m
[93m/home/abdul/miniconda3/WallyGuard2/wally-worktrees/wally-20260913T023615Z-f48825c5/sim/verilator/logs/rv32gc_arch32d_divsqrt.log: WARNING 'All tests ran without failures' found but no RVCP-SUMMARY PASSED[0m
[93m/home/abdul/miniconda3/WallyGuard2/wally-worktrees/wally-20260913T023615Z-f48825c5/sim/verilator/logs/rv32gc_arch32i.log: WARNING 'All tests ran without failures' found but no RVCP-SUMMARY PASSED[0m
[93m/home/abdul/miniconda3/WallyGuard2/wally-worktrees/wally-20260913T023615Z-f48825c5/sim/verilator/logs/rv32gc_arch32m.log: WARNING 'All tests ran without failures' found but no RVCP-SUMMARY PASSED[0m
[93m/home/abdul/miniconda3/WallyGuard2/wally-worktrees/wally-20260913T023615Z-f48825c5/sim/verilator/logs/rv32gc_arch32zifencei.log: WARNING 'All tests ran without failures' found but no RVCP-SUMMARY PASSED[0m
[93m/home/abdul/miniconda3/WallyGuard2/wally-worktrees/wally-20260913T023615Z-f48825c5/sim/verilator/logs/rv32gc_arch32zba.log: WARNING 'All tests ran without failures' found but no RVCP-SUMMARY PASSED[0m
[93m/home/abdul/miniconda3/WallyGuard2/wally-worktrees/wally-20260913T023615Z-f48825c5/sim/verilator/logs/rv32gc_arch32zbc.log: WARNING 'All tests ran without failures' found but no RVCP-SUMMARY PASSED[0m
[93m/home/abdul/miniconda3/WallyGuard2/wally-worktrees/wally-20260913T023615Z-f48825c5/sim/verilator/logs/rv32gc_arch32zbs.log: WARNING 'All tests ran without failures' found but no RVCP-SUMMARY PASSED[0m
[93m/home/abdul/miniconda3/WallyGuard2/wally-worktrees/wally-20260913T023615Z-f48825c5/sim/verilator/logs/rv32gc_arch32zfh_fma.log: WARNING 'All tests ran without failures' found but no RVCP-SUMMARY PASSED[0m
[93m/home/abdul/miniconda3/WallyGuard2/wally-worktrees/wally-20260913T023615Z-f48825c5/sim/verilator/logs/rv64gc_arch64zfh.log: WARNING 'All tests ran without failures' found but no RVCP-SUMMARY PASSED[0m
[93m/home/abdul/miniconda3/WallyGuard2/wally-worktrees/wally-20260913T023615Z-f48825c5/sim/verilator/logs/rv64gc_arch64d_fma.log: WARNING 'All tests ran without failures' found but no RVCP-SUMMARY PASSED[0m
[91mRegression failed with 6 failed configurations[0m
Total runtime: 0h 22m 56.0s (1376.0 seconds)
