Started: 2026-09-20T00:21:22.341418+00:00
Command: bash -o pipefail -c 'cat /home/rafay/miniconda3/WallyGuard2/runs/20260919T230158Z-efd6e12a/tests/control.S && echo "---" && cat /home/rafay/miniconda3/WallyGuard2/runs/20260919T230158Z-efd6e12a/tests/selfcheck.h'

#include "selfcheck.h"
.section .text.init
.option norvc
.globl rvtest_entry_point
rvtest_entry_point:
    la t0, trap_handler
    csrw mtvec, t0

    // PMP setup to allow S/U mode memory access
    li t0, -1
    csrw pmpaddr0, t0
    li t0, 0x1f
    csrw pmpcfg0, t0

    // Set mstateen0.ENVCFG (bit 62) to 1
    li t0, 1
    slli t0, t0, 62
    csrs 0x30C, t0

    // Set menvcfg.CBZE (bit 7) to 1
    li t0, 0x80
    csrs 0x30A, t0

    // Set senvcfg.CBZE (bit 7) to 1
    li t0, 0x80
    csrs 0x10A, t0

    // Setup mstatus.MPP = 1 (S-mode), MPIE=0
    li t0, 0x800  // MPP=1
    csrs mstatus, t0
    // clear MPIE, MIE
    li t0, 0x88
    csrc mstatus, t0

    // Setup mepc
    la t0, smode_entry
    csrw mepc, t0

    mret

smode_entry:
    la a0, scratch_space
    cbo.zero (a0)

    // We expect to get here!
    j wg_pass

.balign 4
trap_handler:
    // We DO NOT expect a trap
    csrr a3, mcause
    li a2, 0
    li a0, 1
    li a1, 0
    j wg_fail

.section .data
.balign 64
scratch_space:
    .zero 64

WG_FINISH
---
// Native CVW/Spike self-check record. RV64 starter; adapt widths for RV32.
// WG_CHECK_EQ index, actual-register, expected-register (clobbers a0-a3).
.macro WG_CHECK_EQ index, actual, expected
    mv a3, \actual
    mv a2, \expected
    li a0, \index
    li a1, 0
    bne a3, a2, wg_fail
.endm

.macro WG_FINISH
.section .text
wg_pass:
    la t0, selfcheck_record
    li t1, 1
    sd t1, 0(t0)
    j wg_complete
wg_fail:
    la t0, selfcheck_record
    li t1, 2
    sd t1, 0(t0)
    sd a0, 8(t0)
    sd a1, 16(t0)
    sd a2, 24(t0)
    sd a3, 32(t0)
    slli t1, a0, 1
    ori t1, t1, 1
wg_complete:
    fence rw, rw
    la t0, tohost
    sd t1, 0(t0)
wg_halt:
    j wg_halt

.section .data
.balign 64
.globl begin_signature, end_signature, selfcheck_record
begin_signature:
selfcheck_record:
    .zero 40
end_signature:

.section .tohost
.balign 64
.globl tohost, fromhost
tohost: .dword 0
fromhost: .dword 0
.endm

Finished: 2026-09-20T00:21:22.403220+00:00
Return code: 0
Status: PASS
