Started: 2026-09-20T00:37:44.219829+00:00
Command: bash -o pipefail -c 'cat << '"'"'EOF'"'"' > /home/rafay/miniconda3/WallyGuard2/runs/20260920T002030Z-7cc4bf4c/test.S
#include "selfcheck.h"

.section .text.init
.option norvc
.globl _start
_start:
    la t0, trap_handler
    csrw mtvec, t0

    # Configure PMP
    li t0, -1
    csrw pmpaddr0, t0
    li t0, 0x1F
    csrw pmpcfg0, t0

    # Clear mstateen0[62] = 0 (disable ENVCFG for lower modes)
    li t0, 1
    slli t0, t0, 62
    csrc 0x30c, t0 # mstateen0

    # Set menvcfg.CBZE = 1 (bit 7)
    li t0, 128
    csrs 0x30a, t0 # menvcfg

    # Switch to S-mode (MPP=1)
    li t0, 0x1800
    csrc mstatus, t0
    li t0, 0x0800
    csrs mstatus, t0
    la t0, smode_entry
    csrw mepc, t0
    mret

smode_entry:
faulting_instr:
    # Access senvcfg, should TRAP because mstateen0[62] is 0!
    csrr t1, 0x10A

    # If we get here, Wally failed to trap! BUG!
    li a0, 2
    li a1, 0
    li a2, 0
    li a3, 0
    j wg_fail

.balign 4
trap_handler:
    csrr t0, mcause
    li t1, 2 # Illegal instruction
    bne t0, t1, bad_trap
    
    csrr t0, mepc
    la t1, faulting_instr
    bne t0, t1, bad_trap

    # Expected trap occurred, we pass!
    j wg_pass

bad_trap:
    li a0, 1
    li a1, 0
    li a2, 0
    csrr a3, mcause
    j wg_fail

WG_FINISH

.section .data
.balign 64
scratch_buf:
    .zero 64
EOF'


Finished: 2026-09-20T00:37:44.276766+00:00
Return code: 0
Status: PASS
