Started: 2026-09-20T00:58:16.900135+00:00
Command: bash -o pipefail -c 'ls -la /home/rafay/miniconda3/WallyGuard2/runs/20260920T002030Z-7cc4bf4c'

total 76
drwxrwxr-x  6 rafay rafay  4096 Sep 20 00:57 .
drwxrwxr-x 68 rafay rafay  4096 Sep 20 00:20 ..
-rw-rw-r--  1 rafay rafay 28586 Sep 20 00:57 attempt.json
drwxrwxr-x  2 rafay rafay  4096 Sep 20 00:42 build
-rwxrwxr-x  1 rafay rafay   654 Sep 20 00:37 build_reproducer.sh
-rw-rw-r--  1 rafay rafay  1115 Sep 20 00:37 control.S
drwxrwxr-x  6 rafay rafay  4096 Sep 20 00:42 controller
-rw-------  1 rafay rafay   744 Sep 20 00:57 events.jsonl
-rw-rw-r--  1 rafay rafay   208 Sep 20 00:42 linker.ld
drwxrwxr-x  3 rafay rafay  4096 Sep 20 00:58 logs
-rw-rw-r--  1 rafay rafay     0 Sep 20 00:57 proposed.patch
-rw-rw-r--  1 rafay rafay  1642 Sep 20 00:20 reproducer.json
-rw-rw-r--  1 rafay rafay  1193 Sep 20 00:37 test.S
drwxrwxr-x  2 rafay rafay  4096 Sep 20 00:20 tests

Finished: 2026-09-20T00:58:16.968295+00:00
Return code: 0
Status: PASS
