Started: 2026-09-20T00:37:50.792964+00:00
Command: bash -o pipefail -c 'cat << '"'"'EOF'"'"' > /home/rafay/miniconda3/WallyGuard2/runs/20260920T002030Z-7cc4bf4c/build_reproducer.sh
#!/bin/bash
set -ex
cd /home/rafay/miniconda3/WallyGuard2/runs/20260920T002030Z-7cc4bf4c

mkdir -p build logs

# Create linker script
cat << '"'"'LDEOF'"'"' > linker.ld
OUTPUT_ARCH( "riscv" )
ENTRY(_start)

SECTIONS
{
  . = 0x80000000;
  .text.init : { *(.text.init) }
  .text : { *(.text) }
  .data : { *(.data) }
  .bss : { *(.bss) }
  .tohost : { *(.tohost) }
  _end = .;
}
LDEOF

# Compile tests
riscv64-unknown-elf-gcc -march=rv64gc_zicboz -mabi=lp64d -nostdlib -nostartfiles -T linker.ld -I tests -o build/control.elf control.S
riscv64-unknown-elf-gcc -march=rv64gc_zicboz -mabi=lp64d -nostdlib -nostartfiles -T linker.ld -I tests -o build/test.elf test.S
EOF
chmod +x /home/rafay/miniconda3/WallyGuard2/runs/20260920T002030Z-7cc4bf4c/build_reproducer.sh
/home/rafay/miniconda3/WallyGuard2/runs/20260920T002030Z-7cc4bf4c/build_reproducer.sh'

+ cd /home/rafay/miniconda3/WallyGuard2/runs/20260920T002030Z-7cc4bf4c
+ mkdir -p build logs
+ cat
+ riscv64-unknown-elf-gcc -march=rv64gc_zicboz -mabi=lp64d -nostdlib -nostartfiles -T linker.ld -I tests -o build/control.elf control.S
/usr/lib/gcc/riscv64-unknown-elf/14.2.0/../../../riscv64-unknown-elf/bin/ld: warning: build/control.elf has a LOAD segment with RWX permissions
+ riscv64-unknown-elf-gcc -march=rv64gc_zicboz -mabi=lp64d -nostdlib -nostartfiles -T linker.ld -I tests -o build/test.elf test.S
/usr/lib/gcc/riscv64-unknown-elf/14.2.0/../../../riscv64-unknown-elf/bin/ld: warning: build/test.elf has a LOAD segment with RWX permissions

Finished: 2026-09-20T00:37:50.963026+00:00
Return code: 0
Status: PASS
