Started: 2026-09-20T01:52:22.283619+00:00
Command: bash -o pipefail -c 'TEST_DIR="/home/rafay/miniconda3/WallyGuard2/runs/20260920T002030Z-7cc4bf4c"
mkdir -p $TEST_DIR

cat << '"'"'EOF'"'"' > $TEST_DIR/linker.ld
OUTPUT_ARCH("riscv")
ENTRY(_start)
SECTIONS {
  . = 0x80000000;
  .text.init : { *(.text.init) }
  .text : { *(.text) }
  .data : { *(.data) }
  .bss : { *(.bss) }
  . = ALIGN(64);
  .tohost : { *(.tohost) }
  _end = .;
}
EOF

cat << '"'"'EOF'"'"' > $TEST_DIR/control.S
.section .text.init
.globl _start
_start:
  la t0, trap_handler
  csrw mtvec, t0
  li t0, -1
  csrw pmpaddr0, t0
  li t0, 0x1F
  csrw pmpcfg0, t0
  
  # mstateen0[62] = 1 (ENVCFG)
  li t0, 1
  slli t0, t0, 62
  csrs 0x30c, t0
  
  # menvcfg.CBZE = 1 (bit 7)
  li t0, 0x80
  csrs 0x30a, t0
  
  # senvcfg.CBZE = 1 (bit 7)
  csrs 0x10a, t0
  
  # switch to S-mode
  li t0, 0x800
  csrs mstatus, t0
  la t0, smode_entry
  csrw mepc, t0
  mret

smode_entry:
  csrr t1, 0x10a
  la a0, scratch
  cbo.zero (a0)
  
  # pass
  li t0, 1
  la t1, tohost
  sd t0, 0(t1)
1: j 1b

.balign 4
trap_handler:
  # fail
  li t0, 3
  la t1, tohost
  sd t0, 0(t1)
1: j 1b

.section .data
.balign 64
scratch: .dword 0,0,0,0,0,0,0,0

.section .tohost, "aw", @progbits
.balign 64
.globl tohost
.globl fromhost
tohost: .dword 0
fromhost: .dword 0
EOF

cat << '"'"'EOF'"'"' > $TEST_DIR/test.S
.section .text.init
.globl _start
_start:
  la t0, trap_handler
  csrw mtvec, t0
  li t0, -1
  csrw pmpaddr0, t0
  li t0, 0x1F
  csrw pmpcfg0, t0
  
  # mstateen0[62] = 0 (ENVCFG)
  li t0, 1
  slli t0, t0, 62
  csrc 0x30c, t0
  
  # menvcfg.CBZE = 1 (bit 7)
  li t0, 0x80
  csrs 0x30a, t0
  
  # switch to S-mode
  li t0, 0x800
  csrs mstatus, t0
  la t0, smode_entry
  csrw mepc, t0
  mret

smode_entry:
  # This should trap!
  csrr t1, 0x10a
  
  # fail if we get here
  li t0, 3
  la t1, tohost
  sd t0, 0(t1)
1: j 1b

.balign 4
trap_handler:
  csrr t0, mcause
  li t1, 2
  bne t0, t1, fail
  
  # pass
  li t0, 1
  la t1, tohost
  sd t0, 0(t1)
1: j 1b

fail:
  li t0, 3
  la t1, tohost
  sd t0, 0(t1)
1: j 1b

.section .data
.balign 64
scratch: .dword 0,0,0,0,0,0,0,0

.section .tohost, "aw", @progbits
.balign 64
.globl tohost
.globl fromhost
tohost: .dword 0
fromhost: .dword 0
EOF

cat << '"'"'EOF'"'"' > $TEST_DIR/build_reproducer.sh
#!/bin/bash
set -e
cd /home/rafay/miniconda3/WallyGuard2/runs/20260920T002030Z-7cc4bf4c

mkdir -p build logs

export PATH=/opt/riscv/bin:$PATH

riscv64-unknown-elf-gcc -march=rv64gc_zicboz_smstateen -mabi=lp64 -mcmodel=medany -T linker.ld -nostdlib -nostartfiles control.S -o build/control.elf || \
riscv64-unknown-elf-gcc -march=rv64gc_zicboz -mabi=lp64 -mcmodel=medany -T linker.ld -nostdlib -nostartfiles control.S -o build/control.elf

riscv64-unknown-elf-gcc -march=rv64gc_zicboz_smstateen -mabi=lp64 -mcmodel=medany -T linker.ld -nostdlib -nostartfiles test.S -o build/test.elf || \
riscv64-unknown-elf-gcc -march=rv64gc_zicboz -mabi=lp64 -mcmodel=medany -T linker.ld -nostdlib -nostartfiles test.S -o build/test.elf
EOF
chmod +x $TEST_DIR/build_reproducer.sh
$TEST_DIR/build_reproducer.sh
'

/usr/lib/gcc/riscv64-unknown-elf/14.2.0/../../../riscv64-unknown-elf/bin/ld: warning: build/control.elf has a LOAD segment with RWX permissions
/usr/lib/gcc/riscv64-unknown-elf/14.2.0/../../../riscv64-unknown-elf/bin/ld: warning: build/test.elf has a LOAD segment with RWX permissions

Finished: 2026-09-20T01:52:22.468020+00:00
Return code: 0
Status: PASS
