Started: 2026-09-18T11:29:21.079043+00:00
Command: bash -o pipefail -c 'tail -n 60 /home/rafay/miniconda3/WallyGuard2/runs/20260918T105234Z-b204db37/attempt.json'

          {
            "elf": "/home/rafay/miniconda3/WallyGuard2/runs/20260918T105234Z-b204db37/build/test_pmp_mmode_control.elf",
            "symbol": "mtvec_handler"
          }
        ]
      },
      "test": {
        "mode": "selfcheck",
        "wally": [
          "bin/wsim",
          "rv64gc",
          "--elf",
          "/home/rafay/miniconda3/WallyGuard2/runs/20260918T105234Z-b204db37/build/test_pmp_mmode_store_cross.elf"
        ],
        "oracle": [
          "spike",
          "--isa=rv64gc",
          "+signature=/home/rafay/miniconda3/WallyGuard2/runs/20260918T105234Z-b204db37/build/test_oracle.sig",
          "+signature-granularity=8",
          "/home/rafay/miniconda3/WallyGuard2/runs/20260918T105234Z-b204db37/build/test_pmp_mmode_store_cross.elf"
        ],
        "oracle_signature": "/home/rafay/miniconda3/WallyGuard2/runs/20260918T105234Z-b204db37/build/test_oracle.sig",
        "trap_vectors": [
          {
            "elf": "/home/rafay/miniconda3/WallyGuard2/runs/20260918T105234Z-b204db37/build/test_pmp_mmode_store_cross.elf",
            "symbol": "mtvec_handler"
          }
        ]
      }
    }
  },
  "baseline_reproducer": {
    "status": "TEST_INVALID",
    "reason": "Trap-vector test requires trap_vectors entries with built ELF and handler symbol",
    "returncode": null,
    "timed_out": false,
    "passed": false,
    "ran": true,
    "steps": {
      "build": {
        "command": [
          "/home/rafay/miniconda3/WallyGuard2/runs/20260918T105234Z-b204db37/build_reproducer.sh"
        ],
        "status": "PASS",
        "returncode": 0,
        "timed_out": false,
        "error": null,
        "log_path": "/home/rafay/miniconda3/WallyGuard2/runs/20260918T105234Z-b204db37/logs/baseline-reproducer-2-evidence/build.log",
        "stdout_path": "/home/rafay/miniconda3/WallyGuard2/runs/20260918T105234Z-b204db37/logs/baseline-reproducer-2-evidence/build.log",
        "stderr_path": "/home/rafay/miniconda3/WallyGuard2/runs/20260918T105234Z-b204db37/logs/baseline-reproducer-2-evidence/build.log",
        "started_at": "2026-09-18T11:27:12.320239+00:00",
        "duration_seconds": 16.471838707002462,
        "finished_at": "2026-09-18T11:27:28.792073+00:00"
      }
    },
    "log_path": "/home/rafay/miniconda3/WallyGuard2/runs/20260918T105234Z-b204db37/logs/baseline-reproducer-2.log",
    "evidence_dir": "/home/rafay/miniconda3/WallyGuard2/runs/20260918T105234Z-b204db37/logs/baseline-reproducer-2-evidence",
    "captured": {}
  }
}

Finished: 2026-09-18T11:29:21.183509+00:00
Return code: 0
Status: PASS
