Started: 2026-09-18T11:33:41.121135+00:00
Command: bash -o pipefail -c 'sed -n '"'"'50,110p'"'"' /home/rafay/miniconda3/WallyGuard2/orchestration/test_preflight.py'

            word = line.strip().lower()
            if not re.fullmatch(r'[0-9a-f]+', word):
                raise ValueError(f'Invalid signature word in {path}')
            digest.update(word.encode() + b'\n')
            count += 1
    if not count:
        raise ValueError('Empty signature is not architectural evidence')
    return digest.hexdigest(), count


def vector_preflight(contract: dict, test_dir: Path, scratch: Path, directory: Path,
                     timeout: int, env: dict) -> list[str]:
    errors = []
    vectors = contract.get('trap_vectors', [])
    writes_vectors = False
    inferred_symbols = set()
    for source in test_dir.rglob('*'):
        if source.suffix.lower() not in {'.s', '.c'} or any(p in {'build', 'logs', 'controller', 'critic', 'fixer'} for p in source.relative_to(test_dir).parts):
            continue
        assembly = source.read_text(errors='replace')
        if re.search(r'\b(?:mtvec|stvec)\b', assembly):
            writes_vectors = True
        for match in re.finditer(r'\bla\s+(\w+),\s*([\w.$]+)[^\n]*\n(?:[^\n]*\n){0,5}?[^\n]*\bcsrw\s+(?:mtvec|stvec),\s*\1\b', assembly):
            inferred_symbols.add(match[2])
    if writes_vectors and not vectors:
        return ['Trap-vector test requires trap_vectors entries with built ELF and handler symbol']
    missing = inferred_symbols - {v.get('symbol') for v in vectors}
    if missing:
        errors.append(f'Trap handler symbols missing from metadata: {sorted(missing)}')
    for index, vector in enumerate(vectors):
        elf = under(vector['elf'], test_dir)
        symbol = vector['symbol']
        if not re.fullmatch(r'[A-Za-z_.$][\w.$]*', symbol):
            raise ValueError('Invalid trap-vector symbol')
        nm = shutil.which('riscv64-unknown-elf-nm', path=env['PATH'])
        if not nm:
            errors.append('Missing RISC-V nm for vector-address validation')
            continue
        result = run_command([nm, '-n', str(elf)], directory / f'vectors-{index}.log', timeout, env, scratch)
        symbols = re.findall(r'^([0-9a-fA-F]+)\s+\w\s+(\S+)\s*$', Path(result['log_path']).read_text(), re.M)
        addresses = [int(address, 16) for address, name in symbols if name == symbol]
        if result['returncode'] != 0 or len(addresses) != 1 or addresses[0] % 4:
            errors.append(f'Trap vector {symbol} must resolve to a 4-byte-aligned ELF address')
    return errors


def run_reproducer(scratch: str, test_dir: str, contract: dict, log_path: str,
                   timeout: int) -> dict:
    root, tests = Path(scratch).resolve(), Path(test_dir).resolve()
    directory = Path(log_path).parent / (Path(log_path).stem + '-evidence')
    directory.mkdir(parents=True, exist_ok=False)
    env = {**os.environ, 'WALLY': str(root), 'PATH': str(root / 'bin') + os.pathsep + os.environ.get('PATH', '')}
    steps, captured = {}, {}
    def capture(name: str, path: Path) -> None:
        target = directory / name
        shutil.copyfile(path, target)
        def digest(file):
            value = hashlib.sha256()
            with file.open('rb') as stream:
                for block in iter(lambda: stream.read(65536), b''):
                    value.update(block)

Finished: 2026-09-18T11:33:41.204779+00:00
Return code: 0
Status: PASS
