Started: 2026-09-18T11:29:29.695851+00:00
Command: bash -o pipefail -c 'grep -rn "Trap-vector test requires" /home/rafay/miniconda3/WallyGuard2/'

/home/rafay/miniconda3/WallyGuard2/runs/20260918T105234Z-b204db37/controller/guards/tester-4bb90ec8aee54f51b6ec9695fb5f0616/tests/attempt.json:81:        "reason": "Trap-vector test requires trap_vectors entries with built ELF and handler symbol",
/home/rafay/miniconda3/WallyGuard2/runs/20260918T105234Z-b204db37/controller/guards/tester-4bb90ec8aee54f51b6ec9695fb5f0616/tests/attempt.json:111:          "reason": "Trap-vector test requires trap_vectors entries with built ELF and handler symbol",
/home/rafay/miniconda3/WallyGuard2/runs/20260918T105234Z-b204db37/controller/guards/tester-4bb90ec8aee54f51b6ec9695fb5f0616/tests/attempt.json:207:        "reason": "Trap-vector test requires trap_vectors entries with built ELF and handler symbol",
/home/rafay/miniconda3/WallyGuard2/runs/20260918T105234Z-b204db37/controller/guards/tester-4bb90ec8aee54f51b6ec9695fb5f0616/tests/attempt.json:237:          "reason": "Trap-vector test requires trap_vectors entries with built ELF and handler symbol",
/home/rafay/miniconda3/WallyGuard2/runs/20260918T105234Z-b204db37/controller/guards/tester-4bb90ec8aee54f51b6ec9695fb5f0616/tests/attempt.json:326:    "reason": "Trap-vector test requires trap_vectors entries with built ELF and handler symbol",
/home/rafay/miniconda3/WallyGuard2/runs/20260918T105234Z-b204db37/controller/guards/tester-bd0e56b57ee74beaa647f9abc6ac1bed/tests/attempt.json:81:        "reason": "Trap-vector test requires trap_vectors entries with built ELF and handler symbol",
/home/rafay/miniconda3/WallyGuard2/runs/20260918T105234Z-b204db37/controller/guards/tester-bd0e56b57ee74beaa647f9abc6ac1bed/tests/attempt.json:111:          "reason": "Trap-vector test requires trap_vectors entries with built ELF and handler symbol",
/home/rafay/miniconda3/WallyGuard2/runs/20260918T105234Z-b204db37/controller/guards/tester-bd0e56b57ee74beaa647f9abc6ac1bed/tests/attempt.json:188:    "reason": "Trap-vector test requires trap_vectors entries with built ELF and handler symbol",
/home/rafay/miniconda3/WallyGuard2/runs/20260918T105234Z-b204db37/attempt.json:81:        "reason": "Trap-vector test requires trap_vectors entries with built ELF and handler symbol",
/home/rafay/miniconda3/WallyGuard2/runs/20260918T105234Z-b204db37/attempt.json:111:          "reason": "Trap-vector test requires trap_vectors entries with built ELF and handler symbol",
/home/rafay/miniconda3/WallyGuard2/runs/20260918T105234Z-b204db37/attempt.json:207:        "reason": "Trap-vector test requires trap_vectors entries with built ELF and handler symbol",
/home/rafay/miniconda3/WallyGuard2/runs/20260918T105234Z-b204db37/attempt.json:237:          "reason": "Trap-vector test requires trap_vectors entries with built ELF and handler symbol",
/home/rafay/miniconda3/WallyGuard2/runs/20260918T105234Z-b204db37/attempt.json:333:        "reason": "Trap-vector test requires trap_vectors entries with built ELF and handler symbol",
/home/rafay/miniconda3/WallyGuard2/runs/20260918T105234Z-b204db37/attempt.json:363:          "reason": "Trap-vector test requires trap_vectors entries with built ELF and handler symbol",
/home/rafay/miniconda3/WallyGuard2/runs/20260918T105234Z-b204db37/attempt.json:452:    "reason": "Trap-vector test requires trap_vectors entries with built ELF and handler symbol",
/home/rafay/miniconda3/WallyGuard2/runs/20260918T105234Z-b204db37/logs/baseline-reproducer-2.log:3:  "reason": "Trap-vector test requires trap_vectors entries with built ELF and handler symbol",
/home/rafay/miniconda3/WallyGuard2/runs/20260918T105234Z-b204db37/logs/baseline-reproducer-0.log:3:  "reason": "Trap-vector test requires trap_vectors entries with built ELF and handler symbol",
/home/rafay/miniconda3/WallyGuard2/runs/20260918T105234Z-b204db37/logs/baseline-reproducer-1.log:3:  "reason": "Trap-vector test requires trap_vectors entries with built ELF and handler symbol",
/home/rafay/miniconda3/WallyGuard2/runs/20260918T112729Z-18187e7b/logs/tool-d36526ed44b7414c92cd3594202dafc9.log:6:  "reason": "Trap-vector test requires trap_vectors entries with built ELF and handler symbol",
/home/rafay/miniconda3/WallyGuard2/runs/20260918T112729Z-18187e7b/logs/tool-0a0464f07ee24e2eba37898583cc9c6e.log:37:    "reason": "Trap-vector test requires trap_vectors entries with built ELF and handler symbol",
grep: /home/rafay/miniconda3/WallyGuard2/runs/20260918T112729Z-18187e7b/logs/tool-92ee23a6e243482890198151c00f5c97.log: input file is also the output
/home/rafay/miniconda3/WallyGuard2/orchestration/test_preflight.py:75:        return ['Trap-vector test requires trap_vectors entries with built ELF and handler symbol']
grep: /home/rafay/miniconda3/WallyGuard2/orchestration/__pycache__/test_preflight.cpython-310.pyc: binary file matches

Finished: 2026-09-18T11:33:37.317946+00:00
Return code: 2
Status: COMMAND_FAILED
ERROR: Command exited with code 2
