Started: 2026-09-20T00:42:46.647412+00:00
Command: /usr/bin/riscv64-unknown-elf-nm -n /home/rafay/miniconda3/WallyGuard2/runs/20260920T002030Z-7cc4bf4c/build/test.elf

0000000080000000 T _start
0000000080000058 t faulting_instr
0000000080000058 t smode_entry
0000000080000070 t trap_handler
0000000080000090 t bad_trap
00000000800000a4 t wg_pass
00000000800000b8 t wg_fail
00000000800000e0 t wg_complete
00000000800000f0 t wg_halt
0000000080000100 D begin_signature
0000000080000100 D selfcheck_record
0000000080000128 D end_signature
0000000080000140 D tohost
0000000080000148 D fromhost
0000000080000180 d scratch_buf
00000000800001c0 D _end

Finished: 2026-09-20T00:42:46.708461+00:00
Return code: 0
Status: PASS
